Loading weights:   0%|          | 0/148 [00:00<?, ?it/s]Loading weights: 100%|██████████| 148/148 [00:00<00:00, 18099.45it/s]
questions 576 shots 8 prefix 404 tokens, 34 tail-length groups, dtype bfloat16 dev mps
[transformers] `causal_conv1d_fn` is falling back to its reference PyTorch implementation because `causal_conv1d` is not installed. This is correct but much slower; install `causal_conv1d` for the optimized kernel.
[transformers] `causal_conv1d_update` is falling back to its reference PyTorch implementation because `causal_conv1d` is not installed. This is correct but much slower; install `causal_conv1d` for the optimized kernel.
RESULT full {'pooled': 73.1, 'fresh': 75.0, 'r5': 66.7, 'r6': 77.6, 'unseen': 72.1} 36s
RESULT skip0 {'pooled': 0.0, 'fresh': 0.0, 'r5': 0.0, 'r6': 0.0, 'unseen': 0.0} 45s
RESULT skip1 {'pooled': 34.2, 'fresh': 29.7, 'r5': 25.0, 'r6': 47.9, 'unseen': 36.5} 39s
RESULT skip2 {'pooled': 0.0, 'fresh': 0.0, 'r5': 0.0, 'r6': 0.0, 'unseen': 0.0} 45s
RESULT skip3 {'pooled': 44.6, 'fresh': 44.3, 'r5': 44.8, 'r6': 44.8, 'unseen': 44.8} 37s
RESULT skip4 {'pooled': 33.7, 'fresh': 24.0, 'r5': 28.6, 'r6': 48.4, 'unseen': 38.5} 40s
RESULT skip5 {'pooled': 0.2, 'fresh': 0.5, 'r5': 0.0, 'r6': 0.0, 'unseen': 0.0} 44s
RESULT skip6 {'pooled': 59.9, 'fresh': 54.2, 'r5': 62.5, 'r6': 63.0, 'unseen': 62.8} 34s
RESULT skip7 {'pooled': 32.1, 'fresh': 26.6, 'r5': 30.2, 'r6': 39.6, 'unseen': 34.9} 41s
RESULT skip8 {'pooled': 0.2, 'fresh': 0.5, 'r5': 0.0, 'r6': 0.0, 'unseen': 0.0} 43s
RESULT skip9 {'pooled': 10.8, 'fresh': 12.5, 'r5': 2.6, 'r6': 17.2, 'unseen': 9.9} 42s
RESULT skip10 {'pooled': 14.1, 'fresh': 11.5, 'r5': 12.5, 'r6': 18.2, 'unseen': 15.4} 42s
RESULT skip11 {'pooled': 58.9, 'fresh': 58.9, 'r5': 49.5, 'r6': 68.2, 'unseen': 58.9} 35s
RESULT skip12 {'pooled': 19.8, 'fresh': 6.2, 'r5': 19.8, 'r6': 33.3, 'unseen': 26.6} 41s
RESULT skip13 {'pooled': 59.5, 'fresh': 64.1, 'r5': 53.6, 'r6': 60.9, 'unseen': 57.3} 34s
RESULT skip14 {'pooled': 33.2, 'fresh': 26.0, 'r5': 40.6, 'r6': 32.8, 'unseen': 36.7} 36s
RESULT skip15 {'pooled': 62.5, 'fresh': 57.3, 'r5': 60.4, 'r6': 69.8, 'unseen': 65.1} 32s
RESULT rep0 {'pooled': 0.0, 'fresh': 0.0, 'r5': 0.0, 'r6': 0.0, 'unseen': 0.0} 49s
RESULT rep1 {'pooled': 67.2, 'fresh': 67.7, 'r5': 63.5, 'r6': 70.3, 'unseen': 66.9} 39s
RESULT rep2 {'pooled': 31.2, 'fresh': 25.0, 'r5': 32.3, 'r6': 36.5, 'unseen': 34.4} 44s
RESULT rep3 {'pooled': 71.7, 'fresh': 71.4, 'r5': 70.8, 'r6': 72.9, 'unseen': 71.9} 35s
RESULT rep4 {'pooled': 65.5, 'fresh': 58.9, 'r5': 74.0, 'r6': 63.5, 'unseen': 68.8} 40s
RESULT rep5 {'pooled': 63.9, 'fresh': 57.3, 'r5': 67.7, 'r6': 66.7, 'unseen': 67.2} 37s
RESULT rep6 {'pooled': 58.2, 'fresh': 55.7, 'r5': 55.2, 'r6': 63.5, 'unseen': 59.4} 39s
RESULT rep7 {'pooled': 67.4, 'fresh': 65.6, 'r5': 64.6, 'r6': 71.9, 'unseen': 68.2} 36s
RESULT rep8 {'pooled': 63.5, 'fresh': 61.5, 'r5': 62.0, 'r6': 67.2, 'unseen': 64.6} 39s
RESULT rep9 {'pooled': 59.9, 'fresh': 54.7, 'r5': 59.4, 'r6': 65.6, 'unseen': 62.5} 41s
RESULT rep10 {'pooled': 71.7, 'fresh': 74.5, 'r5': 66.1, 'r6': 74.5, 'unseen': 70.3} 39s
RESULT rep11 {'pooled': 65.3, 'fresh': 63.0, 'r5': 62.0, 'r6': 70.8, 'unseen': 66.4} 37s
RESULT rep12 {'pooled': 69.6, 'fresh': 68.2, 'r5': 70.3, 'r6': 70.3, 'unseen': 70.3} 38s
RESULT rep13 {'pooled': 66.7, 'fresh': 69.3, 'r5': 64.6, 'r6': 66.1, 'unseen': 65.4} 38s
RESULT rep14 {'pooled': 74.5, 'fresh': 75.5, 'r5': 70.3, 'r6': 77.6, 'unseen': 74.0} 36s
RESULT rep15 {'pooled': 37.5, 'fresh': 43.2, 'r5': 43.2, 'r6': 26.0, 'unseen': 34.6} 41s
