{"cell": "c1", "pool": "train", "R": 32, "M": 32, "n": 512}
{"cell": "c2", "pool": "train", "R": 0, "M": 33, "n": 512}
{"cell": "c3", "pool": "train", "R": 1, "M": 29, "n": 512}
{"cell": "c4", "pool": "train", "R": 0, "M": 0, "n": 512}
{"cell": "c5", "pool": "train", "R": 0, "M": 0, "n": 512}
{"cell": "c6", "pool": "train", "R": 0, "M": 41, "n": 512}
{"cell": "p12-1", "pool": "train", "R": 25, "M": 25, "n": 512}
{"cell": "p12-2", "pool": "train", "R": 0, "M": 33, "n": 512}
{"cell": "p12-3", "pool": "train", "R": 0, "M": 36, "n": 512}
{"cell": "s3", "pool": "train", "R": 0, "M": 33, "n": 512}
{"cell": "c1", "pool": "reserved", "R": 38, "M": 38, "n": 512}
{"cell": "c2", "pool": "reserved", "R": 0, "M": 32, "n": 512}
{"cell": "c3", "pool": "reserved", "R": 0, "M": 25, "n": 512}
{"cell": "c4", "pool": "reserved", "R": 0, "M": 0, "n": 512}
{"cell": "c5", "pool": "reserved", "R": 0, "M": 0, "n": 512}
{"cell": "c6", "pool": "reserved", "R": 0, "M": 36, "n": 512}
{"cell": "p12-1", "pool": "reserved", "R": 32, "M": 32, "n": 512}
{"cell": "p12-2", "pool": "reserved", "R": 0, "M": 36, "n": 512}
{"cell": "p12-3", "pool": "reserved", "R": 0, "M": 29, "n": 512}
{"cell": "s3", "pool": "reserved", "R": 0, "M": 33, "n": 512}
{"cell": "wide64-attr", "pool": "reserved", "people": 64, "R": 13, "M": 13, "n": 256}
{"cell": "wide64-link", "pool": "reserved", "people": 64, "R": 0, "M": 0, "n": 128}
{"cell": "wide64-two", "pool": "reserved", "people": 64, "R": 1, "M": 10, "n": 128}
{"arm": "treatment", "seed": 9, "out": "artifacts/fable-newnames21-20260920/fixtures/exp512/scores/treatment-9.json", "sha256": "a6412f7a00d5626f091c26c35888b2c95a5a4441a31845b187b803b45ebc74e5"}
real 81.62
user 76.76
sys 0.59
