{"event": "raw skills", "skills": {"pooled5": 0.997, "n5": 1000, "in_dist": 0.8935294117647059, "n_in_dist": 6800}, "t": 104}
{"event": "sleep", "step": 50, "loss": 6.9607}
{"event": "sleep", "step": 100, "loss": 1.6442}
{"event": "sleep", "step": 150, "loss": 1.3883}
{"event": "sleep", "step": 200, "loss": 1.2802}
{"event": "sleep", "step": 250, "loss": 1.2378}
{"event": "sleep", "step": 300, "loss": 1.1619}
{"event": "sleep", "step": 350, "loss": 1.096}
{"event": "temperature", "T": 0.7, "reach4": 0.13253936554326745, "reach32": 0.515625, "distinct_rules": 5.7265625, "rules_share": 0.2688829137130286, "eligible": true}
{"event": "temperature", "T": 1.0, "reach4": 0.11947107028642936, "reach32": 0.4921875, "distinct_rules": 6.0234375, "rules_share": 0.26806640625, "eligible": true}
{"event": "temperature", "T": 1.5, "reach4": 0.09731841803392659, "reach32": 0.46875, "distinct_rules": 5.96875, "rules_share": 0.24560546875, "eligible": true}
{"event": "temperature", "T": 2.0, "reach4": 0.07693270300333704, "reach32": 0.4140625, "distinct_rules": 5.6875, "rules_share": 0.220703125, "eligible": true}
{"event": "temperature", "T": 0.47, "reach4": 0.14121905543776198, "reach32": 0.53125, "distinct_rules": 5.4921875, "rules_share": 0.27904102817597626, "eligible": true}
{"event": "temperature", "T": 0.31, "reach4": 0.15512234817665885, "reach32": 0.5234375, "distinct_rules": 5.0078125, "rules_share": 0.29065565307176044, "eligible": true}
{"event": "temperature", "T": 0.21, "reach4": 0.15956876761995356, "reach32": 0.5078125, "distinct_rules": 4.4375, "rules_share": 0.29147597254004576, "eligible": true}
{"event": "rung", "warm3": 1500, "dreams": 0, "visits": 4, "verdict": "stop: signal (fix the warm-up)", "t": 1554}
{"event": "sleep", "step": 50, "loss": 8.4652}
{"event": "sleep", "step": 100, "loss": 2.0358}
{"event": "sleep", "step": 150, "loss": 1.7163}
{"event": "sleep", "step": 200, "loss": 1.6931}
{"event": "sleep", "step": 250, "loss": 1.629}
{"event": "sleep", "step": 300, "loss": 1.4909}
{"event": "sleep", "step": 350, "loss": 1.5283}
{"event": "sleep", "step": 400, "loss": 1.4525}
{"event": "sleep", "step": 450, "loss": 1.3611}
{"event": "sleep", "step": 500, "loss": 1.3589}
{"event": "sleep", "step": 550, "loss": 1.3734}
{"event": "temperature", "T": 0.7, "reach4": 0.15304605038489041, "reach32": 0.6328125, "distinct_rules": 5.5703125, "rules_share": 0.2594409024031388, "eligible": true}
{"event": "temperature", "T": 1.0, "reach4": 0.13796753337041157, "reach32": 0.609375, "distinct_rules": 5.7578125, "rules_share": 0.254150390625, "eligible": true}
{"event": "temperature", "T": 1.5, "reach4": 0.12639868951612904, "reach32": 0.5859375, "distinct_rules": 5.703125, "rules_share": 0.236328125, "eligible": true}
{"event": "temperature", "T": 2.0, "reach4": 0.10882990649332591, "reach32": 0.5390625, "distinct_rules": 5.4609375, "rules_share": 0.218017578125, "eligible": true}
{"event": "temperature", "T": 0.47, "reach4": 0.15118841531426327, "reach32": 0.6015625, "distinct_rules": 5.2734375, "rules_share": 0.26338169084542273, "eligible": true}
{"event": "rung", "warm3": 3000, "dreams": 0, "visits": 4, "verdict": "stop: signal (fix the warm-up)", "t": 2729}
{"event": "sleep", "step": 50, "loss": 9.2659}
{"event": "sleep", "step": 100, "loss": 2.2233}
{"event": "sleep", "step": 150, "loss": 2.1316}
{"event": "sleep", "step": 200, "loss": 1.9702}
{"event": "sleep", "step": 250, "loss": 1.9157}
{"event": "sleep", "step": 300, "loss": 1.8316}
{"event": "sleep", "step": 350, "loss": 1.8591}
{"event": "sleep", "step": 400, "loss": 1.8317}
{"event": "sleep", "step": 450, "loss": 1.7555}
{"event": "sleep", "step": 500, "loss": 1.7467}
{"event": "sleep", "step": 550, "loss": 1.7029}
{"event": "sleep", "step": 600, "loss": 1.6802}
{"event": "sleep", "step": 650, "loss": 1.6031}
{"event": "sleep", "step": 700, "loss": 1.6069}
{"event": "sleep", "step": 750, "loss": 1.5507}
{"event": "sleep", "step": 800, "loss": 1.4931}
{"event": "sleep", "step": 850, "loss": 1.5125}
{"event": "sleep", "step": 900, "loss": 1.5477}
{"event": "temperature", "T": 0.7, "reach4": 0.1860153125188192, "reach32": 0.7109375, "distinct_rules": 5.3984375, "rules_share": 0.2662531017369727, "eligible": true}
{"event": "temperature", "T": 1.0, "reach4": 0.168374117322819, "reach32": 0.6796875, "distinct_rules": 5.53125, "rules_share": 0.254705450989978, "eligible": true}
{"event": "temperature", "T": 1.5, "reach4": 0.14701056729699666, "reach32": 0.625, "distinct_rules": 5.5546875, "rules_share": 0.240966796875, "eligible": true}
{"event": "temperature", "T": 2.0, "reach4": 0.12738980812013348, "reach32": 0.5546875, "distinct_rules": 5.375, "rules_share": 0.222412109375, "eligible": true}
{"event": "temperature", "T": 0.47, "reach4": 0.21517454439252987, "reach32": 0.7421875, "distinct_rules": 5.140625, "rules_share": 0.27002583979328165, "eligible": true}
{"event": "temperature", "T": 0.31, "reach4": 0.21764365185134874, "reach32": 0.6953125, "distinct_rules": 4.6484375, "rules_share": 0.2761401557285873, "eligible": true}
{"event": "temperature", "T": 0.21, "reach4": 0.22980205945087986, "reach32": 0.6875, "distinct_rules": 4.1328125, "rules_share": 0.27966365618187483, "eligible": true}
{"event": "rung", "warm3": 6000, "dreams": 0, "visits": 4, "verdict": "stop: signal (fix the warm-up)", "t": 4974}
{"event": "fallback a: fit on own warm-up puzzles", "greedy_accepted": 0.15625}
{"event": "sleep", "step": 50, "loss": 9.2293}
{"event": "sleep", "step": 100, "loss": 2.254}
{"event": "sleep", "step": 150, "loss": 2.1324}
{"event": "sleep", "step": 200, "loss": 1.9939}
{"event": "sleep", "step": 250, "loss": 1.9395}
{"event": "sleep", "step": 300, "loss": 1.8542}
{"event": "sleep", "step": 350, "loss": 1.8953}
{"event": "sleep", "step": 400, "loss": 1.8358}
{"event": "sleep", "step": 450, "loss": 1.7979}
{"event": "sleep", "step": 500, "loss": 1.7646}
{"event": "sleep", "step": 550, "loss": 1.7355}
{"event": "sleep", "step": 600, "loss": 1.7304}
{"event": "sleep", "step": 650, "loss": 1.6796}
{"event": "sleep", "step": 700, "loss": 1.6676}
{"event": "sleep", "step": 750, "loss": 1.5912}
{"event": "sleep", "step": 800, "loss": 1.581}
{"event": "sleep", "step": 850, "loss": 1.5777}
{"event": "sleep", "step": 900, "loss": 1.5952}
{"event": "sleep", "step": 950, "loss": 1.5472}
{"event": "sleep", "step": 1000, "loss": 1.5153}
{"event": "sleep", "step": 1050, "loss": 1.4744}
{"event": "sleep", "step": 1100, "loss": 1.4654}
{"event": "sleep", "step": 1150, "loss": 1.5203}
{"event": "sleep", "step": 1200, "loss": 1.3777}
{"event": "sleep", "step": 1250, "loss": 1.4189}
{"event": "sleep", "step": 1300, "loss": 1.3486}
{"event": "sleep", "step": 1350, "loss": 1.4219}
{"event": "sleep", "step": 1400, "loss": 1.3844}
{"event": "sleep", "step": 1450, "loss": 1.3219}
{"event": "sleep", "step": 1500, "loss": 1.2986}
{"event": "sleep", "step": 1550, "loss": 1.3133}
{"event": "sleep", "step": 1600, "loss": 1.2542}
{"event": "sleep", "step": 1650, "loss": 1.3117}
{"event": "sleep", "step": 1700, "loss": 1.2286}
{"event": "sleep", "step": 1750, "loss": 1.2106}
{"event": "sleep", "step": 1800, "loss": 1.1929}
{"event": "sleep", "step": 1850, "loss": 1.2215}
{"event": "sleep", "step": 1900, "loss": 1.2235}
{"event": "sleep", "step": 1950, "loss": 1.1665}
{"event": "sleep", "step": 2000, "loss": 1.1516}
{"event": "sleep", "step": 2050, "loss": 1.1758}
{"event": "sleep", "step": 2100, "loss": 1.1374}
{"event": "sleep", "step": 2150, "loss": 1.0325}
{"event": "sleep", "step": 2200, "loss": 1.0716}
{"event": "sleep", "step": 2250, "loss": 1.0856}
{"event": "sleep", "step": 2300, "loss": 1.0689}
{"event": "sleep", "step": 2350, "loss": 1.0818}
{"event": "sleep", "step": 2400, "loss": 0.9701}
{"event": "sleep", "step": 2450, "loss": 1.0197}
{"event": "sleep", "step": 2500, "loss": 0.98}
{"event": "sleep", "step": 2550, "loss": 1.0109}
{"event": "sleep", "step": 2600, "loss": 0.9542}
{"event": "sleep", "step": 2650, "loss": 0.8967}
{"event": "sleep", "step": 2700, "loss": 0.9264}
{"event": "sleep", "step": 2750, "loss": 0.9073}
{"event": "sleep", "step": 2800, "loss": 0.916}
{"event": "sleep", "step": 2850, "loss": 0.8634}
{"event": "sleep", "step": 2900, "loss": 0.8487}
{"event": "sleep", "step": 2950, "loss": 0.8173}
{"event": "sleep", "step": 3000, "loss": 0.8706}
{"event": "sleep", "step": 3050, "loss": 0.8292}
{"event": "sleep", "step": 3100, "loss": 0.7503}
{"event": "sleep", "step": 3150, "loss": 0.831}
{"event": "sleep", "step": 3200, "loss": 0.7674}
{"event": "sleep", "step": 3250, "loss": 0.7574}
{"event": "sleep", "step": 3300, "loss": 0.7684}
{"event": "sleep", "step": 3350, "loss": 0.7117}
{"event": "sleep", "step": 3400, "loss": 0.7291}
{"event": "sleep", "step": 3450, "loss": 0.7534}
{"event": "sleep", "step": 3500, "loss": 0.7273}
{"event": "sleep", "step": 3550, "loss": 0.7025}
{"event": "sleep", "step": 3600, "loss": 0.6732}
{"event": "sleep", "step": 3650, "loss": 0.6953}
{"event": "sleep", "step": 3700, "loss": 0.7013}
{"event": "sleep", "step": 3750, "loss": 0.6554}
{"event": "temperature", "T": 0.7, "reach4": 0.3961964389614942, "reach32": 0.828125, "distinct_rules": 3.2734375, "rules_share": 0.3037383177570093, "eligible": false}
{"event": "temperature", "T": 1.0, "reach4": 0.34971973867615763, "reach32": 0.8203125, "distinct_rules": 3.5234375, "rules_share": 0.2789890981169475, "eligible": false}
{"event": "temperature", "T": 1.5, "reach4": 0.31773194174082314, "reach32": 0.8359375, "distinct_rules": 3.9296875, "rules_share": 0.263427734375, "eligible": false}
{"event": "temperature", "T": 2.0, "reach4": 0.27941745168242493, "reach32": 0.8125, "distinct_rules": 4.1328125, "rules_share": 0.249755859375, "eligible": true}
{"event": "temperature", "T": 3.0, "reach4": 0.22251286151279198, "reach32": 0.78125, "distinct_rules": 4.140625, "rules_share": 0.215576171875, "eligible": true}
{"event": "rung", "warm3": 6000, "dreams": 0, "visits": 16, "verdict": "stop: signal (fix the warm-up)", "t": 10012}
