03:22:32 warm {'updates': 256, 'records': 2048, 'visits': 4, 'last_loss': 1.2567716836929321} 474
03:30:23 N built {'updates': 256, 'records': 2048, 'last_loss': 0.4492005705833435} 945
03:31:45 T 0.5 {'verdict': 'stop: cold start and sameness', 'reach32': 0.06640625, 'floor_reach32': 0.04824614113521625, 'reach4': 0.01171875, 'luck': 0.0091552734375, 'distinct_rules': 3.62109375}
03:33:06 T 0.7 {'verdict': 'stop: cold start (stepping stones first)', 'reach32': 0.0703125, 'floor_reach32': 0.04824614113521625, 'reach4': 0.01171875, 'luck': 0.0091552734375, 'distinct_rules': 4.90234375}
03:34:26 T 1.0 {'verdict': 'stop: cold start (stepping stones first)', 'reach32': 0.12109375, 'floor_reach32': 0.04824614113521625, 'reach4': 0.015625, 'luck': 0.01025390625, 'distinct_rules': 6.6875}
03:35:46 T 1.4 {'verdict': 'pass', 'reach32': 0.15234375, 'floor_reach32': 0.04824614113521625, 'reach4': 0.03515625, 'luck': 0.0123291015625, 'distinct_rules': 8.6875}
03:37:05 T 2.0 {'verdict': 'pass', 'reach32': 0.21875, 'floor_reach32': 0.04824614113521625, 'reach4': 0.06640625, 'luck': 0.014404296875, 'distinct_rules': 11.26953125}
03:38:20 T 3.0 {'verdict': 'pass', 'reach32': 0.31640625, 'floor_reach32': 0.04824614113521625, 'reach4': 0.078125, 'luck': 0.0203857421875, 'distinct_rules': 13.86328125}
03:39:33 T 4.0 {'verdict': 'pass', 'reach32': 0.2734375, 'floor_reach32': 0.04824614113521625, 'reach4': 0.07421875, 'luck': 0.0179443359375, 'distinct_rules': 13.390625}
03:40:43 T 6.0 {'verdict': 'pass', 'reach32': 0.21875, 'floor_reach32': 0.04824614113521625, 'reach4': 0.0234375, 'luck': 0.0089111328125, 'distinct_rules': 9.89453125}
03:40:45 pool T 3.0
03:46:06 setup done {'diag': {'n_W': 344, 'n_R': 344, 'short': {}, 'hindsight_fits': 1.0}, 'n_W': 344, 'n_PC': 344, 'questions_with_W': 282} 1888
03:46:20 N {'dev': {'right': 0.00390625, 'fits': 0.0078125, 'by_kind': {'affine': 0.0, 'square': 0.0, 'sq_plus': 0.0, 'last_digit': 0.0, 'double_add': 0.0196}}, 'skills5': 0.983, 'n_W': 344, 'n_PC': 344, 'T': 3.0}
03:53:45 PC ft {'lr': 0.0003, 'visits': 16} {'sleep_tflops': 32.26079997952, 'seconds': 433.0, 'gain_points': 40.625, 'skills_harm_points': -0.9000000000000008} {'affine': 0.0, 'square': 0.9804, 'sq_plus': 0.0, 'last_digit': 1.0, 'double_add': 0.0784}
04:01:12 PC ft {'lr': 0.001, 'visits': 16} {'sleep_tflops': 32.26079997952, 'seconds': 435.6, 'gain_points': 42.1875, 'skills_harm_points': 0.0} {'affine': 0.0, 'square': 0.9804, 'sq_plus': 0.0196, 'last_digit': 1.0, 'double_add': 0.1373}
04:01:12 B {'method': 'ft', 'kw': {'lr': 0.001, 'visits': 16}, 'within_harm': True, 'tie_reach4': {}}
04:01:38 W knn {'c': 50.0, 'theta': 0.9, 'cal': 0.99, 'old': 512} {'sleep_tflops': 1.022255470592, 'seconds': 11.8, 'gain_points': 37.5, 'skills_harm_points': 0.30000000000000027} {'affine': 0.0, 'square': 0.9216, 'sq_plus': 0.0, 'last_digit': 0.8824, 'double_add': 0.098}
04:09:18 W ft {'lr': 0.001, 'visits': 16} {'sleep_tflops': 32.26079997952, 'seconds': 447.2, 'gain_points': 39.0625, 'skills_harm_points': 0.8000000000000007} {'affine': 0.0192, 'square': 0.9608, 'sq_plus': 0.0196, 'last_digit': 0.902, 'double_add': 0.0784}
04:09:44 R knn {'c': 50.0, 'theta': 0.9, 'cal': 0.99, 'old': 512} {'sleep_tflops': 1.022255470592, 'seconds': 12.4, 'gain_points': -0.390625, 'skills_harm_points': 0.20000000000000018} {'affine': 0.0, 'square': 0.0, 'sq_plus': 0.0, 'last_digit': 0.0, 'double_add': 0.0}
04:12:41 N {'practised': {'reach32': 0.0703125, 'first_sample': 0.0078125, 'greedy_right': 0.0}, 'dev_search': {'reach4': 0.078125, 'reach32': 0.31640625, 'luck': 0.0203857421875}}
04:15:43 W knn {'c': 50.0, 'theta': 0.9, 'cal': 0.99, 'old': 512} {'reach32': 0.32421875, 'first_sample': 0.2578125, 'greedy_right': 0.25390625} {'reach4': 0.40625, 'reach32': 0.41796875, 'luck': 0.3734130859375}
04:23:50 W ft {'lr': 0.001, 'visits': 16} {'reach32': 0.08203125, 'first_sample': 0.01171875, 'greedy_right': 0.0078125} {'reach4': 0.328125, 'reach32': 0.42578125, 'luck': 0.15869140625}
04:23:50 CONFIRM PARENT DONE /mnt/project-files/fast-sleep/confirm/s201
STAGE s201 base exit 0
STAGE s201 W exit 0
STAGE s201 R exit 0
04:24:36 CONFIRM PARENT DONE /mnt/project-files/fast-sleep/confirm/s201
STAGE s201 old exit 0
