[Tue 10/06/2026 14:25:37.14] START n10 
50 write calls
write calls with block count != 10: 0; usd so far 0.000
500 items to verify
usd 0.000 calls 102 tokens in/out 76496/45393 stop=None
kept 815 {'short_answer': 339, 'Yes': 191, 'No': 285}
[Tue 10/06/2026 14:25:37.14] END n10 
[Tue 10/06/2026 14:25:37.14] START n25 
20 write calls
write calls with block count != 25: 0; usd so far 0.000
500 items to verify
usd 0.000 calls 72 tokens in/out 60796/45622 stop=None
kept 723 {'short_answer': 289, 'No': 263, 'Yes': 171}
[Tue 10/06/2026 14:25:37.14] END n25 
[Tue 10/06/2026 14:25:37.14] START n50 
10 write calls
write calls with block count != 50: 9; usd so far 0.000
487 items to verify
usd 0.000 calls 62 tokens in/out 52056/43000 stop=None
kept 698 {'short_answer': 298, 'No': 213, 'Yes': 187}
[Tue 10/06/2026 14:25:37.14] END n50 
PILOT DONE 
