02:09:20 N {'dev': {'right': 0.00390625, 'fits': 0.0078125, 'by_kind': {'affine': 0.0192, 'square': 0.0, 'sq_plus': 0.0, 'last_digit': 0.0, 'double_add': 0.0}}, 'skills5': 0.9940000000000001, 'n_W': 210, 'n_PC': 210, 'T': 4.0}
02:09:43 PC knn {'c': 5.0, 'theta': 0.8} {'sleep_tflops': 0.16439101056, 'seconds': 3.7, 'gain_points': 2.734375, 'skills_harm_points': 0.0} {'affine': 0.0, 'square': 0.0784, 'sq_plus': 0.0, 'last_digit': 0.0, 'double_add': 0.0784}
02:10:07 PC knn {'c': 5.0, 'theta': 0.9} {'sleep_tflops': 0.16439101056, 'seconds': 2.6, 'gain_points': 2.734375, 'skills_harm_points': 0.0} {'affine': 0.0, 'square': 0.0784, 'sq_plus': 0.0, 'last_digit': 0.0, 'double_add': 0.0784}
02:10:31 PC knn {'c': 20.0, 'theta': 0.8} {'sleep_tflops': 0.16439101056, 'seconds': 3.4, 'gain_points': 41.796875, 'skills_harm_points': 0.20000000000001128} {'affine': 0.0, 'square': 1.0, 'sq_plus': 0.0, 'last_digit': 0.9804, 'double_add': 0.1373}
02:10:54 PC knn {'c': 20.0, 'theta': 0.9} {'sleep_tflops': 0.16439101056, 'seconds': 2.5, 'gain_points': 41.796875, 'skills_harm_points': 0.0} {'affine': 0.0, 'square': 1.0, 'sq_plus': 0.0, 'last_digit': 0.9804, 'double_add': 0.1373}
02:11:20 PC knn {'c': 50.0, 'theta': 0.8} {'sleep_tflops': 0.16439101056, 'seconds': 3.9, 'gain_points': 42.578125, 'skills_harm_points': 10.20000000000001} {'affine': 0.0, 'square': 1.0, 'sq_plus': 0.0, 'last_digit': 1.0, 'double_add': 0.1569}
02:11:44 PC knn {'c': 50.0, 'theta': 0.9} {'sleep_tflops': 0.16439101056, 'seconds': 2.6, 'gain_points': 42.578125, 'skills_harm_points': 0.40000000000001146} {'affine': 0.0, 'square': 1.0, 'sq_plus': 0.0, 'last_digit': 1.0, 'double_add': 0.1569}
02:12:07 W knn {'c': 5.0, 'theta': 0.8} {'sleep_tflops': 0.16439101056, 'seconds': 2.5, 'gain_points': 1.953125, 'skills_harm_points': 0.0} {'affine': 0.0, 'square': 0.0196, 'sq_plus': 0.0, 'last_digit': 0.0, 'double_add': 0.098}
02:12:30 W knn {'c': 5.0, 'theta': 0.9} {'sleep_tflops': 0.16439101056, 'seconds': 2.9, 'gain_points': 1.953125, 'skills_harm_points': 0.0} {'affine': 0.0, 'square': 0.0196, 'sq_plus': 0.0, 'last_digit': 0.0, 'double_add': 0.098}
02:12:52 W knn {'c': 20.0, 'theta': 0.8} {'sleep_tflops': 0.16439101056, 'seconds': 2.5, 'gain_points': 17.1875, 'skills_harm_points': 0.0} {'affine': 0.0, 'square': 0.8039, 'sq_plus': 0.0, 'last_digit': 0.0392, 'double_add': 0.0392}
02:13:15 W knn {'c': 20.0, 'theta': 0.9} {'sleep_tflops': 0.16439101056, 'seconds': 2.6, 'gain_points': 17.1875, 'skills_harm_points': 0.0} {'affine': 0.0, 'square': 0.8039, 'sq_plus': 0.0, 'last_digit': 0.0392, 'double_add': 0.0392}
02:13:40 W knn {'c': 50.0, 'theta': 0.8} {'sleep_tflops': 0.16439101056, 'seconds': 2.7, 'gain_points': 28.515625, 'skills_harm_points': 1.6000000000000125} {'affine': 0.0, 'square': 0.9804, 'sq_plus': 0.0, 'last_digit': 0.451, 'double_add': 0.0196}
02:14:04 W knn {'c': 50.0, 'theta': 0.9} {'sleep_tflops': 0.16439101056, 'seconds': 2.7, 'gain_points': 28.515625, 'skills_harm_points': 0.10000000000001119} {'affine': 0.0, 'square': 0.9804, 'sq_plus': 0.0, 'last_digit': 0.451, 'double_add': 0.0196}
02:14:27 N {'dev': {'right': 0.00390625, 'fits': 0.0078125, 'by_kind': {'affine': 0.0192, 'square': 0.0, 'sq_plus': 0.0, 'last_digit': 0.0, 'double_add': 0.0}}, 'skills5': 0.9940000000000001, 'n_W': 210, 'n_PC': 210, 'T': 4.0}
02:14:53 PC knn {'c': 20.0, 'theta': 0.9, 'cal': 0.99} {'sleep_tflops': 0.38214634752, 'seconds': 8.3, 'gain_points': 41.796875, 'skills_harm_points': 0.0} {'affine': 0.0, 'square': 1.0, 'sq_plus': 0.0, 'last_digit': 0.9804, 'double_add': 0.1373}
02:15:20 PC knn {'c': 50.0, 'theta': 0.9, 'cal': 0.99} {'sleep_tflops': 0.38214634752, 'seconds': 7.8, 'gain_points': 42.578125, 'skills_harm_points': 0.0} {'affine': 0.0, 'square': 1.0, 'sq_plus': 0.0, 'last_digit': 1.0, 'double_add': 0.1569}
02:15:49 PC knn {'c': 50.0, 'theta': 0.9, 'cal': 0.999} {'sleep_tflops': 0.38214634752, 'seconds': 8.9, 'gain_points': 40.234375, 'skills_harm_points': 0.0} {'affine': 0.0, 'square': 0.9608, 'sq_plus': 0.0, 'last_digit': 0.9216, 'double_add': 0.1569}
02:16:16 W knn {'c': 20.0, 'theta': 0.9, 'cal': 0.99} {'sleep_tflops': 0.38214634752, 'seconds': 8.1, 'gain_points': 17.1875, 'skills_harm_points': 0.0} {'affine': 0.0, 'square': 0.8039, 'sq_plus': 0.0, 'last_digit': 0.0392, 'double_add': 0.0392}
02:16:46 W knn {'c': 50.0, 'theta': 0.9, 'cal': 0.99} {'sleep_tflops': 0.38214634752, 'seconds': 8.3, 'gain_points': 28.515625, 'skills_harm_points': 0.0} {'affine': 0.0, 'square': 0.9804, 'sq_plus': 0.0, 'last_digit': 0.451, 'double_add': 0.0196}
02:17:39 W knn {'c': 50.0, 'theta': 0.9, 'cal': 0.999} {'sleep_tflops': 0.38214634752, 'seconds': 7.8, 'gain_points': 27.34375, 'skills_harm_points': 0.0} {'affine': 0.0, 'square': 0.9412, 'sq_plus': 0.0, 'last_digit': 0.4314, 'double_add': 0.0196}
02:18:32 N {'dev': {'right': 0.00390625, 'fits': 0.0078125, 'by_kind': {'affine': 0.0192, 'square': 0.0, 'sq_plus': 0.0, 'last_digit': 0.0, 'double_add': 0.0}}, 'skills5': 0.9940000000000001, 'n_W': 210, 'n_PC': 210, 'T': 4.0}
02:21:06 PC heads {'lr': 0.003, 'epochs': 10} {'sleep_tflops': 0.44648577792, 'seconds': 106.1, 'gain_points': 37.890625, 'skills_harm_points': 1.100000000000012} {'affine': 0.0192, 'square': 0.9412, 'sq_plus': 0.0, 'last_digit': 0.9608, 'double_add': 0.0}
02:27:58 PC heads {'lr': 0.003, 'epochs': 30} {'sleep_tflops': 0.57552590592, 'seconds': 363.6, 'gain_points': 41.796875, 'skills_harm_points': 2.6000000000000134} {'affine': 0.0, 'square': 0.9804, 'sq_plus': 0.0, 'last_digit': 1.0, 'double_add': 0.1373}
02:30:25 PC heads {'lr': 0.01, 'epochs': 10} {'sleep_tflops': 0.44648577792, 'seconds': 103.0, 'gain_points': 39.0625, 'skills_harm_points': 10.30000000000002} {'affine': 0.0, 'square': 0.9804, 'sq_plus': 0.0, 'last_digit': 0.9804, 'double_add': 0.0196}
02:35:23 PC heads {'lr': 0.01, 'epochs': 30} {'sleep_tflops': 0.57552590592, 'seconds': 250.0, 'gain_points': 41.796875, 'skills_harm_points': 15.400000000000013} {'affine': 0.0192, 'square': 0.9804, 'sq_plus': 0.0196, 'last_digit': 0.9804, 'double_add': 0.1176}
02:38:04 W heads {'lr': 0.003, 'epochs': 10} {'sleep_tflops': 0.44648577792, 'seconds': 112.0, 'gain_points': 18.359375, 'skills_harm_points': 1.100000000000012} {'affine': 0.0, 'square': 0.7255, 'sq_plus': 0.0, 'last_digit': 0.2157, 'double_add': 0.0}
02:40:56 W heads {'lr': 0.003, 'epochs': 30} {'sleep_tflops': 0.57552590592, 'seconds': 157.5, 'gain_points': 19.140625, 'skills_harm_points': 9.000000000000007} {'affine': 0.0, 'square': 0.8039, 'sq_plus': 0.0, 'last_digit': 0.1569, 'double_add': 0.0196}
02:41:21 W heads {'lr': 0.01, 'epochs': 10} {'sleep_tflops': 0.44648577792, 'seconds': 11.9, 'gain_points': 19.53125, 'skills_harm_points': 11.50000000000001} {'affine': 0.0, 'square': 0.8824, 'sq_plus': 0.0, 'last_digit': 0.1176, 'double_add': 0.0}
02:41:57 W heads {'lr': 0.01, 'epochs': 30} {'sleep_tflops': 0.57552590592, 'seconds': 22.6, 'gain_points': 20.703125, 'skills_harm_points': 29.800000000000015} {'affine': 0.0, 'square': 0.902, 'sq_plus': 0.0, 'last_digit': 0.1373, 'double_add': 0.0196}
