arm b0 seed 2 steps 3000 device mps
step 0 train_batch_loss 5.3204 lr 5.000e-06
step 100 train_batch_loss 1.1586 lr 5.050e-04
step 200 train_batch_loss 1.6845 lr 1.000e-03
step 300 train_batch_loss 1.6607 lr 9.969e-04
step 400 train_batch_loss 1.5776 lr 9.875e-04
step 500 train_batch_loss 1.1783 lr 9.719e-04
step 600 train_batch_loss 1.2097 lr 9.505e-04
step 700 train_batch_loss 1.1654 lr 9.234e-04
step 800 train_batch_loss 0.9960 lr 8.909e-04
step 900 train_batch_loss 0.6817 lr 8.536e-04
step 1000 train_batch_loss 0.9870 lr 8.117e-04
step 1100 train_batch_loss 0.8489 lr 7.660e-04
step 1200 train_batch_loss 0.6045 lr 7.169e-04
step 1300 train_batch_loss 1.0434 lr 6.651e-04
step 1400 train_batch_loss 0.6148 lr 6.113e-04
step 1500 train_batch_loss 1.1368 lr 5.560e-04
step 1600 train_batch_loss 1.0658 lr 5.000e-04
step 1700 train_batch_loss 0.5672 lr 4.440e-04
step 1800 train_batch_loss 0.5722 lr 3.887e-04
step 1900 train_batch_loss 1.0108 lr 3.349e-04
step 2000 train_batch_loss 0.9086 lr 2.831e-04
step 2100 train_batch_loss 0.6127 lr 2.340e-04
step 2200 train_batch_loss 0.6936 lr 1.883e-04
step 2300 train_batch_loss 0.4289 lr 1.464e-04
step 2400 train_batch_loss 0.4602 lr 1.091e-04
step 2500 train_batch_loss 0.6049 lr 7.664e-05
step 2600 train_batch_loss 0.4246 lr 4.952e-05
step 2700 train_batch_loss 0.3480 lr 2.806e-05
step 2800 train_batch_loss 0.2809 lr 1.254e-05
step 2900 train_batch_loss 0.3749 lr 3.144e-06
step 2999 train_batch_loss 0.2178 lr 3.147e-10
fixed-batch loss start 5.5791 end 0.1410
dev: exact 0.8643 short 0.8638888888888889 yesno 0.8647435897435898 lesion_short 0.2048611111111111
practised: exact 0.8811 short 0.8796680497925311 yesno 0.8823529411764706 lesion_short 0.18672199170124482
wrote /Users/ben-hannan/Desktop/projects/talker-gap-wt/talker_gap/results/b0_s2/results.json
