arm b0 seed 1 steps 3000 device mps
step 0 train_batch_loss 5.6198 lr 5.000e-06
step 100 train_batch_loss 1.6709 lr 5.050e-04
step 200 train_batch_loss 1.3144 lr 1.000e-03
step 300 train_batch_loss 0.9120 lr 9.969e-04
step 400 train_batch_loss 1.5826 lr 9.875e-04
step 500 train_batch_loss 2.2786 lr 9.719e-04
step 600 train_batch_loss 1.2627 lr 9.505e-04
step 700 train_batch_loss 0.9497 lr 9.234e-04
step 800 train_batch_loss 1.2099 lr 8.909e-04
step 900 train_batch_loss 1.5285 lr 8.536e-04
step 1000 train_batch_loss 0.6592 lr 8.117e-04
step 1100 train_batch_loss 0.7879 lr 7.660e-04
step 1200 train_batch_loss 1.1621 lr 7.169e-04
step 1300 train_batch_loss 1.0983 lr 6.651e-04
step 1400 train_batch_loss 1.1174 lr 6.113e-04
step 1500 train_batch_loss 1.0045 lr 5.560e-04
step 1600 train_batch_loss 1.0516 lr 5.000e-04
step 1700 train_batch_loss 0.7794 lr 4.440e-04
step 1800 train_batch_loss 0.5441 lr 3.887e-04
step 1900 train_batch_loss 0.5291 lr 3.349e-04
step 2000 train_batch_loss 0.6437 lr 2.831e-04
step 2100 train_batch_loss 1.1394 lr 2.340e-04
step 2200 train_batch_loss 0.4336 lr 1.883e-04
step 2300 train_batch_loss 0.3171 lr 1.464e-04
step 2400 train_batch_loss 0.2889 lr 1.091e-04
step 2500 train_batch_loss 0.6143 lr 7.664e-05
step 2600 train_batch_loss 0.2003 lr 4.952e-05
step 2700 train_batch_loss 0.2745 lr 2.806e-05
step 2800 train_batch_loss 0.2204 lr 1.254e-05
step 2900 train_batch_loss 0.3224 lr 3.144e-06
step 2999 train_batch_loss 0.1902 lr 3.147e-10
fixed-batch loss start 5.5201 end 0.1394
dev: exact 0.8590 short 0.8493055555555555 yesno 0.867948717948718 lesion_short 0.21875
practised: exact 0.8586 short 0.8485477178423236 yesno 0.8678881388621023 lesion_short 0.1825726141078838
wrote /Users/ben-hannan/Desktop/projects/talker-gap-wt/talker_gap/results/b0_s1/results.json
