arm b0_nothinker seed 0 steps 3000 device mps
step 0 train_batch_loss 5.7509 lr 5.000e-06
step 100 train_batch_loss 2.0615 lr 5.050e-04
step 200 train_batch_loss 1.2959 lr 1.000e-03
step 300 train_batch_loss 1.1990 lr 9.969e-04
step 400 train_batch_loss 1.2916 lr 9.875e-04
step 500 train_batch_loss 0.8427 lr 9.719e-04
step 600 train_batch_loss 1.0871 lr 9.505e-04
step 700 train_batch_loss 1.3740 lr 9.234e-04
step 800 train_batch_loss 0.8360 lr 8.909e-04
step 900 train_batch_loss 0.9199 lr 8.536e-04
step 1000 train_batch_loss 0.6377 lr 8.117e-04
step 1100 train_batch_loss 0.6460 lr 7.660e-04
step 1200 train_batch_loss 0.6918 lr 7.169e-04
step 1300 train_batch_loss 0.5909 lr 6.651e-04
step 1400 train_batch_loss 0.6043 lr 6.113e-04
step 1500 train_batch_loss 0.8196 lr 5.560e-04
step 1600 train_batch_loss 0.4075 lr 5.000e-04
step 1700 train_batch_loss 0.7455 lr 4.440e-04
step 1800 train_batch_loss 0.5525 lr 3.887e-04
step 1900 train_batch_loss 0.4471 lr 3.349e-04
step 2000 train_batch_loss 0.7237 lr 2.831e-04
step 2100 train_batch_loss 0.5936 lr 2.340e-04
step 2200 train_batch_loss 0.7805 lr 1.883e-04
step 2300 train_batch_loss 0.5771 lr 1.464e-04
step 2400 train_batch_loss 0.3856 lr 1.091e-04
step 2500 train_batch_loss 0.6827 lr 7.664e-05
step 2600 train_batch_loss 0.4619 lr 4.952e-05
step 2700 train_batch_loss 0.3132 lr 2.806e-05
step 2800 train_batch_loss 0.3130 lr 1.254e-05
step 2900 train_batch_loss 0.3697 lr 3.144e-06
step 2999 train_batch_loss 0.4632 lr 3.147e-10
fixed-batch loss start 5.6514 end 0.1435
dev: exact 0.8400 short 0.8305555555555556 yesno 0.8487179487179487 lesion_short 0.20972222222222223
practised: exact 0.8441 short 0.8402489626556017 yesno 0.8476374156219865 lesion_short 0.18983402489626555
wrote /Users/ben-hannan/Desktop/projects/talker-gap-wt/talker_gap/results/b0_nothinker_s0/results.json
