arm b0_nothinker seed 2 steps 3000 device mps
step 0 train_batch_loss 5.3340 lr 5.000e-06
step 100 train_batch_loss 1.0156 lr 5.050e-04
step 200 train_batch_loss 1.4038 lr 1.000e-03
step 300 train_batch_loss 1.1834 lr 9.969e-04
step 400 train_batch_loss 1.1796 lr 9.875e-04
step 500 train_batch_loss 0.9891 lr 9.719e-04
step 600 train_batch_loss 0.7421 lr 9.505e-04
step 700 train_batch_loss 0.7242 lr 9.234e-04
step 800 train_batch_loss 0.8797 lr 8.909e-04
step 900 train_batch_loss 0.7720 lr 8.536e-04
step 1000 train_batch_loss 0.8725 lr 8.117e-04
step 1100 train_batch_loss 0.9426 lr 7.660e-04
step 1200 train_batch_loss 0.3904 lr 7.169e-04
step 1300 train_batch_loss 0.6771 lr 6.651e-04
step 1400 train_batch_loss 0.6154 lr 6.113e-04
step 1500 train_batch_loss 0.8944 lr 5.560e-04
step 1600 train_batch_loss 0.5944 lr 5.000e-04
step 1700 train_batch_loss 0.3935 lr 4.440e-04
step 1800 train_batch_loss 0.6962 lr 3.887e-04
step 1900 train_batch_loss 0.6987 lr 3.349e-04
step 2000 train_batch_loss 1.1911 lr 2.831e-04
step 2100 train_batch_loss 0.5841 lr 2.340e-04
step 2200 train_batch_loss 0.4453 lr 1.883e-04
step 2300 train_batch_loss 0.4617 lr 1.464e-04
step 2400 train_batch_loss 0.4220 lr 1.091e-04
step 2500 train_batch_loss 0.5259 lr 7.664e-05
step 2600 train_batch_loss 0.3931 lr 4.952e-05
step 2700 train_batch_loss 0.3588 lr 2.806e-05
step 2800 train_batch_loss 0.3351 lr 1.254e-05
step 2900 train_batch_loss 0.3822 lr 3.144e-06
step 2999 train_batch_loss 0.3469 lr 3.147e-10
fixed-batch loss start 5.3837 end 0.1503
dev: exact 0.8360 short 0.8263888888888888 yesno 0.8448717948717949 lesion_short 0.20694444444444443
practised: exact 0.8476 short 0.8412863070539419 yesno 0.8534233365477338 lesion_short 0.1825726141078838
wrote /Users/ben-hannan/Desktop/projects/talker-gap-wt/talker_gap/results/b0_nothinker_s2/results.json
