b0 s0: short EM 14.37
b0 s1: short EM 15.62
b0 s2: short EM 15.62
t1 s0: short EM 0.94
t1 s1: short EM 1.56
t1 s2: short EM 2.19
t1_nothinker s0: short EM 0.94
t1_nothinker s1: short EM 1.88
t1_nothinker s2: short EM 0.62
t2 s0: short EM 3.44
t2 s1: short EM 2.81
t2 s2: short EM 2.19
t1_long s0: short EM 1.88
t1_long s1: short EM 2.50
t1_long s2: short EM 1.56
{
 "arm_means": {
  "b0": 15.21,
  "t1": 1.56,
  "t1_long": 1.98,
  "t1_nothinker": 1.15,
  "t2": 2.81
 },
 "marks": {
  "C1 T2-T1": {
   "name": "C1 T2-T1",
   "mean_diff": 1.25,
   "row_ci95": [
    0.1,
    2.29
   ],
   "question_cluster_ci95": [
    -0.21,
    2.6
   ],
   "per_seed_diff": {
    "0": 2.5,
    "1": 1.25,
    "2": 0.0
   },
   "mark": 3.0,
   "pass_by_rows": false,
   "pass_by_question_clusters": false
  },
  "C1b T2-T1long": {
   "name": "C1b T2-T1long",
   "mean_diff": 0.83,
   "row_ci95": [
    -0.21,
    1.87
   ],
   "question_cluster_ci95": [
    -0.42,
    2.19
   ],
   "per_seed_diff": {
    "0": 1.56,
    "1": 0.31,
    "2": 0.62
   },
   "mark": 3.0,
   "pass_by_rows": false,
   "pass_by_question_clusters": false
  },
  "C2 T2-B0": {
   "name": "C2 T2-B0",
   "mean_diff": -12.4,
   "row_ci95": [
    -15.73,
    -8.96
   ],
   "question_cluster_ci95": [
    -16.98,
    -8.12
   ],
   "per_seed_diff": {
    "0": -10.94,
    "1": -12.81,
    "2": -13.44
   },
   "mark": 5.0,
   "pass_by_rows": false,
   "pass_by_question_clusters": false
  },
  "C3 T1-B0": {
   "name": "C3 T1-B0",
   "mean_diff": -13.65,
   "row_ci95": [
    -17.19,
    -9.9
   ],
   "question_cluster_ci95": [
    -18.54,
    -8.96
   ],
   "per_seed_diff": {
    "0": -13.44,
    "1": -14.06,
    "2": -13.44
   }
  },
  "T1-T1nothinker": {
   "name": "T1-T1nothinker",
   "mean_diff": 0.42,
   "row_ci95": [
    0.0,
    0.94
   ],
   "question_cluster_ci95": [
    -0.1,
    1.04
   ],
   "per_seed_diff": {
    "0": 0.0,
    "1": -0.31,
    "2": 1.56
   }
  },
  "T1long-T1": {
   "name": "T1long-T1",
   "mean_diff": 0.42,
   "row_ci95": [
    -0.31,
    1.15
   ],
   "question_cluster_ci95": [
    -0.42,
    1.35
   ],
   "per_seed_diff": {
    "0": 0.94,
    "1": 0.94,
    "2": -0.62
   }
  }
 },
 "secondary": {
  "practised_openers": {
   "n_rows": 128,
   "mean_diff": 3.39
  },
  "never_practised_openers": {
   "n_rows": 192,
   "mean_diff": -0.17
  }
 }
}
wrote /Users/ben-hannan/Desktop/projects/talker-gap-wt/talker_gap/results/fresh_r7_results.json
