arm p0 seed 0 steps 3000 device mps
step 0 train_batch_loss 53.8379 lr 5.000e-06
step 100 train_batch_loss 37.6130 lr 5.050e-04
step 200 train_batch_loss 31.0846 lr 1.000e-03
step 300 train_batch_loss 3.4429 lr 9.969e-04
step 400 train_batch_loss 5.5497 lr 9.875e-04
step 500 train_batch_loss 4.7605 lr 9.719e-04
step 600 train_batch_loss 3.5615 lr 9.505e-04
step 700 train_batch_loss 3.7134 lr 9.234e-04
step 800 train_batch_loss 4.4293 lr 8.909e-04
step 900 train_batch_loss 3.0031 lr 8.536e-04
step 1000 train_batch_loss 2.6340 lr 8.117e-04
step 1100 train_batch_loss 2.6835 lr 7.660e-04
step 1200 train_batch_loss 2.4156 lr 7.169e-04
step 1300 train_batch_loss 2.7875 lr 6.651e-04
step 1400 train_batch_loss 2.5791 lr 6.113e-04
step 1500 train_batch_loss 2.9985 lr 5.560e-04
step 1600 train_batch_loss 1.8224 lr 5.000e-04
step 1700 train_batch_loss 1.7049 lr 4.440e-04
step 1800 train_batch_loss 2.2823 lr 3.887e-04
step 1900 train_batch_loss 1.8806 lr 3.349e-04
step 2000 train_batch_loss 2.1180 lr 2.831e-04
step 2100 train_batch_loss 2.3166 lr 2.340e-04
step 2200 train_batch_loss 2.5782 lr 1.883e-04
step 2300 train_batch_loss 1.8516 lr 1.464e-04
step 2400 train_batch_loss 2.3093 lr 1.091e-04
step 2500 train_batch_loss 2.7355 lr 7.664e-05
step 2600 train_batch_loss 2.6797 lr 4.952e-05
step 2700 train_batch_loss 2.1522 lr 2.806e-05
step 2800 train_batch_loss 1.7367 lr 1.254e-05
step 2900 train_batch_loss 2.0670 lr 3.144e-06
step 2999 train_batch_loss 2.2118 lr 3.147e-10
fixed-batch loss start 65.8966 end 1.8106
dev: exact 0.7267 short 0.6770833333333334 yesno 0.7724358974358975 lesion_short 0.19166666666666668
practised: exact 0.7316 short 0.6597510373443983 yesno 0.7984570877531341 lesion_short 0.1825726141078838
wrote /Users/ben-hannan/Desktop/projects/talker-gap-wt/talker_gap/results/p0_s0/results.json
