08:45:20 start t1 s0 --eval-only
08:46:59 end t1 s0
08:46:59 start t1 s1 --eval-only
08:48:10 end t1 s1
08:48:10 start t1 s2 --eval-only
08:49:23 end t1 s2
08:49:23 start t1_nothinker s0 
08:58:48 end t1_nothinker s0
08:58:48 start t1_nothinker s1 
09:09:00 end t1_nothinker s1
09:09:00 start t1_nothinker s2 
09:19:47 end t1_nothinker s2
09:19:47 start t2 s0 
09:54:32 end t2 s0
09:54:32 start t2 s1 
10:28:08 end t2 s1
10:28:08 start t2 s2 
11:06:36 end t2 s2
queue done
11:06:48 start t1_long s0 
11:40:47 end t1_long s0
11:40:47 start t1_long s1 
12:01:24 end t1_long s1
12:01:24 start t1_long s2 
12:22:20 end t1_long s2
t1_long queue done
