arm t1_nothinker seed 0 steps 3000 device mps pretrain None 0
train rows 24000 kept 24000 filtered 0 vocab 99
teach step 0 train_batch_loss 3.4173 lr 5.000e-06
teach step 100 train_batch_loss 1.2163 lr 5.050e-04
teach step 200 train_batch_loss 0.5262 lr 1.000e-03
teach step 300 train_batch_loss 0.3229 lr 9.969e-04
teach step 400 train_batch_loss 0.2662 lr 9.875e-04
teach step 500 train_batch_loss 0.1702 lr 9.719e-04
teach step 600 train_batch_loss 0.1687 lr 9.505e-04
teach step 700 train_batch_loss 0.1566 lr 9.234e-04
teach step 800 train_batch_loss 0.0953 lr 8.909e-04
teach step 900 train_batch_loss 0.1213 lr 8.536e-04
teach step 1000 train_batch_loss 0.0904 lr 8.117e-04
teach step 1100 train_batch_loss 0.0857 lr 7.660e-04
teach step 1200 train_batch_loss 0.0657 lr 7.169e-04
teach step 1300 train_batch_loss 0.1151 lr 6.651e-04
teach step 1400 train_batch_loss 0.0780 lr 6.113e-04
teach step 1500 train_batch_loss 0.0885 lr 5.560e-04
teach step 1600 train_batch_loss 0.0248 lr 5.000e-04
teach step 1700 train_batch_loss 0.0327 lr 4.440e-04
teach step 1800 train_batch_loss 0.0334 lr 3.887e-04
teach step 1900 train_batch_loss 0.0233 lr 3.349e-04
teach step 2000 train_batch_loss 0.0196 lr 2.831e-04
teach step 2100 train_batch_loss 0.0204 lr 2.340e-04
teach step 2200 train_batch_loss 0.0234 lr 1.883e-04
teach step 2300 train_batch_loss 0.0139 lr 1.464e-04
teach step 2400 train_batch_loss 0.0100 lr 1.091e-04
teach step 2500 train_batch_loss 0.0178 lr 7.664e-05
teach step 2600 train_batch_loss 0.0144 lr 4.952e-05
teach step 2700 train_batch_loss 0.0041 lr 2.806e-05
teach step 2800 train_batch_loss 0.0058 lr 1.254e-05
teach step 2900 train_batch_loss 0.0069 lr 3.144e-06
teach step 2999 train_batch_loss 0.0062 lr 3.147e-10
fixed-batch loss start 3.4299 end 0.0047
dev: exact 0.8890 short 0.8847222222222222 yesno 0.892948717948718 lesion_short 0.075 echo 0.853
practised: exact 0.8911 short 0.8910788381742739 yesno 0.8910318225650916 lesion_short 0.05705394190871369 echo 0.8340829585207397
wrote /Users/ben-hannan/Desktop/projects/talker-gap-wt/talker_gap/results/t1_nothinker_s0/results.json
