arm t1_nothinker seed 2 steps 3000 device mps pretrain None 0
train rows 24000 kept 24000 filtered 0 vocab 99
teach step 0 train_batch_loss 3.3100 lr 5.000e-06
teach step 100 train_batch_loss 1.1571 lr 5.050e-04
teach step 200 train_batch_loss 0.5383 lr 1.000e-03
teach step 300 train_batch_loss 0.3122 lr 9.969e-04
teach step 400 train_batch_loss 0.2436 lr 9.875e-04
teach step 500 train_batch_loss 0.1862 lr 9.719e-04
teach step 600 train_batch_loss 0.1306 lr 9.505e-04
teach step 700 train_batch_loss 0.1978 lr 9.234e-04
teach step 800 train_batch_loss 0.1159 lr 8.909e-04
teach step 900 train_batch_loss 0.0863 lr 8.536e-04
teach step 1000 train_batch_loss 0.1272 lr 8.117e-04
teach step 1100 train_batch_loss 0.0650 lr 7.660e-04
teach step 1200 train_batch_loss 0.0736 lr 7.169e-04
teach step 1300 train_batch_loss 0.0872 lr 6.651e-04
teach step 1400 train_batch_loss 0.0426 lr 6.113e-04
teach step 1500 train_batch_loss 0.0543 lr 5.560e-04
teach step 1600 train_batch_loss 0.0537 lr 5.000e-04
teach step 1700 train_batch_loss 0.0284 lr 4.440e-04
teach step 1800 train_batch_loss 0.0320 lr 3.887e-04
teach step 1900 train_batch_loss 0.0224 lr 3.349e-04
teach step 2000 train_batch_loss 0.0334 lr 2.831e-04
teach step 2100 train_batch_loss 0.0194 lr 2.340e-04
teach step 2200 train_batch_loss 0.0196 lr 1.883e-04
teach step 2300 train_batch_loss 0.0125 lr 1.464e-04
teach step 2400 train_batch_loss 0.0119 lr 1.091e-04
teach step 2500 train_batch_loss 0.0192 lr 7.664e-05
teach step 2600 train_batch_loss 0.0237 lr 4.952e-05
teach step 2700 train_batch_loss 0.0062 lr 2.806e-05
teach step 2800 train_batch_loss 0.0041 lr 1.254e-05
teach step 2900 train_batch_loss 0.0057 lr 3.144e-06
teach step 2999 train_batch_loss 0.0062 lr 3.147e-10
fixed-batch loss start 3.3309 end 0.0034
dev: exact 0.8820 short 0.8777777777777778 yesno 0.8858974358974359 lesion_short 0.07291666666666667 echo 0.8546666666666667
practised: exact 0.8821 short 0.8931535269709544 yesno 0.8717454194792671 lesion_short 0.06535269709543569 echo 0.8350824587706147
wrote /Users/ben-hannan/Desktop/projects/talker-gap-wt/talker_gap/results/t1_nothinker_s2/results.json
