arm t2 seed 0 steps 3000 device mps pretrain /Users/ben-hannan/talker_gap_cache/fineweb/pre 3000
train rows 24000 kept 24000 filtered 0 vocab 99
pretrain rows 36363 kept 36363 filtered 0 unk_target_frac 0.00137
pretrain step 0 train_batch_loss 3.4326 lr 5.000e-06
pretrain step 100 train_batch_loss 2.2784 lr 5.050e-04
pretrain step 200 train_batch_loss 1.8839 lr 1.000e-03
pretrain step 300 train_batch_loss 1.2018 lr 9.969e-04
pretrain step 400 train_batch_loss 1.0601 lr 9.875e-04
pretrain step 500 train_batch_loss 0.8666 lr 9.719e-04
pretrain step 600 train_batch_loss 0.7503 lr 9.505e-04
pretrain step 700 train_batch_loss 0.7355 lr 9.234e-04
pretrain step 800 train_batch_loss 0.6920 lr 8.909e-04
pretrain step 900 train_batch_loss 0.6575 lr 8.536e-04
pretrain step 1000 train_batch_loss 0.6250 lr 8.117e-04
pretrain step 1100 train_batch_loss 0.5686 lr 7.660e-04
pretrain step 1200 train_batch_loss 0.5187 lr 7.169e-04
pretrain step 1300 train_batch_loss 0.5151 lr 6.651e-04
pretrain step 1400 train_batch_loss 0.4734 lr 6.113e-04
pretrain step 1500 train_batch_loss 0.4380 lr 5.560e-04
pretrain step 1600 train_batch_loss 0.3997 lr 5.000e-04
pretrain step 1700 train_batch_loss 0.4509 lr 4.440e-04
pretrain step 1800 train_batch_loss 0.3617 lr 3.887e-04
pretrain step 1900 train_batch_loss 0.3376 lr 3.349e-04
pretrain step 2000 train_batch_loss 0.3230 lr 2.831e-04
pretrain step 2100 train_batch_loss 0.3065 lr 2.340e-04
pretrain step 2200 train_batch_loss 0.2867 lr 1.883e-04
pretrain step 2300 train_batch_loss 0.2214 lr 1.464e-04
pretrain step 2400 train_batch_loss 0.2632 lr 1.091e-04
pretrain step 2500 train_batch_loss 0.2408 lr 7.664e-05
pretrain step 2600 train_batch_loss 0.2059 lr 4.952e-05
pretrain step 2700 train_batch_loss 0.2454 lr 2.806e-05
pretrain step 2800 train_batch_loss 0.2085 lr 1.254e-05
pretrain step 2900 train_batch_loss 0.1884 lr 3.144e-06
pretrain step 2999 train_batch_loss 0.2160 lr 3.147e-10
teach step 0 train_batch_loss 1.5529 lr 5.000e-06
teach step 100 train_batch_loss 0.0904 lr 5.050e-04
teach step 200 train_batch_loss 0.1080 lr 1.000e-03
teach step 300 train_batch_loss 0.1064 lr 9.969e-04
teach step 400 train_batch_loss 0.0834 lr 9.875e-04
teach step 500 train_batch_loss 0.0926 lr 9.719e-04
teach step 600 train_batch_loss 0.0857 lr 9.505e-04
teach step 700 train_batch_loss 0.0737 lr 9.234e-04
teach step 800 train_batch_loss 0.0573 lr 8.909e-04
teach step 900 train_batch_loss 0.0516 lr 8.536e-04
teach step 1000 train_batch_loss 0.0475 lr 8.117e-04
teach step 1100 train_batch_loss 0.0359 lr 7.660e-04
teach step 1200 train_batch_loss 0.0384 lr 7.169e-04
teach step 1300 train_batch_loss 0.0527 lr 6.651e-04
teach step 1400 train_batch_loss 0.0299 lr 6.113e-04
teach step 1500 train_batch_loss 0.0279 lr 5.560e-04
teach step 1600 train_batch_loss 0.0152 lr 5.000e-04
teach step 1700 train_batch_loss 0.0144 lr 4.440e-04
teach step 1800 train_batch_loss 0.0136 lr 3.887e-04
teach step 1900 train_batch_loss 0.0150 lr 3.349e-04
teach step 2000 train_batch_loss 0.0088 lr 2.831e-04
teach step 2100 train_batch_loss 0.0126 lr 2.340e-04
teach step 2200 train_batch_loss 0.0099 lr 1.883e-04
teach step 2300 train_batch_loss 0.0101 lr 1.464e-04
teach step 2400 train_batch_loss 0.0045 lr 1.091e-04
teach step 2500 train_batch_loss 0.0067 lr 7.664e-05
teach step 2600 train_batch_loss 0.0041 lr 4.952e-05
teach step 2700 train_batch_loss 0.0009 lr 2.806e-05
teach step 2800 train_batch_loss 0.0029 lr 1.254e-05
teach step 2900 train_batch_loss 0.0037 lr 3.144e-06
teach step 2999 train_batch_loss 0.0025 lr 3.147e-10
fixed-batch loss start 3.3434 end 0.0011
dev: exact 0.9000 short 0.8993055555555556 yesno 0.9006410256410257 lesion_short 0.05555555555555555 echo 0.9393333333333334
practised: exact 0.9045 short 0.9232365145228216 yesno 0.8871745419479267 lesion_short 0.052904564315352696 echo 0.92103948025987
wrote /Users/ben-hannan/Desktop/projects/talker-gap-wt/talker_gap/results/t2_s0/results.json
