[119h] pool build Tue 09/22/2026 12:48:44.21 
pool119h kept=141398 dropped=119 synth=60000 occ=5000 webred=81398 steps=8838 -> C:\Users\benja\ears119h\pool119h.jsonl
[119h] seed 11911 Tue 09/22/2026 12:50:00.92 
[11911] pool rows=141398
[11911] cal encodable=5000
[11911] step 200/8838 loss 3.5244 0.071s/step
[11911] step 400/8838 loss 3.7870 0.069s/step
[11911] step 600/8838 loss 2.6886 0.069s/step
[11911] step 800/8838 loss 2.1574 0.069s/step
[11911] step 1000/8838 loss 2.0958 0.069s/step
[11911] step 1200/8838 loss 2.8386 0.069s/step
[11911] step 1400/8838 loss 3.6283 0.069s/step
[11911] step 1600/8838 loss 1.6986 0.068s/step
[11911] step 1800/8838 loss 1.2686 0.068s/step
[11911] step 2000/8838 loss 2.8787 0.068s/step
[11911] step 2200/8838 loss 2.0374 0.068s/step
[11911] step 2400/8838 loss 2.5140 0.068s/step
[11911] step 2600/8838 loss 3.4670 0.068s/step
[11911] step 2800/8838 loss 1.9568 0.068s/step
[11911] step 3000/8838 loss 3.4735 0.068s/step
[11911] step 3200/8838 loss 3.3547 0.068s/step
[11911] step 3400/8838 loss 2.2671 0.068s/step
[11911] step 3600/8838 loss 3.3925 0.068s/step
[11911] step 3800/8838 loss 2.7237 0.068s/step
[11911] step 4000/8838 loss 2.4049 0.068s/step
[11911] step 4200/8838 loss 2.9913 0.068s/step
[11911] step 4400/8838 loss 2.5659 0.069s/step
[11911] step 4600/8838 loss 1.9467 0.069s/step
[11911] step 4800/8838 loss 1.2278 0.069s/step
[11911] step 5000/8838 loss 1.4005 0.068s/step
[11911] step 5200/8838 loss 1.7094 0.068s/step
[11911] step 5400/8838 loss 1.0511 0.069s/step
[11911] step 5600/8838 loss 1.6458 0.069s/step
[11911] step 5800/8838 loss 2.1724 0.069s/step
[11911] step 6000/8838 loss 1.3049 0.068s/step
[11911] step 6200/8838 loss 1.9840 0.068s/step
[11911] step 6400/8838 loss 2.7642 0.068s/step
[11911] step 6600/8838 loss 0.9453 0.068s/step
[11911] step 6800/8838 loss 1.5306 0.068s/step
[11911] step 7000/8838 loss 1.5904 0.068s/step
[11911] step 7200/8838 loss 2.2653 0.068s/step
[11911] step 7400/8838 loss 1.9958 0.068s/step
[11911] step 7600/8838 loss 1.1427 0.068s/step
[11911] step 7800/8838 loss 1.2295 0.068s/step
[11911] step 8000/8838 loss 1.4840 0.068s/step
[11911] step 8200/8838 loss 2.1704 0.068s/step
[11911] step 8400/8838 loss 1.9873 0.068s/step
[11911] step 8600/8838 loss 2.3542 0.068s/step
[11911] step 8800/8838 loss 2.3753 0.068s/step
[11911] step 8838/8838 loss 2.6633 0.068s/step
{
 "seed": 11911,
 "exp": "119h",
 "epochs": 2,
 "batch": 32,
 "lr": 3e-05,
 "steps": 8838,
 "max_len": 192,
 "params": 109893714,
 "params_trainable": 109893714,
 "pool": 141398,
 "pool_file": "C:\\Users\\benja\\ears119h\\pool119h.jsonl",
 "cal_file": "C:\\Users\\benja\\ears119h\\repo\\panels\\cal.json",
 "device": "cuda",
 "sec_per_step": 0.06847885472927193,
 "train_sec": 605.2161180973053,
 "data_sec": 2.5736687183380127,
 "dev_act_acc": 0.89501953125,
 "tokens_per_sec_200": null,
 "temps": [
  2.2529706954956055,
  1.5231212377548218,
  2.397826671600342,
  1.5188676118850708,
  0.2231632024049759,
  1.0
 ],
 "freeze_layers": 0
}
[119h] seed 11912 Tue 09/22/2026 12:50:00.92 
[11912] pool rows=141398
[11912] cal encodable=5000
[11912] step 200/8838 loss 5.2607 0.069s/step
[11912] step 400/8838 loss 3.0637 0.069s/step
[11912] step 600/8838 loss 3.6775 0.069s/step
[11912] step 800/8838 loss 3.5505 0.068s/step
[11912] step 1000/8838 loss 3.0794 0.068s/step
[11912] step 1200/8838 loss 1.8284 0.068s/step
[11912] step 1400/8838 loss 2.8212 0.068s/step
[11912] step 1600/8838 loss 3.0088 0.068s/step
[11912] step 1800/8838 loss 2.5798 0.068s/step
[11912] step 2000/8838 loss 4.0119 0.068s/step
[11912] step 2200/8838 loss 4.0339 0.068s/step
[11912] step 2400/8838 loss 2.0254 0.069s/step
[11912] step 2600/8838 loss 2.8909 0.068s/step
[11912] step 2800/8838 loss 2.5286 0.068s/step
[11912] step 3000/8838 loss 2.8836 0.068s/step
[11912] step 3200/8838 loss 0.7599 0.068s/step
[11912] step 3400/8838 loss 2.2603 0.068s/step
[11912] step 3600/8838 loss 2.6106 0.068s/step
[11912] step 3800/8838 loss 2.0277 0.068s/step
[11912] step 4000/8838 loss 1.6921 0.068s/step
[11912] step 4200/8838 loss 2.0172 0.068s/step
[11912] step 4400/8838 loss 2.5250 0.068s/step
[11912] step 4600/8838 loss 1.7673 0.068s/step
[11912] step 4800/8838 loss 2.8866 0.068s/step
[11912] step 5000/8838 loss 1.7877 0.068s/step
[11912] step 5200/8838 loss 2.1750 0.068s/step
[11912] step 5400/8838 loss 1.9993 0.068s/step
[11912] step 5600/8838 loss 1.4692 0.068s/step
[11912] step 5800/8838 loss 2.1415 0.068s/step
[11912] step 6000/8838 loss 1.3369 0.068s/step
[11912] step 6200/8838 loss 2.5979 0.068s/step
[11912] step 6400/8838 loss 1.7209 0.068s/step
[11912] step 6600/8838 loss 1.3504 0.068s/step
[11912] step 6800/8838 loss 4.1230 0.068s/step
[11912] step 7000/8838 loss 1.4992 0.068s/step
[11912] step 7200/8838 loss 2.0798 0.068s/step
[11912] step 7400/8838 loss 2.0162 0.068s/step
[11912] step 7600/8838 loss 2.0463 0.068s/step
[11912] step 7800/8838 loss 1.6162 0.068s/step
[11912] step 8000/8838 loss 1.8556 0.068s/step
[11912] step 8200/8838 loss 2.8595 0.068s/step
[11912] step 8400/8838 loss 1.4609 0.068s/step
[11912] step 8600/8838 loss 3.3774 0.068s/step
[11912] step 8800/8838 loss 2.4521 0.068s/step
[11912] step 8838/8838 loss 2.2752 0.068s/step
{
 "seed": 11912,
 "exp": "119h",
 "epochs": 2,
 "batch": 32,
 "lr": 3e-05,
 "steps": 8838,
 "max_len": 192,
 "params": 109893714,
 "params_trainable": 109893714,
 "pool": 141398,
 "pool_file": "C:\\Users\\benja\\ears119h\\pool119h.jsonl",
 "cal_file": "C:\\Users\\benja\\ears119h\\repo\\panels\\cal.json",
 "device": "cuda",
 "sec_per_step": 0.06838056935420213,
 "train_sec": 604.3474719524384,
 "data_sec": 2.5676379203796387,
 "dev_act_acc": 0.89306640625,
 "tokens_per_sec_200": null,
 "temps": [
  1.7562283277511597,
  1.4454987049102783,
  2.3648734092712402,
  1.7089624404907227,
  0.5998832583427429,
  1.0
 ],
 "freeze_layers": 0
}
[119h] seed 11913 Tue 09/22/2026 12:50:00.92 
[11913] pool rows=141398
[11913] cal encodable=5000
[11913] step 200/8838 loss 5.0990 0.071s/step
[11913] step 400/8838 loss 3.5625 0.070s/step
[11913] step 600/8838 loss 3.1831 0.070s/step
[11913] step 800/8838 loss 1.8816 0.069s/step
[11913] step 1000/8838 loss 3.2522 0.069s/step
[11913] step 1200/8838 loss 2.4597 0.069s/step
[11913] step 1400/8838 loss 3.8772 0.069s/step
[11913] step 1600/8838 loss 2.8008 0.069s/step
[11913] step 1800/8838 loss 3.0046 0.069s/step
[11913] step 2000/8838 loss 3.3599 0.069s/step
[11913] step 2200/8838 loss 3.3265 0.069s/step
[11913] step 2400/8838 loss 3.6455 0.069s/step
[11913] step 2600/8838 loss 2.1998 0.069s/step
[11913] step 2800/8838 loss 1.9185 0.069s/step
[11913] step 3000/8838 loss 3.3705 0.069s/step
[11913] step 3200/8838 loss 3.8331 0.069s/step
[11913] step 3400/8838 loss 1.8634 0.069s/step
[11913] step 3600/8838 loss 2.1189 0.069s/step
[11913] step 3800/8838 loss 2.3329 0.068s/step
[11913] step 4000/8838 loss 1.9506 0.068s/step
[11913] step 4200/8838 loss 1.6353 0.068s/step
[11913] step 4400/8838 loss 1.9375 0.068s/step
[11913] step 4600/8838 loss 2.3257 0.068s/step
[11913] step 4800/8838 loss 1.7395 0.068s/step
[11913] step 5000/8838 loss 1.7296 0.069s/step
[11913] step 5200/8838 loss 2.8325 0.068s/step
[11913] step 5400/8838 loss 1.9659 0.068s/step
[11913] step 5600/8838 loss 2.0816 0.068s/step
[11913] step 5800/8838 loss 2.3998 0.068s/step
[11913] step 6000/8838 loss 2.4635 0.068s/step
[11913] step 6200/8838 loss 2.5695 0.069s/step
[11913] step 6400/8838 loss 1.7953 0.069s/step
[11913] step 6600/8838 loss 1.8923 0.068s/step
[11913] step 6800/8838 loss 1.8940 0.069s/step
[11913] step 7000/8838 loss 2.2293 0.068s/step
[11913] step 7200/8838 loss 1.5563 0.068s/step
[11913] step 7400/8838 loss 2.0321 0.068s/step
[11913] step 7600/8838 loss 2.6495 0.068s/step
[11913] step 7800/8838 loss 1.7720 0.068s/step
[11913] step 8000/8838 loss 0.8935 0.068s/step
[11913] step 8200/8838 loss 1.1951 0.068s/step
[11913] step 8400/8838 loss 2.2929 0.068s/step
[11913] step 8600/8838 loss 0.4306 0.068s/step
[11913] step 8800/8838 loss 2.4883 0.068s/step
[11913] step 8838/8838 loss 1.2361 0.068s/step
{
 "seed": 11913,
 "exp": "119h",
 "epochs": 2,
 "batch": 32,
 "lr": 3e-05,
 "steps": 8838,
 "max_len": 192,
 "params": 109893714,
 "params_trainable": 109893714,
 "pool": 141398,
 "pool_file": "C:\\Users\\benja\\ears119h\\pool119h.jsonl",
 "cal_file": "C:\\Users\\benja\\ears119h\\repo\\panels\\cal.json",
 "device": "cuda",
 "sec_per_step": 0.06839649926539756,
 "train_sec": 604.4882605075836,
 "data_sec": 2.5779125690460205,
 "dev_act_acc": 0.87744140625,
 "tokens_per_sec_200": null,
 "temps": [
  1.6992148160934448,
  1.4417556524276733,
  2.2481794357299805,
  1.4147430658340454,
  0.22314231097698212,
  1.0
 ],
 "freeze_layers": 0
}
[119h] score47h Tue 09/22/2026 13:21:46.85 
{
 "gate47_reported": false,
 "W1": {
  "executed": 0,
  "silent": 0,
  "pass": false
 },
 "cal_multi": {
  "11911": {
   "n_frames_hist": {
    "1": 4974,
    "2": 26
   },
   "n_rows": 5000
  },
  "11912": {
   "n_frames_hist": {
    "1": 4957,
    "2": 42,
    "3": 1
   },
   "n_rows": 5000
  },
  "11913": {
   "n_frames_hist": {
    "1": 4966,
    "2": 34
   },
   "n_rows": 5000
  }
 }
}
[119h] panel94b-K1 Tue 09/22/2026 13:24:18.81 
[94b K=1] seed 11911: exact=20 emitted=287 prec=0.06968641114982578 occ=0/94 W2=0c/0w/0t rate=None
[94b K=1] seed 11912: exact=10 emitted=295 prec=0.03389830508474576 occ=0/94 W2=0c/0w/0t rate=None
[94b K=1] seed 11913: exact=13 emitted=290 prec=0.04482758620689655 occ=0/94 W2=0c/0w/0t rate=None
[94b K=1] seed 11911: exact=54 emitted=287 prec=0.18815331010452963 occ=0/94 W2=0c/0w/0t rate=None
[94b K=1] seed 11912: exact=52 emitted=295 prec=0.17627118644067796 occ=0/94 W2=0c/0w/0t rate=None
[94b K=1] seed 11913: exact=55 emitted=290 prec=0.1896551724137931 occ=0/94 W2=0c/0w/0t rate=None
[119h] panel94b-K3 Tue 09/22/2026 13:24:29.56 
[94b K=1] seed 11911: exact=20 emitted=287 prec=0.06968641114982578 occ=0/94 W2=0c/0w/0t rate=None
[94b K=1] seed 11912: exact=10 emitted=295 prec=0.03389830508474576 occ=0/94 W2=0c/0w/0t rate=None
[94b K=1] seed 11913: exact=13 emitted=290 prec=0.04482758620689655 occ=0/94 W2=0c/0w/0t rate=None
[94b K=3] seed 11911: exact=93 emitted=488 prec=0.19057377049180327 occ=6/94 W2=0c/0w/0t rate=None
[94b K=3] seed 11912: exact=99 emitted=501 prec=0.19760479041916168 occ=8/94 W2=0c/0w/0t rate=None
[94b K=3] seed 11913: exact=105 emitted=502 prec=0.20916334661354583 occ=9/94 W2=0c/0w/0t rate=None
[119h] panel94-K1 Tue 09/22/2026 13:24:40.56 
[94 K=1] seed 11911: exact=20 emitted=276 prec=0.07246376811594203 occ=0/44 W2=0c/0w/0t rate=None
[94 K=1] seed 11912: exact=14 emitted=281 prec=0.0498220640569395 occ=0/44 W2=0c/0w/0t rate=None
[94 K=1] seed 11913: exact=13 emitted=279 prec=0.04659498207885305 occ=0/44 W2=0c/0w/0t rate=None
[94 K=1] seed 11911: exact=50 emitted=276 prec=0.18115942028985507 occ=0/44 W2=0c/0w/0t rate=None
[94 K=1] seed 11912: exact=46 emitted=281 prec=0.16370106761565836 occ=0/44 W2=0c/0w/0t rate=None
[94 K=1] seed 11913: exact=48 emitted=279 prec=0.17204301075268819 occ=0/44 W2=0c/0w/0t rate=None
[119h] panel94-K3 Tue 09/22/2026 13:24:51.08 
[94 K=1] seed 11911: exact=20 emitted=276 prec=0.07246376811594203 occ=0/44 W2=0c/0w/0t rate=None
[94 K=1] seed 11912: exact=14 emitted=281 prec=0.0498220640569395 occ=0/44 W2=0c/0w/0t rate=None
[94 K=1] seed 11913: exact=13 emitted=279 prec=0.04659498207885305 occ=0/44 W2=0c/0w/0t rate=None
[94 K=3] seed 11911: exact=74 emitted=446 prec=0.16591928251121077 occ=9/44 W2=0c/0w/0t rate=None
[94 K=3] seed 11912: exact=70 emitted=461 prec=0.15184381778741865 occ=5/44 W2=0c/0w/0t rate=None
[94 K=3] seed 11913: exact=79 emitted=468 prec=0.16880341880341881 occ=11/44 W2=0c/0w/0t rate=None
[119h] WAVE DONE Tue 09/22/2026 13:25:01.90 
