22:57:51 worker-untouched test (adapter off == N', B randomised) {'greedy_equal': True, 'logits_equal': True, 'passes': True, 'on_differs': True, 'on_greedy_differs': True}
00:24:10 day {'drawn': {'greedy': 1024, 'pass1': 32736, 'pass2': 372960, 'stuck_rows': 1023, 'pass2_rows': 777}, 'worker_pass': 0.0009765625, 'stuck_rows': 1023, 'stuck_with_fit_in_n1': 246, 'stuck_with_fit_after_pass2': 550}
00:24:10 kept {'rows_stuck': 1023, 'rows_kept': 550, 'dropped_no_fit': 473, 'dropped_no_fail': 0, 'n_fit': 1805.0, 'n_fail': 4400.0, 'n_tries': 6205}
00:27:36 grid {'lr': 0.001, 'passes': 1, 'updates': 97, 'score': 0.4235294117647059, 'last_loss': -4.449613571166992, 'kl_end': 13.162152290344238}
00:32:18 grid {'lr': 0.001, 'passes': 2, 'updates': 194, 'score': 0.1803921568627451, 'last_loss': 10.432258605957031, 'kl_end': 26.491750717163086}
00:37:49 worker-untouched test (adapter off == N', B randomised) {'greedy_equal': True, 'logits_equal': True, 'passes': True, 'on_differs': True, 'on_greedy_differs': True}
00:37:52 day: loaded /root/c7d/s1/s100/day.pkl
00:37:52 day {'drawn': {'greedy': 1024, 'pass1': 32736, 'pass2': 372960, 'stuck_rows': 1023, 'pass2_rows': 777}, 'worker_pass': 0.0009765625, 'stuck_rows': 1023, 'stuck_with_fit_in_n1': 246, 'stuck_with_fit_after_pass2': 550}
00:37:54 kept {'rows_stuck': 1023, 'rows_kept': 550, 'dropped_no_fit': 473, 'dropped_no_fail': 0, 'n_fit': 1805.0, 'n_fail': 4400.0, 'n_tries': 6205}
00:42:30 grid {'lr': 0.001, 'passes': 1, 'updates': 97, 'score': 0.4235294117647059, 'last_loss': -4.449613571166992, 'kl_end': 13.162152290344238}
00:48:38 grid {'lr': 0.001, 'passes': 2, 'updates': 194, 'score': 0.1803921568627451, 'last_loss': 10.432258605957031, 'kl_end': 26.491750717163086}
00:58:16 grid {'lr': 0.001, 'passes': 4, 'updates': 388, 'score': 0.08235294117647059, 'last_loss': -168.03126525878906, 'kl_end': 30.341123580932617}
01:02:27 grid {'lr': 0.003, 'passes': 1, 'updates': 97, 'score': 0.18823529411764706, 'last_loss': -31.91111946105957, 'kl_end': 33.336612701416016}
01:08:35 grid {'lr': 0.003, 'passes': 2, 'updates': 194, 'score': 0.027450980392156862, 'last_loss': 7.159617900848389, 'kl_end': 52.515987396240234}
01:18:16 grid {'lr': 0.003, 'passes': 4, 'updates': 388, 'score': 0.043137254901960784, 'last_loss': -662.073974609375, 'kl_end': 57.908180236816406}
01:18:16 pick {'lr': 0.001, 'passes': 1, 'updates': 97, 'score': 0.4235294117647059, 'last_loss': -4.449613571166992, 'kl_end': 13.162152290344238}
02:12:50 arm U K_new {'reach32': 0.0, 'reach512': 0.020833333333333332, 'fit512': 0.020833333333333332, 'tries_to_first_fit': 272.75, 'distinct_fitting': 0.020833333333333332} C2 DEV {'reach32': 0.2421875, 'reach512': 0.5234375, 'fit512': 0.5234375, 'tries_to_first_fit': 89.74626865671642, 'distinct_fitting': 1.87109375}
03:04:52 arm C K_new {'reach32': 0.0, 'reach512': 0.0, 'fit512': 0.0, 'tries_to_first_fit': None, 'distinct_fitting': 0.0} C2 DEV {'reach32': 0.421875, 'reach512': 0.515625, 'fit512': 0.515625, 'tries_to_first_fit': 30.84090909090909, 'distinct_fitting': 1.8515625}
03:55:56 arm S K_new {'reach32': 0.0, 'reach512': 0.010416666666666666, 'fit512': 0.010416666666666666, 'tries_to_first_fit': 170.0, 'distinct_fitting': 0.010416666666666666} C2 DEV {'reach32': 0.25, 'reach512': 0.5078125, 'fit512': 0.5078125, 'tries_to_first_fit': 83.97692307692307, 'distinct_fitting': 1.92578125}
03:55:57 boot {'c2_C_minus_U': {'points': 17.96875, 'lo': 13.28125, 'hi': 22.65625}, 'c2_C_minus_S': {'points': 17.1875, 'lo': 12.109375, 'hi': 21.875}, 'c2_at_eval_C_minus_U': {'points': -0.78125, 'lo': -5.078125, 'hi': 3.515625}, 'c2_at_eval_C_minus_S': {'points': 0.78125, 'lo': -3.515625, 'hi': 5.078125}, 'groups': {'near_copy': {'C_minus_U': {'points': 40.19607843137255, 'lo': 30.392156862745097, 'hi': 50.0}, 'C_minus_S': {'points': 40.19607843137255, 'lo': 30.392156862745097, 'hi': 49.01960784313725}}, 'multi_step': {'C_minus_U': {'points': 3.2467532467532467, 'lo': -0.6493506493506493, 'hi': 7.142857142857142}, 'C_minus_S': {'points': 1.948051948051948, 'lo': -1.948051948051948, 'hi': 5.844155844155844}}}, 'transfer_C_minus_U': {'points': -2.0833333333333335, 'lo': -4.166666666666666, 'hi': -0.5208333333333333}, 'transfer_C_minus_S': {'points': -1.0416666666666667, 'lo': -2.604166666666667, 'hi': 0.0}, 'transfer32_C_minus_U': {'points': 0.0, 'lo': 0.0, 'hi': 0.0}, 'transfer32_C_minus_S': {'points': 0.0, 'lo': 0.0, 'hi': 0.0}}
03:55:59 worker-untouched after training {'C': {'greedy_equal': True, 'logits_equal': True, 'passes': True}, 'S': {'greedy_equal': True, 'logits_equal': True, 'passes': True}}
03:55:59 MARKS {'primary': {'C_minus_U_points': 17.96875, 'C_minus_S_points': 17.1875, 'passes': True, 'rule': 'C2 DEV reach@32 in creative mode, pooled: C - U >= +5 and C - S >= +3 points'}, 'variety': {'C': 0.78515625, 'U': 0.33203125, 'passes': True, 'rule': 'C2 DEV distinct fitting programs per question within 32 tries: C >= 0.8 x U'}, 'unit_test': {'passes': True}, 'proved_wrong': {'flag': False, 'rule': 'C2 DEV reach@32: C - S upper end of the paired 95% interval < +1 point (both parents needed)'}, 'transfer_report_only': {'C_minus_U': {'points': -2.0833333333333335, 'lo': -4.166666666666666, 'hi': -0.5208333333333333}, 'C_minus_S': {'points': -1.0416666666666667, 'lo': -2.604166666666667, 'hi': 0.0}, 'rule': 'K_new subset reach@512 (report only)'}, 'passes': True}
