{"event": "raw skills", "skills": {"pooled5": 0.998, "n5": 1000, "in_dist": 0.9052941176470588, "n_in_dist": 6800}, "t": 104}
{"event": "sleep", "step": 50, "loss": 6.7242}
{"event": "sleep", "step": 100, "loss": 1.5577}
{"event": "sleep", "step": 150, "loss": 1.307}
{"event": "sleep", "step": 200, "loss": 1.2335}
{"event": "sleep", "step": 250, "loss": 1.1904}
{"event": "sleep", "step": 300, "loss": 1.1053}
{"event": "sleep", "step": 350, "loss": 1.03}
{"event": "temperature", "T": 0.7, "reach4": 0.14197176550333704, "reach32": 0.59375, "distinct_rules": 5.6484375, "rules_share": 0.2743708771072563, "eligible": true}
{"event": "temperature", "T": 1.0, "reach4": 0.13581236095661847, "reach32": 0.5625, "distinct_rules": 5.625, "rules_share": 0.258056640625, "eligible": true}
{"event": "temperature", "T": 1.5, "reach4": 0.10508268736095662, "reach32": 0.5, "distinct_rules": 5.734375, "rules_share": 0.2392578125, "eligible": true}
{"event": "temperature", "T": 2.0, "reach4": 0.09030759003058954, "reach32": 0.4609375, "distinct_rules": 5.609375, "rules_share": 0.222412109375, "eligible": true}
{"event": "temperature", "T": 0.47, "reach4": 0.14303424729527517, "reach32": 0.5546875, "distinct_rules": 5.3125, "rules_share": 0.2799213565986729, "eligible": true}
{"event": "temperature", "T": 0.31, "reach4": 0.158393704219639, "reach32": 0.5625, "distinct_rules": 4.734375, "rules_share": 0.27936347562515784, "eligible": true}
{"event": "temperature", "T": 0.21, "reach4": 0.1609160814809269, "reach32": 0.515625, "distinct_rules": 4.3125, "rules_share": 0.28516164686377454, "eligible": true}
{"event": "rung", "warm3": 1500, "dreams": 0, "visits": 4, "verdict": "stop: signal (fix the warm-up)", "t": 1504}
{"event": "sleep", "step": 50, "loss": 8.0703}
{"event": "sleep", "step": 100, "loss": 1.9921}
{"event": "sleep", "step": 150, "loss": 1.669}
{"event": "sleep", "step": 200, "loss": 1.6315}
{"event": "sleep", "step": 250, "loss": 1.6139}
{"event": "sleep", "step": 300, "loss": 1.4354}
{"event": "sleep", "step": 350, "loss": 1.4764}
{"event": "sleep", "step": 400, "loss": 1.4071}
{"event": "sleep", "step": 450, "loss": 1.3297}
{"event": "sleep", "step": 500, "loss": 1.3123}
{"event": "sleep", "step": 550, "loss": 1.3342}
{"event": "temperature", "T": 0.7, "reach4": 0.16079259072580646, "reach32": 0.671875, "distinct_rules": 5.515625, "rules_share": 0.2611776203273882, "eligible": true}
{"event": "temperature", "T": 1.0, "reach4": 0.14199327377641824, "reach32": 0.609375, "distinct_rules": 5.5078125, "rules_share": 0.250732421875, "eligible": true}
{"event": "temperature", "T": 1.5, "reach4": 0.12059753893214684, "reach32": 0.5625, "distinct_rules": 5.3203125, "rules_share": 0.229248046875, "eligible": true}
{"event": "temperature", "T": 2.0, "reach4": 0.1019455210650723, "reach32": 0.484375, "distinct_rules": 4.9921875, "rules_share": 0.21044921875, "eligible": true}
{"event": "temperature", "T": 0.47, "reach4": 0.17758842614979756, "reach32": 0.6875, "distinct_rules": 5.4140625, "rules_share": 0.2734915924826904, "eligible": true}
{"event": "temperature", "T": 0.31, "reach4": 0.20197773549789141, "reach32": 0.6796875, "distinct_rules": 5.1015625, "rules_share": 0.2809132888660852, "eligible": true}
{"event": "temperature", "T": 0.21, "reach4": 0.20244252167547608, "reach32": 0.6640625, "distinct_rules": 4.59375, "rules_share": 0.2806136680613668, "eligible": true}
{"event": "rung", "warm3": 3000, "dreams": 0, "visits": 4, "verdict": "stop: signal (fix the warm-up)", "t": 3105}
{"event": "sleep", "step": 50, "loss": 8.9652}
{"event": "sleep", "step": 100, "loss": 2.2356}
{"event": "sleep", "step": 150, "loss": 2.0763}
{"event": "sleep", "step": 200, "loss": 1.907}
{"event": "sleep", "step": 250, "loss": 1.8527}
{"event": "sleep", "step": 300, "loss": 1.7696}
{"event": "sleep", "step": 350, "loss": 1.8085}
{"event": "sleep", "step": 400, "loss": 1.7675}
{"event": "sleep", "step": 450, "loss": 1.6681}
{"event": "sleep", "step": 500, "loss": 1.6798}
{"event": "sleep", "step": 550, "loss": 1.607}
{"event": "sleep", "step": 600, "loss": 1.5974}
{"event": "sleep", "step": 650, "loss": 1.5114}
{"event": "sleep", "step": 700, "loss": 1.5276}
{"event": "sleep", "step": 750, "loss": 1.4597}
{"event": "sleep", "step": 800, "loss": 1.4152}
{"event": "sleep", "step": 850, "loss": 1.431}
{"event": "sleep", "step": 900, "loss": 1.4424}
{"event": "temperature", "T": 0.7, "reach4": 0.19460707209399333, "reach32": 0.6796875, "distinct_rules": 4.609375, "rules_share": 0.24664224664224665, "eligible": true}
{"event": "temperature", "T": 1.0, "reach4": 0.1834249426446051, "reach32": 0.6953125, "distinct_rules": 4.859375, "rules_share": 0.241943359375, "eligible": true}
{"event": "temperature", "T": 1.5, "reach4": 0.16710277043937707, "reach32": 0.6796875, "distinct_rules": 4.96875, "rules_share": 0.233154296875, "eligible": true}
{"event": "temperature", "T": 2.0, "reach4": 0.15233093193826475, "reach32": 0.671875, "distinct_rules": 4.8203125, "rules_share": 0.217529296875, "eligible": true}
{"event": "temperature", "T": 0.47, "reach4": 0.21509617446499685, "reach32": 0.71875, "distinct_rules": 4.4296875, "rules_share": 0.26102030708271423, "eligible": true}
{"event": "temperature", "T": 0.31, "reach4": 0.2335151674616308, "reach32": 0.703125, "distinct_rules": 4.0078125, "rules_share": 0.26370757180156656, "eligible": true}
{"event": "temperature", "T": 0.21, "reach4": 0.2267414941118096, "reach32": 0.640625, "distinct_rules": 3.5703125, "rules_share": 0.26395348837209304, "eligible": false}
{"event": "rung", "warm3": 6000, "dreams": 0, "visits": 4, "verdict": "stop: signal (fix the warm-up)", "t": 5060}
{"event": "fallback a: fit on own warm-up puzzles", "greedy_accepted": 0.15625}
{"event": "sleep", "step": 50, "loss": 9.0062}
{"event": "sleep", "step": 100, "loss": 2.2564}
{"event": "sleep", "step": 150, "loss": 2.0888}
{"event": "sleep", "step": 200, "loss": 1.9066}
{"event": "sleep", "step": 250, "loss": 1.8617}
{"event": "sleep", "step": 300, "loss": 1.8198}
{"event": "sleep", "step": 350, "loss": 1.843}
{"event": "sleep", "step": 400, "loss": 1.8053}
{"event": "sleep", "step": 450, "loss": 1.6933}
{"event": "sleep", "step": 500, "loss": 1.7147}
{"event": "sleep", "step": 550, "loss": 1.6644}
{"event": "sleep", "step": 600, "loss": 1.6578}
{"event": "sleep", "step": 650, "loss": 1.6179}
{"event": "sleep", "step": 700, "loss": 1.6057}
{"event": "sleep", "step": 750, "loss": 1.547}
{"event": "sleep", "step": 800, "loss": 1.5121}
{"event": "sleep", "step": 850, "loss": 1.5537}
{"event": "sleep", "step": 900, "loss": 1.5353}
{"event": "sleep", "step": 950, "loss": 1.5374}
{"event": "sleep", "step": 1000, "loss": 1.476}
{"event": "sleep", "step": 1050, "loss": 1.4119}
{"event": "sleep", "step": 1100, "loss": 1.4299}
{"event": "sleep", "step": 1150, "loss": 1.4414}
{"event": "sleep", "step": 1200, "loss": 1.3364}
{"event": "sleep", "step": 1250, "loss": 1.3946}
{"event": "sleep", "step": 1300, "loss": 1.3234}
{"event": "sleep", "step": 1350, "loss": 1.4094}
{"event": "sleep", "step": 1400, "loss": 1.338}
{"event": "sleep", "step": 1450, "loss": 1.2716}
{"event": "sleep", "step": 1500, "loss": 1.3047}
{"event": "sleep", "step": 1550, "loss": 1.3068}
{"event": "sleep", "step": 1600, "loss": 1.2226}
{"event": "sleep", "step": 1650, "loss": 1.267}
{"event": "sleep", "step": 1700, "loss": 1.1959}
{"event": "sleep", "step": 1750, "loss": 1.1843}
{"event": "sleep", "step": 1800, "loss": 1.1982}
{"event": "sleep", "step": 1850, "loss": 1.2145}
{"event": "sleep", "step": 1900, "loss": 1.2005}
{"event": "sleep", "step": 1950, "loss": 1.1497}
{"event": "sleep", "step": 2000, "loss": 1.0994}
{"event": "sleep", "step": 2050, "loss": 1.1435}
{"event": "sleep", "step": 2100, "loss": 1.115}
{"event": "sleep", "step": 2150, "loss": 1.0213}
{"event": "sleep", "step": 2200, "loss": 1.0385}
{"event": "sleep", "step": 2250, "loss": 1.0836}
{"event": "sleep", "step": 2300, "loss": 1.0566}
{"event": "sleep", "step": 2350, "loss": 1.0649}
{"event": "sleep", "step": 2400, "loss": 0.9611}
{"event": "sleep", "step": 2450, "loss": 0.9903}
{"event": "sleep", "step": 2500, "loss": 0.9895}
{"event": "sleep", "step": 2550, "loss": 1.0063}
{"event": "sleep", "step": 2600, "loss": 0.9562}
{"event": "sleep", "step": 2650, "loss": 0.9084}
{"event": "sleep", "step": 2700, "loss": 0.9324}
{"event": "sleep", "step": 2750, "loss": 0.91}
{"event": "sleep", "step": 2800, "loss": 0.9344}
{"event": "sleep", "step": 2850, "loss": 0.8629}
{"event": "sleep", "step": 2900, "loss": 0.8592}
{"event": "sleep", "step": 2950, "loss": 0.844}
{"event": "sleep", "step": 3000, "loss": 0.8812}
{"event": "sleep", "step": 3050, "loss": 0.8448}
{"event": "sleep", "step": 3100, "loss": 0.7967}
{"event": "sleep", "step": 3150, "loss": 0.8454}
{"event": "sleep", "step": 3200, "loss": 0.8126}
{"event": "sleep", "step": 3250, "loss": 0.7911}
{"event": "sleep", "step": 3300, "loss": 0.8183}
{"event": "sleep", "step": 3350, "loss": 0.7339}
{"event": "sleep", "step": 3400, "loss": 0.7822}
{"event": "sleep", "step": 3450, "loss": 0.7755}
{"event": "sleep", "step": 3500, "loss": 0.7867}
{"event": "sleep", "step": 3550, "loss": 0.7678}
{"event": "sleep", "step": 3600, "loss": 0.7335}
{"event": "sleep", "step": 3650, "loss": 0.7495}
{"event": "sleep", "step": 3700, "loss": 0.7353}
{"event": "sleep", "step": 3750, "loss": 0.713}
{"event": "temperature", "T": 0.7, "reach4": 0.36187681334454835, "reach32": 0.7890625, "distinct_rules": 3.421875, "rules_share": 0.3098159509202454, "eligible": false}
{"event": "temperature", "T": 1.0, "reach4": 0.34649954193001153, "reach32": 0.8125, "distinct_rules": 3.625, "rules_share": 0.29815043156596793, "eligible": false}
{"event": "temperature", "T": 1.5, "reach4": 0.29953051133203556, "reach32": 0.8125, "distinct_rules": 3.9140625, "rules_share": 0.27821201758671227, "eligible": false}
{"event": "temperature", "T": 2.0, "reach4": 0.26807802940767517, "reach32": 0.8125, "distinct_rules": 4.1328125, "rules_share": 0.259521484375, "eligible": true}
{"event": "temperature", "T": 3.0, "reach4": 0.222313203907119, "reach32": 0.7578125, "distinct_rules": 4.3125, "rules_share": 0.2294921875, "eligible": true}
{"event": "rung", "warm3": 6000, "dreams": 0, "visits": 16, "verdict": "stop: signal (fix the warm-up)", "t": 10076}
