{
 "R2-SAFE": {
  "silent_wrong_writes_6500": 2,
  "t_trap_items_written": 2,
  "pass": false
 },
 "R2-ECHO": {
  "echoed_wrong_writes": 105,
  "limit": 65,
  "pass": false,
  "gated": false
 },
 "R2-SEEN": {
  "correct": 1954,
  "need": 1940,
  "exec_correct_stmt": 455,
  "need_exec": 736,
  "n_state": 817,
  "pass": false
 },
 "R2-NEW": {
  "correct": 2682,
  "need": 2400,
  "exec_correct_stmt": 640,
  "need_exec": 784,
  "n_state": 1205,
  "pass": false
 },
 "R2-NAMES": {
  "correct": 460,
  "need": 300,
  "pass": true
 },
 "R2-ASK": {
  "wrong_executed_questions": 0,
  "limit": 25,
  "pass": true
 },
 "R2-NEG": {
  "n": 2092,
  "executed_as_fact": 0,
  "executed_as_retract": 0,
  "rate": 0.0,
  "limit": 0.02,
  "pass": true
 },
 "R2-WEB": {
  "n": 46,
  "executed": 0,
  "need_exec": 28,
  "exact": 0,
  "need_exact": 1,
  "rate_exact": 0.0,
  "pass": false
 },
 "R2-NEWREL": {
  "n": 1500,
  "executed_with_wrong_seen_relation": 0,
  "rate": 0.0,
  "limit": 0.01,
  "pass": true
 }
}
arm_pass False
