P2 A1: sealed=OK loop102=OK
P2 A2: sealed=BUG loop102=OK
P2 A3: sealed=BUG loop102=OK
P2 A4: sealed=OK loop102=OK
P2 A5: sealed=BUG loop102=OK
P2 A6: sealed=BUG loop102=OK
P2 A7: sealed=OK loop102=OK
P2 A8: sealed=BUG loop102=OK
P2 B1: sealed=OK loop102=OK
P2 B2: sealed=OK loop102=OK
P2 B3: sealed=OK loop102=OK
P2 B4: sealed=OK loop102=OK
P2 B5: sealed=BUG loop102=OK
P2 B6: sealed=OK loop102=OK
P2 B7: sealed=OK loop102=OK
P2 B8: sealed=OK loop102=OK
P2 C1: sealed=BUG loop102=OK
P2 C2: sealed=BUG loop102=OK
P2 C3: sealed=BUG loop102=OK
P2 C4: sealed=BUG loop102=OK
P2 C5: sealed=BUG loop102=OK
P2 C6: sealed=OK loop102=OK
P2 C7: sealed=BUG loop102=OK
P2 C8: sealed=OK loop102=OK
P2 D1: sealed=OK loop102=OK
P2 D2: sealed=BUG loop102=OK
P2 D3: sealed=OK loop102=OK
P2 D4: sealed=OK loop102=OK
P2 D5: sealed=OK loop102=OK
P2 D6: sealed=OK loop102=OK
P2 D7: sealed=BUG loop102=OK
P2 D8: sealed=OK loop102=OK
P2 E1: sealed=OK loop102=OK
P2 E2: sealed=OK loop102=OK
P2 E3: sealed=OK loop102=OK
P2 E4: sealed=OK loop102=OK
P2 E5: sealed=OK loop102=OK
P2 E6: sealed=OK loop102=OK
P2 E7: sealed=BUG loop102=OK
P2 E8: sealed=OK loop102=OK
P2 E9: sealed=OK loop102=OK
P2 E10: sealed=OK loop102=OK
P2 F1: sealed=OK loop102=OK
P2 F2: sealed=OK loop102=OK
P2 F3: sealed=OK loop102=OK
P2 F4: sealed=OK loop102=OK
P2 F5: sealed=OK loop102=OK
P2 F6: sealed=OK loop102=OK
P2 G1: sealed=OK loop102=OK
P2 G2: sealed=OK loop102=OK
P2 G3: sealed=OK loop102=OK
P2 G4: sealed=OK loop102=OK
P2 G5: sealed=OK loop102=OK
P2 G6: sealed=OK loop102=OK
P2 G7: sealed=OK loop102=OK
P2 G8: sealed=OK loop102=OK
P2 H1: sealed=OK loop102=OK
P2 H2: sealed=OK loop102=OK
P2 H3: sealed=OK loop102=OK
P2 H4: sealed=OK loop102=OK
P2 H5: sealed=BUG loop102=OK
P2 H6: sealed=OK loop102=OK
P2 H7: sealed=OK loop102=OK
P2 H8: sealed=OK loop102=OK
P2: OK->BUG=[] BUG->OK=['A2', 'A3', 'A5', 'A6', 'A8', 'B5', 'C1', 'C2', 'C3', 'C4', 'C5', 'C7', 'D2', 'D7', 'E7', 'H5'] stillBUG=[] okReplyChanged=[] -> PASS
MARKS102 PASS (3.8 s)
