P4 P4-01: PASS :: "Said's city is Lisbon." -> "Saved: Said's city is Lisbon."
P4 P4-02: PASS :: "Online's city is Porto." -> "Saved: Online's city is Porto."
P4 P4-03: PASS :: "Quote's city is Berlin." -> "Saved: Quote's city is Berlin."
P4 P4-04: PASS :: "Mira's friend is Tom Said." -> "Saved: Mira's friend is Tom Said."
P4 P4-05: PASS :: "Mira's city is Online." -> "Saved: Mira's city is Online."
P4 P4-06: PASS :: "Mira's birth year is 2019." -> "Saved: Mira's birth_year is 2019."
P4 P4-07: PASS :: 'Ovid was born in the city of 44 BC.' -> "Saved: Ovid's place_of_birth is 44 BC.."
P4 P4-08: PASS :: "Mira's mother is actually Ana." -> "Saved: Mira's mother is actually Ana."
P4 P4-09: PASS :: "Mira's teacher is Ana, actually." -> "Saved: Mira's teacher is Ana, actually."
P4 P4-10: PASS :: "Noam's city is Paris." -> "Saved: Noam's city is Paris."
P4 P4-11: PASS :: "Nora's city is Rome." -> "Saved: Nora's city is Rome."
P4 P4-12: PASS :: "Ines's city is Madrid." -> "Saved: Ines's city is Madrid."
P4 P4-13: PASS :: "Mira's nickname is Since." -> "Saved: Mira's nickname is Since."
P4 P4-14: PASS :: "Mira's city is Lisbon in Texas." -> "Saved: Mira's city is Lisbon in Texas."
P4 P4-15: PASS :: "Forget's brother is Tom." -> "Saved: Forget's brother is Tom."
P4 P4-16: PASS :: "Ask's mother is Ana." -> "Saved: Ask's mother is Ana."
P4 P4-17: PASS :: "Mira's city is Forget." -> "Saved: Mira's city is Forget."
P4 P4-18: PASS :: 'The capital of Poland is Warsaw' -> "Saved: Poland's capital is Warsaw."
P4 P4-19: PASS :: 'Roberto Merhi is a citizen of Spain' -> "Saved: Roberto Merhi's country_of_citizenship is Spain."
P4 P4-20: PASS :: 'Ovid was born in the city of Sulmona' -> "Saved: Ovid's place_of_birth is Sulmona."
P4 P4-21: PASS :: "Who is Said's city?" -> "Said's city is Lisbon."
P4 P4-22: PASS :: "Who is Online's city?" -> "Online's city is Porto."
P4 P4-23: PASS :: "Who is Quote's city?" -> "Quote's city is Berlin."
P4 P4-24: PASS :: "Who is Mira's birth year?" -> "Mira's birth year is 2019."
P4 P4-25: PASS :: "Who is Mira's friend?" -> "Mira's friend is Tom Said."
P4 P4-26: PASS :: "Who is Noam's city?" -> "Noam's city is Paris."
P4 P4-27: PASS :: "Who is Ines's city?" -> "Ines's city is Madrid."
P4 P4-28: PASS :: "Who is Mira's nickname?" -> "Mira's nickname is Since."
P4 P4-29: PASS :: "Who is Forget's brother?" -> "Forget's brother is Tom."
P4 P4-30: PASS :: "Who is Mira's city?" -> "Mira's city is Lisbon."
P4: false_refusals=[] nonpass=[] -> PASS
MARKS102 PASS (0.9 s)
