15:49:14 warm-up done {'updates': 256, 'records': 2048, 'visits': 4, 'last_loss': 1.4936083555221558}
15:50:01 practised check {'reach32': 0.61328125, 'reach4': 0.4765625, 'first_try': 0.265625, 'luck': 0.2659912109375, 'key_luck': 0.2659912109375, 'temperature': 1.0, 'n_questions': 256}
15:52:26 T 0.5 {'verdict': 'stop: cold start (stepping stones first)', 'reach32': 0.01171875, 'floor_reach32': 0.04824614113521625, 'reach4': 0.00390625, 'luck': 0.0006103515625, 'distinct_rules': 4.296875}
15:53:15 T 0.7 {'verdict': 'stop: cold start (stepping stones first)', 'reach32': 0.015625, 'floor_reach32': 0.04824614113521625, 'reach4': 0.0078125, 'luck': 0.0008544921875, 'distinct_rules': 5.97265625}
15:54:02 T 1.0 {'verdict': 'stop: cold start (stepping stones first)', 'reach32': 0.03515625, 'floor_reach32': 0.04824614113521625, 'reach4': 0.01171875, 'luck': 0.00146484375, 'distinct_rules': 8.77734375}
15:54:49 T 1.4 {'verdict': 'stop: cold start (stepping stones first)', 'reach32': 0.0390625, 'floor_reach32': 0.04824614113521625, 'reach4': 0.015625, 'luck': 0.0013427734375, 'distinct_rules': 12.59765625}
15:55:34 T 2.0 {'verdict': 'stop: cold start (stepping stones first)', 'reach32': 0.046875, 'floor_reach32': 0.04824614113521625, 'reach4': 0.01171875, 'luck': 0.00146484375, 'distinct_rules': 16.546875}
15:56:19 T 3.0 {'verdict': 'stop: cold start (stepping stones first)', 'reach32': 0.05078125, 'floor_reach32': 0.04824614113521625, 'reach4': 0.015625, 'luck': 0.001708984375, 'distinct_rules': 17.62890625}
16:01:37 arm SS {'updates': 256, 'records': 2048, 'last_loss': 0.659410834312439}
16:02:26 T 0.5 {'verdict': 'stop: cold start (stepping stones first)', 'reach32': 0.04296875, 'floor_reach32': 0.04824614113521625, 'reach4': 0.01171875, 'luck': 0.0087890625, 'distinct_rules': 4.08203125}
16:03:13 T 0.7 {'verdict': 'stop: cold start (stepping stones first)', 'reach32': 0.06640625, 'floor_reach32': 0.04824614113521625, 'reach4': 0.015625, 'luck': 0.0091552734375, 'distinct_rules': 5.48046875}
16:04:01 T 1.0 {'verdict': 'stop: cold start (stepping stones first)', 'reach32': 0.078125, 'floor_reach32': 0.04824614113521625, 'reach4': 0.01953125, 'luck': 0.0078125, 'distinct_rules': 7.89453125}
16:04:48 T 1.4 {'verdict': 'stop: cold start (stepping stones first)', 'reach32': 0.1015625, 'floor_reach32': 0.04824614113521625, 'reach4': 0.015625, 'luck': 0.006591796875, 'distinct_rules': 10.5078125}
16:05:35 T 2.0 {'verdict': 'pass', 'reach32': 0.16015625, 'floor_reach32': 0.04824614113521625, 'reach4': 0.01171875, 'luck': 0.0079345703125, 'distinct_rules': 12.9921875}
16:06:20 T 3.0 {'verdict': 'pass', 'reach32': 0.25390625, 'floor_reach32': 0.04824614113521625, 'reach4': 0.05078125, 'luck': 0.0155029296875, 'distinct_rules': 14.359375}
16:11:34 arm P {'updates': 256, 'records': 2048, 'last_loss': 0.9296873211860657}
16:12:21 T 0.5 {'verdict': 'stop: cold start and sameness', 'reach32': 0.01171875, 'floor_reach32': 0.04824614113521625, 'reach4': 0.0, 'luck': 0.0003662109375, 'distinct_rules': 2.95703125}
16:13:08 T 0.7 {'verdict': 'stop: cold start and sameness', 'reach32': 0.01171875, 'floor_reach32': 0.04824614113521625, 'reach4': 0.0, 'luck': 0.0003662109375, 'distinct_rules': 3.890625}
16:13:54 T 1.0 {'verdict': 'stop: cold start (stepping stones first)', 'reach32': 0.01171875, 'floor_reach32': 0.04824614113521625, 'reach4': 0.0, 'luck': 0.0003662109375, 'distinct_rules': 5.4375}
16:14:40 T 1.4 {'verdict': 'stop: cold start (stepping stones first)', 'reach32': 0.015625, 'floor_reach32': 0.04824614113521625, 'reach4': 0.00390625, 'luck': 0.0009765625, 'distinct_rules': 7.8671875}
16:15:27 T 2.0 {'verdict': 'stop: cold start (stepping stones first)', 'reach32': 0.0234375, 'floor_reach32': 0.04824614113521625, 'reach4': 0.00390625, 'luck': 0.0010986328125, 'distinct_rules': 11.4609375}
16:16:11 T 3.0 {'verdict': 'stop: cold start (stepping stones first)', 'reach32': 0.04296875, 'floor_reach32': 0.04824614113521625, 'reach4': 0.0078125, 'luck': 0.0018310546875, 'distinct_rules': 16.0390625}
16:21:25 arm PC {'updates': 256, 'records': 2048, 'last_loss': 1.4913861751556396}
16:22:13 T 0.5 {'verdict': 'pass', 'reach32': 0.61328125, 'floor_reach32': 0.04824614113521625, 'reach4': 0.49609375, 'luck': 0.417724609375, 'distinct_rules': 8.359375}
16:22:59 T 0.7 {'verdict': 'pass', 'reach32': 0.6171875, 'floor_reach32': 0.04824614113521625, 'reach4': 0.49609375, 'luck': 0.4102783203125, 'distinct_rules': 10.8125}
16:23:45 T 1.0 {'verdict': 'pass', 'reach32': 0.6328125, 'floor_reach32': 0.04824614113521625, 'reach4': 0.47265625, 'luck': 0.395263671875, 'distinct_rules': 12.8203125}
16:24:32 T 1.4 {'verdict': 'pass', 'reach32': 0.6015625, 'floor_reach32': 0.04824614113521625, 'reach4': 0.45703125, 'luck': 0.3623046875, 'distinct_rules': 14.484375}
16:24:33 SUMMARY {'N_reach32': 0.05078125, 'SS_reach32': 0.25390625, 'P_reach32': 0.04296875, 'PC_reach32': 0.6328125, 'SS_minus_P_points': 21.09375, 'SS_verdict': 'pass', 'N_verdict': 'stop: cold start (stepping stones first)', 'SS_best_T': 3.0, 'P_best_T': 3.0, 'floor_reach32': 0.04824614113521625}
