15:49:14 warm-up done {'updates': 256, 'records': 2048, 'visits': 4, 'last_loss': 1.6073046922683716}
15:50:01 practised check {'reach32': 0.57421875, 'reach4': 0.3828125, 'first_try': 0.203125, 'luck': 0.19677734375, 'key_luck': 0.19677734375, 'temperature': 1.0, 'n_questions': 256}
15:52:27 T 0.5 {'verdict': 'stop: cold start (stepping stones first)', 'reach32': 0.01953125, 'floor_reach32': 0.04824614113521625, 'reach4': 0.0, 'luck': 0.00146484375, 'distinct_rules': 5.69921875}
15:53:17 T 0.7 {'verdict': 'stop: cold start (stepping stones first)', 'reach32': 0.03515625, 'floor_reach32': 0.04824614113521625, 'reach4': 0.0078125, 'luck': 0.0015869140625, 'distinct_rules': 8.04296875}
15:54:05 T 1.0 {'verdict': 'stop: cold start (stepping stones first)', 'reach32': 0.03125, 'floor_reach32': 0.04824614113521625, 'reach4': 0.0078125, 'luck': 0.0013427734375, 'distinct_rules': 11.75390625}
15:54:53 T 1.4 {'verdict': 'stop: cold start (stepping stones first)', 'reach32': 0.0625, 'floor_reach32': 0.04824614113521625, 'reach4': 0.015625, 'luck': 0.0025634765625, 'distinct_rules': 15.796875}
15:55:39 T 2.0 {'verdict': 'stop: cold start (stepping stones first)', 'reach32': 0.0703125, 'floor_reach32': 0.04824614113521625, 'reach4': 0.0234375, 'luck': 0.0029296875, 'distinct_rules': 19.11328125}
15:56:24 T 3.0 {'verdict': 'stop: cold start (stepping stones first)', 'reach32': 0.09765625, 'floor_reach32': 0.04824614113521625, 'reach4': 0.01171875, 'luck': 0.0040283203125, 'distinct_rules': 18.6875}
16:01:43 arm SS {'updates': 256, 'records': 2048, 'last_loss': 0.36312055587768555}
16:02:31 T 0.5 {'verdict': 'stop: cold start and sameness', 'reach32': 0.0390625, 'floor_reach32': 0.04824614113521625, 'reach4': 0.01171875, 'luck': 0.0091552734375, 'distinct_rules': 3.87109375}
16:03:19 T 0.7 {'verdict': 'stop: cold start (stepping stones first)', 'reach32': 0.0625, 'floor_reach32': 0.04824614113521625, 'reach4': 0.0234375, 'luck': 0.00927734375, 'distinct_rules': 5.40625}
16:04:06 T 1.0 {'verdict': 'stop: cold start (stepping stones first)', 'reach32': 0.07421875, 'floor_reach32': 0.04824614113521625, 'reach4': 0.01953125, 'luck': 0.008544921875, 'distinct_rules': 7.58984375}
16:04:54 T 1.4 {'verdict': 'stop: cold start (stepping stones first)', 'reach32': 0.11328125, 'floor_reach32': 0.04824614113521625, 'reach4': 0.02734375, 'luck': 0.00927734375, 'distinct_rules': 10.55078125}
16:05:41 T 2.0 {'verdict': 'stop: cold start (stepping stones first)', 'reach32': 0.14453125, 'floor_reach32': 0.04824614113521625, 'reach4': 0.04296875, 'luck': 0.0098876953125, 'distinct_rules': 13.90625}
16:06:25 T 3.0 {'verdict': 'pass', 'reach32': 0.1953125, 'floor_reach32': 0.04824614113521625, 'reach4': 0.0546875, 'luck': 0.0120849609375, 'distinct_rules': 15.70703125}
16:11:40 arm P {'updates': 256, 'records': 2048, 'last_loss': 0.45850202441215515}
16:12:27 T 0.5 {'verdict': 'stop: cold start and sameness', 'reach32': 0.0078125, 'floor_reach32': 0.04824614113521625, 'reach4': 0.00390625, 'luck': 0.001708984375, 'distinct_rules': 3.08984375}
16:13:14 T 0.7 {'verdict': 'stop: cold start (stepping stones first)', 'reach32': 0.015625, 'floor_reach32': 0.04824614113521625, 'reach4': 0.00390625, 'luck': 0.001708984375, 'distinct_rules': 4.1875}
16:14:00 T 1.0 {'verdict': 'stop: cold start (stepping stones first)', 'reach32': 0.02734375, 'floor_reach32': 0.04824614113521625, 'reach4': 0.00390625, 'luck': 0.0020751953125, 'distinct_rules': 6.171875}
16:14:46 T 1.4 {'verdict': 'stop: cold start (stepping stones first)', 'reach32': 0.03515625, 'floor_reach32': 0.04824614113521625, 'reach4': 0.00390625, 'luck': 0.001953125, 'distinct_rules': 8.63671875}
16:15:32 T 2.0 {'verdict': 'stop: cold start (stepping stones first)', 'reach32': 0.05078125, 'floor_reach32': 0.04824614113521625, 'reach4': 0.0078125, 'luck': 0.00244140625, 'distinct_rules': 12.359375}
16:16:16 T 3.0 {'verdict': 'stop: cold start (stepping stones first)', 'reach32': 0.03515625, 'floor_reach32': 0.04824614113521625, 'reach4': 0.015625, 'luck': 0.001708984375, 'distinct_rules': 16.01953125}
16:21:31 arm PC {'updates': 256, 'records': 2048, 'last_loss': 1.3530700206756592}
16:22:19 T 0.5 {'verdict': 'pass', 'reach32': 0.64453125, 'floor_reach32': 0.04824614113521625, 'reach4': 0.51953125, 'luck': 0.4302978515625, 'distinct_rules': 7.7578125}
16:23:06 T 0.7 {'verdict': 'pass', 'reach32': 0.65234375, 'floor_reach32': 0.04824614113521625, 'reach4': 0.51171875, 'luck': 0.4176025390625, 'distinct_rules': 10.390625}
16:23:53 T 1.0 {'verdict': 'pass', 'reach32': 0.68359375, 'floor_reach32': 0.04824614113521625, 'reach4': 0.50390625, 'luck': 0.3905029296875, 'distinct_rules': 13.5703125}
16:24:40 T 1.4 {'verdict': 'pass', 'reach32': 0.64453125, 'floor_reach32': 0.04824614113521625, 'reach4': 0.46484375, 'luck': 0.3455810546875, 'distinct_rules': 16.14453125}
16:24:41 SUMMARY {'N_reach32': 0.09765625, 'SS_reach32': 0.1953125, 'P_reach32': 0.05078125, 'PC_reach32': 0.68359375, 'SS_minus_P_points': 14.453125, 'SS_verdict': 'pass', 'N_verdict': 'stop: cold start (stepping stones first)', 'SS_best_T': 3.0, 'P_best_T': 2.0, 'floor_reach32': 0.04824614113521625}
