03:22:29 warm {'updates': 256, 'records': 2048, 'visits': 4, 'last_loss': 1.354537844657898} 471
03:30:17 N built {'updates': 256, 'records': 2048, 'last_loss': 0.6098686456680298} 939
03:31:36 T 0.5 {'verdict': 'stop: cold start and sameness', 'reach32': 0.0390625, 'floor_reach32': 0.04824614113521625, 'reach4': 0.01171875, 'luck': 0.0062255859375, 'distinct_rules': 3.6328125}
03:32:53 T 0.7 {'verdict': 'stop: cold start (stepping stones first)', 'reach32': 0.07421875, 'floor_reach32': 0.04824614113521625, 'reach4': 0.01171875, 'luck': 0.0072021484375, 'distinct_rules': 5.0078125}
03:34:11 T 1.0 {'verdict': 'stop: cold start (stepping stones first)', 'reach32': 0.08984375, 'floor_reach32': 0.04824614113521625, 'reach4': 0.02734375, 'luck': 0.008056640625, 'distinct_rules': 6.8828125}
03:35:27 T 1.4 {'verdict': 'stop: cold start (stepping stones first)', 'reach32': 0.14453125, 'floor_reach32': 0.04824614113521625, 'reach4': 0.03125, 'luck': 0.0093994140625, 'distinct_rules': 9.6171875}
03:36:43 T 2.0 {'verdict': 'pass', 'reach32': 0.2734375, 'floor_reach32': 0.04824614113521625, 'reach4': 0.05859375, 'luck': 0.0152587890625, 'distinct_rules': 12.87890625}
03:37:57 T 3.0 {'verdict': 'pass', 'reach32': 0.3203125, 'floor_reach32': 0.04824614113521625, 'reach4': 0.08984375, 'luck': 0.022705078125, 'distinct_rules': 14.93359375}
03:39:04 T 4.0 {'verdict': 'pass', 'reach32': 0.3046875, 'floor_reach32': 0.04824614113521625, 'reach4': 0.06640625, 'luck': 0.0194091796875, 'distinct_rules': 13.06640625}
03:40:09 T 6.0 {'verdict': 'pass', 'reach32': 0.16796875, 'floor_reach32': 0.04824614113521625, 'reach4': 0.03125, 'luck': 0.0064697265625, 'distinct_rules': 7.5}
03:40:11 pool T 3.0
03:45:20 setup done {'diag': {'n_W': 420, 'n_R': 420, 'short': {}, 'hindsight_fits': 1.0}, 'n_W': 420, 'n_PC': 420, 'questions_with_W': 323} 1842
03:45:34 N {'dev': {'right': 0.0, 'fits': 0.00390625, 'by_kind': {'affine': 0.0, 'square': 0.0, 'sq_plus': 0.0, 'last_digit': 0.0, 'double_add': 0.0}}, 'skills5': 0.987, 'n_W': 420, 'n_PC': 420, 'T': 3.0}
03:54:38 PC ft {'lr': 0.0003, 'visits': 16} {'sleep_tflops': 39.42165147648, 'seconds': 531.0, 'gain_points': 39.84375, 'skills_harm_points': -0.5000000000000004} {'affine': 0.0192, 'square': 0.9608, 'sq_plus': 0.0, 'last_digit': 1.0, 'double_add': 0.0196}
04:03:56 PC ft {'lr': 0.001, 'visits': 16} {'sleep_tflops': 39.42165147648, 'seconds': 546.4, 'gain_points': 41.015625, 'skills_harm_points': 1.6000000000000014} {'affine': 0.0, 'square': 0.9804, 'sq_plus': 0.0392, 'last_digit': 1.0, 'double_add': 0.0392}
04:03:56 B {'method': 'ft', 'kw': {'lr': 0.001, 'visits': 16}, 'within_harm': True, 'tie_reach4': {}}
04:04:25 W knn {'c': 50.0, 'theta': 0.9, 'cal': 0.99, 'old': 512} {'sleep_tflops': 1.160797848576, 'seconds': 13.4, 'gain_points': 32.03125, 'skills_harm_points': 0.0} {'affine': 0.0, 'square': 0.9216, 'sq_plus': 0.0, 'last_digit': 0.6863, 'double_add': 0.0}
04:13:39 W ft {'lr': 0.001, 'visits': 16} {'sleep_tflops': 39.42165147648, 'seconds': 541.2, 'gain_points': 35.9375, 'skills_harm_points': 1.200000000000001} {'affine': 0.0, 'square': 0.9804, 'sq_plus': 0.0, 'last_digit': 0.8235, 'double_add': 0.0}
04:14:09 R knn {'c': 50.0, 'theta': 0.9, 'cal': 0.99, 'old': 512} {'sleep_tflops': 1.160797848576, 'seconds': 14.5, 'gain_points': 0.78125, 'skills_harm_points': 0.0} {'affine': 0.0, 'square': 0.0196, 'sq_plus': 0.0, 'last_digit': 0.0, 'double_add': 0.0196}
EXIT s200 137
STAGE s200 base exit 0
STAGE s200 W exit 0
STAGE s200 R exit 0
06:36:04 N {'practised': {'reach32': 0.10546875, 'first_sample': 0.015625, 'greedy_right': 0.01171875}, 'dev_search': {'reach4': 0.08984375, 'reach32': 0.3203125, 'luck': 0.022705078125}}
06:39:17 W knn {'c': 50.0, 'theta': 0.9, 'cal': 0.99, 'old': 512} {'reach32': 0.32421875, 'first_sample': 0.2890625, 'greedy_right': 0.2890625} {'reach4': 0.3671875, 'reach32': 0.39453125, 'luck': 0.3154296875}
06:49:18 W ft {'lr': 0.001, 'visits': 16} {'reach32': 0.0390625, 'first_sample': 0.00390625, 'greedy_right': 0.00390625} {'reach4': 0.328125, 'reach32': 0.45703125, 'luck': 0.1451416015625}
06:49:19 CONFIRM PARENT DONE /mnt/project-files/fast-sleep/confirm/s200
STAGE s200 old exit 0
