{
  "verdict": "PARTIAL",
  "reason": "2/3 F seeds; reported as partial, no claim",
  "control_seeds_passed": 3,
  "F_seeds_passed": 2,
  "L_seeds_passed": 0,
  "missing": [],
  "invalid_runs": [],
  "buffer_violations": [],
  "signature_summary": {
    "never_started": [],
    "name_blind": [],
    "copy_side_failure": [],
    "reserved_gap": [
      "F-2103"
    ],
    "scale_collapsed": [],
    "unnamed": []
  },
  "paired_warnings": {
    "F-2103": [
      "p12-2",
      "p12-3"
    ]
  },
  "integrity_problems": []
}
{
  "verdict": "PARTIAL",
  "reason": "2/3 F seeds; reported as partial, no claim",
  "control_seeds_passed": 3,
  "F_seeds_passed": 2,
  "L_seeds_passed": 2,
  "missing": [],
  "invalid_runs": [],
  "buffer_violations": [],
  "signature_summary": {
    "never_started": [],
    "name_blind": [],
    "copy_side_failure": [],
    "reserved_gap": [
      "F-2103",
      "L-2103"
    ],
    "scale_collapsed": [],
    "unnamed": []
  },
  "paired_warnings": {
    "F-2103": [
      "p12-2",
      "p12-3"
    ]
  },
  "integrity_problems": []
}
