[4703] step200 tokens/s=18119 sec/step=0.055 projected_total=8.1min
[4703] step 200/8808 loss 6.6911 0.055s/step
[4703] step 400/8808 loss 4.2652 0.055s/step
[4703] step 600/8808 loss 5.1228 0.054s/step
[4703] step 800/8808 loss 5.1564 0.054s/step
[4703] step 1000/8808 loss 4.0828 0.054s/step
[4703] step 1200/8808 loss 5.6974 0.054s/step
[4703] step 1400/8808 loss 6.0117 0.054s/step
[4703] step 1600/8808 loss 3.5652 0.054s/step
[4703] step 1800/8808 loss 2.9866 0.054s/step
[4703] step 2000/8808 loss 3.4593 0.054s/step
[4703] step 2200/8808 loss 3.7789 0.054s/step
[4703] step 2400/8808 loss 2.6134 0.054s/step
[4703] step 2600/8808 loss 3.9745 0.054s/step
[4703] step 2800/8808 loss 2.8967 0.054s/step
[4703] step 3000/8808 loss 5.7695 0.054s/step
[4703] step 3200/8808 loss 5.6599 0.054s/step
[4703] step 3400/8808 loss 3.2787 0.054s/step
[4703] step 3600/8808 loss 4.0277 0.054s/step
[4703] step 3800/8808 loss 5.5674 0.054s/step
[4703] step 4000/8808 loss 2.9510 0.054s/step
[4703] step 4200/8808 loss 3.0696 0.054s/step
[4703] step 4400/8808 loss 3.5577 0.054s/step
[4703] step 4600/8808 loss 4.6391 0.054s/step
[4703] step 4800/8808 loss 1.6780 0.054s/step
[4703] step 5000/8808 loss 3.3968 0.054s/step
[4703] step 5200/8808 loss 2.9307 0.054s/step
[4703] step 5400/8808 loss 3.8676 0.054s/step
[4703] step 5600/8808 loss 3.0376 0.054s/step
[4703] step 5800/8808 loss 3.3459 0.054s/step
[4703] step 6000/8808 loss 3.0525 0.054s/step
[4703] step 6200/8808 loss 3.2222 0.054s/step
[4703] step 6400/8808 loss 3.1885 0.054s/step
[4703] step 6600/8808 loss 3.5655 0.054s/step
[4703] step 6800/8808 loss 2.9111 0.054s/step
[4703] step 7000/8808 loss 2.4665 0.054s/step
[4703] step 7200/8808 loss 3.0135 0.054s/step
[4703] step 7400/8808 loss 2.5568 0.054s/step
[4703] step 7600/8808 loss 2.9901 0.054s/step
[4703] step 7800/8808 loss 3.2512 0.054s/step
[4703] step 8000/8808 loss 3.6848 0.054s/step
[4703] step 8200/8808 loss 2.4018 0.054s/step
[4703] step 8400/8808 loss 4.3785 0.054s/step
[4703] step 8600/8808 loss 4.4522 0.054s/step
[4703] step 8800/8808 loss 2.7577 0.054s/step
[4703] step 8808/8808 loss 6.3229 0.054s/step
{
 "seed": 4703,
 "epochs": 2,
 "batch": 32,
 "lr": 3e-05,
 "steps": 8808,
 "params": 109664018,
 "params_trainable": 109664018,
 "pool": 140903,
 "device": "cuda",
 "sec_per_step": 0.05403125857245803,
 "train_sec": 475.9073255062103,
 "data_sec": 4.27126932144165,
 "dev_act_acc": 0.88818359375,
 "tokens_per_sec_200": 18118.64054771165,
 "projected_min": 7.931788758436839,
 "temps": [
  2.002821922302246,
  1.1919059753417969,
  1.8597050905227661,
  1.84369695186615,
  0.22344300150871277,
  1.0
 ],
 "freeze_layers": 0
}
