pool-seed4 step 0 loss 15.0751 t 1s
pool-seed4 step 100 loss 5.0891 t 42s
pool-seed4 step 200 loss 3.4298 t 96s
pool-seed4 step 300 loss 2.9184 t 152s
pool-seed4 step 400 loss 1.9549 t 208s
pool-seed4 step 500 loss 2.2021 t 264s
pool-seed4 step 600 loss 1.7454 t 319s
pool-seed4 step 700 loss 2.0918 t 374s
pool-seed4 step 800 loss 1.8737 t 430s
pool-seed4 step 900 loss 2.0458 t 485s
pool-seed4 step 1000 loss 2.0337 t 539s
pool-seed4 step 1100 loss 1.7162 t 592s
pool-seed4 step 1200 loss 1.8759 t 649s
pool-seed4 step 1300 loss 1.5739 t 704s
pool-seed4 step 1400 loss 1.4143 t 762s
pool-seed4 step 1500 loss 1.7303 t 821s
pool-seed4 step 1600 loss 1.5532 t 879s
pool-seed4 step 1700 loss 1.4925 t 938s
pool-seed4 step 1800 loss 1.7715 t 997s
pool-seed4 step 1900 loss 1.5881 t 1055s
pool-seed4 step 2000 loss 1.2158 t 1111s
pool-seed4 step 2100 loss 1.4969 t 1170s
pool-seed4 step 2200 loss 1.2521 t 1228s
pool-seed4 step 2300 loss 0.9852 t 1287s
pool-seed4 step 2400 loss 1.2172 t 1345s
pool-seed4 step 2500 loss 1.0269 t 1404s
pool-seed4 step 2600 loss 1.0925 t 1463s
pool-seed4 step 2700 loss 1.4800 t 1521s
pool-seed4 step 2800 loss 1.3686 t 1580s
pool-seed4 step 2900 loss 1.4386 t 1636s
pool-seed4 step 2999 loss 1.4708 t 1691s
Traceback (most recent call last):
  File "/job/bundle/pointer_test/run_story.py", line 219, in <module>
    main()
  File "/job/bundle/pointer_test/run_story.py", line 205, in main
    fit = evaluate(model, fit_rows)
          ^^^^^^^^^^^^^^^^^^^^^^^^^
  File "/usr/local/lib/python3.12/dist-packages/torch/utils/_contextlib.py", line 124, in decorate_context
    return func(*args, **kwargs)
           ^^^^^^^^^^^^^^^^^^^^^
  File "/job/bundle/pointer_test/run_story.py", line 151, in evaluate
    logits, ans, pw, ids = forward(model, chunk, lesion)
                           ^^^^^^^^^^^^^^^^^^^^^^^^^^^^^
  File "/job/bundle/pointer_test/run_story.py", line 101, in forward
    e0 = lm(input_ids=torch.cat([bosc, ids], 1), output_hidden_states=True).hidden_states[-1][:, 1:].float()
         ^^^^^^^^^^^^^^^^^^^^^^^^^^^^^^^^^^^^^^^^^^^^^^^^^^^^^^^^^^^^^^^^^^
  File "/usr/local/lib/python3.12/dist-packages/torch/nn/modules/module.py", line 1779, in _wrapped_call_impl
    return self._call_impl(*args, **kwargs)
           ^^^^^^^^^^^^^^^^^^^^^^^^^^^^^^^^
  File "/usr/local/lib/python3.12/dist-packages/torch/nn/modules/module.py", line 1790, in _call_impl
    return forward_call(*args, **kwargs)
           ^^^^^^^^^^^^^^^^^^^^^^^^^^^^^
  File "/usr/local/lib/python3.12/dist-packages/transformers/utils/generic.py", line 939, in wrapper
    output = func(self, *args, **kwargs)
             ^^^^^^^^^^^^^^^^^^^^^^^^^^^
  File "/usr/local/lib/python3.12/dist-packages/transformers/models/lfm2/modeling_lfm2.py", line 596, in forward
    logits = self.lm_head(hidden_states[:, slice_indices, :])
             ^^^^^^^^^^^^^^^^^^^^^^^^^^^^^^^^^^^^^^^^^^^^^^^^
  File "/usr/local/lib/python3.12/dist-packages/torch/nn/modules/module.py", line 1779, in _wrapped_call_impl
    return self._call_impl(*args, **kwargs)
           ^^^^^^^^^^^^^^^^^^^^^^^^^^^^^^^^
  File "/usr/local/lib/python3.12/dist-packages/torch/nn/modules/module.py", line 1790, in _call_impl
    return forward_call(*args, **kwargs)
           ^^^^^^^^^^^^^^^^^^^^^^^^^^^^^
  File "/usr/local/lib/python3.12/dist-packages/torch/nn/modules/linear.py", line 134, in forward
    return F.linear(input, self.weight, self.bias)
           ^^^^^^^^^^^^^^^^^^^^^^^^^^^^^^^^^^^^^^^
torch.OutOfMemoryError: CUDA out of memory. Tried to allocate 280.00 MiB. GPU 0 has a total capacity of 23.56 GiB of which 272.38 MiB is free. Process 165 has 6.87 GiB memory in use. Including non-PyTorch memory, this process has 5.46 GiB memory in use. Process 166 has 10.94 GiB memory in use. Of the allocated memory 4.74 GiB is allocated by PyTorch, and 417.55 MiB is reserved by PyTorch but unallocated. If reserved but unallocated memory is large try setting PYTORCH_CUDA_ALLOC_CONF=expandable_segments:True to avoid fragmentation.  See documentation for Memory Management  (https://docs.pytorch.org/docs/stable/notes/cuda.html#optimizing-memory-usage-with-pytorch-cuda-alloc-conf)
