[tape 4301] step 0 loss 41.3596 0.267s/upd
[tape 4301] step 200 loss 4.1378 0.127s/upd
[tape 4301] step 400 loss 0.2596 0.127s/upd
[tape 4301] step 600 loss 0.1516 0.131s/upd
[tape 4301] step 800 loss 0.0218 0.131s/upd
[tape 4301] step 1000 loss 0.0775 0.131s/upd
[tape 4301] step 1200 loss 0.0522 0.131s/upd
[tape 4301] step 1400 loss 0.0394 0.131s/upd
[tape 4301] step 1600 loss 0.0007 0.130s/upd
[tape 4301] step 1800 loss 0.0054 0.131s/upd
[tape 4301] step 2000 loss 0.0015 0.131s/upd
[tape 4301] step 2200 loss 0.0029 0.131s/upd
[tape 4301] step 2400 loss 0.0005 0.131s/upd
[tape 4301] step 2600 loss 0.0026 0.131s/upd
[tape 4301] step 2800 loss 0.0010 0.130s/upd
[tape 4301] step 3000 loss 0.0007 0.130s/upd
[tape 4301] step 3200 loss 0.0005 0.129s/upd
[tape 4301] step 3400 loss 0.0004 0.129s/upd
[tape 4301] step 3600 loss 0.0005 0.129s/upd
[tape 4301] step 3800 loss 0.0009 0.129s/upd
[tape 4301] step 4000 loss 0.0002 0.129s/upd
[tape 4301] step 4200 loss 0.0006 0.129s/upd
[tape 4301] step 4400 loss 0.0000 0.128s/upd
[tape 4301] step 4600 loss 0.0000 0.129s/upd
[tape 4301] step 4800 loss 0.0002 0.129s/upd
[tape 4301] step 5000 loss 0.0001 0.128s/upd
[tape 4301] step 5200 loss 0.0001 0.128s/upd
[tape 4301] step 5400 loss 0.0001 0.128s/upd
[tape 4301] step 5600 loss 0.0001 0.128s/upd
[tape 4301] step 5800 loss 0.0001 0.128s/upd
[tape 4301] step 6000 loss 0.0000 0.128s/upd
[tape 4301] step 6200 loss 0.0000 0.128s/upd
[tape 4301] step 6400 loss 0.0000 0.128s/upd
[tape 4301] step 6600 loss 0.0000 0.129s/upd
[tape 4301] step 6800 loss 0.0000 0.129s/upd
[tape 4301] step 7000 loss 0.0000 0.129s/upd
[tape 4301] step 7200 loss 0.0001 0.129s/upd
[tape 4301] step 7400 loss 0.0001 0.129s/upd
[tape 4301] step 7600 loss 0.0000 0.130s/upd
[tape 4301] step 7800 loss 0.0001 0.130s/upd
[tape 4301] step 7999 loss 0.0000 0.130s/upd
{
 "arm": "tape",
 "seed": 4301,
 "updates": 8000,
 "batch": 128,
 "params": 241941,
 "pool": 60000,
 "sec_per_update": 0.1300379553735256,
 "train_sec": 1040.303642988205,
 "data_sec": 7.852277040481567,
 "dev_act_acc": 0.975,
 "temps": [
  4.481685638427734,
  4.481685638427734,
  4.047422885894775,
  1.3883711099624634,
  4.481685638427734,
  0.3948117792606354
 ],
 "lexicon_sha": "552899c55ae3a0f00f6a5c8423e6101e9b73ad0cd6bcccd38b3471ca119029db",
 "split_sha": "41d7e588dd0b2f3c3fb0ebb78855d5685baa990cadb29f57307f8c5c850e7869"
}
