22:57:51 worker-untouched test (adapter off == N', B randomised) {'greedy_equal': True, 'logits_equal': True, 'passes': True, 'on_differs': True, 'on_greedy_differs': True}
00:21:04 day {'drawn': {'greedy': 1024, 'pass1': 32576, 'pass2': 358080, 'stuck_rows': 1018, 'pass2_rows': 746}, 'worker_pass': 0.005859375, 'stuck_rows': 1018, 'stuck_with_fit_in_n1': 272, 'stuck_with_fit_after_pass2': 565}
00:21:05 kept {'rows_stuck': 1018, 'rows_kept': 565, 'dropped_no_fit': 453, 'dropped_no_fail': 0, 'n_fit': 1867.0, 'n_fail': 4520.0, 'n_tries': 6387}
00:24:43 grid {'lr': 0.001, 'passes': 1, 'updates': 100, 'score': 0.41338582677165353, 'last_loss': -2.101525068283081, 'kl_end': 7.766765594482422}
00:29:36 grid {'lr': 0.001, 'passes': 2, 'updates': 200, 'score': 0.40551181102362205, 'last_loss': -10.811365127563477, 'kl_end': 17.247846603393555}
00:37:50 worker-untouched test (adapter off == N', B randomised) {'greedy_equal': True, 'logits_equal': True, 'passes': True, 'on_differs': True, 'on_greedy_differs': True}
00:37:53 day: loaded /root/c7d/s1/s101/day.pkl
00:37:53 day {'drawn': {'greedy': 1024, 'pass1': 32576, 'pass2': 358080, 'stuck_rows': 1018, 'pass2_rows': 746}, 'worker_pass': 0.005859375, 'stuck_rows': 1018, 'stuck_with_fit_in_n1': 272, 'stuck_with_fit_after_pass2': 565}
00:37:55 kept {'rows_stuck': 1018, 'rows_kept': 565, 'dropped_no_fit': 453, 'dropped_no_fail': 0, 'n_fit': 1867.0, 'n_fail': 4520.0, 'n_tries': 6387}
00:42:32 grid {'lr': 0.001, 'passes': 1, 'updates': 100, 'score': 0.41338582677165353, 'last_loss': -2.101525068283081, 'kl_end': 7.766765594482422}
00:48:43 grid {'lr': 0.001, 'passes': 2, 'updates': 200, 'score': 0.40551181102362205, 'last_loss': -10.811365127563477, 'kl_end': 17.247846603393555}
00:58:28 grid {'lr': 0.001, 'passes': 4, 'updates': 400, 'score': 0.051181102362204724, 'last_loss': -293.7406311035156, 'kl_end': 51.80025100708008}
01:02:43 grid {'lr': 0.003, 'passes': 1, 'updates': 100, 'score': 0.16535433070866143, 'last_loss': -6.294122219085693, 'kl_end': 20.496782302856445}
01:08:55 grid {'lr': 0.003, 'passes': 2, 'updates': 200, 'score': 0.007874015748031496, 'last_loss': -539.9369506835938, 'kl_end': 65.89759063720703}
01:18:42 grid {'lr': 0.003, 'passes': 4, 'updates': 400, 'score': 0.0, 'last_loss': -1001.1764526367188, 'kl_end': 54.91156005859375}
01:18:42 pick {'lr': 0.001, 'passes': 1, 'updates': 100, 'score': 0.41338582677165353, 'last_loss': -2.101525068283081, 'kl_end': 7.766765594482422}
02:13:23 arm U K_new {'reach32': 0.005208333333333333, 'reach512': 0.026041666666666668, 'fit512': 0.026041666666666668, 'tries_to_first_fit': 182.8, 'distinct_fitting': 0.03125} C2 DEV {'reach32': 0.2734375, 'reach512': 0.54296875, 'fit512': 0.54296875, 'tries_to_first_fit': 78.53956834532374, 'distinct_fitting': 1.4921875}
03:05:31 arm C K_new {'reach32': 0.0, 'reach512': 0.0, 'fit512': 0.0, 'tries_to_first_fit': None, 'distinct_fitting': 0.0} C2 DEV {'reach32': 0.43359375, 'reach512': 0.53515625, 'fit512': 0.53515625, 'tries_to_first_fit': 33.62043795620438, 'distinct_fitting': 1.25}
03:56:35 arm S K_new {'reach32': 0.0, 'reach512': 0.015625, 'fit512': 0.015625, 'tries_to_first_fit': 261.3333333333333, 'distinct_fitting': 0.020833333333333332} C2 DEV {'reach32': 0.25, 'reach512': 0.53515625, 'fit512': 0.53515625, 'tries_to_first_fit': 80.89781021897811, 'distinct_fitting': 1.48046875}
03:56:36 boot {'c2_C_minus_U': {'points': 16.015625, 'lo': 11.328125, 'hi': 21.09375}, 'c2_C_minus_S': {'points': 18.359375, 'lo': 13.671875, 'hi': 23.4375}, 'c2_at_eval_C_minus_U': {'points': -0.78125, 'lo': -3.90625, 'hi': 2.34375}, 'c2_at_eval_C_minus_S': {'points': 0.0, 'lo': -3.515625, 'hi': 3.515625}, 'groups': {'near_copy': {'C_minus_U': {'points': 35.294117647058826, 'lo': 26.47058823529412, 'hi': 45.09803921568628}, 'C_minus_S': {'points': 39.21568627450981, 'lo': 30.392156862745097, 'hi': 49.01960784313725}}, 'multi_step': {'C_minus_U': {'points': 3.2467532467532467, 'lo': -0.6493506493506493, 'hi': 7.792207792207792}, 'C_minus_S': {'points': 4.545454545454546, 'lo': 1.2987012987012987, 'hi': 8.441558441558442}}}, 'transfer_C_minus_U': {'points': -2.6041666666666665, 'lo': -4.6875, 'hi': -0.5208333333333333}, 'transfer_C_minus_S': {'points': -1.5625, 'lo': -3.125, 'hi': 0.0}, 'transfer32_C_minus_U': {'points': -0.5208333333333334, 'lo': -1.5625, 'hi': 0.0}, 'transfer32_C_minus_S': {'points': 0.0, 'lo': 0.0, 'hi': 0.0}}
03:56:38 worker-untouched after training {'C': {'greedy_equal': True, 'logits_equal': True, 'passes': True}, 'S': {'greedy_equal': True, 'logits_equal': True, 'passes': True}}
03:56:38 MARKS {'primary': {'C_minus_U_points': 16.015625, 'C_minus_S_points': 18.359375, 'passes': True, 'rule': 'C2 DEV reach@32 in creative mode, pooled: C - U >= +5 and C - S >= +3 points'}, 'variety': {'C': 0.515625, 'U': 0.35546875, 'passes': True, 'rule': 'C2 DEV distinct fitting programs per question within 32 tries: C >= 0.8 x U'}, 'unit_test': {'passes': True}, 'proved_wrong': {'flag': False, 'rule': 'C2 DEV reach@32: C - S upper end of the paired 95% interval < +1 point (both parents needed)'}, 'transfer_report_only': {'C_minus_U': {'points': -2.6041666666666665, 'lo': -4.6875, 'hi': -0.5208333333333333}, 'C_minus_S': {'points': -1.5625, 'lo': -3.125, 'hi': 0.0}, 'rule': 'K_new subset reach@512 (report only)'}, 'passes': True}
