17:45:24 stage a start
{"stage": "a", "arm": null, "seconds": 179.05731866502902, "exit_codes": [0, 0, 0], "complete": true, "refused": {}}
17:48:24 stage a exit 0
{"seed": 1401, "qualified": false, "reasons": ["relation 8: 88/512 < 487/512", "relation 9: 91/512 < 487/512", "relation 10: 80/512 < 487/512", "terminal given the true endpoint: 102/512 < 487/512"], "attribute": {"8": 88, "9": 91, "10": 80}, "terminal": 102}
{"seed": 1402, "qualified": false, "reasons": ["relation 8: 96/512 < 487/512", "relation 9: 80/512 < 487/512", "relation 10: 80/512 < 487/512", "terminal given the true endpoint: 87/512 < 487/512"], "attribute": {"8": 96, "9": 80, "10": 80}, "terminal": 87}
{"registered_seeds": [1400, 1401, 1402], "evaluated": [1400, 1401, 1402], "qualified": [], "qualified_of_registered": "0/3", "failed": [{"seed": 1400, "note": "stage A failed; stage-B hypothesis untested for this seed"}, {"seed": 1401, "note": "stage A failed; stage-B hypothesis untested for this seed"}, {"seed": 1402, "note": "stage A failed; stage-B hypothesis untested for this seed"}]}
{"stage": "b", "arm": "frozen", "seed": 1400, "refused": "seed 1400: stage A failed; stage-B hypothesis untested for this seed"}
{"stage": "b", "arm": "frozen", "seed": 1401, "refused": "seed 1401: stage A failed; stage-B hypothesis untested for this seed"}
{"stage": "b", "arm": "frozen", "seed": 1402, "refused": "seed 1402: stage A failed; stage-B hypothesis untested for this seed"}
{"stage": "b", "arm": "frozen", "seconds": 0.00013061199570074677, "exit_codes": [], "complete": true, "refused": {"1400": "seed 1400: stage A failed; stage-B hypothesis untested for this seed", "1401": "seed 1401: stage A failed; stage-B hypothesis untested for this seed", "1402": "seed 1402: stage A failed; stage-B hypothesis untested for this seed"}}
{"stage": "b", "arm": "shared", "seed": 1400, "refused": "seed 1400: stage A failed; stage-B hypothesis untested for this seed"}
{"stage": "b", "arm": "shared", "seed": 1401, "refused": "seed 1401: stage A failed; stage-B hypothesis untested for this seed"}
{"stage": "b", "arm": "shared", "seed": 1402, "refused": "seed 1402: stage A failed; stage-B hypothesis untested for this seed"}
{"stage": "b", "arm": "shared", "seconds": 0.00011853902833536267, "exit_codes": [], "complete": true, "refused": {"1400": "seed 1400: stage A failed; stage-B hypothesis untested for this seed", "1401": "seed 1401: stage A failed; stage-B hypothesis untested for this seed", "1402": "seed 1402: stage A failed; stage-B hypothesis untested for this seed"}}
17:48:29 stage b frozen exit 0
17:48:29 stage b shared exit 0
{"stage": "b", "arm": "frozen-present-mask", "seed": 1400, "refused": "seed 1400: stage A failed; stage-B hypothesis untested for this seed"}
{"stage": "b", "arm": "frozen-present-mask", "seed": 1401, "refused": "seed 1401: stage A failed; stage-B hypothesis untested for this seed"}
{"stage": "b", "arm": "frozen-present-mask", "seed": 1402, "refused": "seed 1402: stage A failed; stage-B hypothesis untested for this seed"}
{"stage": "b", "arm": "frozen-present-mask", "seconds": 0.00013338797725737095, "exit_codes": [], "complete": true, "refused": {"1400": "seed 1400: stage A failed; stage-B hypothesis untested for this seed", "1401": "seed 1401: stage A failed; stage-B hypothesis untested for this seed", "1402": "seed 1402: stage A failed; stage-B hypothesis untested for this seed"}}
{"stage": "b", "arm": "detached", "seed": 1400, "refused": "seed 1400: stage A failed; stage-B hypothesis untested for this seed"}
{"stage": "b", "arm": "detached", "seed": 1401, "refused": "seed 1401: stage A failed; stage-B hypothesis untested for this seed"}
{"stage": "b", "arm": "detached", "seed": 1402, "refused": "seed 1402: stage A failed; stage-B hypothesis untested for this seed"}
{"stage": "b", "arm": "detached", "seconds": 0.00011585198808461428, "exit_codes": [], "complete": true, "refused": {"1400": "seed 1400: stage A failed; stage-B hypothesis untested for this seed", "1401": "seed 1401: stage A failed; stage-B hypothesis untested for this seed", "1402": "seed 1402: stage A failed; stage-B hypothesis untested for this seed"}}
17:48:30 stage b detached exit 0
17:48:30 stage b frozen-present-mask exit 0
