- [The Adventures of Tintin | The Books] While investigating art forgery ring Tintin is captured; it was Unfinished at the time of Hergé passing leaving one hundred and fifty pages of pencil sketches for the story.
- [Spyware | lead] Spyware is a category of software for computers.
- [Orbital period | lead] The year and month are orbital periods.
- [Drunk driving | lead] The most common blood alcohol content (BAC) limit in the United States is 0.08% for the legal meaning of drunk.
- [Multiplication | lead] The opposite of multiplication is division.
- [Sailor Moon | lead] Sailor Moon is a shojo manga by Naoko Takeuchi.
- [Pope John Paul II | Assassination attempts] He barely survived the assassination attempt, and had to be treated in hospital for 20 days.
- [Musical notation | The modern system of musical notation] All the parts needed for a piece of music is called a “set of parts”.
- [Entropy | Energy Dispersal] When an ice cube melts, for example, the molecules move from an orderly, solid structure to a freely moving liquid where energy is more dispersed.
- [Sagittarius (astrology) | lead] Sagittarius is the astrological Zodiac sign that represents the constellation Sagittarius.
- [Poland | Geography] Coast lakes are former bays that have been cut off from the sea.
- [Melbourne | Sister cities] Melbourne has six sister cities.
- [Dumfries and Galloway | lead] Dumfries is 60 miles south of Edinburgh, the capital of Scotland.
- [Glay | lead] Since 2007, Teru has been in ads shown on television and in theaters to raise awareness about HIV/AIDS.
- [Sartène | Climate] The highest temperature ever recorded in Sartène was on 23 July 2009.
- [Pieve Ligure | lead] The wildlife there is very varied from young catfish to octopus.
- [Borzoi | lead] It has not changed much since then.
- [Logic | Logical proof] That kind of statement is called tautology.
- [Wildebeest | What they eat] In November they move back; there is grass in the plains in summer.
- [Mafia | In Italy] The mafia is still around here and they make a great deal of money.
KEPT=200000 PAGES=43925 HELD=2000 VOCAB=86035 RESIDUE=0 DUPES=0 WALL_S=20.5
