T4 L1: verdict=OK writes=0
T4 L2: verdict=OK writes=0
T4 L4: verdict=OK writes=0
T4 LITERAL: OK :: 'I can take one fact at a time — could you split that?\n'
T4: -> PASS
P2 A1: sealed=OK loop121=OK
P2 A2: sealed=BUG loop121=OK
P2 A3: sealed=BUG loop121=OK
P2 A4: sealed=OK loop121=OK
P2 A5: sealed=BUG loop121=OK
P2 A6: sealed=BUG loop121=OK
P2 A7: sealed=OK loop121=OK
P2 A8: sealed=BUG loop121=OK
P2 B1: sealed=OK loop121=OK
P2 B2: sealed=OK loop121=OK
P2 B3: sealed=OK loop121=OK
P2 B4: sealed=OK loop121=OK
P2 B5: sealed=BUG loop121=OK
P2 B6: sealed=OK loop121=OK
P2 B7: sealed=OK loop121=BUG
P2 B8: sealed=OK loop121=OK
P2 C1: sealed=BUG loop121=OK
P2 C2: sealed=BUG loop121=BUG
P2 C3: sealed=BUG loop121=OK
P2 C4: sealed=BUG loop121=OK
P2 C5: sealed=BUG loop121=BUG
P2 C6: sealed=OK loop121=OK
P2 C7: sealed=BUG loop121=OK
P2 C8: sealed=OK loop121=OK
P2 D1: sealed=OK loop121=OK
P2 D2: sealed=BUG loop121=OK
P2 D3: sealed=OK loop121=OK
P2 D4: sealed=OK loop121=OK
P2 D5: sealed=OK loop121=OK
P2 D6: sealed=OK loop121=OK
P2 D7: sealed=BUG loop121=OK
P2 D8: sealed=OK loop121=BUG
P2 E1: sealed=OK loop121=OK
P2 E2: sealed=OK loop121=OK
P2 E3: sealed=OK loop121=OK
P2 E4: sealed=OK loop121=OK
P2 E5: sealed=OK loop121=OK
P2 E6: sealed=OK loop121=OK
P2 E7: sealed=BUG loop121=OK
P2 E8: sealed=OK loop121=OK
P2 E9: sealed=OK loop121=OK
P2 E10: sealed=OK loop121=OK
P2 F1: sealed=OK loop121=OK
P2 F2: sealed=OK loop121=OK
P2 F3: sealed=OK loop121=OK
P2 F4: sealed=OK loop121=OK
P2 F5: sealed=OK loop121=OK
P2 F6: sealed=OK loop121=OK
P2 G1: sealed=OK loop121=OK
P2 G2: sealed=OK loop121=OK
P2 G3: sealed=OK loop121=OK
P2 G4: sealed=OK loop121=OK
P2 G5: sealed=OK loop121=OK
P2 G6: sealed=OK loop121=OK
P2 G7: sealed=OK loop121=OK
P2 G8: sealed=OK loop121=OK
P2 H1: sealed=OK loop121=OK
P2 H2: sealed=OK loop121=OK
P2 H3: sealed=OK loop121=OK
P2 H4: sealed=OK loop121=OK
P2 H5: sealed=BUG loop121=OK
P2 H6: sealed=OK loop121=OK
P2 H7: sealed=OK loop121=OK
P2 H8: sealed=OK loop121=OK
P2: OK->BUG=['B7', 'D8'] BUG->OK=['A2', 'A3', 'A5', 'A6', 'A8', 'B5', 'C1', 'C3', 'C4', 'C7', 'D2', 'D7', 'E7', 'H5'] stillBUG=['B7', 'C2', 'C5', 'D8'] okReplyChanged=[] -> FAIL
L1: before_writes=[1, 1] after=[(['clarify'], 0), (['clarify'], 0)] -> PASS
P3(l1): -> PASS
L2: n=74 changed=6 wrong=0 -> PASS
  changed=C_forget-02,D_q_vs_s-01,D_q_vs_s-02,E_double-01,E_double-02,E_double-03
P3(l2): -> PASS
L3: R1=PASS/R2=PASS/R3=PASS -> PASS
P3(l3): -> PASS
L4: thinker=QuarantinedThinking89 [('RT79-09', 'OK'), ('RT79-18', 'OK'), ('RT79-53', 'OK')] sites=[('RT79-09-subdomain', 1), ('RT79-53-port', 1)] -> PASS
P3(l4): -> PASS
L5-Z1: match=60/60 wrong=0 -> PASS
P3(l5z1): -> PASS
L5-Z2: {'correct': 150, 'abstain_ok': 50, 'WRONG': 0, 'MISS': 0, 'WRITE_FAULT': 0} stages={'loop121-teach': 575} -> PASS
P3(l5z2): -> PASS
L6 seed 1: correct=200/200 wrong=0 dupes=0 chain_ok=True torn_reported=False -> PASS
L6 seed 2: correct=200/200 wrong=0 dupes=0 chain_ok=True torn_reported=False -> PASS
L6 seed 3: correct=200/200 wrong=0 dupes=0 chain_ok=True torn_reported=False -> PASS
P3(l6): -> PASS
P4 P4-01: PASS
P4 P4-02: PASS
P4 P4-03: PASS
P4 P4-04: PASS
P4 P4-05: PASS
P4 P4-06: PASS
P4 P4-07: PASS
P4 P4-08: PASS
P4 P4-09: PASS
P4 P4-10: PASS
P4 P4-11: PASS
P4 P4-12: PASS
P4 P4-13: PASS
P4 P4-14: PASS
P4 P4-15: PASS
P4 P4-16: PASS
P4 P4-17: PASS
P4 P4-18: PASS
P4 P4-19: PASS
P4 P4-20: PASS
P4 P4-21: PASS
P4 P4-22: PASS
P4 P4-23: PASS
P4 P4-24: PASS
P4 P4-25: PASS
P4 P4-26: PASS
P4 P4-27: PASS
P4 P4-28: PASS
P4 P4-29: PASS
P4 P4-30: PASS
P4: false_refusals=[] nonpass=[] -> PASS
MARKS121 FAIL (34.3 s)
