{"event": "raw skills", "skills": {"pooled5": 0.997, "n5": 1000, "in_dist": 0.8935294117647059, "n_in_dist": 6800}, "t": 152}
{"event": "sleep", "step": 50, "loss": 6.9607}
{"event": "sleep", "step": 100, "loss": 1.6442}
{"event": "sleep", "step": 150, "loss": 1.3883}
{"event": "sleep", "step": 200, "loss": 1.2802}
{"event": "sleep", "step": 250, "loss": 1.2378}
{"event": "sleep", "step": 300, "loss": 1.1619}
{"event": "sleep", "step": 350, "loss": 1.096}
{"event": "temperature", "T": 0.7, "reach4": 0.13253936554326745, "reach32": 0.515625, "distinct_rules": 5.7265625, "rules_share": 0.2688829137130286, "eligible": true}
{"event": "temperature", "T": 1.0, "reach4": 0.11947107028642936, "reach32": 0.4921875, "distinct_rules": 6.0234375, "rules_share": 0.26806640625, "eligible": true}
{"event": "temperature", "T": 1.5, "reach4": 0.09731841803392659, "reach32": 0.46875, "distinct_rules": 5.96875, "rules_share": 0.24560546875, "eligible": true}
{"event": "temperature", "T": 2.0, "reach4": 0.07693270300333704, "reach32": 0.4140625, "distinct_rules": 5.6875, "rules_share": 0.220703125, "eligible": true}
{"event": "temperature", "T": 0.47, "reach4": 0.14121905543776198, "reach32": 0.53125, "distinct_rules": 5.4921875, "rules_share": 0.27904102817597626, "eligible": true}
{"event": "temperature", "T": 0.31, "reach4": 0.15512234817665885, "reach32": 0.5234375, "distinct_rules": 5.0078125, "rules_share": 0.29065565307176044, "eligible": true}
{"event": "temperature", "T": 0.21, "reach4": 0.15956876761995356, "reach32": 0.5078125, "distinct_rules": 4.4375, "rules_share": 0.29147597254004576, "eligible": true}
{"event": "rung", "warm3": 1500, "dreams": 0, "visits": 4, "verdict": "pass", "t": 1605}
{"event": "warmed", "warm3": 1500, "T": 0.21, "dev_luck": 0.04691075514874142, "dev_first_try": 0.1015625, "dev_reach4": 0.15956876761995356, "t": 1911}
{"event": "pc", "lr": 0.0003, "updates": 172, "n_records": 1377, "dev_luck": 0.04722142240138209, "dev_reach4": 0.1725852297588672, "dev_reach32": 0.5625, "dev_first_try": 0.0703125, "dev_aim": 0.03282464727900951, "luck_gain": 0.031066725264067285, "first_try_gain": -3.125, "loss_last": 2.056677508354187, "t": 2284}
{"event": "pc", "lr": 0.001, "updates": 172, "n_records": 1377, "dev_luck": 0.05400746911806952, "dev_reach4": 0.1883050482270797, "dev_reach32": 0.625, "dev_first_try": 0.0859375, "dev_aim": 0.036483769031887395, "luck_gain": 0.7096713969328101, "first_try_gain": -1.5625, "loss_last": 2.131567394733429, "t": 2660}
{"event": "pc", "lr": 0.003, "updates": 172, "n_records": 1377, "dev_luck": 0.04632310364794441, "dev_reach4": 0.1642746416154534, "dev_reach32": 0.5546875, "dev_first_try": 0.0859375, "dev_aim": 0.0280833815865663, "luck_gain": -0.058765150079700956, "first_try_gain": -1.5625, "loss_last": 2.3474794387817384, "t": 3033}
{"event": "pc", "lr": 0.01, "updates": 172, "n_records": 1377, "dev_luck": 0.042119565217391304, "dev_reach4": 0.1474635946814766, "dev_reach32": 0.5625, "dev_first_try": 0.0546875, "dev_aim": 0.020652173913043477, "luck_gain": -0.4791189931350116, "first_try_gain": -4.6875, "loss_last": 3.1443591356277465, "t": 3389}
{"event": "done", "pc_gate": {"pc_minus_n_luck_points": 0.7096713969328101, "pc_over_n_luck": 1.151281170955921, "first_try_gain_points": -1.5625, "needed_points": 3.0, "needed_ratio": 1.6, "passes": false, "temperature": 0.21, "with_replay": true, "harm_pooled5_points_vs_warmed": 1.7000000000000015}, "wall_s": 3389}
