  buffer-R: 4096 questions, 0 fallbacks, 0.5s
  buffer-G: 4096 questions, 0 fallbacks, 3.1s
  buffer-U: 4096 questions, 0 fallbacks, 5.6s
{
  "seed": 1900,
  "arms": [
    "R",
    "G",
    "U"
  ],
  "identical_world_bytes": true,
  "generation_gate": {
    "passed": true,
    "reading": "instances",
    "structures": {
      "c=4,r=8": {
        "structure": "c=4,r=8",
        "operation_string": "LINK LINK LINK 8",
        "distinct_question_instances": 117,
        "distinct_raw_question_tokens": 16,
        "distinct_questions": 117,
        "reading": "instances",
        "distinct_worlds": 113,
        "distinct_bound_subjects": 16,
        "awake_instances": 0,
        "required": 16,
        "passed": true
      },
      "c=4,r=9": {
        "structure": "c=4,r=9",
        "operation_string": "LINK LINK LINK 9",
        "distinct_question_instances": 102,
        "distinct_raw_question_tokens": 16,
        "distinct_questions": 102,
        "reading": "instances",
        "distinct_worlds": 100,
        "distinct_bound_subjects": 16,
        "awake_instances": 0,
        "required": 16,
        "passed": true
      },
      "c=5,r=8": {
        "structure": "c=5,r=8",
        "operation_string": "LINK LINK LINK LINK 8",
        "distinct_question_instances": 31,
        "distinct_raw_question_tokens": 11,
        "distinct_questions": 31,
        "reading": "instances",
        "distinct_worlds": 31,
        "distinct_bound_subjects": 11,
        "awake_instances": 0,
        "required": 16,
        "passed": true
      },
      "c=5,r=9": {
        "structure": "c=5,r=9",
        "operation_string": "LINK LINK LINK LINK 9",
        "distinct_question_instances": 44,
        "distinct_raw_question_tokens": 16,
        "distinct_questions": 44,
        "reading": "instances",
        "distinct_worlds": 44,
        "distinct_bound_subjects": 16,
        "awake_instances": 0,
        "required": 16,
        "passed": true
      }
    },
    "memory_worlds_distinct": true,
    "awake_operation_types": [
      "10",
      "8",
      "9",
      "LINK 8",
      "LINK 9",
      "LINK LINK 8",
      "LINK LINK 9"
    ],
    "ruling": "design/v3/19-rulings-1.md ruling 1 (ratified)",
    "note": "fallbacks and repeated (world, question) pairs excluded; awake instances counted over the entity-stripped awake corpus; entity-ID coverage is descriptive, not a gate"
  },
  "zero_composite_r10_exposure": true,
  "fallbacks": {
    "R": 0,
    "G": 0,
    "U": 0
  }
}
