[bigru 4301] step 0 loss 39.3732 0.071s/upd
[bigru 4301] step 200 loss 5.1178 0.025s/upd
[bigru 4301] step 400 loss 0.2764 0.024s/upd
[bigru 4301] step 600 loss 0.1000 0.024s/upd
[bigru 4301] step 800 loss 0.0238 0.024s/upd
[bigru 4301] step 1000 loss 0.0067 0.024s/upd
[bigru 4301] step 1200 loss 0.0072 0.024s/upd
[bigru 4301] step 1400 loss 0.0504 0.024s/upd
[bigru 4301] step 1600 loss 0.0008 0.024s/upd
[bigru 4301] step 1800 loss 0.0078 0.024s/upd
[bigru 4301] step 2000 loss 0.0029 0.024s/upd
[bigru 4301] step 2200 loss 0.0006 0.024s/upd
[bigru 4301] step 2400 loss 0.0003 0.024s/upd
[bigru 4301] step 2600 loss 0.0002 0.024s/upd
[bigru 4301] step 2800 loss 0.0002 0.024s/upd
[bigru 4301] step 3000 loss 0.0001 0.024s/upd
[bigru 4301] step 3200 loss 0.0001 0.024s/upd
[bigru 4301] step 3400 loss 0.0001 0.024s/upd
[bigru 4301] step 3600 loss 0.0001 0.025s/upd
[bigru 4301] step 3800 loss 0.0004 0.025s/upd
[bigru 4301] step 4000 loss 0.0195 0.025s/upd
[bigru 4301] step 4200 loss 0.0004 0.025s/upd
[bigru 4301] step 4400 loss 0.0001 0.025s/upd
[bigru 4301] step 4600 loss 0.0001 0.025s/upd
[bigru 4301] step 4800 loss 0.0001 0.025s/upd
[bigru 4301] step 5000 loss 0.0002 0.025s/upd
[bigru 4301] step 5200 loss 0.0002 0.025s/upd
[bigru 4301] step 5400 loss 0.0001 0.026s/upd
[bigru 4301] step 5600 loss 0.0001 0.026s/upd
[bigru 4301] step 5800 loss 0.0000 0.026s/upd
[bigru 4301] step 6000 loss 0.0000 0.026s/upd
[bigru 4301] step 6200 loss 0.0001 0.026s/upd
[bigru 4301] step 6400 loss 0.0000 0.026s/upd
[bigru 4301] step 6600 loss 0.0000 0.026s/upd
[bigru 4301] step 6800 loss 0.0000 0.026s/upd
[bigru 4301] step 7000 loss 0.0000 0.027s/upd
[bigru 4301] step 7200 loss 0.0001 0.027s/upd
[bigru 4301] step 7400 loss 0.0001 0.027s/upd
[bigru 4301] step 7600 loss 0.0000 0.026s/upd
[bigru 4301] step 7800 loss 0.0001 0.026s/upd
[bigru 4301] step 7999 loss 0.0000 0.026s/upd
{
 "arm": "bigru",
 "seed": 4301,
 "updates": 8000,
 "batch": 128,
 "params": 243237,
 "pool": 60000,
 "sec_per_update": 0.026462520480155946,
 "train_sec": 211.70016384124756,
 "data_sec": 8.000851392745972,
 "dev_act_acc": 0.9775,
 "temps": [
  4.481685638427734,
  4.481685638427734,
  4.481685638427734,
  4.481685638427734,
  4.481685638427734,
  1.7828727960586548
 ],
 "lexicon_sha": "552899c55ae3a0f00f6a5c8423e6101e9b73ad0cd6bcccd38b3471ca119029db",
 "split_sha": "41d7e588dd0b2f3c3fb0ebb78855d5685baa990cadb29f57307f8c5c850e7869"
}
