[119g] step0-119f-baseline Tue 09/22/2026 11:04:02.56 
[94b-step0-K1 K=1] seed 11911: exact=24 emitted=281 prec=0.08540925266903915 occ=1/94 W2=0c/0w/0t rate=None
[94b-step0-K1 K=1] seed 11912: exact=19 emitted=292 prec=0.06506849315068493 occ=1/94 W2=0c/0w/0t rate=None
[94b-step0-K1 K=1] seed 11913: exact=27 emitted=301 prec=0.08970099667774087 occ=1/94 W2=0c/0w/0t rate=None
[94b-step0-K1 K=1] seed 11911: exact=24 emitted=281 prec=0.08540925266903915 occ=1/94 W2=0c/0w/0t rate=None
[94b-step0-K1 K=1] seed 11912: exact=19 emitted=292 prec=0.06506849315068493 occ=1/94 W2=0c/0w/0t rate=None
[94b-step0-K1 K=1] seed 11913: exact=27 emitted=301 prec=0.08970099667774087 occ=1/94 W2=0c/0w/0t rate=None
[119g] pool build Tue 09/22/2026 11:04:13.17 
pool119f kept=141398 dropped=119 synth=60000 occ=5000 webred=81398 steps=8838 -> C:\Users\benja\ears119g\pool119f.jsonl
[119g] seed 11911 Tue 09/22/2026 11:05:28.96 
[11911] pool rows=141398
[11911] cal encodable=5000
[11911] step 200/8838 loss 3.7121 0.070s/step
[11911] step 400/8838 loss 3.9268 0.069s/step
[11911] step 600/8838 loss 2.7375 0.069s/step
[11911] step 800/8838 loss 2.0192 0.069s/step
[11911] step 1000/8838 loss 1.9478 0.069s/step
[11911] step 1200/8838 loss 2.7039 0.069s/step
[11911] step 1400/8838 loss 3.7815 0.069s/step
[11911] step 1600/8838 loss 1.6355 0.068s/step
[11911] step 1800/8838 loss 1.2072 0.068s/step
[11911] step 2000/8838 loss 2.6399 0.068s/step
[11911] step 2200/8838 loss 2.0429 0.068s/step
[11911] step 2400/8838 loss 2.4446 0.068s/step
[11911] step 2600/8838 loss 3.5002 0.068s/step
[11911] step 2800/8838 loss 1.8680 0.068s/step
[11911] step 3000/8838 loss 3.2579 0.068s/step
[11911] step 3200/8838 loss 3.2657 0.068s/step
[11911] step 3400/8838 loss 2.2418 0.068s/step
[11911] step 3600/8838 loss 3.1163 0.068s/step
[11911] step 3800/8838 loss 2.5151 0.068s/step
[11911] step 4000/8838 loss 2.4259 0.068s/step
[11911] step 4200/8838 loss 2.9886 0.068s/step
[11911] step 4400/8838 loss 2.5615 0.068s/step
[11911] step 4600/8838 loss 1.8707 0.068s/step
[11911] step 4800/8838 loss 1.2566 0.068s/step
[11911] step 5000/8838 loss 1.1341 0.068s/step
[11911] step 5200/8838 loss 1.8144 0.068s/step
[11911] step 5400/8838 loss 0.9849 0.068s/step
[11911] step 5600/8838 loss 1.6987 0.069s/step
[11911] step 5800/8838 loss 2.2612 0.069s/step
[11911] step 6000/8838 loss 1.4171 0.068s/step
[11911] step 6200/8838 loss 1.8582 0.068s/step
[11911] step 6400/8838 loss 2.8415 0.068s/step
[11911] step 6600/8838 loss 0.8155 0.068s/step
[11911] step 6800/8838 loss 1.5603 0.068s/step
[11911] step 7000/8838 loss 1.6501 0.068s/step
[11911] step 7200/8838 loss 2.2825 0.068s/step
[11911] step 7400/8838 loss 1.8039 0.068s/step
[11911] step 7600/8838 loss 1.0596 0.068s/step
[11911] step 7800/8838 loss 1.1489 0.068s/step
[11911] step 8000/8838 loss 1.2765 0.068s/step
[11911] step 8200/8838 loss 2.2051 0.068s/step
[11911] step 8400/8838 loss 1.9495 0.068s/step
[11911] step 8600/8838 loss 2.3333 0.068s/step
[11911] step 8800/8838 loss 2.4182 0.068s/step
[11911] step 8838/8838 loss 2.5268 0.068s/step
{
 "seed": 11911,
 "exp": "119g",
 "epochs": 2,
 "batch": 32,
 "lr": 3e-05,
 "steps": 8838,
 "max_len": 192,
 "params": 109893714,
 "params_trainable": 109893714,
 "pool": 141398,
 "pool_file": "C:\\Users\\benja\\ears119g\\pool119f.jsonl",
 "cal_file": "C:\\Users\\benja\\ears119g\\repo\\panels\\cal.json",
 "device": "cuda",
 "sec_per_step": 0.06846512273092242,
 "train_sec": 605.0947546958923,
 "data_sec": 2.5715415477752686,
 "dev_act_acc": 0.8896484375,
 "tokens_per_sec_200": null,
 "temps": [
  2.439084053039551,
  1.5383012294769287,
  2.5278103351593018,
  1.6482518911361694,
  0.22357706725597382,
  1.0
 ],
 "freeze_layers": 0
}
[119g] seed 11912 Tue 09/22/2026 11:05:28.96 
[11912] pool rows=141398
[11912] cal encodable=5000
[11912] step 200/8838 loss 5.0583 0.069s/step
[11912] step 400/8838 loss 2.9163 0.069s/step
[11912] step 600/8838 loss 3.4857 0.069s/step
[11912] step 800/8838 loss 3.5037 0.068s/step
[11912] step 1000/8838 loss 2.9411 0.068s/step
[11912] step 1200/8838 loss 1.7352 0.068s/step
[11912] step 1400/8838 loss 2.9882 0.068s/step
[11912] step 1600/8838 loss 3.0684 0.068s/step
[11912] step 1800/8838 loss 2.5599 0.068s/step
[11912] step 2000/8838 loss 4.1203 0.068s/step
[11912] step 2200/8838 loss 3.8001 0.068s/step
[11912] step 2400/8838 loss 1.8698 0.068s/step
[11912] step 2600/8838 loss 2.4817 0.068s/step
[11912] step 2800/8838 loss 2.5580 0.068s/step
[11912] step 3000/8838 loss 2.9510 0.068s/step
[11912] step 3200/8838 loss 0.6650 0.068s/step
[11912] step 3400/8838 loss 2.3711 0.068s/step
[11912] step 3600/8838 loss 2.4838 0.068s/step
[11912] step 3800/8838 loss 2.0406 0.068s/step
[11912] step 4000/8838 loss 1.6249 0.068s/step
[11912] step 4200/8838 loss 1.8405 0.068s/step
[11912] step 4400/8838 loss 2.6106 0.068s/step
[11912] step 4600/8838 loss 1.7450 0.068s/step
[11912] step 4800/8838 loss 2.7760 0.068s/step
[11912] step 5000/8838 loss 1.7095 0.068s/step
[11912] step 5200/8838 loss 2.2004 0.068s/step
[11912] step 5400/8838 loss 2.0533 0.068s/step
[11912] step 5600/8838 loss 1.3508 0.068s/step
[11912] step 5800/8838 loss 2.0274 0.068s/step
[11912] step 6000/8838 loss 1.2350 0.068s/step
[11912] step 6200/8838 loss 2.5983 0.068s/step
[11912] step 6400/8838 loss 1.6307 0.068s/step
[11912] step 6600/8838 loss 1.2062 0.068s/step
[11912] step 6800/8838 loss 3.7985 0.068s/step
[11912] step 7000/8838 loss 1.5024 0.068s/step
[11912] step 7200/8838 loss 1.9927 0.068s/step
[11912] step 7400/8838 loss 1.8120 0.068s/step
[11912] step 7600/8838 loss 1.9890 0.068s/step
[11912] step 7800/8838 loss 1.4846 0.068s/step
[11912] step 8000/8838 loss 1.8973 0.068s/step
[11912] step 8200/8838 loss 2.6500 0.068s/step
[11912] step 8400/8838 loss 1.3632 0.068s/step
[11912] step 8600/8838 loss 3.7074 0.068s/step
[11912] step 8800/8838 loss 2.4463 0.068s/step
[11912] step 8838/8838 loss 2.3491 0.068s/step
{
 "seed": 11912,
 "exp": "119g",
 "epochs": 2,
 "batch": 32,
 "lr": 3e-05,
 "steps": 8838,
 "max_len": 192,
 "params": 109893714,
 "params_trainable": 109893714,
 "pool": 141398,
 "pool_file": "C:\\Users\\benja\\ears119g\\pool119f.jsonl",
 "cal_file": "C:\\Users\\benja\\ears119g\\repo\\panels\\cal.json",
 "device": "cuda",
 "sec_per_step": 0.06838437825151363,
 "train_sec": 604.3811349868774,
 "data_sec": 2.536447286605835,
 "dev_act_acc": 0.896484375,
 "tokens_per_sec_200": null,
 "temps": [
  1.6531537771224976,
  1.4652454853057861,
  2.2571678161621094,
  1.5266635417938232,
  0.3711300492286682,
  1.0
 ],
 "freeze_layers": 0
}
[119g] seed 11913 Tue 09/22/2026 11:05:28.96 
[11913] pool rows=141398
[11913] cal encodable=5000
[11913] step 200/8838 loss 5.0660 0.070s/step
[11913] step 400/8838 loss 3.3733 0.070s/step
[11913] step 600/8838 loss 3.2786 0.070s/step
[11913] step 800/8838 loss 1.8592 0.069s/step
[11913] step 1000/8838 loss 3.1887 0.069s/step
[11913] step 1200/8838 loss 2.3901 0.069s/step
[11913] step 1400/8838 loss 3.7466 0.069s/step
[11913] step 1600/8838 loss 2.7876 0.069s/step
[11913] step 1800/8838 loss 2.8934 0.069s/step
[11913] step 2000/8838 loss 3.2290 0.069s/step
[11913] step 2200/8838 loss 3.1692 0.069s/step
[11913] step 2400/8838 loss 3.6268 0.069s/step
[11913] step 2600/8838 loss 2.0616 0.069s/step
[11913] step 2800/8838 loss 1.8926 0.069s/step
[11913] step 3000/8838 loss 3.3452 0.069s/step
[11913] step 3200/8838 loss 3.7836 0.069s/step
[11913] step 3400/8838 loss 1.7665 0.069s/step
[11913] step 3600/8838 loss 1.9477 0.069s/step
[11913] step 3800/8838 loss 2.2497 0.068s/step
[11913] step 4000/8838 loss 1.8652 0.068s/step
[11913] step 4200/8838 loss 1.5389 0.068s/step
[11913] step 4400/8838 loss 1.8881 0.068s/step
[11913] step 4600/8838 loss 2.2709 0.068s/step
[11913] step 4800/8838 loss 1.5862 0.068s/step
[11913] step 5000/8838 loss 1.7625 0.069s/step
[11913] step 5200/8838 loss 2.9534 0.068s/step
[11913] step 5400/8838 loss 1.8959 0.068s/step
[11913] step 5600/8838 loss 2.1441 0.068s/step
[11913] step 5800/8838 loss 2.3892 0.068s/step
[11913] step 6000/8838 loss 2.4151 0.068s/step
[11913] step 6200/8838 loss 2.3275 0.069s/step
[11913] step 6400/8838 loss 1.7378 0.069s/step
[11913] step 6600/8838 loss 1.7726 0.068s/step
[11913] step 6800/8838 loss 1.8987 0.069s/step
[11913] step 7000/8838 loss 2.1547 0.068s/step
[11913] step 7200/8838 loss 1.5721 0.068s/step
[11913] step 7400/8838 loss 1.9062 0.068s/step
[11913] step 7600/8838 loss 2.6597 0.068s/step
[11913] step 7800/8838 loss 1.6324 0.068s/step
[11913] step 8000/8838 loss 0.7819 0.068s/step
[11913] step 8200/8838 loss 1.0568 0.068s/step
[11913] step 8400/8838 loss 2.3598 0.068s/step
[11913] step 8600/8838 loss 0.3861 0.068s/step
[11913] step 8800/8838 loss 2.4033 0.068s/step
[11913] step 8838/8838 loss 1.2368 0.068s/step
{
 "seed": 11913,
 "exp": "119g",
 "epochs": 2,
 "batch": 32,
 "lr": 3e-05,
 "steps": 8838,
 "max_len": 192,
 "params": 109893714,
 "params_trainable": 109893714,
 "pool": 141398,
 "pool_file": "C:\\Users\\benja\\ears119g\\pool119f.jsonl",
 "cal_file": "C:\\Users\\benja\\ears119g\\repo\\panels\\cal.json",
 "device": "cuda",
 "sec_per_step": 0.0683944584368904,
 "train_sec": 604.4702236652374,
 "data_sec": 2.564518928527832,
 "dev_act_acc": 0.8798828125,
 "tokens_per_sec_200": null,
 "temps": [
  1.5846751928329468,
  1.4319732189178467,
  2.142225503921509,
  1.529340147972107,
  0.22313034534454346,
  1.0
 ],
 "freeze_layers": 0
}
[119g] score47g Tue 09/22/2026 11:37:14.12 
{
 "gate47_reported": false,
 "W1": {
  "executed": 0,
  "silent": 0,
  "pass": false
 },
 "cal_multi": {
  "11911": {
   "n_frames_hist": {
    "1": 4981,
    "2": 19
   },
   "n_rows": 5000
  },
  "11912": {
   "n_frames_hist": {
    "1": 4969,
    "2": 31
   },
   "n_rows": 5000
  },
  "11913": {
   "n_frames_hist": {
    "1": 4967,
    "2": 33
   },
   "n_rows": 5000
  }
 }
}
[119g] panel94-K1 Tue 09/22/2026 11:39:45.28 
[94 K=1] seed 11911: exact=18 emitted=277 prec=0.06498194945848375 occ=0/44 W2=0c/0w/0t rate=None
[94 K=1] seed 11912: exact=13 emitted=279 prec=0.04659498207885305 occ=0/44 W2=0c/0w/0t rate=None
[94 K=1] seed 11913: exact=15 emitted=279 prec=0.053763440860215055 occ=0/44 W2=0c/0w/0t rate=None
[94 K=1] seed 11911: exact=51 emitted=277 prec=0.18411552346570398 occ=0/44 W2=0c/0w/0t rate=None
[94 K=1] seed 11912: exact=45 emitted=279 prec=0.16129032258064516 occ=0/44 W2=0c/0w/0t rate=None
[94 K=1] seed 11913: exact=48 emitted=279 prec=0.17204301075268819 occ=0/44 W2=0c/0w/0t rate=None
[119g] panel94-K3 Tue 09/22/2026 11:39:55.80 
[94 K=1] seed 11911: exact=18 emitted=277 prec=0.06498194945848375 occ=0/44 W2=0c/0w/0t rate=None
[94 K=1] seed 11912: exact=13 emitted=279 prec=0.04659498207885305 occ=0/44 W2=0c/0w/0t rate=None
[94 K=1] seed 11913: exact=15 emitted=279 prec=0.053763440860215055 occ=0/44 W2=0c/0w/0t rate=None
[94 K=3] seed 11911: exact=73 emitted=438 prec=0.16666666666666666 occ=0/44 W2=0c/0w/0t rate=None
[94 K=3] seed 11912: exact=64 emitted=444 prec=0.14414414414414414 occ=0/44 W2=0c/0w/0t rate=None
[94 K=3] seed 11913: exact=68 emitted=455 prec=0.14945054945054945 occ=0/44 W2=0c/0w/0t rate=None
[119g] panel94b-K1 Tue 09/22/2026 11:40:06.57 
[94b K=1] seed 11911: exact=15 emitted=285 prec=0.05263157894736842 occ=1/94 W2=0c/0w/0t rate=None
[94b K=1] seed 11912: exact=11 emitted=299 prec=0.03678929765886288 occ=1/94 W2=0c/0w/0t rate=None
[94b K=1] seed 11913: exact=14 emitted=288 prec=0.04861111111111111 occ=1/94 W2=0c/0w/0t rate=None
[94b K=1] seed 11911: exact=52 emitted=285 prec=0.1824561403508772 occ=1/94 W2=0c/0w/0t rate=None
[94b K=1] seed 11912: exact=48 emitted=299 prec=0.1605351170568562 occ=1/94 W2=0c/0w/0t rate=None
[94b K=1] seed 11913: exact=61 emitted=288 prec=0.21180555555555555 occ=1/94 W2=0c/0w/0t rate=None
[119g] panel94b-K3 Tue 09/22/2026 11:40:17.16 
[94b K=1] seed 11911: exact=15 emitted=285 prec=0.05263157894736842 occ=1/94 W2=0c/0w/0t rate=None
[94b K=1] seed 11912: exact=11 emitted=299 prec=0.03678929765886288 occ=1/94 W2=0c/0w/0t rate=None
[94b K=1] seed 11913: exact=14 emitted=288 prec=0.04861111111111111 occ=1/94 W2=0c/0w/0t rate=None
[94b K=3] seed 11911: exact=91 emitted=471 prec=0.1932059447983015 occ=1/94 W2=0c/0w/0t rate=None
[94b K=3] seed 11912: exact=82 emitted=495 prec=0.16565656565656567 occ=1/94 W2=0c/0w/0t rate=None
[94b K=3] seed 11913: exact=100 emitted=491 prec=0.20366598778004075 occ=1/94 W2=0c/0w/0t rate=None
[119g] WAVE DONE Tue 09/22/2026 11:40:28.12 
