{
 "R1-SAFE": {
  "silent_wrong_writes_6500": 0,
  "t_trap_items_written": 0,
  "pass": true
 },
 "R1-ECHO": {
  "echoed_wrong_writes": 1,
  "limit": 65,
  "pass": true
 },
 "R1-SEEN": {
  "correct": 1847,
  "need": 1940,
  "exec_correct": 986,
  "need_exec": 1800,
  "pass": false
 },
 "R1-NEW": {
  "correct": 2290,
  "need": 2400,
  "exec_correct": 1069,
  "need_exec": 1950,
  "pass": false
 },
 "R1-NAMES": {
  "correct": 360,
  "need": 300,
  "pass": true
 },
 "R1-ASK": {
  "wrong_executed_questions": 0,
  "limit": 25,
  "pass": true
 }
}
wave bigru: train 3.7 min, total 3.9 min
