{
 "R1-SAFE": {
  "silent_wrong_writes_6500": 1,
  "t_trap_items_written": 1,
  "pass": false
 },
 "R1-ECHO": {
  "echoed_wrong_writes": 9,
  "limit": 65,
  "pass": true
 },
 "R1-SEEN": {
  "correct": 1862,
  "need": 1940,
  "exec_correct": 985,
  "need_exec": 1800,
  "pass": false
 },
 "R1-NEW": {
  "correct": 2195,
  "need": 2400,
  "exec_correct": 1132,
  "need_exec": 1950,
  "pass": false
 },
 "R1-NAMES": {
  "correct": 364,
  "need": 300,
  "pass": true
 },
 "R1-ASK": {
  "wrong_executed_questions": 33,
  "limit": 25,
  "pass": false
 }
}
wave names: train 18.7 min, total 19.0 min
