# 21 / M1 "new names" -- reserved-code panels against the frozen grow-blind recipe

source fingerprint  d3ebd511c2362affc78039bc5dd6f9903c9c361b57339a6924eb3964a821967c
verdict             INCOMPLETE  (missing runs: control-2100, control-2101, control-2102, treatment-2100, treatment-2101, treatment-2102)
control seeds met their own marks   0/3
treatment seeds passed              0/3

## R (fixed loop) per cell; treatment columns are the RESERVED-code scoring
cell    cutoff  cont-2100  cont-2101  cont-2102  trea-2100  trea-2101  trea-2102
c1          487       -       -       -       -       -       -
c2          487       -       -       -       -       -       -
c3          461       -       -       -       -       -       -
c4          461       -       -       -       -       -       -
c5          461       -       -       -       -       -       -
c6          461       -       -       -       -       -       -
p12-1       487       -       -       -       -       -       -
p12-2       487       -       -       -       -       -       -
p12-3       461       -       -       -       -       -       -
s3          461       -       -       -       -       -       -

## paired reserved minus training-pool (mark: >= -13/512)
cell    seed 2100  seed 2101  seed 2102
c1             -        -        -
c2             -        -        -
c3             -        -        -
c4             -        -        -
c5             -        -        -
c6             -        -        -
p12-1          -        -        -
p12-2          -        -        -
p12-3          -        -        -
s3             -        -        -

## pre-named failure signatures

