{"cell": "k1-prac", "hops": 1, "trained": {"answers": 64, "strict": 64, "over_cap": 0}, "oracle": {"answers": 64, "strict": 64, "over_cap": 0}}
{"cell": "k1-held", "hops": 1, "trained": {"answers": 64, "strict": 64, "over_cap": 0}, "oracle": {"answers": 64, "strict": 64, "over_cap": 0}}
{"cell": "k2-prac", "hops": 2, "trained": {"answers": 64, "strict": 64, "over_cap": 0}, "oracle": {"answers": 64, "strict": 64, "over_cap": 0}}
{"cell": "k2-held", "hops": 2, "trained": {"answers": 64, "strict": 64, "over_cap": 0}, "oracle": {"answers": 64, "strict": 64, "over_cap": 0}}
{"cell": "k3-prac", "hops": 3, "trained": {"answers": 64, "strict": 56, "over_cap": 0}, "oracle": {"answers": 64, "strict": 56, "over_cap": 0}}
{"cell": "k3-held", "hops": 3, "trained": {"answers": 64, "strict": 56, "over_cap": 0}, "oracle": {"answers": 64, "strict": 56, "over_cap": 0}}
{"cell": "k4-prac", "hops": 4, "trained": {"answers": 4, "strict": 0, "over_cap": 0}, "oracle": {"answers": 4, "strict": 0, "over_cap": 0}}
{"cell": "k4-held", "hops": 4, "trained": {"answers": 4, "strict": 0, "over_cap": 0}, "oracle": {"answers": 4, "strict": 0, "over_cap": 0}}
{"cell": "k5-prac", "hops": 5, "trained": {"answers": 4, "strict": 0, "over_cap": 0}, "oracle": {"answers": 4, "strict": 0, "over_cap": 0}}
{"cell": "k5-held", "hops": 5, "trained": {"answers": 8, "strict": 0, "over_cap": 0}, "oracle": {"answers": 8, "strict": 0, "over_cap": 0}}
{"cell": "k6-prac", "hops": 6, "trained": {"answers": 2, "strict": 0, "over_cap": 0}, "oracle": {"answers": 2, "strict": 0, "over_cap": 0}}
{"cell": "k6-held", "hops": 6, "trained": {"answers": 5, "strict": 0, "over_cap": 0}, "oracle": {"answers": 5, "strict": 0, "over_cap": 0}}
{"cell": "k7-prac", "hops": 7, "trained": {"answers": 1, "strict": 0, "over_cap": 22}, "oracle": {"answers": 1, "strict": 0, "over_cap": 22}}
{"cell": "k7-held", "hops": 7, "trained": {"answers": 2, "strict": 0, "over_cap": 0}, "oracle": {"answers": 2, "strict": 0, "over_cap": 0}}
{"cell": "k8-prac", "hops": 8, "trained": {"answers": 1, "strict": 0, "over_cap": 18}, "oracle": {"answers": 1, "strict": 0, "over_cap": 18}}
{"cell": "k8-held", "hops": 8, "trained": {"answers": 3, "strict": 0, "over_cap": 0}, "oracle": {"answers": 3, "strict": 0, "over_cap": 0}}
{"cell": "p6-k1-prac", "hops": 1, "trained": {"answers": 64, "strict": 64, "over_cap": 0}, "oracle": {"answers": 64, "strict": 64, "over_cap": 0}}
{"cell": "p6-k1-held", "hops": 1, "trained": {"answers": 64, "strict": 64, "over_cap": 0}, "oracle": {"answers": 64, "strict": 64, "over_cap": 0}}
{"cell": "p6-k2-prac", "hops": 2, "trained": {"answers": 64, "strict": 64, "over_cap": 0}, "oracle": {"answers": 64, "strict": 64, "over_cap": 0}}
{"cell": "p6-k2-held", "hops": 2, "trained": {"answers": 64, "strict": 64, "over_cap": 0}, "oracle": {"answers": 64, "strict": 64, "over_cap": 0}}
{"cell": "p6-k3-prac", "hops": 3, "trained": {"answers": 64, "strict": 60, "over_cap": 0}, "oracle": {"answers": 64, "strict": 60, "over_cap": 0}}
{"cell": "p6-k3-held", "hops": 3, "trained": {"answers": 64, "strict": 58, "over_cap": 0}, "oracle": {"answers": 64, "strict": 58, "over_cap": 0}}
{"cell": "pair-link", "hops": 5, "trained": {"answers": 0, "strict": 0, "over_cap": 0}, "oracle": {"answers": 0, "strict": 0, "over_cap": 0}}
{"cell": "pair-value", "hops": 5, "trained": {"answers": 0, "strict": 0, "over_cap": 0}, "oracle": {"answers": 0, "strict": 0, "over_cap": 0}}
{"cell": "pair-irrelevant", "hops": 5, "trained": {"answers": 1, "strict": 0, "over_cap": 0}, "oracle": {"answers": 1, "strict": 0, "over_cap": 0}}
{"diagnose": "k1-prac", "none": {"answers": 64, "strict": 64, "over_cap": 0}, "force_operation": {"answers": 64, "strict": 64, "over_cap": 0}, "force_subject": {"answers": 64, "strict": 64, "over_cap": 0}, "force_stop": {"answers": 64, "strict": 64, "over_cap": 0}, "force_operation+subject": {"answers": 64, "strict": 64, "over_cap": 0}}
{"diagnose": "k1-held", "none": {"answers": 64, "strict": 64, "over_cap": 0}, "force_operation": {"answers": 64, "strict": 64, "over_cap": 0}, "force_subject": {"answers": 64, "strict": 64, "over_cap": 0}, "force_stop": {"answers": 64, "strict": 64, "over_cap": 0}, "force_operation+subject": {"answers": 64, "strict": 64, "over_cap": 0}}
{"diagnose": "k2-prac", "none": {"answers": 64, "strict": 64, "over_cap": 0}, "force_operation": {"answers": 64, "strict": 64, "over_cap": 0}, "force_subject": {"answers": 64, "strict": 64, "over_cap": 0}, "force_stop": {"answers": 64, "strict": 64, "over_cap": 0}, "force_operation+subject": {"answers": 64, "strict": 64, "over_cap": 0}}
{"diagnose": "k2-held", "none": {"answers": 64, "strict": 64, "over_cap": 0}, "force_operation": {"answers": 64, "strict": 64, "over_cap": 0}, "force_subject": {"answers": 64, "strict": 64, "over_cap": 0}, "force_stop": {"answers": 64, "strict": 64, "over_cap": 0}, "force_operation+subject": {"answers": 64, "strict": 64, "over_cap": 0}}
{"diagnose": "k3-prac", "none": {"answers": 64, "strict": 56, "over_cap": 0}, "force_operation": {"answers": 64, "strict": 56, "over_cap": 0}, "force_subject": {"answers": 64, "strict": 56, "over_cap": 0}, "force_stop": {"answers": 64, "strict": 64, "over_cap": 0}, "force_operation+subject": {"answers": 64, "strict": 56, "over_cap": 0}}
{"diagnose": "k3-held", "none": {"answers": 64, "strict": 56, "over_cap": 0}, "force_operation": {"answers": 64, "strict": 56, "over_cap": 0}, "force_subject": {"answers": 64, "strict": 56, "over_cap": 0}, "force_stop": {"answers": 64, "strict": 63, "over_cap": 0}, "force_operation+subject": {"answers": 64, "strict": 56, "over_cap": 0}}
{"diagnose": "k4-prac", "none": {"answers": 4, "strict": 0, "over_cap": 0}, "force_operation": {"answers": 46, "strict": 43, "over_cap": 0}, "force_subject": {"answers": 4, "strict": 0, "over_cap": 0}, "force_stop": {"answers": 5, "strict": 0, "over_cap": 0}, "force_operation+subject": {"answers": 58, "strict": 57, "over_cap": 0}}
{"diagnose": "k4-held", "none": {"answers": 4, "strict": 0, "over_cap": 0}, "force_operation": {"answers": 42, "strict": 37, "over_cap": 0}, "force_subject": {"answers": 3, "strict": 0, "over_cap": 0}, "force_stop": {"answers": 6, "strict": 0, "over_cap": 0}, "force_operation+subject": {"answers": 56, "strict": 54, "over_cap": 0}}
{"diagnose": "k5-prac", "none": {"answers": 4, "strict": 0, "over_cap": 0}, "force_operation": {"answers": 27, "strict": 22, "over_cap": 0}, "force_subject": {"answers": 4, "strict": 0, "over_cap": 0}, "force_stop": {"answers": 6, "strict": 0, "over_cap": 0}, "force_operation+subject": {"answers": 61, "strict": 60, "over_cap": 0}}
{"diagnose": "k5-held", "none": {"answers": 8, "strict": 0, "over_cap": 0}, "force_operation": {"answers": 24, "strict": 17, "over_cap": 0}, "force_subject": {"answers": 7, "strict": 0, "over_cap": 0}, "force_stop": {"answers": 3, "strict": 0, "over_cap": 0}, "force_operation+subject": {"answers": 58, "strict": 58, "over_cap": 0}}
{"diagnose": "k6-prac", "none": {"answers": 2, "strict": 0, "over_cap": 0}, "force_operation": {"answers": 10, "strict": 8, "over_cap": 0}, "force_subject": {"answers": 2, "strict": 0, "over_cap": 0}, "force_stop": {"answers": 2, "strict": 0, "over_cap": 0}, "force_operation+subject": {"answers": 55, "strict": 55, "over_cap": 0}}
{"diagnose": "k6-held", "none": {"answers": 5, "strict": 0, "over_cap": 0}, "force_operation": {"answers": 7, "strict": 4, "over_cap": 0}, "force_subject": {"answers": 5, "strict": 0, "over_cap": 0}, "force_stop": {"answers": 1, "strict": 0, "over_cap": 0}, "force_operation+subject": {"answers": 58, "strict": 58, "over_cap": 0}}
{"diagnose": "k7-prac", "none": {"answers": 1, "strict": 0, "over_cap": 22}, "force_operation": {"answers": 6, "strict": 2, "over_cap": 0}, "force_subject": {"answers": 1, "strict": 0, "over_cap": 9}, "force_stop": {"answers": 0, "strict": 0, "over_cap": 0}, "force_operation+subject": {"answers": 61, "strict": 61, "over_cap": 0}}
{"diagnose": "k7-held", "none": {"answers": 2, "strict": 0, "over_cap": 0}, "force_operation": {"answers": 5, "strict": 1, "over_cap": 0}, "force_subject": {"answers": 2, "strict": 0, "over_cap": 0}, "force_stop": {"answers": 1, "strict": 0, "over_cap": 0}, "force_operation+subject": {"answers": 59, "strict": 58, "over_cap": 0}}
{"diagnose": "k8-prac", "none": {"answers": 1, "strict": 0, "over_cap": 18}, "force_operation": {"answers": 4, "strict": 1, "over_cap": 0}, "force_subject": {"answers": 1, "strict": 0, "over_cap": 12}, "force_stop": {"answers": 1, "strict": 0, "over_cap": 0}, "force_operation+subject": {"answers": 57, "strict": 56, "over_cap": 0}}
{"diagnose": "k8-held", "none": {"answers": 3, "strict": 0, "over_cap": 0}, "force_operation": {"answers": 6, "strict": 0, "over_cap": 0}, "force_subject": {"answers": 3, "strict": 0, "over_cap": 0}, "force_stop": {"answers": 1, "strict": 0, "over_cap": 0}, "force_operation+subject": {"answers": 60, "strict": 58, "over_cap": 0}}
{"diagnose": "p6-k1-prac", "none": {"answers": 64, "strict": 64, "over_cap": 0}, "force_operation": {"answers": 64, "strict": 64, "over_cap": 0}, "force_subject": {"answers": 64, "strict": 64, "over_cap": 0}, "force_stop": {"answers": 64, "strict": 64, "over_cap": 0}, "force_operation+subject": {"answers": 64, "strict": 64, "over_cap": 0}}
{"diagnose": "p6-k1-held", "none": {"answers": 64, "strict": 64, "over_cap": 0}, "force_operation": {"answers": 64, "strict": 64, "over_cap": 0}, "force_subject": {"answers": 64, "strict": 64, "over_cap": 0}, "force_stop": {"answers": 64, "strict": 64, "over_cap": 0}, "force_operation+subject": {"answers": 64, "strict": 64, "over_cap": 0}}
{"diagnose": "p6-k2-prac", "none": {"answers": 64, "strict": 64, "over_cap": 0}, "force_operation": {"answers": 64, "strict": 64, "over_cap": 0}, "force_subject": {"answers": 64, "strict": 64, "over_cap": 0}, "force_stop": {"answers": 64, "strict": 64, "over_cap": 0}, "force_operation+subject": {"answers": 64, "strict": 64, "over_cap": 0}}
{"diagnose": "p6-k2-held", "none": {"answers": 64, "strict": 64, "over_cap": 0}, "force_operation": {"answers": 64, "strict": 64, "over_cap": 0}, "force_subject": {"answers": 64, "strict": 64, "over_cap": 0}, "force_stop": {"answers": 64, "strict": 64, "over_cap": 0}, "force_operation+subject": {"answers": 64, "strict": 64, "over_cap": 0}}
{"diagnose": "p6-k3-prac", "none": {"answers": 64, "strict": 60, "over_cap": 0}, "force_operation": {"answers": 64, "strict": 60, "over_cap": 0}, "force_subject": {"answers": 64, "strict": 60, "over_cap": 0}, "force_stop": {"answers": 64, "strict": 64, "over_cap": 0}, "force_operation+subject": {"answers": 64, "strict": 60, "over_cap": 0}}
{"diagnose": "p6-k3-held", "none": {"answers": 64, "strict": 58, "over_cap": 0}, "force_operation": {"answers": 64, "strict": 58, "over_cap": 0}, "force_subject": {"answers": 64, "strict": 58, "over_cap": 0}, "force_stop": {"answers": 64, "strict": 64, "over_cap": 0}, "force_operation+subject": {"answers": 64, "strict": 58, "over_cap": 0}}
{"diagnose": "pair-link", "none": {"answers": 0, "strict": 0, "over_cap": 0}, "force_operation": {"answers": 8, "strict": 4, "over_cap": 0}, "force_subject": {"answers": 0, "strict": 0, "over_cap": 0}, "force_stop": {"answers": 0, "strict": 0, "over_cap": 0}, "force_operation+subject": {"answers": 50, "strict": 49, "over_cap": 0}}
{"diagnose": "pair-value", "none": {"answers": 0, "strict": 0, "over_cap": 0}, "force_operation": {"answers": 16, "strict": 14, "over_cap": 0}, "force_subject": {"answers": 0, "strict": 0, "over_cap": 0}, "force_stop": {"answers": 0, "strict": 0, "over_cap": 0}, "force_operation+subject": {"answers": 51, "strict": 49, "over_cap": 0}}
{"diagnose": "pair-irrelevant", "none": {"answers": 1, "strict": 0, "over_cap": 0}, "force_operation": {"answers": 20, "strict": 16, "over_cap": 0}, "force_subject": {"answers": 1, "strict": 0, "over_cap": 0}, "force_stop": {"answers": 2, "strict": 0, "over_cap": 0}, "force_operation+subject": {"answers": 55, "strict": 53, "over_cap": 0}}
