{"event": "start", "arm": "rl", "seed": 2, "dispatcher_parameters": 15522, "train_hops": [1, 2, 3], "train_people": 6, "train_cap": 4, "call_cost": 0.01, "ablations": {"no_recent": false, "no_offsets": true}, "operator": "checkpoint"}
{"seed": 2, "arm": "rl", "update": 1, "mean_reward": 0.0126953125, "invalid_fraction": 0.951171875, "over_cap_fraction": 0.0, "mean_calls": 0.0927734375, "entropy": 1.5851014852523804, "seconds": 1.0679818340004203, "mean_shaped": 0.011767578311264515, "call_cost": 0.01}
{"seed": 2, "arm": "rl", "update": 100, "mean_reward": 0.13579150883838384, "invalid_fraction": 0.7039930555555556, "over_cap_fraction": 0.00011837121212121212, "mean_calls": 0.34522964015151514, "entropy": 1.1686613824632432, "seconds": 12.397801417000665, "mean_shaped": 0.13233920778006766, "call_cost": 0.01}
{"seed": 2, "arm": "rl", "update": 200, "mean_reward": 0.3916796875, "invalid_fraction": 0.30638671875, "over_cap_fraction": 0.008544921875, "mean_calls": 1.0778515625, "entropy": 0.5188380193710327, "seconds": 25.104791959000067, "mean_shaped": 0.3809011590480804, "call_cost": 0.01}
{"seed": 2, "arm": "rl", "update": 300, "mean_reward": 0.721474609375, "invalid_fraction": 0.003203125, "over_cap_fraction": 0.001513671875, "mean_calls": 2.05845703125, "entropy": 0.17526059344410896, "seconds": 38.067809500000294, "mean_shaped": 0.7008900249004364, "call_cost": 0.01}
{"seed": 2, "arm": "rl", "update": 400, "mean_reward": 0.73646484375, "invalid_fraction": 0.001337890625, "over_cap_fraction": 0.00048828125, "mean_calls": 2.101962890625, "entropy": 0.17538850650191307, "seconds": 51.155864125000335, "mean_shaped": 0.7154452008008957, "call_cost": 0.01}
{"seed": 2, "arm": "rl", "update": 500, "mean_reward": 0.9704296875, "invalid_fraction": 0.00109375, "over_cap_fraction": 0.00041015625, "mean_calls": 2.13154296875, "entropy": 0.12706941537559033, "seconds": 64.16445266700066, "mean_shaped": 0.9491142618656159, "call_cost": 0.01}
{"seed": 2, "arm": "rl", "update": 600, "mean_reward": 0.999404296875, "invalid_fraction": 0.000107421875, "over_cap_fraction": 0.000146484375, "mean_calls": 2.17560546875, "entropy": 0.12025046594440937, "seconds": 77.20170020900059, "mean_shaped": 0.9776482456922531, "call_cost": 0.01}
{"seed": 2, "arm": "rl", "update": 700, "mean_reward": 0.99955078125, "invalid_fraction": 8.7890625e-05, "over_cap_fraction": 0.000126953125, "mean_calls": 2.18392578125, "entropy": 0.11847943864762783, "seconds": 90.25965929200083, "mean_shaped": 0.9777115428447724, "call_cost": 0.01}
{"seed": 2, "arm": "rl", "update": 800, "mean_reward": 0.999697265625, "invalid_fraction": 4.8828125e-05, "over_cap_fraction": 8.7890625e-05, "mean_calls": 2.17544921875, "entropy": 0.11969818860292435, "seconds": 103.35433866700077, "mean_shaped": 0.9779427880048752, "call_cost": 0.01}
{"seed": 2, "arm": "rl", "update": 900, "mean_reward": 0.999755859375, "invalid_fraction": 2.9296875e-05, "over_cap_fraction": 8.7890625e-05, "mean_calls": 2.17490234375, "entropy": 0.11871571436524392, "seconds": 116.53868987500027, "mean_shaped": 0.9780068475008011, "call_cost": 0.01}
{"seed": 2, "arm": "rl", "update": 1000, "mean_reward": 0.999794921875, "invalid_fraction": 5.859375e-05, "over_cap_fraction": 9.765625e-05, "mean_calls": 2.16654296875, "entropy": 0.12000414878129959, "seconds": 129.7147568750006, "mean_shaped": 0.9781295132637023, "call_cost": 0.01}
{"seed": 2, "arm": "rl", "update": 1100, "mean_reward": 0.999873046875, "invalid_fraction": 9.765625e-06, "over_cap_fraction": 6.8359375e-05, "mean_calls": 2.1775, "entropy": 0.12013840071856975, "seconds": 142.89223375000074, "mean_shaped": 0.9780980604887008, "call_cost": 0.01}
{"seed": 2, "arm": "rl", "update": 1200, "mean_reward": 0.999833984375, "invalid_fraction": 5.859375e-05, "over_cap_fraction": 2.9296875e-05, "mean_calls": 2.17076171875, "entropy": 0.1205922695249319, "seconds": 155.99684916700062, "mean_shaped": 0.9781263762712479, "call_cost": 0.01}
{"seed": 2, "arm": "rl", "update": 1300, "mean_reward": 0.999794921875, "invalid_fraction": 9.765625e-06, "over_cap_fraction": 1.953125e-05, "mean_calls": 2.16775390625, "entropy": 0.11981483280658722, "seconds": 169.07543983400046, "mean_shaped": 0.9781173926591873, "call_cost": 0.01}
{"seed": 2, "arm": "rl", "update": 1400, "mean_reward": 0.999970703125, "invalid_fraction": 9.765625e-06, "over_cap_fraction": 9.765625e-06, "mean_calls": 2.167158203125, "entropy": 0.12072831034660339, "seconds": 182.34756308400029, "mean_shaped": 0.9782991278171539, "call_cost": 0.01}
{"seed": 2, "arm": "rl", "update": 1500, "mean_reward": 0.999833984375, "invalid_fraction": 0.00013671875, "over_cap_fraction": 0.0, "mean_calls": 2.177265625, "entropy": 0.11886720724403858, "seconds": 195.467773417, "mean_shaped": 0.9780613374710083, "call_cost": 0.01}
{"seed": 2, "arm": "rl", "update": 1600, "mean_reward": 0.999833984375, "invalid_fraction": 8.7890625e-05, "over_cap_fraction": 1.953125e-05, "mean_calls": 2.16708984375, "entropy": 0.11802457846701145, "seconds": 208.44871287500064, "mean_shaped": 0.9781630921363831, "call_cost": 0.01}
{"seed": 2, "arm": "rl", "update": 1700, "mean_reward": 0.9998828125, "invalid_fraction": 9.765625e-06, "over_cap_fraction": 1.953125e-05, "mean_calls": 2.165146484375, "entropy": 0.11819401547312737, "seconds": 221.5030382090008, "mean_shaped": 0.9782313543558121, "call_cost": 0.01}
{"seed": 2, "arm": "rl", "update": 1800, "mean_reward": 0.99990234375, "invalid_fraction": 8.7890625e-05, "over_cap_fraction": 9.765625e-06, "mean_calls": 2.163466796875, "entropy": 0.11927550114691257, "seconds": 234.5010550420002, "mean_shaped": 0.9782676839828491, "call_cost": 0.01}
{"seed": 2, "arm": "rl", "update": 1900, "mean_reward": 0.99986328125, "invalid_fraction": 0.0001171875, "over_cap_fraction": 9.765625e-06, "mean_calls": 2.1499609375, "entropy": 0.11616469606757164, "seconds": 247.50158466700032, "mean_shaped": 0.9783636778593063, "call_cost": 0.01}
{"seed": 2, "arm": "rl", "update": 2000, "mean_reward": 0.999892578125, "invalid_fraction": 2.9296875e-05, "over_cap_fraction": 5.859375e-05, "mean_calls": 2.168359375, "entropy": 0.11701007939875126, "seconds": 260.4070474170003, "mean_shaped": 0.978208999633789, "call_cost": 0.01}
{"seed": 2, "arm": "rl", "update": 2100, "mean_reward": 0.99998046875, "invalid_fraction": 9.765625e-06, "over_cap_fraction": 9.765625e-06, "mean_calls": 2.165595703125, "entropy": 0.11862966552376747, "seconds": 273.3916094590004, "mean_shaped": 0.9783245259523392, "call_cost": 0.01}
{"seed": 2, "arm": "rl", "update": 2200, "mean_reward": 1.0, "invalid_fraction": 0.0, "over_cap_fraction": 0.0, "mean_calls": 2.167001953125, "entropy": 0.12031487315893173, "seconds": 286.4398257920002, "mean_shaped": 0.9783299922943115, "call_cost": 0.01}
{"seed": 2, "arm": "rl", "update": 2300, "mean_reward": 0.999951171875, "invalid_fraction": 2.9296875e-05, "over_cap_fraction": 0.0, "mean_calls": 2.169130859375, "entropy": 0.11947489880025387, "seconds": 299.5564956670005, "mean_shaped": 0.978259871006012, "call_cost": 0.01}
{"seed": 2, "arm": "rl", "update": 2400, "mean_reward": 0.999990234375, "invalid_fraction": 0.0, "over_cap_fraction": 0.0, "mean_calls": 2.148720703125, "entropy": 0.11856479845941066, "seconds": 312.6744705840001, "mean_shaped": 0.9785030299425125, "call_cost": 0.01}
{"seed": 2, "arm": "rl", "update": 2500, "mean_reward": 1.0, "invalid_fraction": 0.0, "over_cap_fraction": 0.0, "mean_calls": 2.1606640625, "entropy": 0.11889065109193325, "seconds": 325.71987733400056, "mean_shaped": 0.9783933639526368, "call_cost": 0.01}
{"seed": 2, "arm": "rl", "update": 2600, "mean_reward": 0.99974609375, "invalid_fraction": 8.7890625e-05, "over_cap_fraction": 2.9296875e-05, "mean_calls": 2.15583984375, "entropy": 0.11626331523060798, "seconds": 338.7058252500001, "mean_shaped": 0.9781876993179321, "call_cost": 0.01}
{"seed": 2, "arm": "rl", "update": 2700, "mean_reward": 0.999990234375, "invalid_fraction": 0.0, "over_cap_fraction": 0.0, "mean_calls": 2.158515625, "entropy": 0.11651506990194321, "seconds": 351.7704619590004, "mean_shaped": 0.9784050875902176, "call_cost": 0.01}
{"seed": 2, "arm": "rl", "update": 2800, "mean_reward": 0.999990234375, "invalid_fraction": 0.0, "over_cap_fraction": 9.765625e-06, "mean_calls": 2.143955078125, "entropy": 0.11780883446335792, "seconds": 364.8087354590007, "mean_shaped": 0.9785506856441498, "call_cost": 0.01}
{"seed": 2, "arm": "rl", "update": 2900, "mean_reward": 0.99994140625, "invalid_fraction": 5.859375e-05, "over_cap_fraction": 0.0, "mean_calls": 2.154248046875, "entropy": 0.11632881134748459, "seconds": 377.83372941700054, "mean_shaped": 0.9783989334106445, "call_cost": 0.01}
{"seed": 2, "arm": "rl", "update": 3000, "mean_reward": 0.999970703125, "invalid_fraction": 1.953125e-05, "over_cap_fraction": 9.765625e-06, "mean_calls": 2.13294921875, "entropy": 0.11619604870676994, "seconds": 390.8177954590001, "mean_shaped": 0.9786412191390991, "call_cost": 0.01}
{"seed": 2, "arm": "rl", "update": 3100, "mean_reward": 0.99966796875, "invalid_fraction": 9.765625e-06, "over_cap_fraction": 0.0, "mean_calls": 2.14775390625, "entropy": 0.11477518789470195, "seconds": 403.763275667, "mean_shaped": 0.9781904286146164, "call_cost": 0.01}
{"seed": 2, "arm": "rl", "update": 3200, "mean_reward": 1.0, "invalid_fraction": 0.0, "over_cap_fraction": 0.0, "mean_calls": 2.14244140625, "entropy": 0.11753116220235825, "seconds": 417.31362291700043, "mean_shaped": 0.9785755920410156, "call_cost": 0.01}
{"seed": 2, "arm": "rl", "update": 3300, "mean_reward": 1.0, "invalid_fraction": 0.0, "over_cap_fraction": 0.0, "mean_calls": 2.13857421875, "entropy": 0.11558751493692399, "seconds": 430.5509872500006, "mean_shaped": 0.9786142593622208, "call_cost": 0.01}
{"seed": 2, "arm": "rl", "update": 3400, "mean_reward": 1.0, "invalid_fraction": 0.0, "over_cap_fraction": 0.0, "mean_calls": 2.132412109375, "entropy": 0.11453279793262482, "seconds": 443.5196975840008, "mean_shaped": 0.9786758846044541, "call_cost": 0.01}
{"seed": 2, "arm": "rl", "update": 3500, "mean_reward": 0.999990234375, "invalid_fraction": 9.765625e-06, "over_cap_fraction": 0.0, "mean_calls": 2.13146484375, "entropy": 0.11442728310823441, "seconds": 456.5631385000006, "mean_shaped": 0.9786755979061127, "call_cost": 0.01}
{"seed": 2, "arm": "rl", "update": 3600, "mean_reward": 0.99998046875, "invalid_fraction": 1.953125e-05, "over_cap_fraction": 0.0, "mean_calls": 2.131220703125, "entropy": 0.11510893456637859, "seconds": 469.6136582090003, "mean_shaped": 0.9786682665348053, "call_cost": 0.01}
{"seed": 2, "arm": "rl", "update": 3700, "mean_reward": 1.0, "invalid_fraction": 0.0, "over_cap_fraction": 0.0, "mean_calls": 2.117314453125, "entropy": 0.1135542917996645, "seconds": 482.73246383400055, "mean_shaped": 0.978826864361763, "call_cost": 0.01}
{"seed": 2, "arm": "rl", "update": 3800, "mean_reward": 0.999990234375, "invalid_fraction": 0.0, "over_cap_fraction": 9.765625e-06, "mean_calls": 2.119169921875, "entropy": 0.11437309548258781, "seconds": 495.9962330840008, "mean_shaped": 0.9787985390424728, "call_cost": 0.01}
{"seed": 2, "arm": "rl", "update": 3900, "mean_reward": 0.999873046875, "invalid_fraction": 2.9296875e-05, "over_cap_fraction": 1.953125e-05, "mean_calls": 2.115810546875, "entropy": 0.11122534349560738, "seconds": 509.4421883340001, "mean_shaped": 0.9787149381637573, "call_cost": 0.01}
{"seed": 2, "arm": "rl", "update": 4000, "mean_reward": 0.99990234375, "invalid_fraction": 7.8125e-05, "over_cap_fraction": 0.0, "mean_calls": 2.111728515625, "entropy": 0.11240339249372483, "seconds": 522.9899750000004, "mean_shaped": 0.9787850612401963, "call_cost": 0.01}
{"seed": 2, "arm": "rl", "update": 4100, "mean_reward": 0.99998046875, "invalid_fraction": 1.953125e-05, "over_cap_fraction": 0.0, "mean_calls": 2.1103125, "entropy": 0.11141966320574284, "seconds": 536.5627541670001, "mean_shaped": 0.9788773441314698, "call_cost": 0.01}
{"seed": 2, "arm": "rl", "update": 4200, "mean_reward": 0.99998046875, "invalid_fraction": 0.0, "over_cap_fraction": 9.765625e-06, "mean_calls": 2.1075, "entropy": 0.11173530712723732, "seconds": 550.2389605840008, "mean_shaped": 0.9789054727554322, "call_cost": 0.01}
{"seed": 2, "arm": "rl", "update": 4300, "mean_reward": 0.999990234375, "invalid_fraction": 0.0, "over_cap_fraction": 0.0, "mean_calls": 2.116220703125, "entropy": 0.11143369376659393, "seconds": 563.9015122500005, "mean_shaped": 0.9788280302286148, "call_cost": 0.01}
{"seed": 2, "arm": "rl", "update": 4400, "mean_reward": 1.0, "invalid_fraction": 0.0, "over_cap_fraction": 0.0, "mean_calls": 2.097470703125, "entropy": 0.11135808415710927, "seconds": 577.5122447090007, "mean_shaped": 0.9790252959728241, "call_cost": 0.01}
{"seed": 2, "arm": "rl", "update": 4500, "mean_reward": 1.0, "invalid_fraction": 0.0, "over_cap_fraction": 0.0, "mean_calls": 2.117685546875, "entropy": 0.10924133628606797, "seconds": 591.2170943340006, "mean_shaped": 0.9788231486082077, "call_cost": 0.01}
{"seed": 2, "arm": "rl", "update": 4600, "mean_reward": 0.999970703125, "invalid_fraction": 1.953125e-05, "over_cap_fraction": 9.765625e-06, "mean_calls": 2.0876171875, "entropy": 0.10840953543782234, "seconds": 604.8576011250007, "mean_shaped": 0.9790945267677307, "call_cost": 0.01}
{"seed": 2, "arm": "rl", "update": 4700, "mean_reward": 0.99994140625, "invalid_fraction": 9.765625e-06, "over_cap_fraction": 9.765625e-06, "mean_calls": 2.07939453125, "entropy": 0.10721048124134541, "seconds": 618.4201591250003, "mean_shaped": 0.9791474568843842, "call_cost": 0.01}
{"seed": 2, "arm": "rl", "update": 4800, "mean_reward": 0.999970703125, "invalid_fraction": 0.0, "over_cap_fraction": 1.953125e-05, "mean_calls": 2.074345703125, "entropy": 0.10557132668793201, "seconds": 632.0570530000005, "mean_shaped": 0.9792272537946701, "call_cost": 0.01}
{"seed": 2, "arm": "rl", "update": 4900, "mean_reward": 0.99998046875, "invalid_fraction": 0.0, "over_cap_fraction": 0.0, "mean_calls": 2.08853515625, "entropy": 0.10688058920204639, "seconds": 645.6695529170001, "mean_shaped": 0.9790951102972031, "call_cost": 0.01}
{"seed": 2, "arm": "rl", "update": 5000, "mean_reward": 0.999970703125, "invalid_fraction": 1.953125e-05, "over_cap_fraction": 0.0, "mean_calls": 2.074384765625, "entropy": 0.10622888945043087, "seconds": 659.0173630840009, "mean_shaped": 0.9792268604040146, "call_cost": 0.01}
{"seed": 2, "arm": "rl", "update": 5100, "mean_reward": 1.0, "invalid_fraction": 0.0, "over_cap_fraction": 0.0, "mean_calls": 2.0641015625, "entropy": 0.10419434748589992, "seconds": 672.0525481250006, "mean_shaped": 0.979358981847763, "call_cost": 0.01}
{"seed": 2, "arm": "rl", "update": 5200, "mean_reward": 1.0, "invalid_fraction": 0.0, "over_cap_fraction": 0.0, "mean_calls": 2.07056640625, "entropy": 0.10134893797338008, "seconds": 684.8977842920003, "mean_shaped": 0.9792943263053894, "call_cost": 0.01}
{"seed": 2, "arm": "rl", "update": 5300, "mean_reward": 1.0, "invalid_fraction": 0.0, "over_cap_fraction": 0.0, "mean_calls": 2.060361328125, "entropy": 0.10140954799950123, "seconds": 697.7340899590008, "mean_shaped": 0.9793963873386383, "call_cost": 0.01}
{"seed": 2, "arm": "rl", "update": 5400, "mean_reward": 0.99998046875, "invalid_fraction": 0.0, "over_cap_fraction": 9.765625e-06, "mean_calls": 2.06703125, "entropy": 0.09904639646410943, "seconds": 710.2805970000009, "mean_shaped": 0.979310160279274, "call_cost": 0.01}
{"seed": 2, "arm": "rl", "update": 5500, "mean_reward": 0.999892578125, "invalid_fraction": 1.953125e-05, "over_cap_fraction": 0.0, "mean_calls": 2.063134765625, "entropy": 0.09969501718878745, "seconds": 722.8350176670001, "mean_shaped": 0.9792612266540527, "call_cost": 0.01}
{"seed": 2, "arm": "rl", "update": 5600, "mean_reward": 0.99998046875, "invalid_fraction": 1.953125e-05, "over_cap_fraction": 0.0, "mean_calls": 2.02865234375, "entropy": 0.09551987677812576, "seconds": 734.6594482500004, "mean_shaped": 0.9796939271688462, "call_cost": 0.01}
{"seed": 2, "arm": "rl", "update": 5700, "mean_reward": 0.999462890625, "invalid_fraction": 1.953125e-05, "over_cap_fraction": 0.0, "mean_calls": 2.0369921875, "entropy": 0.09599577829241752, "seconds": 746.2784435840003, "mean_shaped": 0.9790929687023163, "call_cost": 0.01}
{"seed": 2, "arm": "rl", "update": 5800, "mean_reward": 1.0, "invalid_fraction": 0.0, "over_cap_fraction": 0.0, "mean_calls": 2.02458984375, "entropy": 0.09186147525906563, "seconds": 757.6732541670008, "mean_shaped": 0.9797540950775147, "call_cost": 0.01}
{"seed": 2, "arm": "rl", "update": 5900, "mean_reward": 1.0, "invalid_fraction": 0.0, "over_cap_fraction": 0.0, "mean_calls": 2.017724609375, "entropy": 0.09079339288175106, "seconds": 768.8390537500009, "mean_shaped": 0.9798227512836456, "call_cost": 0.01}
{"seed": 2, "arm": "rl", "update": 6000, "mean_reward": 1.0, "invalid_fraction": 0.0, "over_cap_fraction": 0.0, "mean_calls": 2.035029296875, "entropy": 0.08992866724729538, "seconds": 780.2962494170006, "mean_shaped": 0.979649708867073, "call_cost": 0.01}
{"event": "done", "arm": "rl", "seed": 2, "updates": 6000, "time_capped": false, "updates_per_second": 7.689362445086871}
