{"cell": "k1-prac", "hops": 1, "trained": {"answers": 64, "strict": 64, "over_cap": 0}, "oracle": {"answers": 64, "strict": 64, "over_cap": 0}}
{"cell": "k1-held", "hops": 1, "trained": {"answers": 64, "strict": 64, "over_cap": 0}, "oracle": {"answers": 64, "strict": 64, "over_cap": 0}}
{"cell": "k2-prac", "hops": 2, "trained": {"answers": 64, "strict": 64, "over_cap": 0}, "oracle": {"answers": 64, "strict": 64, "over_cap": 0}}
{"cell": "k2-held", "hops": 2, "trained": {"answers": 64, "strict": 64, "over_cap": 0}, "oracle": {"answers": 64, "strict": 64, "over_cap": 0}}
{"cell": "k3-prac", "hops": 3, "trained": {"answers": 64, "strict": 64, "over_cap": 0}, "oracle": {"answers": 64, "strict": 64, "over_cap": 0}}
{"cell": "k3-held", "hops": 3, "trained": {"answers": 64, "strict": 64, "over_cap": 0}, "oracle": {"answers": 64, "strict": 64, "over_cap": 0}}
{"cell": "k4-prac", "hops": 4, "trained": {"answers": 30, "strict": 27, "over_cap": 0}, "oracle": {"answers": 30, "strict": 27, "over_cap": 0}}
{"cell": "k4-held", "hops": 4, "trained": {"answers": 32, "strict": 31, "over_cap": 0}, "oracle": {"answers": 32, "strict": 31, "over_cap": 0}}
{"cell": "k5-prac", "hops": 5, "trained": {"answers": 16, "strict": 12, "over_cap": 0}, "oracle": {"answers": 16, "strict": 12, "over_cap": 0}}
{"cell": "k5-held", "hops": 5, "trained": {"answers": 15, "strict": 10, "over_cap": 0}, "oracle": {"answers": 15, "strict": 10, "over_cap": 0}}
{"cell": "k6-prac", "hops": 6, "trained": {"answers": 10, "strict": 7, "over_cap": 0}, "oracle": {"answers": 10, "strict": 7, "over_cap": 0}}
{"cell": "k6-held", "hops": 6, "trained": {"answers": 4, "strict": 2, "over_cap": 0}, "oracle": {"answers": 4, "strict": 2, "over_cap": 0}}
{"cell": "k7-prac", "hops": 7, "trained": {"answers": 4, "strict": 0, "over_cap": 0}, "oracle": {"answers": 4, "strict": 0, "over_cap": 0}}
{"cell": "k7-held", "hops": 7, "trained": {"answers": 6, "strict": 0, "over_cap": 0}, "oracle": {"answers": 6, "strict": 0, "over_cap": 0}}
{"cell": "k8-prac", "hops": 8, "trained": {"answers": 5, "strict": 0, "over_cap": 0}, "oracle": {"answers": 5, "strict": 0, "over_cap": 0}}
{"cell": "k8-held", "hops": 8, "trained": {"answers": 5, "strict": 0, "over_cap": 0}, "oracle": {"answers": 5, "strict": 0, "over_cap": 0}}
{"cell": "p6-k1-prac", "hops": 1, "trained": {"answers": 64, "strict": 64, "over_cap": 0}, "oracle": {"answers": 64, "strict": 64, "over_cap": 0}}
{"cell": "p6-k1-held", "hops": 1, "trained": {"answers": 64, "strict": 64, "over_cap": 0}, "oracle": {"answers": 64, "strict": 64, "over_cap": 0}}
{"cell": "p6-k2-prac", "hops": 2, "trained": {"answers": 64, "strict": 64, "over_cap": 0}, "oracle": {"answers": 64, "strict": 64, "over_cap": 0}}
{"cell": "p6-k2-held", "hops": 2, "trained": {"answers": 64, "strict": 64, "over_cap": 0}, "oracle": {"answers": 64, "strict": 64, "over_cap": 0}}
{"cell": "p6-k3-prac", "hops": 3, "trained": {"answers": 64, "strict": 64, "over_cap": 0}, "oracle": {"answers": 64, "strict": 64, "over_cap": 0}}
{"cell": "p6-k3-held", "hops": 3, "trained": {"answers": 64, "strict": 64, "over_cap": 0}, "oracle": {"answers": 64, "strict": 64, "over_cap": 0}}
{"cell": "pair-link", "hops": 5, "trained": {"answers": 5, "strict": 4, "over_cap": 0}, "oracle": {"answers": 5, "strict": 4, "over_cap": 0}}
{"cell": "pair-value", "hops": 5, "trained": {"answers": 9, "strict": 9, "over_cap": 0}, "oracle": {"answers": 9, "strict": 9, "over_cap": 0}}
{"cell": "pair-irrelevant", "hops": 5, "trained": {"answers": 13, "strict": 12, "over_cap": 0}, "oracle": {"answers": 13, "strict": 12, "over_cap": 0}}
{"diagnose": "k1-prac", "none": {"answers": 64, "strict": 64, "over_cap": 0}, "force_operation": {"answers": 64, "strict": 64, "over_cap": 0}, "force_subject": {"answers": 64, "strict": 64, "over_cap": 0}, "force_stop": {"answers": 64, "strict": 64, "over_cap": 0}, "force_operation+subject": {"answers": 64, "strict": 64, "over_cap": 0}}
{"diagnose": "k1-held", "none": {"answers": 64, "strict": 64, "over_cap": 0}, "force_operation": {"answers": 64, "strict": 64, "over_cap": 0}, "force_subject": {"answers": 64, "strict": 64, "over_cap": 0}, "force_stop": {"answers": 64, "strict": 64, "over_cap": 0}, "force_operation+subject": {"answers": 64, "strict": 64, "over_cap": 0}}
{"diagnose": "k2-prac", "none": {"answers": 64, "strict": 64, "over_cap": 0}, "force_operation": {"answers": 64, "strict": 64, "over_cap": 0}, "force_subject": {"answers": 64, "strict": 64, "over_cap": 0}, "force_stop": {"answers": 64, "strict": 64, "over_cap": 0}, "force_operation+subject": {"answers": 64, "strict": 64, "over_cap": 0}}
{"diagnose": "k2-held", "none": {"answers": 64, "strict": 64, "over_cap": 0}, "force_operation": {"answers": 64, "strict": 64, "over_cap": 0}, "force_subject": {"answers": 64, "strict": 64, "over_cap": 0}, "force_stop": {"answers": 64, "strict": 64, "over_cap": 0}, "force_operation+subject": {"answers": 64, "strict": 64, "over_cap": 0}}
{"diagnose": "k3-prac", "none": {"answers": 64, "strict": 64, "over_cap": 0}, "force_operation": {"answers": 64, "strict": 64, "over_cap": 0}, "force_subject": {"answers": 64, "strict": 64, "over_cap": 0}, "force_stop": {"answers": 64, "strict": 64, "over_cap": 0}, "force_operation+subject": {"answers": 64, "strict": 64, "over_cap": 0}}
{"diagnose": "k3-held", "none": {"answers": 64, "strict": 64, "over_cap": 0}, "force_operation": {"answers": 64, "strict": 64, "over_cap": 0}, "force_subject": {"answers": 64, "strict": 64, "over_cap": 0}, "force_stop": {"answers": 64, "strict": 64, "over_cap": 0}, "force_operation+subject": {"answers": 64, "strict": 64, "over_cap": 0}}
{"diagnose": "k4-prac", "none": {"answers": 30, "strict": 27, "over_cap": 0}, "force_operation": {"answers": 30, "strict": 27, "over_cap": 0}, "force_subject": {"answers": 64, "strict": 64, "over_cap": 0}, "force_stop": {"answers": 30, "strict": 27, "over_cap": 0}, "force_operation+subject": {"answers": 64, "strict": 64, "over_cap": 0}}
{"diagnose": "k4-held", "none": {"answers": 32, "strict": 31, "over_cap": 0}, "force_operation": {"answers": 32, "strict": 31, "over_cap": 0}, "force_subject": {"answers": 64, "strict": 64, "over_cap": 0}, "force_stop": {"answers": 32, "strict": 31, "over_cap": 0}, "force_operation+subject": {"answers": 64, "strict": 64, "over_cap": 0}}
{"diagnose": "k5-prac", "none": {"answers": 16, "strict": 12, "over_cap": 0}, "force_operation": {"answers": 16, "strict": 12, "over_cap": 0}, "force_subject": {"answers": 64, "strict": 64, "over_cap": 0}, "force_stop": {"answers": 16, "strict": 12, "over_cap": 0}, "force_operation+subject": {"answers": 64, "strict": 64, "over_cap": 0}}
{"diagnose": "k5-held", "none": {"answers": 15, "strict": 10, "over_cap": 0}, "force_operation": {"answers": 15, "strict": 10, "over_cap": 0}, "force_subject": {"answers": 64, "strict": 64, "over_cap": 0}, "force_stop": {"answers": 15, "strict": 10, "over_cap": 0}, "force_operation+subject": {"answers": 64, "strict": 64, "over_cap": 0}}
{"diagnose": "k6-prac", "none": {"answers": 10, "strict": 7, "over_cap": 0}, "force_operation": {"answers": 10, "strict": 7, "over_cap": 0}, "force_subject": {"answers": 64, "strict": 64, "over_cap": 0}, "force_stop": {"answers": 10, "strict": 7, "over_cap": 0}, "force_operation+subject": {"answers": 64, "strict": 64, "over_cap": 0}}
{"diagnose": "k6-held", "none": {"answers": 4, "strict": 2, "over_cap": 0}, "force_operation": {"answers": 4, "strict": 2, "over_cap": 0}, "force_subject": {"answers": 64, "strict": 64, "over_cap": 0}, "force_stop": {"answers": 4, "strict": 2, "over_cap": 0}, "force_operation+subject": {"answers": 64, "strict": 64, "over_cap": 0}}
{"diagnose": "k7-prac", "none": {"answers": 4, "strict": 0, "over_cap": 0}, "force_operation": {"answers": 4, "strict": 0, "over_cap": 0}, "force_subject": {"answers": 64, "strict": 64, "over_cap": 0}, "force_stop": {"answers": 4, "strict": 0, "over_cap": 0}, "force_operation+subject": {"answers": 64, "strict": 64, "over_cap": 0}}
{"diagnose": "k7-held", "none": {"answers": 6, "strict": 0, "over_cap": 0}, "force_operation": {"answers": 6, "strict": 0, "over_cap": 0}, "force_subject": {"answers": 64, "strict": 64, "over_cap": 0}, "force_stop": {"answers": 6, "strict": 0, "over_cap": 0}, "force_operation+subject": {"answers": 64, "strict": 64, "over_cap": 0}}
{"diagnose": "k8-prac", "none": {"answers": 5, "strict": 0, "over_cap": 0}, "force_operation": {"answers": 5, "strict": 0, "over_cap": 0}, "force_subject": {"answers": 64, "strict": 64, "over_cap": 0}, "force_stop": {"answers": 5, "strict": 0, "over_cap": 0}, "force_operation+subject": {"answers": 64, "strict": 64, "over_cap": 0}}
{"diagnose": "k8-held", "none": {"answers": 5, "strict": 0, "over_cap": 0}, "force_operation": {"answers": 5, "strict": 0, "over_cap": 0}, "force_subject": {"answers": 64, "strict": 64, "over_cap": 0}, "force_stop": {"answers": 5, "strict": 0, "over_cap": 0}, "force_operation+subject": {"answers": 64, "strict": 64, "over_cap": 0}}
{"diagnose": "p6-k1-prac", "none": {"answers": 64, "strict": 64, "over_cap": 0}, "force_operation": {"answers": 64, "strict": 64, "over_cap": 0}, "force_subject": {"answers": 64, "strict": 64, "over_cap": 0}, "force_stop": {"answers": 64, "strict": 64, "over_cap": 0}, "force_operation+subject": {"answers": 64, "strict": 64, "over_cap": 0}}
{"diagnose": "p6-k1-held", "none": {"answers": 64, "strict": 64, "over_cap": 0}, "force_operation": {"answers": 64, "strict": 64, "over_cap": 0}, "force_subject": {"answers": 64, "strict": 64, "over_cap": 0}, "force_stop": {"answers": 64, "strict": 64, "over_cap": 0}, "force_operation+subject": {"answers": 64, "strict": 64, "over_cap": 0}}
{"diagnose": "p6-k2-prac", "none": {"answers": 64, "strict": 64, "over_cap": 0}, "force_operation": {"answers": 64, "strict": 64, "over_cap": 0}, "force_subject": {"answers": 64, "strict": 64, "over_cap": 0}, "force_stop": {"answers": 64, "strict": 64, "over_cap": 0}, "force_operation+subject": {"answers": 64, "strict": 64, "over_cap": 0}}
{"diagnose": "p6-k2-held", "none": {"answers": 64, "strict": 64, "over_cap": 0}, "force_operation": {"answers": 64, "strict": 64, "over_cap": 0}, "force_subject": {"answers": 64, "strict": 64, "over_cap": 0}, "force_stop": {"answers": 64, "strict": 64, "over_cap": 0}, "force_operation+subject": {"answers": 64, "strict": 64, "over_cap": 0}}
{"diagnose": "p6-k3-prac", "none": {"answers": 64, "strict": 64, "over_cap": 0}, "force_operation": {"answers": 64, "strict": 64, "over_cap": 0}, "force_subject": {"answers": 64, "strict": 64, "over_cap": 0}, "force_stop": {"answers": 64, "strict": 64, "over_cap": 0}, "force_operation+subject": {"answers": 64, "strict": 64, "over_cap": 0}}
{"diagnose": "p6-k3-held", "none": {"answers": 64, "strict": 64, "over_cap": 0}, "force_operation": {"answers": 64, "strict": 64, "over_cap": 0}, "force_subject": {"answers": 64, "strict": 64, "over_cap": 0}, "force_stop": {"answers": 64, "strict": 64, "over_cap": 0}, "force_operation+subject": {"answers": 64, "strict": 64, "over_cap": 0}}
{"diagnose": "pair-link", "none": {"answers": 5, "strict": 4, "over_cap": 0}, "force_operation": {"answers": 5, "strict": 4, "over_cap": 0}, "force_subject": {"answers": 64, "strict": 64, "over_cap": 0}, "force_stop": {"answers": 5, "strict": 4, "over_cap": 0}, "force_operation+subject": {"answers": 64, "strict": 64, "over_cap": 0}}
{"diagnose": "pair-value", "none": {"answers": 9, "strict": 9, "over_cap": 0}, "force_operation": {"answers": 9, "strict": 9, "over_cap": 0}, "force_subject": {"answers": 64, "strict": 64, "over_cap": 0}, "force_stop": {"answers": 9, "strict": 9, "over_cap": 0}, "force_operation+subject": {"answers": 64, "strict": 64, "over_cap": 0}}
{"diagnose": "pair-irrelevant", "none": {"answers": 13, "strict": 12, "over_cap": 0}, "force_operation": {"answers": 13, "strict": 12, "over_cap": 0}, "force_subject": {"answers": 64, "strict": 64, "over_cap": 0}, "force_stop": {"answers": 13, "strict": 12, "over_cap": 0}, "force_operation+subject": {"answers": 64, "strict": 64, "over_cap": 0}}
