{"event": "start", "arm": "rl", "seed": 1, "dispatcher_parameters": 15522, "train_hops": [1, 2, 3], "train_people": 6, "train_cap": 4, "call_cost": 0.01, "ablations": {"no_recent": false, "no_offsets": true}, "operator": "checkpoint"}
{"seed": 1, "arm": "rl", "update": 1, "mean_reward": 0.0166015625, "invalid_fraction": 0.947265625, "over_cap_fraction": 0.0, "mean_calls": 0.1005859375, "entropy": 1.584407091140747, "seconds": 1.0659845000000132, "mean_shaped": 0.015595703385770321, "call_cost": 0.01}
{"seed": 1, "arm": "rl", "update": 100, "mean_reward": 0.12030460858585859, "invalid_fraction": 0.7348188920454546, "over_cap_fraction": 0.0003452493686868687, "mean_calls": 0.3123816287878788, "entropy": 1.2203759102508276, "seconds": 12.089736666000135, "mean_shaped": 0.11718078934107766, "call_cost": 0.01}
{"seed": 1, "arm": "rl", "update": 200, "mean_reward": 0.70208984375, "invalid_fraction": 0.023369140625, "over_cap_fraction": 0.007587890625, "mean_calls": 1.979990234375, "entropy": 0.22090933009982108, "seconds": 25.21002962500006, "mean_shaped": 0.6822899264097214, "call_cost": 0.01}
{"seed": 1, "arm": "rl", "update": 300, "mean_reward": 0.96455078125, "invalid_fraction": 0.0012109375, "over_cap_fraction": 0.000693359375, "mean_calls": 2.087060546875, "entropy": 0.12757369473576546, "seconds": 38.17013299999962, "mean_shaped": 0.9436801785230636, "call_cost": 0.01}
{"seed": 1, "arm": "rl", "update": 400, "mean_reward": 0.998837890625, "invalid_fraction": 0.0002734375, "over_cap_fraction": 0.000322265625, "mean_calls": 2.15630859375, "entropy": 0.11827651746571063, "seconds": 51.0574101659995, "mean_shaped": 0.9772748160362243, "call_cost": 0.01}
{"seed": 1, "arm": "rl", "update": 500, "mean_reward": 0.99919921875, "invalid_fraction": 6.8359375e-05, "over_cap_fraction": 0.000244140625, "mean_calls": 2.164912109375, "entropy": 0.11754721008241177, "seconds": 63.95948416600004, "mean_shaped": 0.9775501108169555, "call_cost": 0.01}
{"seed": 1, "arm": "rl", "update": 600, "mean_reward": 0.99953125, "invalid_fraction": 8.7890625e-05, "over_cap_fraction": 0.00017578125, "mean_calls": 2.16259765625, "entropy": 0.11987563528120518, "seconds": 76.92413191600008, "mean_shaped": 0.9779052871465683, "call_cost": 0.01}
{"seed": 1, "arm": "rl", "update": 700, "mean_reward": 0.999580078125, "invalid_fraction": 5.859375e-05, "over_cap_fraction": 0.00017578125, "mean_calls": 2.163876953125, "entropy": 0.11841584585607051, "seconds": 89.7087407909994, "mean_shaped": 0.9779413086175919, "call_cost": 0.01}
{"seed": 1, "arm": "rl", "update": 800, "mean_reward": 0.9991796875, "invalid_fraction": 8.7890625e-05, "over_cap_fraction": 0.000166015625, "mean_calls": 2.181611328125, "entropy": 0.12276929415762425, "seconds": 102.69512512499932, "mean_shaped": 0.9773635816574097, "call_cost": 0.01}
{"seed": 1, "arm": "rl", "update": 900, "mean_reward": 0.999736328125, "invalid_fraction": 7.8125e-05, "over_cap_fraction": 8.7890625e-05, "mean_calls": 2.172646484375, "entropy": 0.11829704508185386, "seconds": 115.68348624999999, "mean_shaped": 0.9780098766088485, "call_cost": 0.01}
{"seed": 1, "arm": "rl", "update": 1000, "mean_reward": 0.9996484375, "invalid_fraction": 4.8828125e-05, "over_cap_fraction": 7.8125e-05, "mean_calls": 2.160810546875, "entropy": 0.12000606499612332, "seconds": 128.5885082499999, "mean_shaped": 0.978040337562561, "call_cost": 0.01}
{"seed": 1, "arm": "rl", "update": 1100, "mean_reward": 0.99990234375, "invalid_fraction": 3.90625e-05, "over_cap_fraction": 4.8828125e-05, "mean_calls": 2.16974609375, "entropy": 0.12015930987894535, "seconds": 141.62224333299946, "mean_shaped": 0.9782049024105072, "call_cost": 0.01}
{"seed": 1, "arm": "rl", "update": 1200, "mean_reward": 0.9998828125, "invalid_fraction": 1.953125e-05, "over_cap_fraction": 3.90625e-05, "mean_calls": 2.182861328125, "entropy": 0.12017214365303516, "seconds": 154.69117495799946, "mean_shaped": 0.9780542105436325, "call_cost": 0.01}
{"seed": 1, "arm": "rl", "update": 1300, "mean_reward": 0.99921875, "invalid_fraction": 2.9296875e-05, "over_cap_fraction": 4.8828125e-05, "mean_calls": 2.185869140625, "entropy": 0.12038699977099895, "seconds": 167.8036014999998, "mean_shaped": 0.9773600709438324, "call_cost": 0.01}
{"seed": 1, "arm": "rl", "update": 1400, "mean_reward": 0.999833984375, "invalid_fraction": 1.953125e-05, "over_cap_fraction": 0.000126953125, "mean_calls": 2.175546875, "entropy": 0.12089082509279252, "seconds": 180.9167532499996, "mean_shaped": 0.9780785197019577, "call_cost": 0.01}
{"seed": 1, "arm": "rl", "update": 1500, "mean_reward": 0.9999609375, "invalid_fraction": 0.0, "over_cap_fraction": 0.0, "mean_calls": 2.176240234375, "entropy": 0.11786382116377353, "seconds": 193.8571469159997, "mean_shaped": 0.9781985419988632, "call_cost": 0.01}
{"seed": 1, "arm": "rl", "update": 1600, "mean_reward": 0.999521484375, "invalid_fraction": 7.8125e-05, "over_cap_fraction": 0.00015625, "mean_calls": 2.234482421875, "entropy": 0.14004113420844078, "seconds": 206.87774887499927, "mean_shaped": 0.9771766632795333, "call_cost": 0.01}
{"seed": 1, "arm": "rl", "update": 1700, "mean_reward": 0.999814453125, "invalid_fraction": 4.8828125e-05, "over_cap_fraction": 5.859375e-05, "mean_calls": 2.28412109375, "entropy": 0.15330328211188315, "seconds": 219.892885708, "mean_shaped": 0.9769732469320297, "call_cost": 0.01}
{"seed": 1, "arm": "rl", "update": 1800, "mean_reward": 0.99990234375, "invalid_fraction": 2.9296875e-05, "over_cap_fraction": 3.90625e-05, "mean_calls": 2.289970703125, "entropy": 0.15672703593969345, "seconds": 232.9732289579997, "mean_shaped": 0.9770026260614395, "call_cost": 0.01}
{"seed": 1, "arm": "rl", "update": 1900, "mean_reward": 0.99990234375, "invalid_fraction": 9.765625e-06, "over_cap_fraction": 0.0, "mean_calls": 2.293994140625, "entropy": 0.15629658132791518, "seconds": 246.00477654099996, "mean_shaped": 0.9769623947143554, "call_cost": 0.01}
{"seed": 1, "arm": "rl", "update": 2000, "mean_reward": 0.999375, "invalid_fraction": 1.953125e-05, "over_cap_fraction": 3.90625e-05, "mean_calls": 2.27720703125, "entropy": 0.15414435386657716, "seconds": 259.07734904100016, "mean_shaped": 0.976602919101715, "call_cost": 0.01}
{"seed": 1, "arm": "rl", "update": 2100, "mean_reward": 0.999912109375, "invalid_fraction": 1.953125e-05, "over_cap_fraction": 9.765625e-06, "mean_calls": 2.291640625, "entropy": 0.15801072783768177, "seconds": 272.07832162500017, "mean_shaped": 0.9769956988096237, "call_cost": 0.01}
{"seed": 1, "arm": "rl", "update": 2200, "mean_reward": 0.99998046875, "invalid_fraction": 1.953125e-05, "over_cap_fraction": 0.0, "mean_calls": 2.281357421875, "entropy": 0.15597923807799816, "seconds": 285.14989745799994, "mean_shaped": 0.9771668893098832, "call_cost": 0.01}
{"seed": 1, "arm": "rl", "update": 2300, "mean_reward": 0.999990234375, "invalid_fraction": 9.765625e-06, "over_cap_fraction": 0.0, "mean_calls": 2.267265625, "entropy": 0.15477841414511204, "seconds": 298.26259720799953, "mean_shaped": 0.9773175686597824, "call_cost": 0.01}
{"seed": 1, "arm": "rl", "update": 2400, "mean_reward": 0.9999609375, "invalid_fraction": 9.765625e-06, "over_cap_fraction": 0.0, "mean_calls": 2.2603125, "entropy": 0.15468579679727554, "seconds": 311.35107341599996, "mean_shaped": 0.9773577988147736, "call_cost": 0.01}
{"seed": 1, "arm": "rl", "update": 2500, "mean_reward": 0.999970703125, "invalid_fraction": 0.0, "over_cap_fraction": 1.953125e-05, "mean_calls": 2.273076171875, "entropy": 0.15726276703178882, "seconds": 324.37252199999966, "mean_shaped": 0.977239927649498, "call_cost": 0.01}
{"seed": 1, "arm": "rl", "update": 2600, "mean_reward": 0.99978515625, "invalid_fraction": 9.765625e-06, "over_cap_fraction": 2.9296875e-05, "mean_calls": 2.28283203125, "entropy": 0.151894234418869, "seconds": 337.3943199159994, "mean_shaped": 0.9769568276405335, "call_cost": 0.01}
{"seed": 1, "arm": "rl", "update": 2700, "mean_reward": 0.999912109375, "invalid_fraction": 5.859375e-05, "over_cap_fraction": 9.765625e-06, "mean_calls": 2.246845703125, "entropy": 0.15288115583360196, "seconds": 350.37596833299995, "mean_shaped": 0.9774436408281326, "call_cost": 0.01}
{"seed": 1, "arm": "rl", "update": 2800, "mean_reward": 0.9999609375, "invalid_fraction": 9.765625e-06, "over_cap_fraction": 9.765625e-06, "mean_calls": 2.2530859375, "entropy": 0.15417577922344208, "seconds": 363.4108514999998, "mean_shaped": 0.9774300676584243, "call_cost": 0.01}
{"seed": 1, "arm": "rl", "update": 2900, "mean_reward": 0.99994140625, "invalid_fraction": 9.765625e-06, "over_cap_fraction": 2.9296875e-05, "mean_calls": 2.247548828125, "entropy": 0.15251659877598286, "seconds": 376.4147830409993, "mean_shaped": 0.9774659037590027, "call_cost": 0.01}
{"seed": 1, "arm": "rl", "update": 3000, "mean_reward": 0.999794921875, "invalid_fraction": 4.8828125e-05, "over_cap_fraction": 1.953125e-05, "mean_calls": 2.24505859375, "entropy": 0.15102242551743983, "seconds": 389.38364604099934, "mean_shaped": 0.9773443245887756, "call_cost": 0.01}
{"seed": 1, "arm": "rl", "update": 3100, "mean_reward": 0.99998046875, "invalid_fraction": 0.0, "over_cap_fraction": 9.765625e-06, "mean_calls": 2.251787109375, "entropy": 0.1529475109279156, "seconds": 402.36975179099954, "mean_shaped": 0.9774625903367996, "call_cost": 0.01}
{"seed": 1, "arm": "rl", "update": 3200, "mean_reward": 0.999990234375, "invalid_fraction": 0.0, "over_cap_fraction": 9.765625e-06, "mean_calls": 2.26205078125, "entropy": 0.15258890084922314, "seconds": 415.935420625, "mean_shaped": 0.9773697203397751, "call_cost": 0.01}
{"seed": 1, "arm": "rl", "update": 3300, "mean_reward": 0.999951171875, "invalid_fraction": 3.90625e-05, "over_cap_fraction": 9.765625e-06, "mean_calls": 2.234375, "entropy": 0.14985311210155486, "seconds": 429.06651008300014, "mean_shaped": 0.9776074123382569, "call_cost": 0.01}
{"seed": 1, "arm": "rl", "update": 3400, "mean_reward": 0.99998046875, "invalid_fraction": 0.0, "over_cap_fraction": 9.765625e-06, "mean_calls": 2.22857421875, "entropy": 0.14845266111195088, "seconds": 442.1237692909999, "mean_shaped": 0.9776947164535522, "call_cost": 0.01}
{"seed": 1, "arm": "rl", "update": 3500, "mean_reward": 0.999951171875, "invalid_fraction": 0.0, "over_cap_fraction": 3.90625e-05, "mean_calls": 2.23642578125, "entropy": 0.150440406575799, "seconds": 455.07123766599943, "mean_shaped": 0.9775869089365006, "call_cost": 0.01}
{"seed": 1, "arm": "rl", "update": 3600, "mean_reward": 0.999912109375, "invalid_fraction": 5.859375e-05, "over_cap_fraction": 1.953125e-05, "mean_calls": 2.227998046875, "entropy": 0.1471882864832878, "seconds": 468.091799625, "mean_shaped": 0.9776321172714233, "call_cost": 0.01}
{"seed": 1, "arm": "rl", "update": 3700, "mean_reward": 0.999970703125, "invalid_fraction": 0.0, "over_cap_fraction": 2.9296875e-05, "mean_calls": 2.2272265625, "entropy": 0.14857818625867367, "seconds": 481.19301537499996, "mean_shaped": 0.9776984333992005, "call_cost": 0.01}
{"seed": 1, "arm": "rl", "update": 3800, "mean_reward": 0.99990234375, "invalid_fraction": 0.0, "over_cap_fraction": 1.953125e-05, "mean_calls": 2.23173828125, "entropy": 0.14986159183084966, "seconds": 494.5129192079994, "mean_shaped": 0.9775849550962448, "call_cost": 0.01}
{"seed": 1, "arm": "rl", "update": 3900, "mean_reward": 0.999951171875, "invalid_fraction": 2.9296875e-05, "over_cap_fraction": 1.953125e-05, "mean_calls": 2.225673828125, "entropy": 0.14924160681664944, "seconds": 508.02146108299985, "mean_shaped": 0.9776944237947464, "call_cost": 0.01}
{"seed": 1, "arm": "rl", "update": 4000, "mean_reward": 0.999970703125, "invalid_fraction": 9.765625e-06, "over_cap_fraction": 1.953125e-05, "mean_calls": 2.187880859375, "entropy": 0.14519054412841798, "seconds": 521.5704671659996, "mean_shaped": 0.9780918890237809, "call_cost": 0.01}
{"seed": 1, "arm": "rl", "update": 4100, "mean_reward": 0.999970703125, "invalid_fraction": 1.953125e-05, "over_cap_fraction": 9.765625e-06, "mean_calls": 2.194091796875, "entropy": 0.1440201185643673, "seconds": 535.2764255409993, "mean_shaped": 0.9780297744274139, "call_cost": 0.01}
{"seed": 1, "arm": "rl", "update": 4200, "mean_reward": 0.999970703125, "invalid_fraction": 9.765625e-06, "over_cap_fraction": 1.953125e-05, "mean_calls": 2.185224609375, "entropy": 0.14368403643369676, "seconds": 548.89238725, "mean_shaped": 0.9781184440851212, "call_cost": 0.01}
{"seed": 1, "arm": "rl", "update": 4300, "mean_reward": 0.999990234375, "invalid_fraction": 0.0, "over_cap_fraction": 9.765625e-06, "mean_calls": 2.191396484375, "entropy": 0.14426441200077533, "seconds": 562.5268100409994, "mean_shaped": 0.9780762642621994, "call_cost": 0.01}
{"seed": 1, "arm": "rl", "update": 4400, "mean_reward": 0.999990234375, "invalid_fraction": 9.765625e-06, "over_cap_fraction": 0.0, "mean_calls": 2.182890625, "entropy": 0.14396410651504993, "seconds": 576.1400598330001, "mean_shaped": 0.9781613218784332, "call_cost": 0.01}
{"seed": 1, "arm": "rl", "update": 4500, "mean_reward": 0.99994140625, "invalid_fraction": 1.953125e-05, "over_cap_fraction": 3.90625e-05, "mean_calls": 2.185361328125, "entropy": 0.1414451716840267, "seconds": 589.8035702910001, "mean_shaped": 0.9780877828598022, "call_cost": 0.01}
{"seed": 1, "arm": "rl", "update": 4600, "mean_reward": 0.999970703125, "invalid_fraction": 9.765625e-06, "over_cap_fraction": 9.765625e-06, "mean_calls": 2.18259765625, "entropy": 0.14243395671248435, "seconds": 603.4163309159994, "mean_shaped": 0.9781447279453278, "call_cost": 0.01}
{"seed": 1, "arm": "rl", "update": 4700, "mean_reward": 0.999853515625, "invalid_fraction": 2.9296875e-05, "over_cap_fraction": 2.9296875e-05, "mean_calls": 2.152333984375, "entropy": 0.13434108167886735, "seconds": 617.0245409159998, "mean_shaped": 0.9783301705121994, "call_cost": 0.01}
{"seed": 1, "arm": "rl", "update": 4800, "mean_reward": 0.99974609375, "invalid_fraction": 9.765625e-06, "over_cap_fraction": 0.0, "mean_calls": 2.176181640625, "entropy": 0.13960068970918654, "seconds": 630.711128125, "mean_shaped": 0.9779842644929886, "call_cost": 0.01}
{"seed": 1, "arm": "rl", "update": 4900, "mean_reward": 1.0, "invalid_fraction": 0.0, "over_cap_fraction": 0.0, "mean_calls": 2.153876953125, "entropy": 0.1378685673326254, "seconds": 644.4505064999994, "mean_shaped": 0.9784612274169922, "call_cost": 0.01}
{"seed": 1, "arm": "rl", "update": 5000, "mean_reward": 0.999990234375, "invalid_fraction": 0.0, "over_cap_fraction": 0.0, "mean_calls": 2.17056640625, "entropy": 0.13785163998603822, "seconds": 657.9052040830002, "mean_shaped": 0.9782845759391785, "call_cost": 0.01}
{"seed": 1, "arm": "rl", "update": 5100, "mean_reward": 0.999990234375, "invalid_fraction": 0.0, "over_cap_fraction": 9.765625e-06, "mean_calls": 2.14052734375, "entropy": 0.13211813010275364, "seconds": 670.9143921249997, "mean_shaped": 0.9785849529504776, "call_cost": 0.01}
{"seed": 1, "arm": "rl", "update": 5200, "mean_reward": 0.999970703125, "invalid_fraction": 9.765625e-06, "over_cap_fraction": 9.765625e-06, "mean_calls": 2.10298828125, "entropy": 0.12728867262601853, "seconds": 683.8463419999998, "mean_shaped": 0.9789408069849014, "call_cost": 0.01}
{"seed": 1, "arm": "rl", "update": 5300, "mean_reward": 0.999990234375, "invalid_fraction": 0.0, "over_cap_fraction": 0.0, "mean_calls": 2.1091796875, "entropy": 0.13008348003029824, "seconds": 696.8493146249994, "mean_shaped": 0.9788984304666519, "call_cost": 0.01}
{"seed": 1, "arm": "rl", "update": 5400, "mean_reward": 1.0, "invalid_fraction": 0.0, "over_cap_fraction": 0.0, "mean_calls": 2.12142578125, "entropy": 0.1282101608812809, "seconds": 709.8383837909996, "mean_shaped": 0.9787857407331466, "call_cost": 0.01}
{"seed": 1, "arm": "rl", "update": 5500, "mean_reward": 1.0, "invalid_fraction": 0.0, "over_cap_fraction": 0.0, "mean_calls": 2.087392578125, "entropy": 0.12054741084575653, "seconds": 722.8378251659997, "mean_shaped": 0.979126061797142, "call_cost": 0.01}
{"seed": 1, "arm": "rl", "update": 5600, "mean_reward": 0.999990234375, "invalid_fraction": 0.0, "over_cap_fraction": 0.0, "mean_calls": 2.098525390625, "entropy": 0.12018805108964443, "seconds": 735.0930531659997, "mean_shaped": 0.9790049737691879, "call_cost": 0.01}
{"seed": 1, "arm": "rl", "update": 5700, "mean_reward": 0.99998046875, "invalid_fraction": 0.0, "over_cap_fraction": 1.953125e-05, "mean_calls": 2.06734375, "entropy": 0.11407290428876876, "seconds": 747.0506109580001, "mean_shaped": 0.9793070268630981, "call_cost": 0.01}
{"seed": 1, "arm": "rl", "update": 5800, "mean_reward": 0.999931640625, "invalid_fraction": 1.953125e-05, "over_cap_fraction": 0.0, "mean_calls": 2.062275390625, "entropy": 0.10364644825458527, "seconds": 758.8981784159996, "mean_shaped": 0.9793088859319687, "call_cost": 0.01}
{"seed": 1, "arm": "rl", "update": 5900, "mean_reward": 0.999873046875, "invalid_fraction": 1.953125e-05, "over_cap_fraction": 0.0, "mean_calls": 2.04119140625, "entropy": 0.09010928422212601, "seconds": 770.0780081249995, "mean_shaped": 0.9794611346721649, "call_cost": 0.01}
{"seed": 1, "arm": "rl", "update": 6000, "mean_reward": 0.9998828125, "invalid_fraction": 7.8125e-05, "over_cap_fraction": 0.0, "mean_calls": 2.025029296875, "entropy": 0.08813485652208328, "seconds": 781.3362554159994, "mean_shaped": 0.9796325159072876, "call_cost": 0.01}
{"event": "done", "arm": "rl", "seed": 1, "updates": 6000, "time_capped": false, "updates_per_second": 7.679130727316317}
