{"cell": "k1-prac", "hops": 1, "trained": {"answers": 64, "strict": 64, "over_cap": 0}, "oracle": {"answers": 64, "strict": 64, "over_cap": 0}}
{"cell": "k1-held", "hops": 1, "trained": {"answers": 64, "strict": 64, "over_cap": 0}, "oracle": {"answers": 64, "strict": 64, "over_cap": 0}}
{"cell": "k2-prac", "hops": 2, "trained": {"answers": 64, "strict": 64, "over_cap": 0}, "oracle": {"answers": 64, "strict": 64, "over_cap": 0}}
{"cell": "k2-held", "hops": 2, "trained": {"answers": 4, "strict": 0, "over_cap": 0}, "oracle": {"answers": 4, "strict": 0, "over_cap": 0}}
{"cell": "k3-prac", "hops": 3, "trained": {"answers": 63, "strict": 63, "over_cap": 0}, "oracle": {"answers": 63, "strict": 63, "over_cap": 0}}
{"cell": "k3-held", "hops": 3, "trained": {"answers": 1, "strict": 0, "over_cap": 0}, "oracle": {"answers": 1, "strict": 0, "over_cap": 0}}
{"cell": "k4-prac", "hops": 4, "trained": {"answers": 40, "strict": 40, "over_cap": 0}, "oracle": {"answers": 40, "strict": 40, "over_cap": 0}}
{"cell": "k4-held", "hops": 4, "trained": {"answers": 3, "strict": 0, "over_cap": 0}, "oracle": {"answers": 3, "strict": 0, "over_cap": 0}}
{"cell": "k5-prac", "hops": 5, "trained": {"answers": 2, "strict": 1, "over_cap": 54}, "oracle": {"answers": 2, "strict": 1, "over_cap": 54}}
{"cell": "k5-held", "hops": 5, "trained": {"answers": 1, "strict": 0, "over_cap": 0}, "oracle": {"answers": 1, "strict": 0, "over_cap": 0}}
{"cell": "k6-prac", "hops": 6, "trained": {"answers": 3, "strict": 2, "over_cap": 47}, "oracle": {"answers": 3, "strict": 2, "over_cap": 47}}
{"cell": "k6-held", "hops": 6, "trained": {"answers": 1, "strict": 0, "over_cap": 0}, "oracle": {"answers": 1, "strict": 0, "over_cap": 0}}
{"cell": "k7-prac", "hops": 7, "trained": {"answers": 1, "strict": 0, "over_cap": 53}, "oracle": {"answers": 1, "strict": 0, "over_cap": 53}}
{"cell": "k7-held", "hops": 7, "trained": {"answers": 5, "strict": 0, "over_cap": 0}, "oracle": {"answers": 5, "strict": 0, "over_cap": 0}}
{"cell": "k8-prac", "hops": 8, "trained": {"answers": 1, "strict": 0, "over_cap": 52}, "oracle": {"answers": 1, "strict": 0, "over_cap": 52}}
{"cell": "k8-held", "hops": 8, "trained": {"answers": 6, "strict": 0, "over_cap": 0}, "oracle": {"answers": 6, "strict": 0, "over_cap": 0}}
{"cell": "p6-k1-prac", "hops": 1, "trained": {"answers": 64, "strict": 64, "over_cap": 0}, "oracle": {"answers": 64, "strict": 64, "over_cap": 0}}
{"cell": "p6-k1-held", "hops": 1, "trained": {"answers": 64, "strict": 64, "over_cap": 0}, "oracle": {"answers": 64, "strict": 64, "over_cap": 0}}
{"cell": "p6-k2-prac", "hops": 2, "trained": {"answers": 64, "strict": 64, "over_cap": 0}, "oracle": {"answers": 64, "strict": 64, "over_cap": 0}}
{"cell": "p6-k2-held", "hops": 2, "trained": {"answers": 6, "strict": 0, "over_cap": 0}, "oracle": {"answers": 6, "strict": 0, "over_cap": 0}}
{"cell": "p6-k3-prac", "hops": 3, "trained": {"answers": 64, "strict": 64, "over_cap": 0}, "oracle": {"answers": 64, "strict": 64, "over_cap": 0}}
{"cell": "p6-k3-held", "hops": 3, "trained": {"answers": 1, "strict": 0, "over_cap": 0}, "oracle": {"answers": 1, "strict": 0, "over_cap": 0}}
{"cell": "pair-link", "hops": 5, "trained": {"answers": 0, "strict": 0, "over_cap": 0}, "oracle": {"answers": 0, "strict": 0, "over_cap": 0}}
{"cell": "pair-value", "hops": 5, "trained": {"answers": 0, "strict": 0, "over_cap": 0}, "oracle": {"answers": 0, "strict": 0, "over_cap": 0}}
{"cell": "pair-irrelevant", "hops": 5, "trained": {"answers": 5, "strict": 0, "over_cap": 0}, "oracle": {"answers": 5, "strict": 0, "over_cap": 0}}
{"diagnose": "k1-prac", "none": {"answers": 64, "strict": 64, "over_cap": 0}, "force_operation": {"answers": 64, "strict": 64, "over_cap": 0}, "force_subject": {"answers": 64, "strict": 64, "over_cap": 0}, "force_stop": {"answers": 64, "strict": 64, "over_cap": 0}, "force_operation+subject": {"answers": 64, "strict": 64, "over_cap": 0}}
{"diagnose": "k1-held", "none": {"answers": 64, "strict": 64, "over_cap": 0}, "force_operation": {"answers": 64, "strict": 64, "over_cap": 0}, "force_subject": {"answers": 64, "strict": 64, "over_cap": 0}, "force_stop": {"answers": 64, "strict": 64, "over_cap": 0}, "force_operation+subject": {"answers": 64, "strict": 64, "over_cap": 0}}
{"diagnose": "k2-prac", "none": {"answers": 64, "strict": 64, "over_cap": 0}, "force_operation": {"answers": 64, "strict": 64, "over_cap": 0}, "force_subject": {"answers": 64, "strict": 64, "over_cap": 0}, "force_stop": {"answers": 64, "strict": 64, "over_cap": 0}, "force_operation+subject": {"answers": 64, "strict": 64, "over_cap": 0}}
{"diagnose": "k2-held", "none": {"answers": 4, "strict": 0, "over_cap": 0}, "force_operation": {"answers": 64, "strict": 64, "over_cap": 0}, "force_subject": {"answers": 4, "strict": 0, "over_cap": 0}, "force_stop": {"answers": 2, "strict": 0, "over_cap": 0}, "force_operation+subject": {"answers": 64, "strict": 64, "over_cap": 0}}
{"diagnose": "k3-prac", "none": {"answers": 63, "strict": 63, "over_cap": 0}, "force_operation": {"answers": 63, "strict": 63, "over_cap": 0}, "force_subject": {"answers": 64, "strict": 64, "over_cap": 0}, "force_stop": {"answers": 63, "strict": 63, "over_cap": 0}, "force_operation+subject": {"answers": 64, "strict": 64, "over_cap": 0}}
{"diagnose": "k3-held", "none": {"answers": 1, "strict": 0, "over_cap": 0}, "force_operation": {"answers": 64, "strict": 64, "over_cap": 0}, "force_subject": {"answers": 1, "strict": 0, "over_cap": 0}, "force_stop": {"answers": 0, "strict": 0, "over_cap": 0}, "force_operation+subject": {"answers": 64, "strict": 64, "over_cap": 0}}
{"diagnose": "k4-prac", "none": {"answers": 40, "strict": 40, "over_cap": 0}, "force_operation": {"answers": 40, "strict": 40, "over_cap": 0}, "force_subject": {"answers": 64, "strict": 64, "over_cap": 0}, "force_stop": {"answers": 40, "strict": 40, "over_cap": 0}, "force_operation+subject": {"answers": 64, "strict": 64, "over_cap": 0}}
{"diagnose": "k4-held", "none": {"answers": 3, "strict": 0, "over_cap": 0}, "force_operation": {"answers": 42, "strict": 40, "over_cap": 0}, "force_subject": {"answers": 3, "strict": 0, "over_cap": 0}, "force_stop": {"answers": 3, "strict": 0, "over_cap": 0}, "force_operation+subject": {"answers": 64, "strict": 64, "over_cap": 0}}
{"diagnose": "k5-prac", "none": {"answers": 2, "strict": 1, "over_cap": 54}, "force_operation": {"answers": 28, "strict": 24, "over_cap": 0}, "force_subject": {"answers": 5, "strict": 5, "over_cap": 56}, "force_stop": {"answers": 2, "strict": 1, "over_cap": 0}, "force_operation+subject": {"answers": 64, "strict": 64, "over_cap": 0}}
{"diagnose": "k5-held", "none": {"answers": 1, "strict": 0, "over_cap": 0}, "force_operation": {"answers": 23, "strict": 18, "over_cap": 0}, "force_subject": {"answers": 1, "strict": 0, "over_cap": 0}, "force_stop": {"answers": 0, "strict": 0, "over_cap": 0}, "force_operation+subject": {"answers": 64, "strict": 64, "over_cap": 0}}
{"diagnose": "k6-prac", "none": {"answers": 3, "strict": 2, "over_cap": 47}, "force_operation": {"answers": 9, "strict": 8, "over_cap": 0}, "force_subject": {"answers": 6, "strict": 5, "over_cap": 39}, "force_stop": {"answers": 2, "strict": 2, "over_cap": 0}, "force_operation+subject": {"answers": 64, "strict": 64, "over_cap": 0}}
{"diagnose": "k6-held", "none": {"answers": 1, "strict": 0, "over_cap": 0}, "force_operation": {"answers": 11, "strict": 8, "over_cap": 0}, "force_subject": {"answers": 1, "strict": 0, "over_cap": 0}, "force_stop": {"answers": 0, "strict": 0, "over_cap": 0}, "force_operation+subject": {"answers": 64, "strict": 64, "over_cap": 0}}
{"diagnose": "k7-prac", "none": {"answers": 1, "strict": 0, "over_cap": 53}, "force_operation": {"answers": 6, "strict": 1, "over_cap": 0}, "force_subject": {"answers": 7, "strict": 7, "over_cap": 51}, "force_stop": {"answers": 1, "strict": 0, "over_cap": 0}, "force_operation+subject": {"answers": 64, "strict": 64, "over_cap": 0}}
{"diagnose": "k7-held", "none": {"answers": 5, "strict": 0, "over_cap": 0}, "force_operation": {"answers": 2, "strict": 1, "over_cap": 0}, "force_subject": {"answers": 5, "strict": 0, "over_cap": 0}, "force_stop": {"answers": 0, "strict": 0, "over_cap": 0}, "force_operation+subject": {"answers": 64, "strict": 64, "over_cap": 0}}
{"diagnose": "k8-prac", "none": {"answers": 1, "strict": 0, "over_cap": 52}, "force_operation": {"answers": 3, "strict": 0, "over_cap": 0}, "force_subject": {"answers": 8, "strict": 8, "over_cap": 45}, "force_stop": {"answers": 1, "strict": 0, "over_cap": 0}, "force_operation+subject": {"answers": 64, "strict": 64, "over_cap": 0}}
{"diagnose": "k8-held", "none": {"answers": 6, "strict": 0, "over_cap": 0}, "force_operation": {"answers": 4, "strict": 0, "over_cap": 0}, "force_subject": {"answers": 6, "strict": 0, "over_cap": 0}, "force_stop": {"answers": 0, "strict": 0, "over_cap": 0}, "force_operation+subject": {"answers": 64, "strict": 64, "over_cap": 0}}
{"diagnose": "p6-k1-prac", "none": {"answers": 64, "strict": 64, "over_cap": 0}, "force_operation": {"answers": 64, "strict": 64, "over_cap": 0}, "force_subject": {"answers": 64, "strict": 64, "over_cap": 0}, "force_stop": {"answers": 64, "strict": 64, "over_cap": 0}, "force_operation+subject": {"answers": 64, "strict": 64, "over_cap": 0}}
{"diagnose": "p6-k1-held", "none": {"answers": 64, "strict": 64, "over_cap": 0}, "force_operation": {"answers": 64, "strict": 64, "over_cap": 0}, "force_subject": {"answers": 64, "strict": 64, "over_cap": 0}, "force_stop": {"answers": 64, "strict": 64, "over_cap": 0}, "force_operation+subject": {"answers": 64, "strict": 64, "over_cap": 0}}
{"diagnose": "p6-k2-prac", "none": {"answers": 64, "strict": 64, "over_cap": 0}, "force_operation": {"answers": 64, "strict": 64, "over_cap": 0}, "force_subject": {"answers": 64, "strict": 64, "over_cap": 0}, "force_stop": {"answers": 64, "strict": 64, "over_cap": 0}, "force_operation+subject": {"answers": 64, "strict": 64, "over_cap": 0}}
{"diagnose": "p6-k2-held", "none": {"answers": 6, "strict": 0, "over_cap": 0}, "force_operation": {"answers": 64, "strict": 64, "over_cap": 0}, "force_subject": {"answers": 6, "strict": 0, "over_cap": 0}, "force_stop": {"answers": 4, "strict": 0, "over_cap": 0}, "force_operation+subject": {"answers": 64, "strict": 64, "over_cap": 0}}
{"diagnose": "p6-k3-prac", "none": {"answers": 64, "strict": 64, "over_cap": 0}, "force_operation": {"answers": 64, "strict": 64, "over_cap": 0}, "force_subject": {"answers": 64, "strict": 64, "over_cap": 0}, "force_stop": {"answers": 64, "strict": 64, "over_cap": 0}, "force_operation+subject": {"answers": 64, "strict": 64, "over_cap": 0}}
{"diagnose": "p6-k3-held", "none": {"answers": 1, "strict": 0, "over_cap": 0}, "force_operation": {"answers": 62, "strict": 62, "over_cap": 0}, "force_subject": {"answers": 1, "strict": 0, "over_cap": 0}, "force_stop": {"answers": 0, "strict": 0, "over_cap": 0}, "force_operation+subject": {"answers": 64, "strict": 64, "over_cap": 0}}
{"diagnose": "pair-link", "none": {"answers": 0, "strict": 0, "over_cap": 0}, "force_operation": {"answers": 13, "strict": 11, "over_cap": 0}, "force_subject": {"answers": 0, "strict": 0, "over_cap": 0}, "force_stop": {"answers": 0, "strict": 0, "over_cap": 0}, "force_operation+subject": {"answers": 64, "strict": 64, "over_cap": 0}}
{"diagnose": "pair-value", "none": {"answers": 0, "strict": 0, "over_cap": 0}, "force_operation": {"answers": 26, "strict": 26, "over_cap": 0}, "force_subject": {"answers": 0, "strict": 0, "over_cap": 0}, "force_stop": {"answers": 0, "strict": 0, "over_cap": 0}, "force_operation+subject": {"answers": 64, "strict": 64, "over_cap": 0}}
{"diagnose": "pair-irrelevant", "none": {"answers": 5, "strict": 0, "over_cap": 0}, "force_operation": {"answers": 19, "strict": 19, "over_cap": 0}, "force_subject": {"answers": 5, "strict": 0, "over_cap": 0}, "force_stop": {"answers": 0, "strict": 0, "over_cap": 0}, "force_operation+subject": {"answers": 64, "strict": 64, "over_cap": 0}}
