{"event": "start", "arm": "rl", "seed": 0, "dispatcher_parameters": 15522, "train_hops": [1, 2, 3], "train_people": 6, "train_cap": 4, "call_cost": 0.01, "ablations": {"no_recent": true, "no_offsets": false}, "operator": "checkpoint"}
{"seed": 0, "arm": "rl", "update": 1, "mean_reward": 0.0068359375, "invalid_fraction": 0.96484375, "over_cap_fraction": 0.0, "mean_calls": 0.078125, "entropy": 1.5876116752624512, "seconds": 1.0529997089997778, "mean_shaped": 0.00605468824505806, "call_cost": 0.01}
{"seed": 0, "arm": "rl", "update": 100, "mean_reward": 0.1369949494949495, "invalid_fraction": 0.7007970328282829, "over_cap_fraction": 0.0005326704545454545, "mean_calls": 0.3721788194444444, "entropy": 1.1676003800498114, "seconds": 12.450279708999915, "mean_shaped": 0.13327315875865292, "call_cost": 0.01}
{"seed": 0, "arm": "rl", "update": 200, "mean_reward": 0.789951171875, "invalid_fraction": 0.03263671875, "over_cap_fraction": 0.004619140625, "mean_calls": 1.993916015625, "entropy": 0.18811687357723714, "seconds": 25.754118625000046, "mean_shaped": 0.7700119963288308, "call_cost": 0.01}
{"seed": 0, "arm": "rl", "update": 300, "mean_reward": 0.94146484375, "invalid_fraction": 0.001767578125, "over_cap_fraction": 0.001884765625, "mean_calls": 2.31880859375, "entropy": 0.13810441970825196, "seconds": 39.32370616699973, "mean_shaped": 0.9182767832279205, "call_cost": 0.01}
{"seed": 0, "arm": "rl", "update": 400, "mean_reward": 0.983017578125, "invalid_fraction": 0.000263671875, "over_cap_fraction": 0.000732421875, "mean_calls": 2.384345703125, "entropy": 0.12635985545814038, "seconds": 52.886790499999734, "mean_shaped": 0.9591741573810577, "call_cost": 0.01}
{"seed": 0, "arm": "rl", "update": 500, "mean_reward": 0.987197265625, "invalid_fraction": 0.000126953125, "over_cap_fraction": 0.000498046875, "mean_calls": 2.36375, "entropy": 0.12512920737266542, "seconds": 66.40139912500035, "mean_shaped": 0.9635598009824753, "call_cost": 0.01}
{"seed": 0, "arm": "rl", "update": 600, "mean_reward": 0.994404296875, "invalid_fraction": 0.0001953125, "over_cap_fraction": 0.000400390625, "mean_calls": 2.37310546875, "entropy": 0.12524368859827517, "seconds": 79.94238570899961, "mean_shaped": 0.9706732761859894, "call_cost": 0.01}
{"seed": 0, "arm": "rl", "update": 700, "mean_reward": 0.995078125, "invalid_fraction": 0.0002734375, "over_cap_fraction": 0.00025390625, "mean_calls": 2.379697265625, "entropy": 0.12371132850646972, "seconds": 93.44129608399999, "mean_shaped": 0.9712811917066574, "call_cost": 0.01}
{"seed": 0, "arm": "rl", "update": 800, "mean_reward": 0.995654296875, "invalid_fraction": 0.000283203125, "over_cap_fraction": 0.000234375, "mean_calls": 2.362080078125, "entropy": 0.12340142279863357, "seconds": 106.93982516699998, "mean_shaped": 0.9720335346460343, "call_cost": 0.01}
{"seed": 0, "arm": "rl", "update": 900, "mean_reward": 0.99171875, "invalid_fraction": 6.8359375e-05, "over_cap_fraction": 0.00021484375, "mean_calls": 2.358662109375, "entropy": 0.12293211996555328, "seconds": 120.48430512499999, "mean_shaped": 0.9681321632862091, "call_cost": 0.01}
{"seed": 0, "arm": "rl", "update": 1000, "mean_reward": 0.99787109375, "invalid_fraction": 0.000107421875, "over_cap_fraction": 0.0001953125, "mean_calls": 2.37494140625, "entropy": 0.12360384464263915, "seconds": 133.97512720899977, "mean_shaped": 0.9741217124462128, "call_cost": 0.01}
{"seed": 0, "arm": "rl", "update": 1100, "mean_reward": 0.99759765625, "invalid_fraction": 8.7890625e-05, "over_cap_fraction": 0.000166015625, "mean_calls": 2.362236328125, "entropy": 0.12324243366718292, "seconds": 147.45925654199982, "mean_shaped": 0.9739753252267838, "call_cost": 0.01}
{"seed": 0, "arm": "rl", "update": 1200, "mean_reward": 0.99798828125, "invalid_fraction": 2.9296875e-05, "over_cap_fraction": 0.000126953125, "mean_calls": 2.36541015625, "entropy": 0.1238724271953106, "seconds": 160.94068900000002, "mean_shaped": 0.9743342143297196, "call_cost": 0.01}
{"seed": 0, "arm": "rl", "update": 1300, "mean_reward": 0.99810546875, "invalid_fraction": 0.00017578125, "over_cap_fraction": 0.0001953125, "mean_calls": 2.355380859375, "entropy": 0.12312680155038834, "seconds": 174.4476563749995, "mean_shaped": 0.9745517057180405, "call_cost": 0.01}
{"seed": 0, "arm": "rl", "update": 1400, "mean_reward": 0.99833984375, "invalid_fraction": 5.859375e-05, "over_cap_fraction": 0.00013671875, "mean_calls": 2.340712890625, "entropy": 0.12229452304542064, "seconds": 188.04278412500025, "mean_shaped": 0.9749327492713928, "call_cost": 0.01}
{"seed": 0, "arm": "rl", "update": 1500, "mean_reward": 0.998818359375, "invalid_fraction": 2.9296875e-05, "over_cap_fraction": 7.8125e-05, "mean_calls": 2.34673828125, "entropy": 0.12307767800986767, "seconds": 201.58460195899988, "mean_shaped": 0.9753510111570358, "call_cost": 0.01}
{"seed": 0, "arm": "rl", "update": 1600, "mean_reward": 0.999208984375, "invalid_fraction": 5.859375e-05, "over_cap_fraction": 0.00017578125, "mean_calls": 2.336171875, "entropy": 0.11836988188326358, "seconds": 215.12661366700013, "mean_shaped": 0.9758472937345505, "call_cost": 0.01}
{"seed": 0, "arm": "rl", "update": 1700, "mean_reward": 0.997705078125, "invalid_fraction": 5.859375e-05, "over_cap_fraction": 0.00015625, "mean_calls": 2.36818359375, "entropy": 0.12088431373238563, "seconds": 228.64772458399966, "mean_shaped": 0.9740232837200165, "call_cost": 0.01}
{"seed": 0, "arm": "rl", "update": 1800, "mean_reward": 0.9962109375, "invalid_fraction": 0.00021484375, "over_cap_fraction": 0.0001953125, "mean_calls": 2.351904296875, "entropy": 0.12312850832939148, "seconds": 242.2670182920001, "mean_shaped": 0.9726919317245484, "call_cost": 0.01}
{"seed": 0, "arm": "rl", "update": 1900, "mean_reward": 0.998076171875, "invalid_fraction": 2.9296875e-05, "over_cap_fraction": 0.00017578125, "mean_calls": 2.309619140625, "entropy": 0.11852613002061844, "seconds": 255.73635058400032, "mean_shaped": 0.9749800097942353, "call_cost": 0.01}
{"seed": 0, "arm": "rl", "update": 2000, "mean_reward": 0.9988671875, "invalid_fraction": 0.0, "over_cap_fraction": 0.0001171875, "mean_calls": 2.338330078125, "entropy": 0.1217702978104353, "seconds": 269.19038, "mean_shaped": 0.9754839205741882, "call_cost": 0.01}
{"seed": 0, "arm": "rl", "update": 2100, "mean_reward": 0.998056640625, "invalid_fraction": 1.953125e-05, "over_cap_fraction": 4.8828125e-05, "mean_calls": 2.3454296875, "entropy": 0.12225387565791607, "seconds": 282.6416053749999, "mean_shaped": 0.9746023803949356, "call_cost": 0.01}
{"seed": 0, "arm": "rl", "update": 2200, "mean_reward": 0.995556640625, "invalid_fraction": 5.859375e-05, "over_cap_fraction": 0.000107421875, "mean_calls": 2.331279296875, "entropy": 0.12133591108024121, "seconds": 296.0932045419995, "mean_shaped": 0.9722438770532608, "call_cost": 0.01}
{"seed": 0, "arm": "rl", "update": 2300, "mean_reward": 0.99978515625, "invalid_fraction": 5.859375e-05, "over_cap_fraction": 5.859375e-05, "mean_calls": 2.343642578125, "entropy": 0.12077715493738651, "seconds": 309.55596470900036, "mean_shaped": 0.9763487666845322, "call_cost": 0.01}
{"seed": 0, "arm": "rl", "update": 2400, "mean_reward": 0.99939453125, "invalid_fraction": 2.9296875e-05, "over_cap_fraction": 0.000107421875, "mean_calls": 2.331044921875, "entropy": 0.12170616619288921, "seconds": 323.03714687499996, "mean_shaped": 0.9760841208696366, "call_cost": 0.01}
{"seed": 0, "arm": "rl", "update": 2500, "mean_reward": 0.99951171875, "invalid_fraction": 0.000107421875, "over_cap_fraction": 8.7890625e-05, "mean_calls": 2.331162109375, "entropy": 0.11988224804401398, "seconds": 336.590699417, "mean_shaped": 0.9762001347541809, "call_cost": 0.01}
{"seed": 0, "arm": "rl", "update": 2600, "mean_reward": 0.995009765625, "invalid_fraction": 5.859375e-05, "over_cap_fraction": 4.8828125e-05, "mean_calls": 2.3265625, "entropy": 0.1209043699502945, "seconds": 350.1092557920001, "mean_shaped": 0.9717441725730896, "call_cost": 0.01}
{"seed": 0, "arm": "rl", "update": 2700, "mean_reward": 0.9994140625, "invalid_fraction": 9.765625e-06, "over_cap_fraction": 8.7890625e-05, "mean_calls": 2.315771484375, "entropy": 0.1182511705905199, "seconds": 363.5806628749997, "mean_shaped": 0.9762563848495484, "call_cost": 0.01}
{"seed": 0, "arm": "rl", "update": 2800, "mean_reward": 0.998203125, "invalid_fraction": 1.953125e-05, "over_cap_fraction": 3.90625e-05, "mean_calls": 2.310400390625, "entropy": 0.12047602742910385, "seconds": 377.02474979199997, "mean_shaped": 0.9750991559028626, "call_cost": 0.01}
{"seed": 0, "arm": "rl", "update": 2900, "mean_reward": 0.999638671875, "invalid_fraction": 9.765625e-06, "over_cap_fraction": 0.0001171875, "mean_calls": 2.287802734375, "entropy": 0.11942094713449478, "seconds": 390.47286449999956, "mean_shaped": 0.9767606729269027, "call_cost": 0.01}
{"seed": 0, "arm": "rl", "update": 3000, "mean_reward": 0.999609375, "invalid_fraction": 2.9296875e-05, "over_cap_fraction": 3.90625e-05, "mean_calls": 2.327568359375, "entropy": 0.11895761407911777, "seconds": 403.97950975000003, "mean_shaped": 0.9763337194919586, "call_cost": 0.01}
{"seed": 0, "arm": "rl", "update": 3100, "mean_reward": 0.996337890625, "invalid_fraction": 9.765625e-05, "over_cap_fraction": 3.90625e-05, "mean_calls": 2.29044921875, "entropy": 0.1193707050383091, "seconds": 417.446236709, "mean_shaped": 0.9734334295988083, "call_cost": 0.01}
{"seed": 0, "arm": "rl", "update": 3200, "mean_reward": 0.99826171875, "invalid_fraction": 0.0, "over_cap_fraction": 2.9296875e-05, "mean_calls": 2.3066796875, "entropy": 0.118699851334095, "seconds": 430.9101032090002, "mean_shaped": 0.975194953083992, "call_cost": 0.01}
{"seed": 0, "arm": "rl", "update": 3300, "mean_reward": 0.9976171875, "invalid_fraction": 2.9296875e-05, "over_cap_fraction": 3.90625e-05, "mean_calls": 2.289853515625, "entropy": 0.11871386088430881, "seconds": 444.39550166699973, "mean_shaped": 0.9747186803817749, "call_cost": 0.01}
{"seed": 0, "arm": "rl", "update": 3400, "mean_reward": 0.999296875, "invalid_fraction": 8.7890625e-05, "over_cap_fraction": 4.8828125e-05, "mean_calls": 2.268525390625, "entropy": 0.11779658518731594, "seconds": 457.91654558400023, "mean_shaped": 0.976611646413803, "call_cost": 0.01}
{"seed": 0, "arm": "rl", "update": 3500, "mean_reward": 0.9994921875, "invalid_fraction": 2.9296875e-05, "over_cap_fraction": 1.953125e-05, "mean_calls": 2.29283203125, "entropy": 0.1176507019996643, "seconds": 471.4020027919996, "mean_shaped": 0.9765639007091522, "call_cost": 0.01}
{"seed": 0, "arm": "rl", "update": 3600, "mean_reward": 0.999853515625, "invalid_fraction": 0.0, "over_cap_fraction": 2.9296875e-05, "mean_calls": 2.2724609375, "entropy": 0.11858339630067348, "seconds": 484.9187081250002, "mean_shaped": 0.9771289378404617, "call_cost": 0.01}
{"seed": 0, "arm": "rl", "update": 3700, "mean_reward": 0.999638671875, "invalid_fraction": 2.9296875e-05, "over_cap_fraction": 2.9296875e-05, "mean_calls": 2.26724609375, "entropy": 0.11575321599841118, "seconds": 498.3829880000003, "mean_shaped": 0.9769662368297577, "call_cost": 0.01}
{"seed": 0, "arm": "rl", "update": 3800, "mean_reward": 0.997744140625, "invalid_fraction": 0.000166015625, "over_cap_fraction": 3.90625e-05, "mean_calls": 2.26064453125, "entropy": 0.1152554427087307, "seconds": 511.8942757089999, "mean_shaped": 0.975137727856636, "call_cost": 0.01}
{"seed": 0, "arm": "rl", "update": 3900, "mean_reward": 0.999501953125, "invalid_fraction": 1.953125e-05, "over_cap_fraction": 7.8125e-05, "mean_calls": 2.26029296875, "entropy": 0.11499822929501534, "seconds": 525.4702123750003, "mean_shaped": 0.9768990528583527, "call_cost": 0.01}
{"seed": 0, "arm": "rl", "update": 4000, "mean_reward": 0.99818359375, "invalid_fraction": 4.8828125e-05, "over_cap_fraction": 2.9296875e-05, "mean_calls": 2.25869140625, "entropy": 0.11434181414544582, "seconds": 539.0102214589997, "mean_shaped": 0.9755967032909393, "call_cost": 0.01}
{"seed": 0, "arm": "rl", "update": 4100, "mean_reward": 0.998974609375, "invalid_fraction": 9.765625e-06, "over_cap_fraction": 5.859375e-05, "mean_calls": 2.237529296875, "entropy": 0.11243480056524277, "seconds": 552.5317396669998, "mean_shaped": 0.9765993380546569, "call_cost": 0.01}
{"seed": 0, "arm": "rl", "update": 4200, "mean_reward": 0.99693359375, "invalid_fraction": 0.0004296875, "over_cap_fraction": 5.859375e-05, "mean_calls": 2.24515625, "entropy": 0.11183144576847553, "seconds": 566.0523592919999, "mean_shaped": 0.9744820588827133, "call_cost": 0.01}
{"seed": 0, "arm": "rl", "update": 4300, "mean_reward": 0.998349609375, "invalid_fraction": 1.953125e-05, "over_cap_fraction": 5.859375e-05, "mean_calls": 2.248876953125, "entropy": 0.11160608775913715, "seconds": 579.5332669170002, "mean_shaped": 0.9758608651161194, "call_cost": 0.01}
{"seed": 0, "arm": "rl", "update": 4400, "mean_reward": 0.9989453125, "invalid_fraction": 9.765625e-06, "over_cap_fraction": 3.90625e-05, "mean_calls": 2.221650390625, "entropy": 0.11170552745461464, "seconds": 593.0574777920001, "mean_shaped": 0.976728823184967, "call_cost": 0.01}
{"seed": 0, "arm": "rl", "update": 4500, "mean_reward": 0.998935546875, "invalid_fraction": 1.953125e-05, "over_cap_fraction": 1.953125e-05, "mean_calls": 2.21833984375, "entropy": 0.10983008034527302, "seconds": 606.5897354589997, "mean_shaped": 0.9767521715164185, "call_cost": 0.01}
{"seed": 0, "arm": "rl", "update": 4600, "mean_reward": 0.9998828125, "invalid_fraction": 9.765625e-06, "over_cap_fraction": 9.765625e-06, "mean_calls": 2.210380859375, "entropy": 0.11191615574061871, "seconds": 618.9569138340003, "mean_shaped": 0.9777790176868438, "call_cost": 0.01}
{"seed": 0, "arm": "rl", "update": 4700, "mean_reward": 0.99982421875, "invalid_fraction": 0.0, "over_cap_fraction": 1.953125e-05, "mean_calls": 2.212158203125, "entropy": 0.10836035758256912, "seconds": 631.019766292, "mean_shaped": 0.9777026575803757, "call_cost": 0.01}
{"seed": 0, "arm": "rl", "update": 4800, "mean_reward": 0.99103515625, "invalid_fraction": 9.765625e-06, "over_cap_fraction": 2.9296875e-05, "mean_calls": 2.208330078125, "entropy": 0.10437068954110146, "seconds": 643.095167292, "mean_shaped": 0.968951866030693, "call_cost": 0.01}
{"seed": 0, "arm": "rl", "update": 4900, "mean_reward": 0.997890625, "invalid_fraction": 5.859375e-05, "over_cap_fraction": 3.90625e-05, "mean_calls": 2.180751953125, "entropy": 0.10317992962896824, "seconds": 655.128327167, "mean_shaped": 0.9760831201076507, "call_cost": 0.01}
{"seed": 0, "arm": "rl", "update": 5000, "mean_reward": 0.9996484375, "invalid_fraction": 0.000126953125, "over_cap_fraction": 2.9296875e-05, "mean_calls": 2.134208984375, "entropy": 0.09708643332123756, "seconds": 667.1856740419998, "mean_shaped": 0.9783063554763793, "call_cost": 0.01}
{"seed": 0, "arm": "rl", "update": 5100, "mean_reward": 0.99994140625, "invalid_fraction": 0.0, "over_cap_fraction": 0.0, "mean_calls": 2.1683203125, "entropy": 0.10022336460649967, "seconds": 679.1613073749995, "mean_shaped": 0.9782582145929336, "call_cost": 0.01}
{"seed": 0, "arm": "rl", "update": 5200, "mean_reward": 0.99841796875, "invalid_fraction": 9.765625e-06, "over_cap_fraction": 0.0, "mean_calls": 2.17283203125, "entropy": 0.1000362277776003, "seconds": 692.0691333340001, "mean_shaped": 0.9766896665096283, "call_cost": 0.01}
{"seed": 0, "arm": "rl", "update": 5300, "mean_reward": 0.99978515625, "invalid_fraction": 9.765625e-06, "over_cap_fraction": 9.765625e-06, "mean_calls": 2.1637890625, "entropy": 0.09645911686122417, "seconds": 705.5157467090003, "mean_shaped": 0.978147280216217, "call_cost": 0.01}
{"seed": 0, "arm": "rl", "update": 5400, "mean_reward": 0.998583984375, "invalid_fraction": 9.765625e-05, "over_cap_fraction": 0.0, "mean_calls": 2.11439453125, "entropy": 0.09110416442155839, "seconds": 718.7745669169999, "mean_shaped": 0.9774400389194489, "call_cost": 0.01}
{"seed": 0, "arm": "rl", "update": 5500, "mean_reward": 0.998603515625, "invalid_fraction": 1.953125e-05, "over_cap_fraction": 9.765625e-06, "mean_calls": 2.10162109375, "entropy": 0.08837493047118188, "seconds": 731.9474438340003, "mean_shaped": 0.9775873094797134, "call_cost": 0.01}
{"seed": 0, "arm": "rl", "update": 5600, "mean_reward": 0.9999609375, "invalid_fraction": 9.765625e-06, "over_cap_fraction": 9.765625e-06, "mean_calls": 2.09666015625, "entropy": 0.08651003286242485, "seconds": 745.3269671669996, "mean_shaped": 0.9789943408966064, "call_cost": 0.01}
{"seed": 0, "arm": "rl", "update": 5700, "mean_reward": 0.999892578125, "invalid_fraction": 9.765625e-06, "over_cap_fraction": 0.0, "mean_calls": 2.0748828125, "entropy": 0.08354744501411915, "seconds": 758.636027042, "mean_shaped": 0.9791437542438507, "call_cost": 0.01}
{"seed": 0, "arm": "rl", "update": 5800, "mean_reward": 0.997900390625, "invalid_fraction": 9.765625e-06, "over_cap_fraction": 2.9296875e-05, "mean_calls": 2.068642578125, "entropy": 0.07603244211524725, "seconds": 771.8375006249998, "mean_shaped": 0.9772139716148377, "call_cost": 0.01}
{"seed": 0, "arm": "rl", "update": 5900, "mean_reward": 0.99677734375, "invalid_fraction": 9.765625e-06, "over_cap_fraction": 0.0, "mean_calls": 2.05880859375, "entropy": 0.07302892729640006, "seconds": 785.177614667, "mean_shaped": 0.9761892551183701, "call_cost": 0.01}
{"seed": 0, "arm": "rl", "update": 6000, "mean_reward": 0.999765625, "invalid_fraction": 0.0, "over_cap_fraction": 0.0, "mean_calls": 2.03955078125, "entropy": 0.0662573079392314, "seconds": 798.7814376670003, "mean_shaped": 0.9793701159954071, "call_cost": 0.01}
{"event": "done", "arm": "rl", "seed": 0, "updates": 6000, "time_capped": false, "updates_per_second": 7.511416247494569}
