{"event": "start", "arm": "rl", "seed": 2, "dispatcher_parameters": 15522, "train_hops": [1, 2, 3], "train_people": 6, "train_cap": 4, "call_cost": 0.01, "ablations": {"no_recent": false, "no_offsets": false}, "operator": "checkpoint"}
{"seed": 2, "arm": "rl", "update": 1, "mean_reward": 0.0126953125, "invalid_fraction": 0.951171875, "over_cap_fraction": 0.0, "mean_calls": 0.0927734375, "entropy": 1.5851010084152222, "seconds": 1.0370843330001662, "mean_shaped": 0.011767578311264515, "call_cost": 0.01}
{"seed": 2, "arm": "rl", "update": 100, "mean_reward": 0.13518978851010102, "invalid_fraction": 0.7031447285353535, "over_cap_fraction": 0.0003551136363636364, "mean_calls": 0.3587140940656566, "entropy": 1.1720168072767931, "seconds": 12.401244833000419, "mean_shaped": 0.13160264306240763, "call_cost": 0.01}
{"seed": 2, "arm": "rl", "update": 200, "mean_reward": 0.772734375, "invalid_fraction": 0.095283203125, "over_cap_fraction": 0.0070703125, "mean_calls": 1.733916015625, "entropy": 0.2323371635004878, "seconds": 25.485156208000262, "mean_shaped": 0.7553952080011368, "call_cost": 0.01}
{"seed": 2, "arm": "rl", "update": 300, "mean_reward": 0.99849609375, "invalid_fraction": 4.8828125e-05, "over_cap_fraction": 0.000625, "mean_calls": 2.0858984375, "entropy": 0.0729359444975853, "seconds": 38.70381816700046, "mean_shaped": 0.9776371133327484, "call_cost": 0.01}
{"seed": 2, "arm": "rl", "update": 400, "mean_reward": 0.999169921875, "invalid_fraction": 2.9296875e-05, "over_cap_fraction": 0.000478515625, "mean_calls": 2.09892578125, "entropy": 0.07580870479345321, "seconds": 51.97802124999998, "mean_shaped": 0.9781806629896164, "call_cost": 0.01}
{"seed": 2, "arm": "rl", "update": 500, "mean_reward": 0.999375, "invalid_fraction": 3.90625e-05, "over_cap_fraction": 0.0003125, "mean_calls": 2.151669921875, "entropy": 0.08219389416277409, "seconds": 65.21137358299984, "mean_shaped": 0.977858304977417, "call_cost": 0.01}
{"seed": 2, "arm": "rl", "update": 600, "mean_reward": 0.999453125, "invalid_fraction": 3.90625e-05, "over_cap_fraction": 0.0002734375, "mean_calls": 2.148681640625, "entropy": 0.08184404075145721, "seconds": 78.48021616700044, "mean_shaped": 0.977966313958168, "call_cost": 0.01}
{"seed": 2, "arm": "rl", "update": 700, "mean_reward": 0.9995703125, "invalid_fraction": 5.859375e-05, "over_cap_fraction": 0.00017578125, "mean_calls": 2.17712890625, "entropy": 0.08239468738436699, "seconds": 91.81764129200019, "mean_shaped": 0.9777990347146988, "call_cost": 0.01}
{"seed": 2, "arm": "rl", "update": 800, "mean_reward": 0.999677734375, "invalid_fraction": 8.7890625e-05, "over_cap_fraction": 0.000166015625, "mean_calls": 2.16712890625, "entropy": 0.08310798279941083, "seconds": 105.04131737500029, "mean_shaped": 0.9780064570903778, "call_cost": 0.01}
{"seed": 2, "arm": "rl", "update": 900, "mean_reward": 0.999814453125, "invalid_fraction": 4.8828125e-05, "over_cap_fraction": 0.000126953125, "mean_calls": 2.16791015625, "entropy": 0.08240304317325353, "seconds": 118.1877744580006, "mean_shaped": 0.9781353652477265, "call_cost": 0.01}
{"seed": 2, "arm": "rl", "update": 1000, "mean_reward": 0.999775390625, "invalid_fraction": 3.90625e-05, "over_cap_fraction": 0.00013671875, "mean_calls": 2.15974609375, "entropy": 0.08348513904958964, "seconds": 131.47603954199985, "mean_shaped": 0.9781779420375823, "call_cost": 0.01}
{"seed": 2, "arm": "rl", "update": 1100, "mean_reward": 0.999873046875, "invalid_fraction": 2.9296875e-05, "over_cap_fraction": 6.8359375e-05, "mean_calls": 2.177998046875, "entropy": 0.08471194356679916, "seconds": 144.91521595799986, "mean_shaped": 0.978093079328537, "call_cost": 0.01}
{"seed": 2, "arm": "rl", "update": 1200, "mean_reward": 0.999736328125, "invalid_fraction": 9.765625e-05, "over_cap_fraction": 5.859375e-05, "mean_calls": 2.1692578125, "entropy": 0.08539366163313389, "seconds": 158.37695020800038, "mean_shaped": 0.978043760061264, "call_cost": 0.01}
{"seed": 2, "arm": "rl", "update": 1300, "mean_reward": 0.999912109375, "invalid_fraction": 2.9296875e-05, "over_cap_fraction": 4.8828125e-05, "mean_calls": 2.161650390625, "entropy": 0.08400030668824911, "seconds": 171.74315062500045, "mean_shaped": 0.978295618891716, "call_cost": 0.01}
{"seed": 2, "arm": "rl", "update": 1400, "mean_reward": 0.999853515625, "invalid_fraction": 5.859375e-05, "over_cap_fraction": 6.8359375e-05, "mean_calls": 2.162890625, "entropy": 0.08534630913287401, "seconds": 185.0488304999999, "mean_shaped": 0.9782246172428131, "call_cost": 0.01}
{"seed": 2, "arm": "rl", "update": 1500, "mean_reward": 0.999931640625, "invalid_fraction": 1.953125e-05, "over_cap_fraction": 4.8828125e-05, "mean_calls": 2.17587890625, "entropy": 0.0833642041310668, "seconds": 198.45783695800037, "mean_shaped": 0.9781728613376618, "call_cost": 0.01}
{"seed": 2, "arm": "rl", "update": 1600, "mean_reward": 0.999951171875, "invalid_fraction": 9.765625e-06, "over_cap_fraction": 2.9296875e-05, "mean_calls": 2.1699609375, "entropy": 0.08349563777446747, "seconds": 211.89297304200045, "mean_shaped": 0.9782515734434127, "call_cost": 0.01}
{"seed": 2, "arm": "rl", "update": 1700, "mean_reward": 0.99990234375, "invalid_fraction": 5.859375e-05, "over_cap_fraction": 9.765625e-06, "mean_calls": 2.163818359375, "entropy": 0.08347099713981151, "seconds": 225.2254756250004, "mean_shaped": 0.9782641655206681, "call_cost": 0.01}
{"seed": 2, "arm": "rl", "update": 1800, "mean_reward": 0.999951171875, "invalid_fraction": 9.765625e-06, "over_cap_fraction": 3.90625e-05, "mean_calls": 2.163427734375, "entropy": 0.08417980536818505, "seconds": 238.56853429200055, "mean_shaped": 0.9783169001340866, "call_cost": 0.01}
{"seed": 2, "arm": "rl", "update": 1900, "mean_reward": 0.9996484375, "invalid_fraction": 2.9296875e-05, "over_cap_fraction": 2.9296875e-05, "mean_calls": 2.1555078125, "entropy": 0.08250728003680706, "seconds": 251.86393191699972, "mean_shaped": 0.9780933660268784, "call_cost": 0.01}
{"seed": 2, "arm": "rl", "update": 2000, "mean_reward": 1.0, "invalid_fraction": 0.0, "over_cap_fraction": 0.0, "mean_calls": 2.17583984375, "entropy": 0.08275414913892747, "seconds": 265.21560962500007, "mean_shaped": 0.9782416117191315, "call_cost": 0.01}
{"seed": 2, "arm": "rl", "update": 2100, "mean_reward": 0.9998046875, "invalid_fraction": 0.000185546875, "over_cap_fraction": 9.765625e-06, "mean_calls": 2.16509765625, "entropy": 0.08313664346933365, "seconds": 278.6084821250006, "mean_shaped": 0.9781537210941315, "call_cost": 0.01}
{"seed": 2, "arm": "rl", "update": 2200, "mean_reward": 0.99990234375, "invalid_fraction": 2.9296875e-05, "over_cap_fraction": 5.859375e-05, "mean_calls": 2.15626953125, "entropy": 0.08142981536686421, "seconds": 291.6596872079999, "mean_shaped": 0.9783396631479263, "call_cost": 0.01}
{"seed": 2, "arm": "rl", "update": 2300, "mean_reward": 0.999912109375, "invalid_fraction": 6.8359375e-05, "over_cap_fraction": 0.0, "mean_calls": 2.16529296875, "entropy": 0.08100471593439579, "seconds": 304.39984191700023, "mean_shaped": 0.9782591938972474, "call_cost": 0.01}
{"seed": 2, "arm": "rl", "update": 2400, "mean_reward": 0.99994140625, "invalid_fraction": 3.90625e-05, "over_cap_fraction": 9.765625e-06, "mean_calls": 2.1455078125, "entropy": 0.08250943139195442, "seconds": 317.63965429200016, "mean_shaped": 0.9784863328933716, "call_cost": 0.01}
{"seed": 2, "arm": "rl", "update": 2500, "mean_reward": 0.999990234375, "invalid_fraction": 0.0, "over_cap_fraction": 9.765625e-06, "mean_calls": 2.159677734375, "entropy": 0.0827101692929864, "seconds": 330.9451774999998, "mean_shaped": 0.9783934664726257, "call_cost": 0.01}
{"seed": 2, "arm": "rl", "update": 2600, "mean_reward": 0.99998046875, "invalid_fraction": 0.0, "over_cap_fraction": 9.765625e-06, "mean_calls": 2.160390625, "entropy": 0.08123453974723815, "seconds": 344.4036283330006, "mean_shaped": 0.9783765631914139, "call_cost": 0.01}
{"seed": 2, "arm": "rl", "update": 2700, "mean_reward": 0.99998046875, "invalid_fraction": 9.765625e-06, "over_cap_fraction": 0.0, "mean_calls": 2.155400390625, "entropy": 0.0805970360338688, "seconds": 357.8410799580006, "mean_shaped": 0.9784264743328095, "call_cost": 0.01}
{"seed": 2, "arm": "rl", "update": 2800, "mean_reward": 0.999609375, "invalid_fraction": 9.765625e-05, "over_cap_fraction": 0.0, "mean_calls": 2.1466015625, "entropy": 0.08243644878268241, "seconds": 371.27532687500025, "mean_shaped": 0.9781433588266373, "call_cost": 0.01}
{"seed": 2, "arm": "rl", "update": 2900, "mean_reward": 0.9999609375, "invalid_fraction": 3.90625e-05, "over_cap_fraction": 0.0, "mean_calls": 2.154697265625, "entropy": 0.08011073380708694, "seconds": 384.64763633300026, "mean_shaped": 0.9784139764308929, "call_cost": 0.01}
{"seed": 2, "arm": "rl", "update": 3000, "mean_reward": 0.999990234375, "invalid_fraction": 0.0, "over_cap_fraction": 0.0, "mean_calls": 2.134208984375, "entropy": 0.08144668459892274, "seconds": 398.02023025000017, "mean_shaped": 0.9786481487751008, "call_cost": 0.01}
{"seed": 2, "arm": "rl", "update": 3100, "mean_reward": 1.0, "invalid_fraction": 0.0, "over_cap_fraction": 0.0, "mean_calls": 2.146484375, "entropy": 0.07916909918189048, "seconds": 411.36704295799973, "mean_shaped": 0.9785351580381394, "call_cost": 0.01}
{"seed": 2, "arm": "rl", "update": 3200, "mean_reward": 0.999990234375, "invalid_fraction": 0.0, "over_cap_fraction": 9.765625e-06, "mean_calls": 2.140302734375, "entropy": 0.08081261217594146, "seconds": 424.850083542, "mean_shaped": 0.9785872119665145, "call_cost": 0.01}
{"seed": 2, "arm": "rl", "update": 3300, "mean_reward": 0.999990234375, "invalid_fraction": 9.765625e-06, "over_cap_fraction": 0.0, "mean_calls": 2.137939453125, "entropy": 0.0796821614727378, "seconds": 438.2478378750002, "mean_shaped": 0.9786108493804931, "call_cost": 0.01}
{"seed": 2, "arm": "rl", "update": 3400, "mean_reward": 0.999990234375, "invalid_fraction": 0.0, "over_cap_fraction": 9.765625e-06, "mean_calls": 2.1313671875, "entropy": 0.0787227888032794, "seconds": 451.5386504170001, "mean_shaped": 0.978676574230194, "call_cost": 0.01}
{"seed": 2, "arm": "rl", "update": 3500, "mean_reward": 1.0, "invalid_fraction": 0.0, "over_cap_fraction": 0.0, "mean_calls": 2.13103515625, "entropy": 0.0785934929922223, "seconds": 464.8793604170005, "mean_shaped": 0.9786896580457687, "call_cost": 0.01}
{"seed": 2, "arm": "rl", "update": 3600, "mean_reward": 0.999970703125, "invalid_fraction": 9.765625e-06, "over_cap_fraction": 9.765625e-06, "mean_calls": 2.12927734375, "entropy": 0.07866903811693192, "seconds": 478.1885039580002, "mean_shaped": 0.9786779379844666, "call_cost": 0.01}
{"seed": 2, "arm": "rl", "update": 3700, "mean_reward": 0.999951171875, "invalid_fraction": 3.90625e-05, "over_cap_fraction": 0.0, "mean_calls": 2.11736328125, "entropy": 0.07807201445102692, "seconds": 491.902102, "mean_shaped": 0.978777539730072, "call_cost": 0.01}
{"seed": 2, "arm": "rl", "update": 3800, "mean_reward": 0.999892578125, "invalid_fraction": 7.8125e-05, "over_cap_fraction": 1.953125e-05, "mean_calls": 2.11064453125, "entropy": 0.07695854388177395, "seconds": 505.23547812500055, "mean_shaped": 0.9787861400842667, "call_cost": 0.01}
{"seed": 2, "arm": "rl", "update": 3900, "mean_reward": 0.999970703125, "invalid_fraction": 0.0, "over_cap_fraction": 0.0, "mean_calls": 2.123212890625, "entropy": 0.0757445364072919, "seconds": 518.2827560830001, "mean_shaped": 0.9787385773658752, "call_cost": 0.01}
{"seed": 2, "arm": "rl", "update": 4000, "mean_reward": 1.0, "invalid_fraction": 0.0, "over_cap_fraction": 0.0, "mean_calls": 2.113095703125, "entropy": 0.07670058988034725, "seconds": 531.6660752500002, "mean_shaped": 0.9788690513372421, "call_cost": 0.01}
{"seed": 2, "arm": "rl", "update": 4100, "mean_reward": 0.999990234375, "invalid_fraction": 9.765625e-06, "over_cap_fraction": 0.0, "mean_calls": 2.11232421875, "entropy": 0.07580859683454037, "seconds": 545.058968667, "mean_shaped": 0.9788669949769974, "call_cost": 0.01}
{"seed": 2, "arm": "rl", "update": 4200, "mean_reward": 0.999990234375, "invalid_fraction": 9.765625e-06, "over_cap_fraction": 0.0, "mean_calls": 2.107236328125, "entropy": 0.07540133837610483, "seconds": 558.4108651249999, "mean_shaped": 0.9789178651571274, "call_cost": 0.01}
{"seed": 2, "arm": "rl", "update": 4300, "mean_reward": 0.99982421875, "invalid_fraction": 0.00017578125, "over_cap_fraction": 0.0, "mean_calls": 2.100810546875, "entropy": 0.07053791500627994, "seconds": 571.6203868749999, "mean_shaped": 0.9788161104917527, "call_cost": 0.01}
{"seed": 2, "arm": "rl", "update": 4400, "mean_reward": 1.0, "invalid_fraction": 0.0, "over_cap_fraction": 0.0, "mean_calls": 2.097236328125, "entropy": 0.07531659170985222, "seconds": 585.0074521249999, "mean_shaped": 0.9790276318788529, "call_cost": 0.01}
{"seed": 2, "arm": "rl", "update": 4500, "mean_reward": 1.0, "invalid_fraction": 0.0, "over_cap_fraction": 0.0, "mean_calls": 2.1173046875, "entropy": 0.0721916688606143, "seconds": 598.353095208, "mean_shaped": 0.9788269633054734, "call_cost": 0.01}
{"seed": 2, "arm": "rl", "update": 4600, "mean_reward": 0.9999609375, "invalid_fraction": 0.0, "over_cap_fraction": 2.9296875e-05, "mean_calls": 2.0807421875, "entropy": 0.0704565069079399, "seconds": 611.6639673750005, "mean_shaped": 0.9791535103321075, "call_cost": 0.01}
{"seed": 2, "arm": "rl", "update": 4700, "mean_reward": 0.99984375, "invalid_fraction": 9.765625e-06, "over_cap_fraction": 0.0001171875, "mean_calls": 2.0424609375, "entropy": 0.06165353544056416, "seconds": 624.5531622079998, "mean_shaped": 0.9794191360473633, "call_cost": 0.01}
{"seed": 2, "arm": "rl", "update": 4800, "mean_reward": 0.999921875, "invalid_fraction": 0.0, "over_cap_fraction": 7.8125e-05, "mean_calls": 2.04279296875, "entropy": 0.061378161646425726, "seconds": 637.5588185420002, "mean_shaped": 0.9794939416646957, "call_cost": 0.01}
{"seed": 2, "arm": "rl", "update": 4900, "mean_reward": 0.99994140625, "invalid_fraction": 0.0, "over_cap_fraction": 4.8828125e-05, "mean_calls": 2.055673828125, "entropy": 0.0604624567180872, "seconds": 650.2996575420002, "mean_shaped": 0.9793846654891968, "call_cost": 0.01}
{"seed": 2, "arm": "rl", "update": 5000, "mean_reward": 0.999921875, "invalid_fraction": 0.0, "over_cap_fraction": 4.8828125e-05, "mean_calls": 2.0562890625, "entropy": 0.0646241569891572, "seconds": 662.9823360830005, "mean_shaped": 0.9793589884042739, "call_cost": 0.01}
{"seed": 2, "arm": "rl", "update": 5100, "mean_reward": 0.999833984375, "invalid_fraction": 0.00013671875, "over_cap_fraction": 2.9296875e-05, "mean_calls": 2.0479296875, "entropy": 0.06157201774418354, "seconds": 675.6830290420003, "mean_shaped": 0.9793546831607819, "call_cost": 0.01}
{"seed": 2, "arm": "rl", "update": 5200, "mean_reward": 0.999990234375, "invalid_fraction": 0.0, "over_cap_fraction": 9.765625e-06, "mean_calls": 2.06837890625, "entropy": 0.06345199763774872, "seconds": 688.3308731670004, "mean_shaped": 0.9793064433336258, "call_cost": 0.01}
{"seed": 2, "arm": "rl", "update": 5300, "mean_reward": 0.9999609375, "invalid_fraction": 2.9296875e-05, "over_cap_fraction": 9.765625e-06, "mean_calls": 2.0593359375, "entropy": 0.06344561345875263, "seconds": 700.8296110000001, "mean_shaped": 0.9793675714731216, "call_cost": 0.01}
{"seed": 2, "arm": "rl", "update": 5400, "mean_reward": 0.999912109375, "invalid_fraction": 1.953125e-05, "over_cap_fraction": 0.0, "mean_calls": 2.06982421875, "entropy": 0.06183437686413527, "seconds": 713.556811167, "mean_shaped": 0.9792138677835465, "call_cost": 0.01}
{"seed": 2, "arm": "rl", "update": 5500, "mean_reward": 0.99998046875, "invalid_fraction": 0.0, "over_cap_fraction": 9.765625e-06, "mean_calls": 2.059208984375, "entropy": 0.0604203424975276, "seconds": 726.2414523750003, "mean_shaped": 0.9793883788585663, "call_cost": 0.01}
{"seed": 2, "arm": "rl", "update": 5600, "mean_reward": 0.999990234375, "invalid_fraction": 0.0, "over_cap_fraction": 9.765625e-06, "mean_calls": 2.032373046875, "entropy": 0.06019502781331539, "seconds": 738.9343392500004, "mean_shaped": 0.9796664917469025, "call_cost": 0.01}
{"seed": 2, "arm": "rl", "update": 5700, "mean_reward": 1.0, "invalid_fraction": 0.0, "over_cap_fraction": 0.0, "mean_calls": 2.031171875, "entropy": 0.05519578117877245, "seconds": 751.4211335420005, "mean_shaped": 0.979688276052475, "call_cost": 0.01}
{"seed": 2, "arm": "rl", "update": 5800, "mean_reward": 0.999990234375, "invalid_fraction": 9.765625e-06, "over_cap_fraction": 0.0, "mean_calls": 2.0273046875, "entropy": 0.055896772146224974, "seconds": 764.0399071250004, "mean_shaped": 0.9797171866893768, "call_cost": 0.01}
{"seed": 2, "arm": "rl", "update": 5900, "mean_reward": 1.0, "invalid_fraction": 0.0, "over_cap_fraction": 0.0, "mean_calls": 2.0193359375, "entropy": 0.05372782360762358, "seconds": 776.6928599580006, "mean_shaped": 0.9798066407442093, "call_cost": 0.01}
{"seed": 2, "arm": "rl", "update": 6000, "mean_reward": 1.0, "invalid_fraction": 0.0, "over_cap_fraction": 0.0, "mean_calls": 2.03484375, "entropy": 0.050369480289518834, "seconds": 789.1301992079998, "mean_shaped": 0.979651569724083, "call_cost": 0.01}
{"event": "done", "arm": "rl", "seed": 2, "updates": 6000, "time_capped": false, "updates_per_second": 7.603280803462409}
