[names 4303] step 0 loss 40.6390 0.333s/upd
[names 4303] step 200 loss 2.8571 0.152s/upd
[names 4303] step 400 loss 0.0684 0.144s/upd
[names 4303] step 600 loss 0.1039 0.140s/upd
[names 4303] step 800 loss 0.0064 0.137s/upd
[names 4303] step 1000 loss 0.0518 0.141s/upd
[names 4303] step 1200 loss 0.0098 0.143s/upd
[names 4303] step 1400 loss 0.3930 0.143s/upd
[names 4303] step 1600 loss 3.9800 0.142s/upd
[names 4303] step 1800 loss 0.0030 0.140s/upd
[names 4303] step 2000 loss 0.0009 0.138s/upd
[names 4303] step 2200 loss 0.0020 0.139s/upd
[names 4303] step 2400 loss 0.0006 0.139s/upd
[names 4303] step 2600 loss 0.0023 0.138s/upd
[names 4303] step 2800 loss 0.0016 0.137s/upd
[names 4303] step 3000 loss 0.0003 0.136s/upd
[names 4303] step 3200 loss 0.0006 0.135s/upd
[names 4303] step 3400 loss 0.0002 0.136s/upd
[names 4303] step 3600 loss 0.0001 0.135s/upd
[names 4303] step 3800 loss 0.0004 0.135s/upd
[names 4303] step 4000 loss 0.0005 0.135s/upd
[names 4303] step 4200 loss 0.0003 0.135s/upd
[names 4303] step 4400 loss 0.0001 0.135s/upd
[names 4303] step 4600 loss 0.0001 0.135s/upd
[names 4303] step 4800 loss 0.0028 0.135s/upd
[names 4303] step 5000 loss 0.0001 0.135s/upd
[names 4303] step 5200 loss 0.0000 0.135s/upd
[names 4303] step 5400 loss 0.0000 0.135s/upd
[names 4303] step 5600 loss 0.0000 0.135s/upd
[names 4303] step 5800 loss 0.0001 0.135s/upd
[names 4303] step 6000 loss 0.0001 0.136s/upd
[names 4303] step 6200 loss 0.0001 0.136s/upd
[names 4303] step 6400 loss 0.0000 0.137s/upd
[names 4303] step 6600 loss 0.0000 0.137s/upd
[names 4303] step 6800 loss 0.0001 0.138s/upd
[names 4303] step 7000 loss 0.0000 0.139s/upd
[names 4303] step 7200 loss 0.0000 0.139s/upd
[names 4303] step 7400 loss 0.0001 0.139s/upd
[names 4303] step 7600 loss 0.0000 0.139s/upd
[names 4303] step 7800 loss 0.0000 0.139s/upd
[names 4303] step 7999 loss 0.0000 0.139s/upd
{
 "arm": "names",
 "seed": 4303,
 "updates": 8000,
 "batch": 128,
 "params": 635157,
 "pool": 60000,
 "sec_per_update": 0.13850264340639115,
 "train_sec": 1108.0211472511292,
 "data_sec": 8.155781269073486,
 "dev_act_acc": 0.97625,
 "temps": [
  4.389287948608398,
  4.00890588760376,
  4.130916595458984,
  4.481685638427734,
  4.481685638427734,
  0.22313034534454346
 ],
 "lexicon_sha": "552899c55ae3a0f00f6a5c8423e6101e9b73ad0cd6bcccd38b3471ca119029db",
 "split_sha": "41d7e588dd0b2f3c3fb0ebb78855d5685baa990cadb29f57307f8c5c850e7869"
}
