{"event": "parent-path", "path": "/job/repo/skills/main2/final-checkpoint.pt", "sha256": "e82bd12babf763a3fd080486fbab72088f516edc64a3456241340ea6bc1204f6", "update": 55120}
{"event": "skills-start", "train_rows": 39788, "used": 12000, "stride": 3}
{"event": "skills-eval", "update": 0, "in_dist": {"correct": 89, "n": 320, "skipped": 0, "by_family": {"chain_ops": [6, 40], "chain_story2": [11, 40], "cipher_map": [8, 40], "fewshot_number_rule": [15, 40], "group_induct": [18, 40], "seq_cycle": [14, 40], "state_update": [6, 40], "var_chain": [11, 40]}}}
{"event": "skills-progress", "update": 500, "stage": 3, "CE": 1.0626, "exact": 0.41, "minutes": 2.4}
{"event": "skills-progress", "update": 1000, "stage": 9, "CE": 0.9719, "exact": 0.458, "minutes": 4.0}
{"event": "skills-progress", "update": 1500, "stage": 8, "CE": 0.9366, "exact": 0.47, "minutes": 5.5}
{"event": "skills-progress", "update": 2000, "stage": 3, "CE": 0.9579, "exact": 0.464, "minutes": 7.1}
{"event": "skills-progress", "update": 2500, "stage": 9, "CE": 0.946, "exact": 0.486, "minutes": 8.7}
{"event": "skills-progress", "update": 3000, "stage": 9, "CE": 0.9787, "exact": 0.496, "minutes": 10.3}
{"event": "skills-eval", "update": 3000, "in_dist": {"correct": 118, "n": 320, "skipped": 0, "by_family": {"chain_ops": [8, 40], "chain_story2": [18, 40], "cipher_map": [13, 40], "fewshot_number_rule": [22, 40], "group_induct": [19, 40], "seq_cycle": [17, 40], "state_update": [8, 40], "var_chain": [13, 40]}}}
{"event": "skills-progress", "update": 3500, "stage": 9, "CE": 0.8929, "exact": 0.52, "minutes": 12.6}
{"event": "skills-progress", "update": 4000, "stage": 7, "CE": 0.8438, "exact": 0.522, "minutes": 14.2}
{"event": "skills-progress", "update": 4500, "stage": 7, "CE": 0.8646, "exact": 0.532, "minutes": 15.8}
{"event": "skills-progress", "update": 5000, "stage": 7, "CE": 0.8221, "exact": 0.548, "minutes": 17.4}
{"event": "skills-progress", "update": 5500, "stage": 9, "CE": 0.8738, "exact": 0.496, "minutes": 19.0}
{"event": "skills-progress", "update": 6000, "stage": 4, "CE": 0.8573, "exact": 0.498, "minutes": 20.6}
{"event": "skills-eval", "update": 6000, "in_dist": {"correct": 143, "n": 320, "skipped": 0, "by_family": {"chain_ops": [9, 40], "chain_story2": [23, 40], "cipher_map": [12, 40], "fewshot_number_rule": [24, 40], "group_induct": [28, 40], "seq_cycle": [20, 40], "state_update": [11, 40], "var_chain": [16, 40]}}}
{"event": "skills-progress", "update": 6500, "stage": 7, "CE": 0.7837, "exact": 0.56, "minutes": 22.9}
{"event": "skills-progress", "update": 7000, "stage": 9, "CE": 0.762, "exact": 0.572, "minutes": 24.5}
{"event": "skills-progress", "update": 7500, "stage": 6, "CE": 0.8032, "exact": 0.528, "minutes": 26.1}
{"event": "skills-progress", "update": 8000, "stage": 3, "CE": 0.7158, "exact": 0.56, "minutes": 27.7}
{"event": "skills-progress", "update": 8500, "stage": 5, "CE": 0.8134, "exact": 0.56, "minutes": 29.3}
{"event": "skills-progress", "update": 9000, "stage": 7, "CE": 0.7667, "exact": 0.554, "minutes": 30.9}
{"event": "skills-eval", "update": 9000, "in_dist": {"correct": 138, "n": 320, "skipped": 0, "by_family": {"chain_ops": [10, 40], "chain_story2": [22, 40], "cipher_map": [12, 40], "fewshot_number_rule": [22, 40], "group_induct": [24, 40], "seq_cycle": [21, 40], "state_update": [13, 40], "var_chain": [14, 40]}}}
{"event": "skills-progress", "update": 9500, "stage": 9, "CE": 0.6696, "exact": 0.594, "minutes": 33.2}
{"event": "skills-progress", "update": 10000, "stage": 9, "CE": 0.776, "exact": 0.546, "minutes": 34.8}
{"event": "skills-progress", "update": 10500, "stage": 9, "CE": 0.8113, "exact": 0.548, "minutes": 36.4}
{"event": "skills-progress", "update": 11000, "stage": 3, "CE": 0.81, "exact": 0.566, "minutes": 38.0}
{"event": "skills-progress", "update": 11500, "stage": 7, "CE": 0.8283, "exact": 0.546, "minutes": 39.6}
{"event": "skills-progress", "update": 12000, "stage": 9, "CE": 0.7134, "exact": 0.592, "minutes": 41.2}
{"event": "skills-eval", "update": 12000, "in_dist": {"correct": 113, "n": 320, "skipped": 0, "by_family": {"chain_ops": [11, 40], "chain_story2": [19, 40], "cipher_map": [10, 40], "fewshot_number_rule": [22, 40], "group_induct": [14, 40], "seq_cycle": [10, 40], "state_update": [11, 40], "var_chain": [16, 40]}}}
SKILLS-RESULT {"updates_done": 12000, "sample_seed": 1, "fixed_rows": 0, "passes": 1, "families": "chain_ops,state_update,cipher_map,chain_story2,var_chain,seq_cycle,fewshot_number_rule,group_induct", "stride": 3, "parent_seed": 0, "lr_mult": 1.0, "dev_n": 320, "final_dev": {"in_dist": {"correct": 113, "n": 320, "skipped": 0, "by_family": {"chain_ops": [11, 40], "chain_story2": [19, 40], "cipher_map": [10, 40], "fewshot_number_rule": [22, 40], "group_induct": [14, 40], "seq_cycle": [10, 40], "state_update": [11, 40], "var_chain": [16, 40]}}, "answer": {"correct": 97, "n": 280, "skipped": 0, "by_family": {"chain_ops": [9, 40], "chain_story2": [18, 40], "cipher_map": [11, 40], "fewshot_number_rule": [18, 40], "seq_cycle": [14, 40], "state_update": [10, 40], "var_chain": [17, 40]}}, "frame": {"correct": 137, "n": 320, "skipped": 0, "by_family": {"chain_ops": [9, 40], "chain_story2": [24, 40], "cipher_map": [18, 40], "fewshot_number_rule": [16, 40], "group_induct": [21, 40], "seq_cycle": [17, 40], "state_update": [14, 40], "var_chain": [18, 40]}}, "vocab": {"correct": 54, "n": 120, "skipped": 0, "by_family": {"chain_ops": [18, 40], "chain_story2": [21, 40], "state_update": [15, 40]}}, "variant": {"correct": 86, "n": 280, "skipped": 0, "by_family": {"chain_ops": [17, 40], "chain_story2": [15, 40], "fewshot_number_rule": [3, 40], "group_induct": [16, 40], "seq_cycle": [14, 40], "state_update": [13, 40], "var_chain": [8, 40]}}, "family": {"correct": 0, "n": 0, "skipped": 0, "by_family": {}}}, "in_dist_curve": [{"update": 0, "in_dist": {"correct": 89, "n": 320, "skipped": 0, "by_family": {"chain_ops": [6, 40], "chain_story2": [11, 40], "cipher_map": [8, 40], "fewshot_number_rule": [15, 40], "group_induct": [18, 40], "seq_cycle": [14, 40], "state_update": [6, 40], "var_chain": [11, 40]}}}, {"update": 3000, "in_dist": {"correct": 118, "n": 320, "skipped": 0, "by_family": {"chain_ops": [8, 40], "chain_story2": [18, 40], "cipher_map": [13, 40], "fewshot_number_rule": [22, 40], "group_induct": [19, 40], "seq_cycle": [17, 40], "state_update": [8, 40], "var_chain": [13, 40]}}}, {"update": 6000, "in_dist": {"correct": 143, "n": 320, "skipped": 0, "by_family": {"chain_ops": [9, 40], "chain_story2": [23, 40], "cipher_map": [12, 40], "fewshot_number_rule": [24, 40], "group_induct": [28, 40], "seq_cycle": [20, 40], "state_update": [11, 40], "var_chain": [16, 40]}}}, {"update": 9000, "in_dist": {"correct": 138, "n": 320, "skipped": 0, "by_family": {"chain_ops": [10, 40], "chain_story2": [22, 40], "cipher_map": [12, 40], "fewshot_number_rule": [22, 40], "group_induct": [24, 40], "seq_cycle": [21, 40], "state_update": [13, 40], "var_chain": [14, 40]}}}, {"update": 12000, "in_dist": {"correct": 113, "n": 320, "skipped": 0, "by_family": {"chain_ops": [11, 40], "chain_story2": [19, 40], "cipher_map": [10, 40], "fewshot_number_rule": [22, 40], "group_induct": [14, 40], "seq_cycle": [10, 40], "state_update": [11, 40], "var_chain": [16, 40]}}}], "parent_path": "/job/repo/skills/main2/final-checkpoint.pt", "checkpoint_sha256": null, "minutes": 44.2}
