{"event": "parent-path", "path": "/job/repo/skills/main2/final-checkpoint.pt", "sha256": "e82bd12babf763a3fd080486fbab72088f516edc64a3456241340ea6bc1204f6", "update": 55120}
{"event": "skills-start", "train_rows": 39788, "used": 12000, "stride": 3}
{"event": "skills-eval", "update": 0, "in_dist": {"correct": 89, "n": 320, "skipped": 0, "by_family": {"chain_ops": [6, 40], "chain_story2": [11, 40], "cipher_map": [8, 40], "fewshot_number_rule": [15, 40], "group_induct": [18, 40], "seq_cycle": [14, 40], "state_update": [6, 40], "var_chain": [11, 40]}}}
{"event": "skills-progress", "update": 500, "stage": 7, "CE": 1.0064, "exact": 0.442, "minutes": 2.4}
{"event": "skills-progress", "update": 1000, "stage": 4, "CE": 0.9335, "exact": 0.474, "minutes": 4.0}
{"event": "skills-progress", "update": 1500, "stage": 9, "CE": 0.9915, "exact": 0.452, "minutes": 5.5}
{"event": "skills-progress", "update": 2000, "stage": 3, "CE": 0.9364, "exact": 0.472, "minutes": 7.1}
{"event": "skills-progress", "update": 2500, "stage": 6, "CE": 0.8619, "exact": 0.528, "minutes": 8.7}
{"event": "skills-progress", "update": 3000, "stage": 7, "CE": 0.8795, "exact": 0.48, "minutes": 10.3}
{"event": "skills-eval", "update": 3000, "in_dist": {"correct": 125, "n": 320, "skipped": 0, "by_family": {"chain_ops": [8, 40], "chain_story2": [16, 40], "cipher_map": [12, 40], "fewshot_number_rule": [22, 40], "group_induct": [28, 40], "seq_cycle": [16, 40], "state_update": [9, 40], "var_chain": [14, 40]}}}
{"event": "skills-progress", "update": 3500, "stage": 4, "CE": 0.9422, "exact": 0.472, "minutes": 12.6}
{"event": "skills-progress", "update": 4000, "stage": 7, "CE": 0.8455, "exact": 0.526, "minutes": 14.2}
{"event": "skills-progress", "update": 4500, "stage": 9, "CE": 0.7952, "exact": 0.542, "minutes": 15.8}
{"event": "skills-progress", "update": 5000, "stage": 9, "CE": 0.8067, "exact": 0.514, "minutes": 17.4}
{"event": "skills-progress", "update": 5500, "stage": 9, "CE": 0.7735, "exact": 0.562, "minutes": 19.0}
{"event": "skills-progress", "update": 6000, "stage": 6, "CE": 0.8363, "exact": 0.526, "minutes": 20.6}
{"event": "skills-eval", "update": 6000, "in_dist": {"correct": 125, "n": 320, "skipped": 0, "by_family": {"chain_ops": [11, 40], "chain_story2": [20, 40], "cipher_map": [12, 40], "fewshot_number_rule": [20, 40], "group_induct": [29, 40], "seq_cycle": [12, 40], "state_update": [7, 40], "var_chain": [14, 40]}}}
{"event": "skills-progress", "update": 6500, "stage": 9, "CE": 0.8546, "exact": 0.504, "minutes": 22.9}
{"event": "skills-progress", "update": 7000, "stage": 7, "CE": 0.8456, "exact": 0.554, "minutes": 24.5}
{"event": "skills-progress", "update": 7500, "stage": 6, "CE": 0.865, "exact": 0.526, "minutes": 26.1}
{"event": "skills-progress", "update": 8000, "stage": 5, "CE": 0.7537, "exact": 0.56, "minutes": 27.7}
{"event": "skills-progress", "update": 8500, "stage": 9, "CE": 0.752, "exact": 0.556, "minutes": 29.2}
{"event": "skills-progress", "update": 9000, "stage": 9, "CE": 0.8091, "exact": 0.52, "minutes": 30.8}
{"event": "skills-eval", "update": 9000, "in_dist": {"correct": 124, "n": 320, "skipped": 0, "by_family": {"chain_ops": [7, 40], "chain_story2": [21, 40], "cipher_map": [15, 40], "fewshot_number_rule": [23, 40], "group_induct": [25, 40], "seq_cycle": [11, 40], "state_update": [9, 40], "var_chain": [13, 40]}}}
{"event": "skills-progress", "update": 9500, "stage": 9, "CE": 0.7582, "exact": 0.54, "minutes": 33.1}
{"event": "skills-progress", "update": 10000, "stage": 7, "CE": 0.7594, "exact": 0.564, "minutes": 34.8}
{"event": "skills-progress", "update": 10500, "stage": 7, "CE": 0.8704, "exact": 0.52, "minutes": 36.3}
{"event": "skills-progress", "update": 11000, "stage": 9, "CE": 0.7642, "exact": 0.57, "minutes": 37.9}
{"event": "skills-progress", "update": 11500, "stage": 9, "CE": 0.8649, "exact": 0.528, "minutes": 39.5}
{"event": "skills-progress", "update": 12000, "stage": 4, "CE": 0.7583, "exact": 0.566, "minutes": 41.1}
{"event": "skills-eval", "update": 12000, "in_dist": {"correct": 118, "n": 320, "skipped": 0, "by_family": {"chain_ops": [8, 40], "chain_story2": [14, 40], "cipher_map": [14, 40], "fewshot_number_rule": [21, 40], "group_induct": [25, 40], "seq_cycle": [16, 40], "state_update": [7, 40], "var_chain": [13, 40]}}}
SKILLS-RESULT {"updates_done": 12000, "sample_seed": 2, "fixed_rows": 0, "passes": 1, "families": "chain_ops,state_update,cipher_map,chain_story2,var_chain,seq_cycle,fewshot_number_rule,group_induct", "stride": 3, "parent_seed": 0, "lr_mult": 1.0, "dev_n": 320, "final_dev": {"in_dist": {"correct": 118, "n": 320, "skipped": 0, "by_family": {"chain_ops": [8, 40], "chain_story2": [14, 40], "cipher_map": [14, 40], "fewshot_number_rule": [21, 40], "group_induct": [25, 40], "seq_cycle": [16, 40], "state_update": [7, 40], "var_chain": [13, 40]}}, "answer": {"correct": 101, "n": 280, "skipped": 0, "by_family": {"chain_ops": [11, 40], "chain_story2": [17, 40], "cipher_map": [9, 40], "fewshot_number_rule": [21, 40], "seq_cycle": [15, 40], "state_update": [8, 40], "var_chain": [20, 40]}}, "frame": {"correct": 127, "n": 320, "skipped": 0, "by_family": {"chain_ops": [9, 40], "chain_story2": [17, 40], "cipher_map": [15, 40], "fewshot_number_rule": [18, 40], "group_induct": [26, 40], "seq_cycle": [11, 40], "state_update": [12, 40], "var_chain": [19, 40]}}, "vocab": {"correct": 55, "n": 120, "skipped": 0, "by_family": {"chain_ops": [18, 40], "chain_story2": [21, 40], "state_update": [16, 40]}}, "variant": {"correct": 91, "n": 280, "skipped": 0, "by_family": {"chain_ops": [12, 40], "chain_story2": [15, 40], "fewshot_number_rule": [3, 40], "group_induct": [23, 40], "seq_cycle": [18, 40], "state_update": [11, 40], "var_chain": [9, 40]}}, "family": {"correct": 0, "n": 0, "skipped": 0, "by_family": {}}}, "in_dist_curve": [{"update": 0, "in_dist": {"correct": 89, "n": 320, "skipped": 0, "by_family": {"chain_ops": [6, 40], "chain_story2": [11, 40], "cipher_map": [8, 40], "fewshot_number_rule": [15, 40], "group_induct": [18, 40], "seq_cycle": [14, 40], "state_update": [6, 40], "var_chain": [11, 40]}}}, {"update": 3000, "in_dist": {"correct": 125, "n": 320, "skipped": 0, "by_family": {"chain_ops": [8, 40], "chain_story2": [16, 40], "cipher_map": [12, 40], "fewshot_number_rule": [22, 40], "group_induct": [28, 40], "seq_cycle": [16, 40], "state_update": [9, 40], "var_chain": [14, 40]}}}, {"update": 6000, "in_dist": {"correct": 125, "n": 320, "skipped": 0, "by_family": {"chain_ops": [11, 40], "chain_story2": [20, 40], "cipher_map": [12, 40], "fewshot_number_rule": [20, 40], "group_induct": [29, 40], "seq_cycle": [12, 40], "state_update": [7, 40], "var_chain": [14, 40]}}}, {"update": 9000, "in_dist": {"correct": 124, "n": 320, "skipped": 0, "by_family": {"chain_ops": [7, 40], "chain_story2": [21, 40], "cipher_map": [15, 40], "fewshot_number_rule": [23, 40], "group_induct": [25, 40], "seq_cycle": [11, 40], "state_update": [9, 40], "var_chain": [13, 40]}}}, {"update": 12000, "in_dist": {"correct": 118, "n": 320, "skipped": 0, "by_family": {"chain_ops": [8, 40], "chain_story2": [14, 40], "cipher_map": [14, 40], "fewshot_number_rule": [21, 40], "group_induct": [25, 40], "seq_cycle": [16, 40], "state_update": [7, 40], "var_chain": [13, 40]}}}], "parent_path": "/job/repo/skills/main2/final-checkpoint.pt", "checkpoint_sha256": null, "minutes": 44.0}
