{"event": "parent-path", "path": "/job/repo/skills/main2/final-checkpoint.pt", "sha256": "e82bd12babf763a3fd080486fbab72088f516edc64a3456241340ea6bc1204f6", "update": 55120}
{"event": "skills-start", "train_rows": 39788, "used": 12000, "stride": 3}
{"event": "skills-eval", "update": 0, "in_dist": {"correct": 89, "n": 320, "skipped": 0, "by_family": {"chain_ops": [6, 40], "chain_story2": [11, 40], "cipher_map": [8, 40], "fewshot_number_rule": [15, 40], "group_induct": [18, 40], "seq_cycle": [14, 40], "state_update": [6, 40], "var_chain": [11, 40]}}}
{"event": "skills-progress", "update": 500, "stage": 4, "CE": 1.0008, "exact": 0.45, "minutes": 1.2}
{"event": "skills-progress", "update": 1000, "stage": 7, "CE": 0.9265, "exact": 0.488, "minutes": 2.0}
{"event": "skills-progress", "update": 1500, "stage": 9, "CE": 1.0216, "exact": 0.442, "minutes": 2.8}
{"event": "skills-progress", "update": 2000, "stage": 7, "CE": 0.9815, "exact": 0.466, "minutes": 3.6}
{"event": "skills-progress", "update": 2500, "stage": 5, "CE": 0.921, "exact": 0.488, "minutes": 4.4}
{"event": "skills-progress", "update": 3000, "stage": 7, "CE": 0.9234, "exact": 0.482, "minutes": 5.2}
{"event": "skills-eval", "update": 3000, "in_dist": {"correct": 114, "n": 320, "skipped": 0, "by_family": {"chain_ops": [9, 40], "chain_story2": [16, 40], "cipher_map": [12, 40], "fewshot_number_rule": [21, 40], "group_induct": [16, 40], "seq_cycle": [15, 40], "state_update": [9, 40], "var_chain": [16, 40]}}}
{"event": "skills-progress", "update": 3500, "stage": 6, "CE": 0.8829, "exact": 0.498, "minutes": 6.4}
{"event": "skills-progress", "update": 4000, "stage": 7, "CE": 0.9059, "exact": 0.522, "minutes": 7.2}
{"event": "skills-progress", "update": 4500, "stage": 9, "CE": 0.822, "exact": 0.508, "minutes": 8.1}
{"event": "skills-progress", "update": 5000, "stage": 9, "CE": 0.813, "exact": 0.536, "minutes": 8.9}
{"event": "skills-progress", "update": 5500, "stage": 4, "CE": 0.8472, "exact": 0.522, "minutes": 9.7}
{"event": "skills-progress", "update": 6000, "stage": 9, "CE": 0.7906, "exact": 0.57, "minutes": 10.5}
{"event": "skills-eval", "update": 6000, "in_dist": {"correct": 125, "n": 320, "skipped": 0, "by_family": {"chain_ops": [9, 40], "chain_story2": [18, 40], "cipher_map": [11, 40], "fewshot_number_rule": [25, 40], "group_induct": [24, 40], "seq_cycle": [14, 40], "state_update": [10, 40], "var_chain": [14, 40]}}}
{"event": "skills-progress", "update": 6500, "stage": 9, "CE": 0.8379, "exact": 0.52, "minutes": 11.7}
{"event": "skills-progress", "update": 7000, "stage": 7, "CE": 0.8163, "exact": 0.522, "minutes": 12.5}
{"event": "skills-progress", "update": 7500, "stage": 6, "CE": 0.7542, "exact": 0.592, "minutes": 13.3}
{"event": "skills-progress", "update": 8000, "stage": 9, "CE": 0.864, "exact": 0.536, "minutes": 14.1}
{"event": "skills-progress", "update": 8500, "stage": 9, "CE": 0.7196, "exact": 0.588, "minutes": 14.9}
{"event": "skills-progress", "update": 9000, "stage": 7, "CE": 0.7835, "exact": 0.552, "minutes": 15.7}
{"event": "skills-eval", "update": 9000, "in_dist": {"correct": 108, "n": 320, "skipped": 0, "by_family": {"chain_ops": [10, 40], "chain_story2": [17, 40], "cipher_map": [12, 40], "fewshot_number_rule": [19, 40], "group_induct": [15, 40], "seq_cycle": [12, 40], "state_update": [9, 40], "var_chain": [14, 40]}}}
{"event": "skills-progress", "update": 9500, "stage": 6, "CE": 0.773, "exact": 0.566, "minutes": 16.9}
{"event": "skills-progress", "update": 10000, "stage": 6, "CE": 0.8432, "exact": 0.536, "minutes": 17.8}
{"event": "skills-progress", "update": 10500, "stage": 5, "CE": 0.8266, "exact": 0.562, "minutes": 18.6}
{"event": "skills-progress", "update": 11000, "stage": 6, "CE": 0.8396, "exact": 0.502, "minutes": 19.4}
{"event": "skills-progress", "update": 11500, "stage": 7, "CE": 0.6993, "exact": 0.586, "minutes": 20.2}
{"event": "skills-progress", "update": 12000, "stage": 4, "CE": 0.711, "exact": 0.586, "minutes": 21.0}
{"event": "skills-eval", "update": 12000, "in_dist": {"correct": 132, "n": 320, "skipped": 0, "by_family": {"chain_ops": [11, 40], "chain_story2": [24, 40], "cipher_map": [13, 40], "fewshot_number_rule": [23, 40], "group_induct": [22, 40], "seq_cycle": [15, 40], "state_update": [10, 40], "var_chain": [14, 40]}}}
SKILLS-RESULT {"updates_done": 12000, "sample_seed": 3, "fixed_rows": 0, "passes": 1, "families": "chain_ops,state_update,cipher_map,chain_story2,var_chain,seq_cycle,fewshot_number_rule,group_induct", "stride": 3, "parent_seed": 0, "lr_mult": 1.0, "dev_n": 320, "final_dev": {"in_dist": {"correct": 132, "n": 320, "skipped": 0, "by_family": {"chain_ops": [11, 40], "chain_story2": [24, 40], "cipher_map": [13, 40], "fewshot_number_rule": [23, 40], "group_induct": [22, 40], "seq_cycle": [15, 40], "state_update": [10, 40], "var_chain": [14, 40]}}, "answer": {"correct": 117, "n": 280, "skipped": 0, "by_family": {"chain_ops": [14, 40], "chain_story2": [27, 40], "cipher_map": [14, 40], "fewshot_number_rule": [21, 40], "seq_cycle": [12, 40], "state_update": [11, 40], "var_chain": [18, 40]}}, "frame": {"correct": 140, "n": 320, "skipped": 0, "by_family": {"chain_ops": [10, 40], "chain_story2": [25, 40], "cipher_map": [20, 40], "fewshot_number_rule": [20, 40], "group_induct": [21, 40], "seq_cycle": [14, 40], "state_update": [13, 40], "var_chain": [17, 40]}}, "vocab": {"correct": 56, "n": 120, "skipped": 0, "by_family": {"chain_ops": [18, 40], "chain_story2": [24, 40], "state_update": [14, 40]}}, "variant": {"correct": 86, "n": 280, "skipped": 0, "by_family": {"chain_ops": [17, 40], "chain_story2": [15, 40], "fewshot_number_rule": [4, 40], "group_induct": [15, 40], "seq_cycle": [13, 40], "state_update": [12, 40], "var_chain": [10, 40]}}, "family": {"correct": 0, "n": 0, "skipped": 0, "by_family": {}}}, "in_dist_curve": [{"update": 0, "in_dist": {"correct": 89, "n": 320, "skipped": 0, "by_family": {"chain_ops": [6, 40], "chain_story2": [11, 40], "cipher_map": [8, 40], "fewshot_number_rule": [15, 40], "group_induct": [18, 40], "seq_cycle": [14, 40], "state_update": [6, 40], "var_chain": [11, 40]}}}, {"update": 3000, "in_dist": {"correct": 114, "n": 320, "skipped": 0, "by_family": {"chain_ops": [9, 40], "chain_story2": [16, 40], "cipher_map": [12, 40], "fewshot_number_rule": [21, 40], "group_induct": [16, 40], "seq_cycle": [15, 40], "state_update": [9, 40], "var_chain": [16, 40]}}}, {"update": 6000, "in_dist": {"correct": 125, "n": 320, "skipped": 0, "by_family": {"chain_ops": [9, 40], "chain_story2": [18, 40], "cipher_map": [11, 40], "fewshot_number_rule": [25, 40], "group_induct": [24, 40], "seq_cycle": [14, 40], "state_update": [10, 40], "var_chain": [14, 40]}}}, {"update": 9000, "in_dist": {"correct": 108, "n": 320, "skipped": 0, "by_family": {"chain_ops": [10, 40], "chain_story2": [17, 40], "cipher_map": [12, 40], "fewshot_number_rule": [19, 40], "group_induct": [15, 40], "seq_cycle": [12, 40], "state_update": [9, 40], "var_chain": [14, 40]}}}, {"update": 12000, "in_dist": {"correct": 132, "n": 320, "skipped": 0, "by_family": {"chain_ops": [11, 40], "chain_story2": [24, 40], "cipher_map": [13, 40], "fewshot_number_rule": [23, 40], "group_induct": [22, 40], "seq_cycle": [15, 40], "state_update": [10, 40], "var_chain": [14, 40]}}}], "parent_path": "/job/repo/skills/main2/final-checkpoint.pt", "checkpoint_sha256": null, "minutes": 22.6}
