01:28:14 N {'dev': {'right': 0.01171875, 'fits': 0.015625, 'by_kind': {'affine': 0.0, 'square': 0.0, 'sq_plus': 0.0, 'last_digit': 0.0, 'double_add': 0.0588}}, 'skills5': 0.986, 'n_W': 365, 'n_PC': 365, 'T': 3.0}
01:28:33 PC knn {'c': 5.0, 'theta': 0.8} {'sleep_tflops': 0.28831066176, 'seconds': 4.0, 'gain_points': -0.78125, 'skills_harm_points': 0.0} {'affine': 0.0192, 'square': 0.0, 'sq_plus': 0.0, 'last_digit': 0.0, 'double_add': 0.0}
01:28:50 PC knn {'c': 5.0, 'theta': 0.9} {'sleep_tflops': 0.28831066176, 'seconds': 3.1, 'gain_points': -0.78125, 'skills_harm_points': 0.0} {'affine': 0.0192, 'square': 0.0, 'sq_plus': 0.0, 'last_digit': 0.0, 'double_add': 0.0}
01:29:07 PC knn {'c': 20.0, 'theta': 0.8} {'sleep_tflops': 0.28831066176, 'seconds': 2.9, 'gain_points': 17.96875, 'skills_harm_points': 0.0} {'affine': 0.0, 'square': 0.9608, 'sq_plus': 0.0, 'last_digit': 0.0, 'double_add': 0.0}
01:29:23 PC knn {'c': 20.0, 'theta': 0.9} {'sleep_tflops': 0.28831066176, 'seconds': 2.9, 'gain_points': 17.96875, 'skills_harm_points': 0.0} {'affine': 0.0, 'square': 0.9608, 'sq_plus': 0.0, 'last_digit': 0.0, 'double_add': 0.0}
01:29:48 PC knn {'c': 50.0, 'theta': 0.8} {'sleep_tflops': 0.28831066176, 'seconds': 5.3, 'gain_points': 17.96875, 'skills_harm_points': 0.0} {'affine': 0.0, 'square': 0.9608, 'sq_plus': 0.0, 'last_digit': 0.0, 'double_add': 0.0}
01:30:12 PC knn {'c': 50.0, 'theta': 0.9} {'sleep_tflops': 0.28831066176, 'seconds': 4.8, 'gain_points': 17.96875, 'skills_harm_points': 0.0} {'affine': 0.0, 'square': 0.9608, 'sq_plus': 0.0, 'last_digit': 0.0, 'double_add': 0.0}
01:30:48 PC heads {'lr': 0.003, 'epochs': 10} {'sleep_tflops': 0.769286947584, 'seconds': 22.1, 'gain_points': 37.109375, 'skills_harm_points': 0.9000000000000008} {'affine': 0.0192, 'square': 0.9608, 'sq_plus': 0.0, 'last_digit': 0.9216, 'double_add': 0.0196}
01:32:04 PC heads {'lr': 0.003, 'epochs': 30} {'sleep_tflops': 0.993570979584, 'seconds': 52.0, 'gain_points': 37.890625, 'skills_harm_points': 1.6000000000000014} {'affine': 0.0, 'square': 0.9608, 'sq_plus': 0.0, 'last_digit': 0.9412, 'double_add': 0.0588}
01:33:07 PC heads {'lr': 0.01, 'epochs': 10} {'sleep_tflops': 0.769286947584, 'seconds': 40.0, 'gain_points': 38.28125, 'skills_harm_points': 3.8000000000000034} {'affine': 0.0, 'square': 0.9608, 'sq_plus': 0.0, 'last_digit': 0.9412, 'double_add': 0.0784}
01:34:51 PC heads {'lr': 0.01, 'epochs': 30} {'sleep_tflops': 0.993570979584, 'seconds': 81.4, 'gain_points': 38.671875, 'skills_harm_points': 8.299999999999997} {'affine': 0.0192, 'square': 0.9608, 'sq_plus': 0.0, 'last_digit': 0.9608, 'double_add': 0.0588}
01:35:17 W knn {'c': 5.0, 'theta': 0.8} {'sleep_tflops': 0.28831066176, 'seconds': 4.5, 'gain_points': -0.390625, 'skills_harm_points': 0.0} {'affine': 0.0385, 'square': 0.0, 'sq_plus': 0.0, 'last_digit': 0.0, 'double_add': 0.0}
01:35:45 W knn {'c': 5.0, 'theta': 0.9} {'sleep_tflops': 0.28831066176, 'seconds': 4.6, 'gain_points': -0.390625, 'skills_harm_points': 0.0} {'affine': 0.0385, 'square': 0.0, 'sq_plus': 0.0, 'last_digit': 0.0, 'double_add': 0.0}
01:36:15 W knn {'c': 20.0, 'theta': 0.8} {'sleep_tflops': 0.28831066176, 'seconds': 5.0, 'gain_points': 6.640625, 'skills_harm_points': 0.0} {'affine': 0.0385, 'square': 0.3529, 'sq_plus': 0.0, 'last_digit': 0.0, 'double_add': 0.0}
01:36:37 W knn {'c': 20.0, 'theta': 0.9} {'sleep_tflops': 0.28831066176, 'seconds': 5.4, 'gain_points': 6.640625, 'skills_harm_points': 0.0} {'affine': 0.0385, 'square': 0.3529, 'sq_plus': 0.0, 'last_digit': 0.0, 'double_add': 0.0}
01:37:01 W knn {'c': 50.0, 'theta': 0.8} {'sleep_tflops': 0.28831066176, 'seconds': 3.6, 'gain_points': 16.796875, 'skills_harm_points': 0.0} {'affine': 0.0385, 'square': 0.8627, 'sq_plus': 0.0, 'last_digit': 0.0, 'double_add': 0.0}
01:37:20 W knn {'c': 50.0, 'theta': 0.9} {'sleep_tflops': 0.28831066176, 'seconds': 3.2, 'gain_points': 16.796875, 'skills_harm_points': 0.0} {'affine': 0.0385, 'square': 0.8627, 'sq_plus': 0.0, 'last_digit': 0.0, 'double_add': 0.0}
01:38:15 W heads {'lr': 0.003, 'epochs': 10} {'sleep_tflops': 0.769286947584, 'seconds': 37.7, 'gain_points': 21.09375, 'skills_harm_points': 1.5000000000000013} {'affine': 0.0385, 'square': 0.9608, 'sq_plus': 0.0, 'last_digit': 0.098, 'double_add': 0.0196}
01:39:49 W heads {'lr': 0.003, 'epochs': 30} {'sleep_tflops': 0.993570979584, 'seconds': 69.4, 'gain_points': 21.484375, 'skills_harm_points': 4.399999999999993} {'affine': 0.0385, 'square': 0.9412, 'sq_plus': 0.0, 'last_digit': 0.1373, 'double_add': 0.0196}
01:42:06 W heads {'lr': 0.01, 'epochs': 10} {'sleep_tflops': 0.769286947584, 'seconds': 96.4, 'gain_points': 25.390625, 'skills_harm_points': 4.800000000000004} {'affine': 0.0192, 'square': 0.9216, 'sq_plus': 0.0, 'last_digit': 0.3529, 'double_add': 0.0392}
01:45:52 W heads {'lr': 0.01, 'epochs': 30} {'sleep_tflops': 0.993570979584, 'seconds': 187.0, 'gain_points': 27.34375, 'skills_harm_points': 4.399999999999993} {'affine': 0.0192, 'square': 0.902, 'sq_plus': 0.0, 'last_digit': 0.4902, 'double_add': 0.0196}
