
### greedy, 2 seeds per arm, between-seed SD 3 points
| n | M | false pass b10 | b30 | b50 | power +15 b10 | b30 | b50 | power +10 worst | power +5 worst |
|---|---|---|---|---|---|---|---|---|---|
| 128 | 8 | 2.0% | 4.9% | 5.7% | 93% | 88% | 87% | 60% | 22% |
| 128 | 10 | 0.6% | 2.3% | 2.9% | 87% | 82% | 81% | 48% | 11% | OK
| 128 | 12 | 0.1% | 0.9% | 1.2% | 75% | 72% | 71% | 33% | 5% |
| 192 | 8 | 1.5% | 3.5% | 4.1% | 95% | 92% | 92% | 64% | 21% | OK
| 192 | 10 | 0.3% | 1.2% | 1.6% | 89% | 85% | 85% | 49% | 9% | OK
| 192 | 12 | 0.1% | 0.3% | 0.5% | 76% | 73% | 73% | 30% | 3% |
| 256 | 8 | 1.2% | 2.6% | 3.1% | 96% | 94% | 94% | 67% | 21% | OK
| 256 | 10 | 0.2% | 0.7% | 1.0% | 90% | 87% | 87% | 49% | 8% | OK
| 256 | 12 | 0.0% | 0.2% | 0.3% | 78% | 76% | 76% | 29% | 3% |
| 384 | 8 | 0.9% | 1.7% | 2.0% | 97% | 96% | 96% | 68% | 19% | OK
| 384 | 10 | 0.2% | 0.4% | 0.6% | 92% | 90% | 90% | 50% | 7% | OK
| 384 | 12 | 0.0% | 0.1% | 0.1% | 80% | 78% | 78% | 28% | 2% |
| 512 | 8 | 0.7% | 1.3% | 1.6% | 98% | 97% | 97% | 70% | 19% | OK
| 512 | 10 | 0.1% | 0.3% | 0.4% | 93% | 91% | 91% | 50% | 7% | OK
| 512 | 12 | 0.0% | 0.0% | 0.1% | 81% | 80% | 79% | 28% | 2% |

### greedy, 2 seeds per arm, between-seed SD 5 points
| n | M | false pass b10 | b30 | b50 | power +15 b10 | b30 | b50 | power +10 worst | power +5 worst |
|---|---|---|---|---|---|---|---|---|---|
| 128 | 8 | 6.4% | 8.3% | 8.9% | 83% | 79% | 78% | 53% | 26% |
| 128 | 10 | 3.4% | 5.2% | 5.9% | 77% | 74% | 73% | 46% | 18% |
| 128 | 12 | 1.5% | 2.9% | 3.4% | 68% | 66% | 66% | 36% | 11% |
| 192 | 8 | 6.1% | 7.4% | 8.0% | 85% | 82% | 82% | 56% | 26% |
| 192 | 10 | 2.9% | 4.2% | 4.6% | 79% | 76% | 76% | 47% | 17% |
| 192 | 12 | 1.1% | 2.0% | 2.3% | 68% | 67% | 67% | 35% | 9% |
| 256 | 8 | 5.7% | 6.9% | 7.3% | 86% | 84% | 84% | 57% | 26% |
| 256 | 10 | 2.5% | 3.6% | 4.0% | 80% | 78% | 78% | 47% | 16% |
| 256 | 12 | 1.0% | 1.8% | 2.0% | 70% | 68% | 68% | 35% | 9% |
| 384 | 8 | 5.3% | 6.3% | 6.6% | 87% | 86% | 86% | 59% | 25% |
| 384 | 10 | 2.5% | 3.3% | 3.5% | 81% | 80% | 80% | 48% | 16% |
| 384 | 12 | 0.9% | 1.4% | 1.5% | 70% | 69% | 69% | 34% | 9% |
| 512 | 8 | 5.3% | 6.1% | 6.2% | 88% | 87% | 87% | 60% | 26% |
| 512 | 10 | 2.3% | 2.9% | 3.1% | 81% | 80% | 80% | 48% | 16% | OK
| 512 | 12 | 0.9% | 1.2% | 1.4% | 71% | 70% | 70% | 35% | 9% |

### greedy, 3 seeds per arm, between-seed SD 3 points
| n | M | false pass b10 | b30 | b50 | power +15 b10 | b30 | b50 | power +10 worst | power +5 worst |
|---|---|---|---|---|---|---|---|---|---|
| 128 | 8 | 0.6% | 1.6% | 1.9% | 92% | 84% | 84% | 51% | 15% | OK
| 128 | 10 | 0.1% | 0.6% | 0.8% | 88% | 81% | 80% | 41% | 6% |
| 128 | 12 | 0.0% | 0.1% | 0.3% | 77% | 72% | 71% | 26% | 2% |
| 192 | 8 | 0.3% | 0.9% | 1.2% | 95% | 91% | 90% | 57% | 14% | OK
| 192 | 10 | 0.0% | 0.3% | 0.4% | 92% | 87% | 87% | 45% | 5% | OK
| 192 | 12 | 0.0% | 0.1% | 0.1% | 81% | 76% | 76% | 26% | 1% |
| 256 | 8 | 0.2% | 0.7% | 0.9% | 97% | 94% | 94% | 62% | 14% | OK
| 256 | 10 | 0.0% | 0.1% | 0.2% | 94% | 90% | 90% | 47% | 5% | OK
| 256 | 12 | 0.0% | 0.0% | 0.0% | 83% | 79% | 79% | 25% | 1% |
| 384 | 8 | 0.1% | 0.4% | 0.5% | 98% | 97% | 96% | 67% | 13% | OK
| 384 | 10 | 0.0% | 0.0% | 0.1% | 95% | 93% | 93% | 48% | 4% | OK
| 384 | 12 | 0.0% | 0.0% | 0.0% | 85% | 82% | 82% | 24% | 1% | OK
| 512 | 8 | 0.1% | 0.3% | 0.3% | 99% | 98% | 98% | 70% | 13% | OK
| 512 | 10 | 0.0% | 0.0% | 0.0% | 96% | 94% | 94% | 49% | 3% | OK
| 512 | 12 | 0.0% | 0.0% | 0.0% | 86% | 84% | 84% | 23% | 0% | OK

### greedy, 3 seeds per arm, between-seed SD 5 points
| n | M | false pass b10 | b30 | b50 | power +15 b10 | b30 | b50 | power +10 worst | power +5 worst |
|---|---|---|---|---|---|---|---|---|---|
| 128 | 8 | 2.2% | 2.8% | 3.0% | 75% | 69% | 69% | 39% | 15% |
| 128 | 10 | 1.0% | 1.6% | 1.9% | 72% | 67% | 66% | 35% | 10% |
| 128 | 12 | 0.3% | 0.8% | 1.0% | 65% | 61% | 60% | 27% | 5% |
| 192 | 8 | 1.9% | 2.5% | 2.6% | 79% | 75% | 74% | 43% | 15% |
| 192 | 10 | 0.8% | 1.4% | 1.5% | 76% | 72% | 71% | 38% | 10% |
| 192 | 12 | 0.2% | 0.6% | 0.6% | 68% | 65% | 64% | 28% | 5% |
| 256 | 8 | 1.9% | 2.4% | 2.5% | 81% | 78% | 77% | 46% | 15% |
| 256 | 10 | 0.8% | 1.2% | 1.3% | 78% | 75% | 74% | 39% | 10% |
| 256 | 12 | 0.2% | 0.4% | 0.5% | 69% | 67% | 67% | 29% | 5% |
| 384 | 8 | 1.7% | 2.1% | 2.2% | 83% | 81% | 81% | 49% | 16% | OK
| 384 | 10 | 0.6% | 0.9% | 1.1% | 80% | 77% | 77% | 41% | 10% |
| 384 | 12 | 0.2% | 0.3% | 0.4% | 71% | 69% | 69% | 29% | 4% |
| 512 | 8 | 1.7% | 2.0% | 2.1% | 84% | 83% | 82% | 50% | 16% | OK
| 512 | 10 | 0.6% | 0.8% | 0.9% | 81% | 79% | 79% | 42% | 9% |
| 512 | 12 | 0.2% | 0.3% | 0.3% | 72% | 71% | 70% | 29% | 4% |

### pass8_bound, 2 seeds per arm, between-seed SD 3 points
| n | M | false pass b10 | b30 | b50 | power +15 b10 | b30 | b50 | power +10 worst | power +5 worst |
|---|---|---|---|---|---|---|---|---|---|
| 128 | 8 | 2.2% | 5.0% | 5.8% | 93% | 89% | 88% | 61% | 23% |
| 128 | 10 | 0.6% | 2.3% | 2.8% | 86% | 82% | 82% | 48% | 11% | OK
| 128 | 12 | 0.1% | 0.8% | 1.1% | 75% | 71% | 71% | 32% | 5% |
| 192 | 8 | 1.5% | 3.4% | 4.0% | 95% | 92% | 92% | 64% | 21% | OK
| 192 | 10 | 0.3% | 1.2% | 1.6% | 89% | 86% | 85% | 49% | 9% | OK
| 192 | 12 | 0.1% | 0.4% | 0.5% | 77% | 74% | 74% | 31% | 3% |
| 256 | 8 | 1.1% | 2.6% | 3.1% | 96% | 94% | 94% | 66% | 20% | OK
| 256 | 10 | 0.2% | 0.8% | 1.0% | 90% | 88% | 87% | 50% | 8% | OK
| 256 | 12 | 0.0% | 0.2% | 0.3% | 79% | 76% | 76% | 30% | 3% |
| 384 | 8 | 0.8% | 1.7% | 2.1% | 97% | 96% | 96% | 68% | 19% | OK
| 384 | 10 | 0.1% | 0.4% | 0.6% | 92% | 90% | 90% | 50% | 7% | OK
| 384 | 12 | 0.0% | 0.1% | 0.1% | 80% | 78% | 78% | 29% | 2% |
| 512 | 8 | 0.7% | 1.3% | 1.5% | 98% | 97% | 97% | 70% | 18% | OK
| 512 | 10 | 0.1% | 0.3% | 0.3% | 93% | 91% | 91% | 50% | 7% | OK
| 512 | 12 | 0.0% | 0.0% | 0.1% | 81% | 80% | 79% | 28% | 2% |

### pass8_bound, 2 seeds per arm, between-seed SD 5 points
| n | M | false pass b10 | b30 | b50 | power +15 b10 | b30 | b50 | power +10 worst | power +5 worst |
|---|---|---|---|---|---|---|---|---|---|
| 128 | 8 | 6.5% | 8.5% | 9.2% | 83% | 80% | 79% | 54% | 26% |
| 128 | 10 | 3.4% | 5.3% | 5.9% | 77% | 74% | 74% | 46% | 18% |
| 128 | 12 | 1.4% | 2.9% | 3.4% | 68% | 66% | 66% | 36% | 11% |
| 192 | 8 | 6.0% | 7.6% | 8.0% | 85% | 83% | 82% | 56% | 26% |
| 192 | 10 | 2.9% | 4.3% | 4.7% | 79% | 77% | 77% | 47% | 17% |
| 192 | 12 | 1.2% | 2.1% | 2.4% | 69% | 68% | 68% | 35% | 10% |
| 256 | 8 | 5.7% | 7.0% | 7.3% | 87% | 84% | 84% | 58% | 26% |
| 256 | 10 | 2.6% | 3.8% | 4.0% | 80% | 78% | 78% | 47% | 17% |
| 256 | 12 | 1.0% | 1.7% | 1.9% | 70% | 69% | 68% | 35% | 9% |
| 384 | 8 | 5.3% | 6.3% | 6.6% | 87% | 86% | 86% | 59% | 26% |
| 384 | 10 | 2.4% | 3.3% | 3.5% | 81% | 80% | 80% | 48% | 16% |
| 384 | 12 | 0.9% | 1.5% | 1.6% | 71% | 70% | 70% | 35% | 9% |
| 512 | 8 | 5.2% | 6.1% | 6.2% | 88% | 87% | 87% | 60% | 26% |
| 512 | 10 | 2.3% | 3.0% | 3.2% | 82% | 81% | 80% | 48% | 16% | OK
| 512 | 12 | 0.8% | 1.3% | 1.4% | 71% | 70% | 70% | 34% | 8% |

### pass8_bound, 3 seeds per arm, between-seed SD 3 points
| n | M | false pass b10 | b30 | b50 | power +15 b10 | b30 | b50 | power +10 worst | power +5 worst |
|---|---|---|---|---|---|---|---|---|---|
| 128 | 8 | 0.6% | 1.6% | 2.0% | 93% | 86% | 85% | 52% | 16% | OK
| 128 | 10 | 0.1% | 0.6% | 0.8% | 89% | 82% | 81% | 42% | 7% | OK
| 128 | 12 | 0.0% | 0.1% | 0.3% | 78% | 73% | 72% | 28% | 2% |
| 192 | 8 | 0.3% | 1.0% | 1.3% | 96% | 92% | 91% | 59% | 15% | OK
| 192 | 10 | 0.0% | 0.3% | 0.4% | 92% | 88% | 87% | 45% | 5% | OK
| 192 | 12 | 0.0% | 0.0% | 0.1% | 81% | 77% | 77% | 26% | 1% |
| 256 | 8 | 0.3% | 0.7% | 0.9% | 97% | 94% | 94% | 63% | 14% | OK
| 256 | 10 | 0.0% | 0.1% | 0.2% | 94% | 90% | 90% | 47% | 4% | OK
| 256 | 12 | 0.0% | 0.0% | 0.0% | 83% | 80% | 80% | 25% | 1% |
| 384 | 8 | 0.2% | 0.4% | 0.5% | 98% | 97% | 97% | 67% | 13% | OK
| 384 | 10 | 0.0% | 0.1% | 0.1% | 95% | 93% | 93% | 48% | 4% | OK
| 384 | 12 | 0.0% | 0.0% | 0.0% | 85% | 82% | 82% | 24% | 1% | OK
| 512 | 8 | 0.1% | 0.3% | 0.4% | 99% | 98% | 98% | 70% | 12% | OK
| 512 | 10 | 0.0% | 0.0% | 0.1% | 96% | 95% | 94% | 49% | 3% | OK
| 512 | 12 | 0.0% | 0.0% | 0.0% | 86% | 84% | 84% | 23% | 0% | OK

### pass8_bound, 3 seeds per arm, between-seed SD 5 points
| n | M | false pass b10 | b30 | b50 | power +15 b10 | b30 | b50 | power +10 worst | power +5 worst |
|---|---|---|---|---|---|---|---|---|---|
| 128 | 8 | 2.3% | 3.0% | 3.3% | 77% | 71% | 70% | 41% | 15% |
| 128 | 10 | 1.0% | 1.7% | 2.0% | 73% | 68% | 67% | 36% | 11% |
| 128 | 12 | 0.3% | 0.8% | 1.0% | 66% | 62% | 61% | 29% | 6% |
| 192 | 8 | 2.0% | 2.6% | 2.9% | 80% | 76% | 75% | 45% | 16% |
| 192 | 10 | 0.8% | 1.4% | 1.6% | 77% | 73% | 72% | 38% | 10% |
| 192 | 12 | 0.2% | 0.6% | 0.7% | 69% | 66% | 65% | 29% | 5% |
| 256 | 8 | 1.9% | 2.4% | 2.6% | 82% | 79% | 78% | 47% | 16% |
| 256 | 10 | 0.7% | 1.2% | 1.3% | 78% | 75% | 75% | 40% | 10% |
| 256 | 12 | 0.2% | 0.4% | 0.5% | 70% | 68% | 67% | 29% | 5% |
| 384 | 8 | 1.8% | 2.2% | 2.2% | 84% | 81% | 81% | 49% | 16% | OK
| 384 | 10 | 0.7% | 1.0% | 1.0% | 80% | 78% | 78% | 41% | 10% |
| 384 | 12 | 0.2% | 0.3% | 0.4% | 71% | 70% | 70% | 29% | 4% |
| 512 | 8 | 1.7% | 2.0% | 2.1% | 85% | 83% | 83% | 51% | 16% | OK
| 512 | 10 | 0.6% | 0.8% | 0.9% | 81% | 79% | 79% | 42% | 9% |
| 512 | 12 | 0.1% | 0.3% | 0.3% | 72% | 71% | 70% | 29% | 4% |

### pass8_beta1, 2 seeds per arm, between-seed SD 3 points
| n | M | false pass b10 | b30 | b50 | power +15 b10 | b30 | b50 | power +10 worst | power +5 worst |
|---|---|---|---|---|---|---|---|---|---|
| 128 | 8 | 1.7% | 4.0% | 4.6% | 94% | 91% | 91% | 63% | 22% | OK
| 128 | 10 | 0.4% | 1.6% | 2.0% | 88% | 84% | 84% | 49% | 10% | OK
| 128 | 12 | 0.1% | 0.5% | 0.7% | 76% | 73% | 73% | 31% | 4% |
| 192 | 8 | 1.2% | 2.6% | 3.1% | 96% | 94% | 94% | 66% | 20% | OK
| 192 | 10 | 0.2% | 0.8% | 1.0% | 90% | 88% | 88% | 49% | 9% | OK
| 192 | 12 | 0.0% | 0.2% | 0.3% | 78% | 76% | 76% | 30% | 3% |
| 256 | 8 | 0.9% | 2.0% | 2.3% | 97% | 95% | 95% | 68% | 19% | OK
| 256 | 10 | 0.2% | 0.5% | 0.6% | 91% | 89% | 89% | 50% | 8% | OK
| 256 | 12 | 0.0% | 0.1% | 0.1% | 79% | 77% | 77% | 29% | 2% |
| 384 | 8 | 0.7% | 1.3% | 1.6% | 98% | 97% | 97% | 70% | 18% | OK
| 384 | 10 | 0.1% | 0.3% | 0.4% | 93% | 91% | 91% | 50% | 7% | OK
| 384 | 12 | 0.0% | 0.0% | 0.1% | 81% | 79% | 79% | 28% | 2% |
| 512 | 8 | 0.6% | 1.1% | 1.2% | 98% | 98% | 97% | 71% | 18% | OK
| 512 | 10 | 0.1% | 0.2% | 0.3% | 93% | 92% | 92% | 50% | 6% | OK
| 512 | 12 | 0.0% | 0.0% | 0.0% | 82% | 80% | 80% | 27% | 2% | OK

### pass8_beta1, 2 seeds per arm, between-seed SD 5 points
| n | M | false pass b10 | b30 | b50 | power +15 b10 | b30 | b50 | power +10 worst | power +5 worst |
|---|---|---|---|---|---|---|---|---|---|
| 128 | 8 | 6.1% | 7.8% | 8.3% | 85% | 82% | 82% | 56% | 26% |
| 128 | 10 | 3.0% | 4.6% | 5.1% | 78% | 76% | 76% | 47% | 17% |
| 128 | 12 | 1.3% | 2.4% | 2.7% | 69% | 67% | 67% | 35% | 10% |
| 192 | 8 | 5.6% | 7.0% | 7.4% | 86% | 84% | 84% | 58% | 26% |
| 192 | 10 | 2.7% | 3.8% | 4.2% | 80% | 78% | 78% | 47% | 17% |
| 192 | 12 | 1.1% | 1.8% | 2.0% | 70% | 69% | 68% | 35% | 9% |
| 256 | 8 | 5.5% | 6.6% | 6.8% | 87% | 86% | 85% | 59% | 26% |
| 256 | 10 | 2.5% | 3.5% | 3.6% | 81% | 79% | 79% | 48% | 16% |
| 256 | 12 | 1.0% | 1.6% | 1.7% | 70% | 69% | 69% | 35% | 9% |
| 384 | 8 | 5.2% | 6.0% | 6.3% | 88% | 87% | 87% | 60% | 26% |
| 384 | 10 | 2.3% | 3.0% | 3.2% | 81% | 80% | 80% | 48% | 16% | OK
| 384 | 12 | 0.8% | 1.3% | 1.4% | 71% | 70% | 70% | 35% | 8% |
| 512 | 8 | 5.1% | 5.8% | 5.8% | 88% | 88% | 88% | 60% | 25% |
| 512 | 10 | 2.2% | 2.8% | 2.9% | 82% | 81% | 81% | 48% | 16% | OK
| 512 | 12 | 0.8% | 1.2% | 1.2% | 71% | 71% | 71% | 34% | 8% |

### pass8_beta1, 3 seeds per arm, between-seed SD 3 points
| n | M | false pass b10 | b30 | b50 | power +15 b10 | b30 | b50 | power +10 worst | power +5 worst |
|---|---|---|---|---|---|---|---|---|---|
| 128 | 8 | 0.4% | 1.2% | 1.5% | 95% | 90% | 90% | 57% | 15% | OK
| 128 | 10 | 0.1% | 0.4% | 0.5% | 91% | 86% | 86% | 45% | 6% | OK
| 128 | 12 | 0.0% | 0.1% | 0.1% | 80% | 76% | 76% | 27% | 1% |
| 192 | 8 | 0.3% | 0.7% | 0.9% | 97% | 94% | 94% | 62% | 14% | OK
| 192 | 10 | 0.0% | 0.1% | 0.2% | 93% | 90% | 90% | 47% | 5% | OK
| 192 | 12 | 0.0% | 0.0% | 0.0% | 83% | 79% | 79% | 25% | 1% |
| 256 | 8 | 0.2% | 0.5% | 0.6% | 98% | 96% | 96% | 66% | 13% | OK
| 256 | 10 | 0.0% | 0.1% | 0.1% | 95% | 92% | 92% | 48% | 4% | OK
| 256 | 12 | 0.0% | 0.0% | 0.0% | 84% | 82% | 81% | 24% | 1% | OK
| 384 | 8 | 0.1% | 0.3% | 0.4% | 99% | 98% | 98% | 70% | 13% | OK
| 384 | 10 | 0.0% | 0.0% | 0.1% | 96% | 94% | 94% | 49% | 3% | OK
| 384 | 12 | 0.0% | 0.0% | 0.0% | 86% | 84% | 84% | 24% | 1% | OK
| 512 | 8 | 0.1% | 0.2% | 0.3% | 99% | 98% | 98% | 71% | 12% | OK
| 512 | 10 | 0.0% | 0.0% | 0.0% | 96% | 95% | 95% | 49% | 3% | OK
| 512 | 12 | 0.0% | 0.0% | 0.0% | 86% | 85% | 85% | 23% | 0% | OK

### pass8_beta1, 3 seeds per arm, between-seed SD 5 points
| n | M | false pass b10 | b30 | b50 | power +15 b10 | b30 | b50 | power +10 worst | power +5 worst |
|---|---|---|---|---|---|---|---|---|---|
| 128 | 8 | 2.1% | 2.8% | 2.9% | 79% | 74% | 74% | 44% | 16% |
| 128 | 10 | 0.9% | 1.5% | 1.6% | 75% | 71% | 71% | 38% | 10% |
| 128 | 12 | 0.3% | 0.6% | 0.7% | 68% | 64% | 64% | 29% | 5% |
| 192 | 8 | 1.9% | 2.4% | 2.5% | 82% | 78% | 78% | 47% | 16% |
| 192 | 10 | 0.7% | 1.2% | 1.3% | 78% | 75% | 75% | 39% | 10% |
| 192 | 12 | 0.2% | 0.5% | 0.5% | 70% | 67% | 67% | 29% | 5% |
| 256 | 8 | 1.9% | 2.3% | 2.3% | 83% | 81% | 80% | 49% | 16% | OK
| 256 | 10 | 0.7% | 1.0% | 1.1% | 79% | 77% | 77% | 41% | 10% |
| 256 | 12 | 0.2% | 0.4% | 0.4% | 71% | 69% | 69% | 29% | 5% |
| 384 | 8 | 1.7% | 2.1% | 2.1% | 85% | 83% | 83% | 51% | 16% | OK
| 384 | 10 | 0.6% | 0.9% | 0.9% | 81% | 79% | 79% | 42% | 9% |
| 384 | 12 | 0.2% | 0.3% | 0.3% | 72% | 71% | 71% | 29% | 4% |
| 512 | 8 | 1.6% | 2.0% | 2.0% | 85% | 84% | 84% | 52% | 16% | OK
| 512 | 10 | 0.6% | 0.8% | 0.8% | 81% | 80% | 80% | 42% | 9% | OK
| 512 | 12 | 0.1% | 0.3% | 0.3% | 72% | 72% | 71% | 29% | 4% |

### pass8_beta4, 2 seeds per arm, between-seed SD 3 points
| n | M | false pass b10 | b30 | b50 | power +15 b10 | b30 | b50 | power +10 worst | power +5 worst |
|---|---|---|---|---|---|---|---|---|---|
| 128 | 8 | 1.4% | 3.1% | 3.5% | 95% | 93% | 93% | 65% | 21% | OK
| 128 | 10 | 0.3% | 1.1% | 1.3% | 89% | 86% | 87% | 49% | 9% | OK
| 128 | 12 | 0.1% | 0.3% | 0.4% | 78% | 75% | 75% | 30% | 3% |
| 192 | 8 | 1.0% | 2.1% | 2.4% | 97% | 95% | 95% | 68% | 19% | OK
| 192 | 10 | 0.2% | 0.6% | 0.7% | 91% | 89% | 89% | 50% | 8% | OK
| 192 | 12 | 0.0% | 0.1% | 0.2% | 79% | 77% | 77% | 29% | 2% |
| 256 | 8 | 0.8% | 1.6% | 1.7% | 97% | 97% | 96% | 69% | 19% | OK
| 256 | 10 | 0.1% | 0.4% | 0.4% | 92% | 91% | 90% | 50% | 7% | OK
| 256 | 12 | 0.0% | 0.1% | 0.1% | 80% | 79% | 79% | 28% | 2% |
| 384 | 8 | 0.6% | 1.1% | 1.2% | 98% | 97% | 97% | 71% | 18% | OK
| 384 | 10 | 0.1% | 0.2% | 0.3% | 93% | 92% | 92% | 50% | 6% | OK
| 384 | 12 | 0.0% | 0.0% | 0.0% | 81% | 80% | 80% | 27% | 2% | OK
| 512 | 8 | 0.6% | 0.9% | 1.0% | 98% | 98% | 98% | 71% | 17% | OK
| 512 | 10 | 0.1% | 0.2% | 0.2% | 94% | 93% | 93% | 50% | 6% | OK
| 512 | 12 | 0.0% | 0.0% | 0.0% | 82% | 81% | 81% | 27% | 1% | OK

### pass8_beta4, 2 seeds per arm, between-seed SD 5 points
| n | M | false pass b10 | b30 | b50 | power +15 b10 | b30 | b50 | power +10 worst | power +5 worst |
|---|---|---|---|---|---|---|---|---|---|
| 128 | 8 | 5.9% | 7.3% | 7.6% | 85% | 83% | 83% | 57% | 26% |
| 128 | 10 | 2.8% | 4.1% | 4.4% | 79% | 77% | 77% | 47% | 17% |
| 128 | 12 | 1.2% | 2.0% | 2.2% | 69% | 68% | 68% | 35% | 10% |
| 192 | 8 | 5.5% | 6.6% | 6.8% | 87% | 85% | 86% | 58% | 26% |
| 192 | 10 | 2.6% | 3.5% | 3.7% | 81% | 79% | 79% | 48% | 16% |
| 192 | 12 | 1.0% | 1.5% | 1.7% | 70% | 69% | 69% | 35% | 9% |
| 256 | 8 | 5.3% | 6.2% | 6.3% | 88% | 86% | 87% | 59% | 26% |
| 256 | 10 | 2.4% | 3.1% | 3.2% | 81% | 80% | 80% | 48% | 16% |
| 256 | 12 | 0.9% | 1.4% | 1.4% | 71% | 70% | 70% | 35% | 9% |
| 384 | 8 | 5.1% | 5.8% | 5.9% | 88% | 88% | 88% | 60% | 25% |
| 384 | 10 | 2.2% | 2.8% | 2.9% | 82% | 81% | 81% | 48% | 16% | OK
| 384 | 12 | 0.8% | 1.2% | 1.2% | 71% | 71% | 71% | 34% | 8% |
| 512 | 8 | 5.0% | 5.6% | 5.7% | 89% | 88% | 88% | 61% | 25% |
| 512 | 10 | 2.2% | 2.7% | 2.7% | 82% | 82% | 82% | 48% | 15% | OK
| 512 | 12 | 0.8% | 1.1% | 1.1% | 71% | 71% | 71% | 34% | 8% |

### pass8_beta4, 3 seeds per arm, between-seed SD 3 points
| n | M | false pass b10 | b30 | b50 | power +15 b10 | b30 | b50 | power +10 worst | power +5 worst |
|---|---|---|---|---|---|---|---|---|---|
| 128 | 8 | 0.3% | 0.9% | 1.0% | 96% | 93% | 93% | 61% | 14% | OK
| 128 | 10 | 0.0% | 0.2% | 0.3% | 92% | 89% | 89% | 46% | 5% | OK
| 128 | 12 | 0.0% | 0.0% | 0.1% | 82% | 78% | 78% | 26% | 1% |
| 192 | 8 | 0.2% | 0.5% | 0.6% | 98% | 96% | 96% | 66% | 14% | OK
| 192 | 10 | 0.0% | 0.1% | 0.1% | 94% | 92% | 92% | 48% | 4% | OK
| 192 | 12 | 0.0% | 0.0% | 0.0% | 84% | 81% | 81% | 25% | 1% | OK
| 256 | 8 | 0.2% | 0.4% | 0.4% | 98% | 97% | 97% | 69% | 13% | OK
| 256 | 10 | 0.0% | 0.1% | 0.1% | 95% | 94% | 94% | 49% | 4% | OK
| 256 | 12 | 0.0% | 0.0% | 0.0% | 85% | 83% | 83% | 24% | 1% | OK
| 384 | 8 | 0.1% | 0.2% | 0.2% | 99% | 98% | 98% | 71% | 12% | OK
| 384 | 10 | 0.0% | 0.0% | 0.0% | 96% | 95% | 95% | 49% | 3% | OK
| 384 | 12 | 0.0% | 0.0% | 0.0% | 86% | 85% | 85% | 23% | 0% | OK
| 512 | 8 | 0.1% | 0.2% | 0.2% | 99% | 99% | 99% | 73% | 12% | OK
| 512 | 10 | 0.0% | 0.0% | 0.0% | 97% | 96% | 96% | 49% | 3% | OK
| 512 | 12 | 0.0% | 0.0% | 0.0% | 87% | 86% | 86% | 23% | 0% | OK

### pass8_beta4, 3 seeds per arm, between-seed SD 5 points
| n | M | false pass b10 | b30 | b50 | power +15 b10 | b30 | b50 | power +10 worst | power +5 worst |
|---|---|---|---|---|---|---|---|---|---|
| 128 | 8 | 2.0% | 2.6% | 2.7% | 81% | 77% | 77% | 46% | 16% |
| 128 | 10 | 0.8% | 1.3% | 1.4% | 77% | 74% | 74% | 39% | 10% |
| 128 | 12 | 0.2% | 0.5% | 0.6% | 69% | 67% | 67% | 29% | 5% |
| 192 | 8 | 1.8% | 2.2% | 2.4% | 83% | 80% | 81% | 49% | 16% | OK
| 192 | 10 | 0.7% | 1.0% | 1.2% | 79% | 77% | 77% | 41% | 10% |
| 192 | 12 | 0.2% | 0.4% | 0.4% | 71% | 69% | 69% | 29% | 5% |
| 256 | 8 | 1.8% | 2.1% | 2.2% | 84% | 82% | 82% | 50% | 16% | OK
| 256 | 10 | 0.7% | 0.9% | 1.0% | 80% | 78% | 79% | 41% | 10% |
| 256 | 12 | 0.2% | 0.3% | 0.3% | 71% | 70% | 70% | 29% | 4% |
| 384 | 8 | 1.7% | 2.0% | 2.1% | 85% | 84% | 84% | 52% | 16% | OK
| 384 | 10 | 0.6% | 0.8% | 0.9% | 81% | 80% | 80% | 42% | 10% | OK
| 384 | 12 | 0.1% | 0.3% | 0.3% | 72% | 71% | 71% | 29% | 4% |
| 512 | 8 | 1.7% | 1.9% | 1.9% | 86% | 85% | 85% | 52% | 16% | OK
| 512 | 10 | 0.6% | 0.8% | 0.8% | 82% | 81% | 81% | 43% | 9% | OK
| 512 | 12 | 0.1% | 0.2% | 0.2% | 73% | 72% | 72% | 29% | 4% |

shortcut checks {"n192 b30 g0 s3 M8": {"full_sim_4000": 0.02675, "normal_shortcut_200k": 0.02646}, "n192 b30 g15 s3 M10": {"full_sim_4000": 0.871, "normal_shortcut_200k": 0.877405}, "n256 b50 g15 s5 M10": {"full_sim_4000": 0.79325, "normal_shortcut_200k": 0.791505}}
variance {"L=10": {"bound": 0.09000000000000001, "beta1": 0.07183662504057295, "beta4": 0.05737575060188718}, "L=30": {"bound": 0.21, "beta1": 0.16433787094766186, "beta4": 0.1286121971764343}, "L=50": {"bound": 0.25, "beta1": 0.1903705456662565, "beta4": 0.14466203688552814}, "L=65": {"bound": 0.22749999999999998, "beta1": 0.16818787072479668, "beta4": 0.12352795509261949}}
