
#### greedy, 2 seeds per arm
| n | M | SD 3: false pass | power +5 | +10 | +15 | SD 5: false pass | power +5 | +10 | +15 |
|---|---|---|---|---|---|---|---|---|---|
| 128 | 8 | 5.7% | 22% | 60% | 87% | 8.9% | 26% | 53% | 78% |
| 128 | 10 | 2.9% | 11% | 48% | 81% | 5.9% | 18% | 46% | 73% |
| 128 | 12 | 1.2% | 5% | 33% | 71% | 3.4% | 11% | 36% | 66% |
| 192 | 8 | 4.1% | 21% | 64% | 92% | 8.0% | 26% | 56% | 82% |
| 192 | 10 | 1.6% | 9% | 49% | 85% | 4.6% | 17% | 47% | 76% |
| 192 | 12 | 0.5% | 3% | 30% | 73% | 2.3% | 9% | 35% | 67% |
| 256 | 8 | 3.1% | 21% | 67% | 94% | 7.3% | 26% | 57% | 84% |
| 256 | 10 | 1.0% | 8% | 49% | 87% | 4.0% | 16% | 47% | 78% |
| 256 | 12 | 0.3% | 3% | 29% | 76% | 2.0% | 9% | 35% | 68% |
| 384 | 8 | 2.0% | 19% | 68% | 96% | 6.6% | 25% | 59% | 86% |
| 384 | 10 | 0.6% | 7% | 50% | 90% | 3.5% | 16% | 48% | 80% |
| 384 | 12 | 0.1% | 2% | 28% | 78% | 1.5% | 9% | 34% | 69% |
| 512 | 8 | 1.6% | 19% | 70% | 97% | 6.2% | 26% | 60% | 87% |
| 512 | 10 | 0.4% | 7% | 50% | 91% | 3.1% | 16% | 48% | 80% |
| 512 | 12 | 0.1% | 2% | 28% | 79% | 1.4% | 9% | 35% | 70% |

#### greedy, 3 seeds per arm
| n | M | SD 3: false pass | power +5 | +10 | +15 | SD 5: false pass | power +5 | +10 | +15 |
|---|---|---|---|---|---|---|---|---|---|
| 128 | 8 | 1.9% | 15% | 51% | 84% | 3.0% | 15% | 39% | 69% |
| 128 | 10 | 0.8% | 6% | 41% | 80% | 1.9% | 10% | 35% | 66% |
| 128 | 12 | 0.3% | 2% | 26% | 71% | 1.0% | 5% | 27% | 60% |
| 192 | 8 | 1.2% | 14% | 57% | 90% | 2.6% | 15% | 43% | 74% |
| 192 | 10 | 0.4% | 5% | 45% | 87% | 1.5% | 10% | 38% | 71% |
| 192 | 12 | 0.1% | 1% | 26% | 76% | 0.6% | 5% | 28% | 64% |
| 256 | 8 | 0.9% | 14% | 62% | 94% | 2.5% | 15% | 46% | 77% |
| 256 | 10 | 0.2% | 5% | 47% | 90% | 1.3% | 10% | 39% | 74% |
| 256 | 12 | 0.0% | 1% | 25% | 79% | 0.5% | 5% | 29% | 67% |
| 384 | 8 | 0.5% | 13% | 67% | 96% | 2.2% | 16% | 49% | 81% |
| 384 | 10 | 0.1% | 4% | 48% | 93% | 1.1% | 10% | 41% | 77% |
| 384 | 12 | 0.0% | 1% | 24% | 82% | 0.4% | 4% | 29% | 69% |
| 512 | 8 | 0.3% | 13% | 70% | 98% | 2.1% | 16% | 50% | 82% |
| 512 | 10 | 0.0% | 3% | 49% | 94% | 0.9% | 9% | 42% | 79% |
| 512 | 12 | 0.0% | 0% | 23% | 84% | 0.3% | 4% | 29% | 70% |

#### pass8_bound, 2 seeds per arm
| n | M | SD 3: false pass | power +5 | +10 | +15 | SD 5: false pass | power +5 | +10 | +15 |
|---|---|---|---|---|---|---|---|---|---|
| 128 | 8 | 5.8% | 23% | 61% | 88% | 9.2% | 26% | 54% | 79% |
| 128 | 10 | 2.8% | 11% | 48% | 82% | 5.9% | 18% | 46% | 74% |
| 128 | 12 | 1.1% | 5% | 32% | 71% | 3.4% | 11% | 36% | 66% |
| 192 | 8 | 4.0% | 21% | 64% | 92% | 8.0% | 26% | 56% | 82% |
| 192 | 10 | 1.6% | 9% | 49% | 85% | 4.7% | 17% | 47% | 77% |
| 192 | 12 | 0.5% | 3% | 31% | 74% | 2.4% | 10% | 35% | 68% |
| 256 | 8 | 3.1% | 20% | 66% | 94% | 7.3% | 26% | 58% | 84% |
| 256 | 10 | 1.0% | 8% | 50% | 87% | 4.0% | 17% | 47% | 78% |
| 256 | 12 | 0.3% | 3% | 30% | 76% | 1.9% | 9% | 35% | 68% |
| 384 | 8 | 2.1% | 19% | 68% | 96% | 6.6% | 26% | 59% | 86% |
| 384 | 10 | 0.6% | 7% | 50% | 90% | 3.5% | 16% | 48% | 80% |
| 384 | 12 | 0.1% | 2% | 29% | 78% | 1.6% | 9% | 35% | 70% |
| 512 | 8 | 1.5% | 18% | 70% | 97% | 6.2% | 26% | 60% | 87% |
| 512 | 10 | 0.3% | 7% | 50% | 91% | 3.2% | 16% | 48% | 80% |
| 512 | 12 | 0.1% | 2% | 28% | 79% | 1.4% | 8% | 34% | 70% |

#### pass8_beta1, 2 seeds per arm
| n | M | SD 3: false pass | power +5 | +10 | +15 | SD 5: false pass | power +5 | +10 | +15 |
|---|---|---|---|---|---|---|---|---|---|
| 128 | 8 | 4.6% | 22% | 63% | 91% | 8.3% | 26% | 56% | 82% |
| 128 | 10 | 2.0% | 10% | 49% | 84% | 5.1% | 17% | 47% | 76% |
| 128 | 12 | 0.7% | 4% | 31% | 73% | 2.7% | 10% | 35% | 67% |
| 192 | 8 | 3.1% | 20% | 66% | 94% | 7.4% | 26% | 58% | 84% |
| 192 | 10 | 1.0% | 9% | 49% | 88% | 4.2% | 17% | 47% | 78% |
| 192 | 12 | 0.3% | 3% | 30% | 76% | 2.0% | 9% | 35% | 68% |
| 256 | 8 | 2.3% | 19% | 68% | 95% | 6.8% | 26% | 59% | 85% |
| 256 | 10 | 0.6% | 8% | 50% | 89% | 3.6% | 16% | 48% | 79% |
| 256 | 12 | 0.1% | 2% | 29% | 77% | 1.7% | 9% | 35% | 69% |
| 384 | 8 | 1.6% | 18% | 70% | 97% | 6.3% | 26% | 60% | 87% |
| 384 | 10 | 0.4% | 7% | 50% | 91% | 3.2% | 16% | 48% | 80% |
| 384 | 12 | 0.1% | 2% | 28% | 79% | 1.4% | 8% | 35% | 70% |
| 512 | 8 | 1.2% | 18% | 71% | 97% | 5.8% | 25% | 60% | 88% |
| 512 | 10 | 0.3% | 6% | 50% | 92% | 2.9% | 16% | 48% | 81% |
| 512 | 12 | 0.0% | 2% | 27% | 80% | 1.2% | 8% | 34% | 71% |
