{"cell": "k1-prac", "hops": 1, "answers": 4, "strict": 4, "no_end": 0}
{"cell": "k1-held", "hops": 1, "answers": 4, "strict": 4, "no_end": 0}
{"cell": "k2-prac", "hops": 2, "answers": 3, "strict": 1, "no_end": 0}
{"cell": "k2-held", "hops": 2, "answers": 1, "strict": 0, "no_end": 0}
{"cell": "k3-prac", "hops": 3, "answers": 5, "strict": 0, "no_end": 0}
{"cell": "k3-held", "hops": 3, "answers": 4, "strict": 0, "no_end": 0}
{"cell": "k4-prac", "hops": 4, "answers": 2, "strict": 0, "no_end": 0}
{"cell": "k4-held", "hops": 4, "answers": 4, "strict": 0, "no_end": 0}
{"cell": "k5-prac", "hops": 5, "answers": 2, "strict": 0, "no_end": 42}
{"cell": "k5-held", "hops": 5, "answers": 4, "strict": 0, "no_end": 26}
{"cell": "k6-prac", "hops": 6, "answers": 3, "strict": 0, "no_end": 0}
{"cell": "k6-held", "hops": 6, "answers": 5, "strict": 0, "no_end": 0}
{"cell": "k7-prac", "hops": 7, "answers": 1, "strict": 0, "no_end": 0}
{"cell": "k7-held", "hops": 7, "answers": 3, "strict": 0, "no_end": 0}
{"cell": "k8-prac", "hops": 8, "answers": 3, "strict": 0, "no_end": 0}
{"cell": "k8-held", "hops": 8, "answers": 6, "strict": 0, "no_end": 0}
{"cell": "p6-k1-prac", "hops": 1, "answers": 9, "strict": 9, "no_end": 0}
{"cell": "p6-k1-held", "hops": 1, "answers": 6, "strict": 6, "no_end": 0}
{"cell": "p6-k2-prac", "hops": 2, "answers": 3, "strict": 2, "no_end": 0}
{"cell": "p6-k2-held", "hops": 2, "answers": 2, "strict": 2, "no_end": 0}
{"cell": "p6-k3-prac", "hops": 3, "answers": 1, "strict": 1, "no_end": 0}
{"cell": "p6-k3-held", "hops": 3, "answers": 1, "strict": 1, "no_end": 0}
{"cell": "pair-link", "hops": 5, "answers": 0, "strict": 0, "no_end": 75}
{"cell": "pair-value", "hops": 5, "answers": 0, "strict": 0, "no_end": 70}
{"cell": "pair-irrelevant", "hops": 5, "answers": 1, "strict": 0, "no_end": 74}
