device=cuda params=27264 tasks=100 steps/task=600 lr=0.001
task   1 t=    5s  adam_noWD+replay: auc=3.113 end=3.028 dead=0.00 |w|=38 | adamw_wd1.0: auc=3.137 end=3.064 dead=0.00 |w|=23 | adamw_wd1.0+replay: auc=3.137 end=3.064 dead=0.00 |w|=23
task   5 t=   22s  adam_noWD+replay: auc=2.115 end=1.460 dead=0.00 |w|=43 | adamw_wd1.0: auc=1.833 end=1.409 dead=0.00 |w|=18 | adamw_wd1.0+replay: auc=1.917 end=1.461 dead=0.00 |w|=18
task  10 t=   43s  adam_noWD+replay: auc=2.112 end=1.490 dead=0.00 |w|=46 | adamw_wd1.0: auc=1.907 end=1.504 dead=0.00 |w|=22 | adamw_wd1.0+replay: auc=1.913 end=1.561 dead=0.00 |w|=22
task  15 t=   63s  adam_noWD+replay: auc=2.207 end=1.628 dead=0.00 |w|=48 | adamw_wd1.0: auc=1.852 end=1.443 dead=0.00 |w|=25 | adamw_wd1.0+replay: auc=1.889 end=1.548 dead=0.00 |w|=24
task  20 t=   83s  adam_noWD+replay: auc=2.284 end=1.679 dead=0.00 |w|=50 | adamw_wd1.0: auc=1.913 end=1.534 dead=0.00 |w|=26 | adamw_wd1.0+replay: auc=1.900 end=1.554 dead=0.00 |w|=26
task  25 t=  103s  adam_noWD+replay: auc=2.459 end=1.830 dead=0.06 |w|=52 | adamw_wd1.0: auc=1.905 end=1.537 dead=0.00 |w|=26 | adamw_wd1.0+replay: auc=1.938 end=1.574 dead=0.00 |w|=26
task  30 t=  123s  adam_noWD+replay: auc=2.583 end=2.002 dead=0.16 |w|=54 | adamw_wd1.0: auc=1.898 end=1.559 dead=0.00 |w|=26 | adamw_wd1.0+replay: auc=1.892 end=1.559 dead=0.00 |w|=26
task  35 t=  143s  adam_noWD+replay: auc=2.663 end=2.158 dead=0.25 |w|=57 | adamw_wd1.0: auc=1.896 end=1.529 dead=0.00 |w|=25 | adamw_wd1.0+replay: auc=1.896 end=1.557 dead=0.00 |w|=26
task  40 t=  163s  adam_noWD+replay: auc=2.775 end=2.333 dead=0.30 |w|=59 | adamw_wd1.0: auc=1.917 end=1.536 dead=0.00 |w|=25 | adamw_wd1.0+replay: auc=1.901 end=1.566 dead=0.00 |w|=25
task  45 t=  184s  adam_noWD+replay: auc=2.875 end=2.483 dead=0.32 |w|=61 | adamw_wd1.0: auc=1.928 end=1.548 dead=0.00 |w|=24 | adamw_wd1.0+replay: auc=1.906 end=1.569 dead=0.00 |w|=25
task  50 t=  204s  adam_noWD+replay: auc=2.846 end=2.464 dead=0.35 |w|=63 | adamw_wd1.0: auc=1.891 end=1.538 dead=0.00 |w|=24 | adamw_wd1.0+replay: auc=1.910 end=1.566 dead=0.00 |w|=25
task  55 t=  224s  adam_noWD+replay: auc=2.902 end=2.571 dead=0.44 |w|=65 | adamw_wd1.0: auc=1.881 end=1.508 dead=0.00 |w|=24 | adamw_wd1.0+replay: auc=1.876 end=1.533 dead=0.00 |w|=25
task  60 t=  244s  adam_noWD+replay: auc=3.005 end=2.715 dead=0.48 |w|=67 | adamw_wd1.0: auc=1.855 end=1.489 dead=0.00 |w|=23 | adamw_wd1.0+replay: auc=1.881 end=1.552 dead=0.00 |w|=25
task  65 t=  265s  adam_noWD+replay: auc=3.012 end=2.737 dead=0.52 |w|=68 | adamw_wd1.0: auc=1.881 end=1.492 dead=0.00 |w|=23 | adamw_wd1.0+replay: auc=1.911 end=1.567 dead=0.00 |w|=24
task  70 t=  286s  adam_noWD+replay: auc=3.004 end=2.705 dead=0.51 |w|=70 | adamw_wd1.0: auc=1.869 end=1.495 dead=0.00 |w|=23 | adamw_wd1.0+replay: auc=1.910 end=1.587 dead=0.00 |w|=24
task  75 t=  308s  adam_noWD+replay: auc=3.026 end=2.738 dead=0.58 |w|=71 | adamw_wd1.0: auc=1.891 end=1.498 dead=0.00 |w|=23 | adamw_wd1.0+replay: auc=1.900 end=1.564 dead=0.00 |w|=23
task  80 t=  330s  adam_noWD+replay: auc=3.037 end=2.776 dead=0.61 |w|=73 | adamw_wd1.0: auc=1.840 end=1.500 dead=0.00 |w|=23 | adamw_wd1.0+replay: auc=1.868 end=1.554 dead=0.00 |w|=23
task  85 t=  352s  adam_noWD+replay: auc=3.047 end=2.837 dead=0.57 |w|=74 | adamw_wd1.0: auc=1.884 end=1.511 dead=0.00 |w|=23 | adamw_wd1.0+replay: auc=1.919 end=1.585 dead=0.00 |w|=23
task  90 t=  375s  adam_noWD+replay: auc=3.096 end=2.873 dead=0.58 |w|=76 | adamw_wd1.0: auc=1.873 end=1.473 dead=0.00 |w|=23 | adamw_wd1.0+replay: auc=1.909 end=1.566 dead=0.00 |w|=23
task  95 t=  397s  adam_noWD+replay: auc=3.117 end=2.923 dead=0.59 |w|=77 | adamw_wd1.0: auc=1.838 end=1.463 dead=0.00 |w|=23 | adamw_wd1.0+replay: auc=1.880 end=1.568 dead=0.00 |w|=23
task 100 t=  419s  adam_noWD+replay: auc=3.117 end=2.903 dead=0.60 |w|=78 | adamw_wd1.0: auc=1.848 end=1.458 dead=0.00 |w|=23 | adamw_wd1.0+replay: auc=1.905 end=1.556 dead=0.00 |w|=24
entropy floor of the language (nats) ~ 0.898
adam_noWD+replay: mean-loss-during-task first5=2.881 last5=3.092  end-loss first5=2.565 last5=2.890
adamw_wd1.0: mean-loss-during-task first5=2.652 last5=1.862  end-loss first5=2.362 last5=1.476
adamw_wd1.0+replay: mean-loss-during-task first5=2.881 last5=1.902  end-loss first5=2.622 last5=1.563
adam_noWD+replay task-1 (anchor) loss every 10 tasks: [3.345, 3.504, 3.672, 3.775, 3.734, 3.691, 3.689, 3.698, 3.563, 3.658]
adamw_wd1.0 task-1 (anchor) loss every 10 tasks: [4.76, 4.808, 4.758, 4.86, 4.813, 4.836, 4.906, 4.902, 4.9, 4.898]
adamw_wd1.0+replay task-1 (anchor) loss every 10 tasks: [3.187, 3.176, 3.157, 3.186, 3.183, 3.155, 3.145, 3.134, 3.182, 3.158]
total 419s
