device=cuda params=27264 tasks=100 steps/task=600 lr=0.001
task   1 t=    4s  adam_noWD: auc=3.113 end=3.028 dead=0.00 |w|=38 | adamw_wd0.1: auc=3.115 end=3.031 dead=0.00 |w|=36 | adamw_wd1.0: auc=3.137 end=3.064 dead=0.00 |w|=23
task   5 t=   21s  adam_noWD: auc=1.977 end=1.384 dead=0.00 |w|=44 | adamw_wd0.1: auc=1.862 end=1.290 dead=0.00 |w|=35 | adamw_wd1.0: auc=1.876 end=1.453 dead=0.00 |w|=18
task  10 t=   43s  adam_noWD: auc=2.282 end=1.636 dead=0.00 |w|=46 | adamw_wd0.1: auc=2.108 end=1.429 dead=0.00 |w|=31 | adamw_wd1.0: auc=1.926 end=1.538 dead=0.00 |w|=23
task  15 t=   64s  adam_noWD: auc=2.342 end=1.677 dead=0.00 |w|=48 | adamw_wd0.1: auc=2.068 end=1.424 dead=0.00 |w|=29 | adamw_wd1.0: auc=1.935 end=1.513 dead=0.00 |w|=24
task  20 t=   85s  adam_noWD: auc=2.463 end=1.848 dead=0.02 |w|=50 | adamw_wd0.1: auc=2.092 end=1.412 dead=0.00 |w|=28 | adamw_wd1.0: auc=1.933 end=1.499 dead=0.00 |w|=25
task  25 t=  105s  adam_noWD: auc=2.594 end=2.025 dead=0.12 |w|=52 | adamw_wd0.1: auc=2.113 end=1.408 dead=0.00 |w|=28 | adamw_wd1.0: auc=1.866 end=1.475 dead=0.00 |w|=25
task  30 t=  125s  adam_noWD: auc=2.777 end=2.269 dead=0.20 |w|=54 | adamw_wd0.1: auc=2.122 end=1.450 dead=0.02 |w|=30 | adamw_wd1.0: auc=1.897 end=1.530 dead=0.00 |w|=25
task  35 t=  144s  adam_noWD: auc=2.802 end=2.349 dead=0.24 |w|=57 | adamw_wd0.1: auc=2.167 end=1.466 dead=0.04 |w|=32 | adamw_wd1.0: auc=1.862 end=1.492 dead=0.00 |w|=26
task  40 t=  164s  adam_noWD: auc=2.861 end=2.457 dead=0.32 |w|=59 | adamw_wd0.1: auc=2.332 end=1.568 dead=0.07 |w|=34 | adamw_wd1.0: auc=1.889 end=1.538 dead=0.00 |w|=25
task  45 t=  183s  adam_noWD: auc=2.945 end=2.567 dead=0.33 |w|=61 | adamw_wd0.1: auc=2.287 end=1.596 dead=0.14 |w|=36 | adamw_wd1.0: auc=1.874 end=1.506 dead=0.00 |w|=24
task  50 t=  202s  adam_noWD: auc=2.900 end=2.512 dead=0.34 |w|=64 | adamw_wd0.1: auc=2.177 end=1.470 dead=0.13 |w|=38 | adamw_wd1.0: auc=1.909 end=1.537 dead=0.00 |w|=24
task  55 t=  222s  adam_noWD: auc=3.009 end=2.675 dead=0.38 |w|=65 | adamw_wd0.1: auc=2.233 end=1.567 dead=0.18 |w|=40 | adamw_wd1.0: auc=1.870 end=1.500 dead=0.00 |w|=24
task  60 t=  241s  adam_noWD: auc=2.986 end=2.671 dead=0.37 |w|=68 | adamw_wd0.1: auc=2.238 end=1.545 dead=0.16 |w|=40 | adamw_wd1.0: auc=1.878 end=1.522 dead=0.00 |w|=24
task  65 t=  262s  adam_noWD: auc=3.011 end=2.716 dead=0.46 |w|=69 | adamw_wd0.1: auc=2.303 end=1.566 dead=0.18 |w|=40 | adamw_wd1.0: auc=1.885 end=1.519 dead=0.00 |w|=24
task  70 t=  282s  adam_noWD: auc=3.051 end=2.743 dead=0.42 |w|=71 | adamw_wd0.1: auc=2.312 end=1.626 dead=0.22 |w|=39 | adamw_wd1.0: auc=1.905 end=1.546 dead=0.00 |w|=23
task  75 t=  303s  adam_noWD: auc=3.061 end=2.770 dead=0.48 |w|=73 | adamw_wd0.1: auc=2.268 end=1.596 dead=0.23 |w|=37 | adamw_wd1.0: auc=1.845 end=1.481 dead=0.00 |w|=24
task  80 t=  324s  adam_noWD: auc=3.004 end=2.704 dead=0.46 |w|=75 | adamw_wd0.1: auc=2.276 end=1.630 dead=0.28 |w|=36 | adamw_wd1.0: auc=1.849 end=1.503 dead=0.00 |w|=24
task  85 t=  344s  adam_noWD: auc=3.053 end=2.775 dead=0.49 |w|=77 | adamw_wd0.1: auc=2.330 end=1.685 dead=0.35 |w|=34 | adamw_wd1.0: auc=1.861 end=1.521 dead=0.00 |w|=24
task  90 t=  365s  adam_noWD: auc=3.097 end=2.884 dead=0.57 |w|=79 | adamw_wd0.1: auc=2.402 end=1.720 dead=0.34 |w|=33 | adamw_wd1.0: auc=1.852 end=1.467 dead=0.00 |w|=25
task  95 t=  386s  adam_noWD: auc=3.106 end=2.890 dead=0.51 |w|=80 | adamw_wd0.1: auc=2.481 end=1.834 dead=0.43 |w|=32 | adamw_wd1.0: auc=1.824 end=1.462 dead=0.00 |w|=25
task 100 t=  407s  adam_noWD: auc=3.050 end=2.827 dead=0.52 |w|=82 | adamw_wd0.1: auc=2.386 end=1.669 dead=0.41 |w|=31 | adamw_wd1.0: auc=1.838 end=1.452 dead=0.00 |w|=25
entropy floor of the language (nats) ~ 0.898
adam_noWD: mean-loss-during-task first5=2.765 last5=3.062  end-loss first5=2.401 last5=2.835
adamw_wd0.1: mean-loss-during-task first5=2.708 last5=2.465  end-loss first5=2.337 last5=1.782
adamw_wd1.0: mean-loss-during-task first5=2.682 last5=1.818  end-loss first5=2.392 last5=1.446
total 407s
