L2: m >= ln(0.1)/ln(1-0.02) = 113.9741 -> 114
tape: CAL candidates N=1413, grid targets m=114..1413 G_eff=15 (tau_1=0.8728 .. tau_end=0.1268)
bigru: CAL candidates N=1350, grid targets m=114..1350 G_eff=15 (tau_1=0.8230 .. tau_end=0.3551)
grid sealed to GRID_SEAL.json BEFORE any label read (gold/ok untouched)
  cand  1: tau=0.8728 m=  115 k=  0 p=0.0979 bound=0.0198 ACCEPT
  cand  2: tau=0.8585 m=  207 k=  0 p=0.0153 bound=0.0111 ACCEPT
  cand  3: tau=0.8427 m=  300 k=  0 p=0.0023 bound=0.0076 ACCEPT
  cand  4: tau=0.8321 m=  394 k=  0 p=0.0003 bound=0.0058 ACCEPT
  cand  5: tau=0.8244 m=  486 k=  0 p=0.0001 bound=0.0047 ACCEPT
  cand  6: tau=0.8162 m=  578 k=  0 p=0.0000 bound=0.0040 ACCEPT
  cand  7: tau=0.8056 m=  671 k=  0 p=0.0000 bound=0.0034 ACCEPT
  cand  8: tau=0.7933 m=  767 k=  0 p=0.0000 bound=0.0030 ACCEPT
  cand  9: tau=0.7833 m=  857 k=  0 p=0.0000 bound=0.0027 ACCEPT
  cand 10: tau=0.7654 m=  949 k=  0 p=0.0000 bound=0.0024 ACCEPT
  cand 11: tau=0.7476 m= 1042 k=  0 p=0.0000 bound=0.0022 ACCEPT
  cand 12: tau=0.6872 m= 1135 k=  0 p=0.0000 bound=0.0020 ACCEPT
  cand 13: tau=0.5548 m= 1238 k=  0 p=0.0000 bound=0.0019 ACCEPT
  cand 14: tau=0.4428 m= 1322 k=  0 p=0.0000 bound=0.0017 ACCEPT
  cand 15: tau=0.1268 m= 1413 k=  0 p=0.0000 bound=0.0016 ACCEPT
tape: tau-hat = 0.126850 (m=1413, k=0, bound=0.0016)
  cand  1: tau=0.8230 m=  114 k=  0 p=0.0999 bound=0.0200 ACCEPT
  cand  2: tau=0.8017 m=  203 k=  0 p=0.0166 bound=0.0113 ACCEPT
  cand  3: tau=0.7692 m=  291 k=  0 p=0.0028 bound=0.0079 ACCEPT
  cand  4: tau=0.7405 m=  379 k=  0 p=0.0005 bound=0.0061 ACCEPT
  cand  5: tau=0.7219 m=  467 k=  0 p=0.0001 bound=0.0049 ACCEPT
  cand  6: tau=0.7124 m=  556 k=  0 p=0.0000 bound=0.0041 ACCEPT
  cand  7: tau=0.7043 m=  644 k=  0 p=0.0000 bound=0.0036 ACCEPT
  cand  8: tau=0.6969 m=  733 k=  0 p=0.0000 bound=0.0031 ACCEPT
  cand  9: tau=0.6881 m=  821 k=  0 p=0.0000 bound=0.0028 ACCEPT
  cand 10: tau=0.6769 m=  909 k=  0 p=0.0000 bound=0.0025 ACCEPT
  cand 11: tau=0.6651 m=  998 k=  0 p=0.0000 bound=0.0023 ACCEPT
  cand 12: tau=0.6487 m= 1087 k=  0 p=0.0000 bound=0.0021 ACCEPT
  cand 13: tau=0.6194 m= 1173 k=  0 p=0.0000 bound=0.0020 ACCEPT
  cand 14: tau=0.5800 m= 1263 k=  0 p=0.0000 bound=0.0018 ACCEPT
  cand 15: tau=0.3551 m= 1350 k=  0 p=0.0000 bound=0.0017 ACCEPT
bigru: tau-hat = 0.355056 (m=1350, k=0, bound=0.0017)
tape/t_seen: LTT writes=698 wrong=0 rate=0.0000 cov=0.6199 | reg@0.5 writes=667 wrong=0 cov=0.5924 | tau0 writes=702 wrong=0 cov=0.6234 | OLD76 writes=698 wrong=0 rate=0.0000
tape/t_new: LTT writes=769 wrong=0 rate=0.0000 cov=0.5093 | reg@0.5 writes=722 wrong=0 cov=0.4781 | tau0 writes=772 wrong=0 cov=0.5113 | OLD76 writes=770 wrong=0 rate=0.0000
tape/t_hard: LTT writes=120 wrong=0 rate=0.0000 cov=0.4428 | reg@0.5 writes=109 wrong=0 cov=0.4022 | tau0 writes=120 wrong=0 cov=0.4428 | OLD76 writes=120 wrong=0 rate=0.0000
bigru/t_seen: LTT writes=662 wrong=0 rate=0.0000 cov=0.5879 | reg@0.5 writes=659 wrong=0 cov=0.5853 | tau0 writes=664 wrong=0 cov=0.5897 | OLD76 writes=662 wrong=0 rate=0.0000
bigru/t_new: LTT writes=756 wrong=0 rate=0.0000 cov=0.5007 | reg@0.5 writes=675 wrong=0 cov=0.4470 | tau0 writes=780 wrong=0 cov=0.5166 | OLD76 writes=763 wrong=0 rate=0.0000
bigru/t_hard: LTT writes=112 wrong=0 rate=0.0000 cov=0.4133 | reg@0.5 writes=107 wrong=0 cov=0.3948 | tau0 writes=117 wrong=1 cov=0.4317 | OLD76 writes=113 wrong=0 rate=0.0000
--- H3: fresh tau-hat vs exp-76 tau-hat ---
H3 tape: fresh=0.126850 old=0.088756 |delta|=0.038094
H3 bigru: fresh=0.355056 old=0.302860 |delta|=0.052196
H1 tape: PASS (m=1413, k=0)
H1 bigru: PASS (m=1350, k=0)
H2 tape/t_seen: PASS
H2 tape/t_new: PASS
H2 tape/t_hard: PASS
H2 bigru/t_seen: PASS
H2 bigru/t_new: PASS
H2 bigru/t_hard: PASS
H3b(old-tau) tape/t_seen: PASS (writes=698 wrong=0)
H3b(old-tau) tape/t_new: PASS (writes=770 wrong=0)
H3b(old-tau) tape/t_hard: PASS (writes=120 wrong=0)
H3b(old-tau) bigru/t_seen: PASS (writes=662 wrong=0)
H3b(old-tau) bigru/t_new: PASS (writes=763 wrong=0)
H3b(old-tau) bigru/t_hard: PASS (writes=113 wrong=0)
H4 coverage reported on 6/6 panel-arms: PASS
input per_sentence_bigru_cal.json sha256=7afb3124a6fb1909…
input per_sentence_bigru_t_hard.json sha256=93743c9afc91d95a…
input per_sentence_bigru_t_new.json sha256=bfe9ff0280c83e4a…
input per_sentence_bigru_t_seen.json sha256=fe24db5e45b24b0b…
input per_sentence_tape_cal.json sha256=ecab148e32fb1044…
input per_sentence_tape_t_hard.json sha256=14872b797bd87aed…
input per_sentence_tape_t_new.json sha256=025a936aff97c522…
input per_sentence_tape_t_seen.json sha256=f8d20fc41951f270…
H1 PASS · H2 PASS · H3b PASS · H4 PASS · G4 PASS
