plan: 3000 turns {'teach': 2160, 'correct': 412, 'ask': 428}
restarts: [(531, 'kill'), (537, 'kill'), (616, 'kill'), (792, 'kill'), (1033, 'kill'), (1133, 'kill'), (1445, 'kill'), (1931, 'kill'), (2338, 'kill'), (2922, 'kill')]
restart 1/10 kill at turn 534: stop=-1.00s verify=0.00s boot=1.06s audit_ok=True aim={'victim': 533, 'aimed': True, 'outbox_before_kill': False, 'attempts': 1}
restart 2/10 kill at turn 540: stop=-1.00s verify=0.01s boot=1.35s audit_ok=True aim={'victim': 539, 'aimed': True, 'outbox_before_kill': False, 'attempts': 1}
restart 3/10 kill at turn 619: stop=-1.00s verify=0.01s boot=1.48s audit_ok=True aim={'victim': 618, 'aimed': True, 'outbox_before_kill': False, 'attempts': 1}
restart 4/10 kill at turn 795: stop=-1.00s verify=0.01s boot=1.58s audit_ok=True aim={'victim': 794, 'aimed': True, 'outbox_before_kill': False, 'attempts': 1}
ckpt 1000: 52,210864,562706,128.4,185.1
restart 5/10 kill at turn 1036: stop=-1.00s verify=0.01s boot=1.07s audit_ok=True aim={'victim': 1035, 'aimed': True, 'outbox_before_kill': False, 'attempts': 1}
restart 6/10 kill at turn 1136: stop=-1.00s verify=0.01s boot=1.08s audit_ok=True aim={'victim': 1135, 'aimed': True, 'outbox_before_kill': False, 'attempts': 1}
restart 7/10 kill at turn 1448: stop=-1.00s verify=0.01s boot=1.41s audit_ok=True aim={'victim': 1447, 'aimed': True, 'outbox_before_kill': False, 'attempts': 1}
restart 8/10 kill at turn 1934: stop=-1.00s verify=0.01s boot=1.40s audit_ok=True aim={'victim': 1933, 'aimed': True, 'outbox_before_kill': False, 'attempts': 1}
ckpt 2000: 103,216736,991565,131.5,207.4
restart 9/10 kill at turn 2341: stop=-1.00s verify=0.01s boot=3.75s audit_ok=True aim={'victim': 2340, 'aimed': True, 'outbox_before_kill': False, 'attempts': 1}
restart 10/10 kill at turn 2925: stop=-1.00s verify=0.08s boot=2.67s audit_ok=True aim={'victim': 2924, 'aimed': True, 'outbox_before_kill': False, 'attempts': 1}
ckpt 3000: 161,220912,1367759,142.6,250.2
{
 "status": "PASS",
 "seed": 931,
 "turns_done": 3000,
 "turns_planned": 3000,
 "wall_s": 161.5,
 "plan_kinds": {
  "teach": 2160,
  "correct": 412,
  "ask": 428
 },
 "restarts": [
  [
   531,
   "kill"
  ],
  [
   537,
   "kill"
  ],
  [
   616,
   "kill"
  ],
  [
   792,
   "kill"
  ],
  [
   1033,
   "kill"
  ],
  [
   1133,
   "kill"
  ],
  [
   1445,
   "kill"
  ],
  [
   1931,
   "kill"
  ],
  [
   2338,
   "kill"
  ],
  [
   2922,
   "kill"
  ]
 ],
 "marks": {
  "K1": {
   "desc": "0 wrong answers and 0 wrong writes over 3000 turns",
   "pass": true,
   "wrong": 0
  },
  "K2": {
   "desc": "no replied taught fact lost/duplicated over 10 restarts",
   "pass": true
  },
  "K3": {
   "desc": "final boot+verify < 10 s",
   "pass": true,
   "boot_s": 2.665,
   "verify_s": 0.021
  },
  "K4": {
   "desc": "p99 at end < 10x p99 at 1,000 turns",
   "pass": true,
   "p99_1k_ms": 127.14,
   "p99_end_ms": 260.8
  },
  "K5": {
   "desc": "whole soak < 25 min Mac CPU",
   "pass": true,
   "wall_s": 161.5,
   "turns_done": 3000
  }
 },
 "fail": null,
 "final_stop_s": 0.2904231548309326,
 "exactly_once": {
  "replies_checked": 3000,
  "doubled_sentence_replies": 0,
  "doubled_seqs": [],
  "receipt_ids": 3000,
  "receipts_not_exactly_once": {}
 }
}
SOAK108 PASS
