05:24:56 warm {'updates': 256, 'records': 2048, 'visits': 4, 'last_loss': 1.5603911876678467} 517
05:33:34 N built {'updates': 256, 'records': 2048, 'last_loss': 0.5106997489929199} 1035
05:35:10 T 0.5 {'verdict': 'stop: cold start and sameness', 'reach32': 0.0703125, 'floor_reach32': 0.04824614113521625, 'reach4': 0.01953125, 'luck': 0.0106201171875, 'distinct_rules': 3.65234375}
05:36:41 T 0.7 {'verdict': 'stop: cold start (stepping stones first)', 'reach32': 0.0859375, 'floor_reach32': 0.04824614113521625, 'reach4': 0.0234375, 'luck': 0.0108642578125, 'distinct_rules': 4.94140625}
05:38:14 T 1.0 {'verdict': 'stop: cold start (stepping stones first)', 'reach32': 0.125, 'floor_reach32': 0.04824614113521625, 'reach4': 0.0234375, 'luck': 0.0103759765625, 'distinct_rules': 6.96484375}
05:39:46 T 1.4 {'verdict': 'pass', 'reach32': 0.2109375, 'floor_reach32': 0.04824614113521625, 'reach4': 0.046875, 'luck': 0.0125732421875, 'distinct_rules': 9.890625}
05:41:16 T 2.0 {'verdict': 'pass', 'reach32': 0.30859375, 'floor_reach32': 0.04824614113521625, 'reach4': 0.046875, 'luck': 0.01708984375, 'distinct_rules': 13.5078125}
05:42:47 T 3.0 {'verdict': 'pass', 'reach32': 0.28125, 'floor_reach32': 0.04824614113521625, 'reach4': 0.07421875, 'luck': 0.0181884765625, 'distinct_rules': 15.48828125}
05:44:13 T 4.0 {'verdict': 'pass', 'reach32': 0.2109375, 'floor_reach32': 0.04824614113521625, 'reach4': 0.0390625, 'luck': 0.011474609375, 'distinct_rules': 13.484375}
05:45:35 T 6.0 {'verdict': 'stop: cold start (stepping stones first)', 'reach32': 0.0859375, 'floor_reach32': 0.04824614113521625, 'reach4': 0.0078125, 'luck': 0.00341796875, 'distinct_rules': 7.6328125}
05:45:36 pool T 2.0
05:52:10 setup done {'diag': {'n_W': 324, 'n_R': 324, 'short': {}, 'hindsight_fits': 1.0}, 'n_W': 324, 'n_PC': 324, 'questions_with_W': 292} 2151
05:52:27 N {'dev': {'right': 0.0078125, 'fits': 0.01171875, 'by_kind': {'affine': 0.0, 'square': 0.0, 'sq_plus': 0.0, 'last_digit': 0.0, 'double_add': 0.0392}}, 'skills5': 0.99, 'n_W': 324, 'n_PC': 324, 'T': 2.0}
05:59:49 PC ft {'lr': 0.0003, 'visits': 16} {'sleep_tflops': 30.378013302784, 'seconds': 428.3, 'gain_points': 42.578125, 'skills_harm_points': -0.40000000000001146} {'affine': 0.0, 'square': 0.9804, 'sq_plus': 0.0784, 'last_digit': 1.0, 'double_add': 0.1176}
06:07:37 PC ft {'lr': 0.001, 'visits': 16} {'sleep_tflops': 30.378013302784, 'seconds': 454.7, 'gain_points': 41.796875, 'skills_harm_points': 0.5999999999999894} {'affine': 0.0, 'square': 0.9412, 'sq_plus': 0.098, 'last_digit': 1.0, 'double_add': 0.098}
06:07:38 B {'method': 'ft', 'kw': {'lr': 0.0003, 'visits': 16}, 'within_harm': True, 'tie_reach4': {}}
STAGE s204 base exit 0
06:08:36 W knn {'c': 50.0, 'theta': 0.9, 'cal': 0.99, 'old': 512} {'sleep_tflops': 0.987019256832, 'seconds': 36.6, 'gain_points': 40.625, 'skills_harm_points': 0.0} {'affine': 0.0, 'square': 0.9608, 'sq_plus': 0.0, 'last_digit': 0.9804, 'double_add': 0.1373}
06:16:07 W ft {'lr': 0.0003, 'visits': 16} {'sleep_tflops': 30.378013302784, 'seconds': 433.8, 'gain_points': 40.625, 'skills_harm_points': 0.30000000000000027} {'affine': 0.0, 'square': 0.902, 'sq_plus': 0.0784, 'last_digit': 0.9412, 'double_add': 0.1569}
STAGE s204 W exit 0
06:17:05 R knn {'c': 50.0, 'theta': 0.9, 'cal': 0.99, 'old': 512} {'sleep_tflops': 0.987019256832, 'seconds': 37.5, 'gain_points': -0.78125, 'skills_harm_points': 0.0} {'affine': 0.0, 'square': 0.0, 'sq_plus': 0.0, 'last_digit': 0.0, 'double_add': 0.0}
STAGE s204 R exit 0
06:20:37 N {'practised': {'reach32': 0.10546875, 'first_sample': 0.01171875, 'greedy_right': 0.015625}, 'dev_search': {'reach4': 0.046875, 'reach32': 0.30859375, 'luck': 0.01708984375}}
06:23:48 W knn {'c': 50.0, 'theta': 0.9, 'cal': 0.99, 'old': 512} {'reach32': 0.3125, 'first_sample': 0.28125, 'greedy_right': 0.27734375} {'reach4': 0.421875, 'reach32': 0.44921875, 'luck': 0.4130859375}
06:32:26 W ft {'lr': 0.0003, 'visits': 16} {'reach32': 0.078125, 'first_sample': 0.0078125, 'greedy_right': 0.0078125} {'reach4': 0.421875, 'reach32': 0.52734375, 'luck': 0.2840576171875}
06:32:26 CONFIRM PARENT DONE /mnt/project-files/fast-sleep/confirm/s204
STAGE s204 old exit 0
