[tape 4303] step 0 loss 42.1942 0.239s/upd
[tape 4303] step 200 loss 3.8719 0.122s/upd
[tape 4303] step 400 loss 0.1652 0.124s/upd
[tape 4303] step 600 loss 0.1304 0.128s/upd
[tape 4303] step 800 loss 0.0142 0.129s/upd
[tape 4303] step 1000 loss 0.0624 0.130s/upd
[tape 4303] step 1200 loss 0.1312 0.130s/upd
[tape 4303] step 1400 loss 0.0022 0.130s/upd
[tape 4303] step 1600 loss 0.0135 0.130s/upd
[tape 4303] step 1800 loss 0.0004 0.131s/upd
[tape 4303] step 2000 loss 0.0077 0.130s/upd
[tape 4303] step 2200 loss 0.0006 0.130s/upd
[tape 4303] step 2400 loss 0.0019 0.130s/upd
[tape 4303] step 2600 loss 0.0051 0.130s/upd
[tape 4303] step 2800 loss 0.0012 0.130s/upd
[tape 4303] step 3000 loss 0.0015 0.129s/upd
[tape 4303] step 3200 loss 0.0002 0.129s/upd
[tape 4303] step 3400 loss 0.0001 0.129s/upd
[tape 4303] step 3600 loss 0.0001 0.129s/upd
[tape 4303] step 3800 loss 0.0002 0.129s/upd
[tape 4303] step 4000 loss 0.0001 0.128s/upd
[tape 4303] step 4200 loss 0.0001 0.128s/upd
[tape 4303] step 4400 loss 0.0001 0.128s/upd
[tape 4303] step 4600 loss 0.0001 0.128s/upd
[tape 4303] step 4800 loss 0.0001 0.128s/upd
[tape 4303] step 5000 loss 0.0000 0.128s/upd
[tape 4303] step 5200 loss 0.0000 0.128s/upd
[tape 4303] step 5400 loss 0.0001 0.128s/upd
[tape 4303] step 5600 loss 0.0000 0.128s/upd
[tape 4303] step 5800 loss 0.0001 0.128s/upd
[tape 4303] step 6000 loss 0.0001 0.128s/upd
[tape 4303] step 6200 loss 0.0001 0.128s/upd
[tape 4303] step 6400 loss 0.0000 0.128s/upd
[tape 4303] step 6600 loss 0.0000 0.128s/upd
[tape 4303] step 6800 loss 0.0001 0.128s/upd
[tape 4303] step 7000 loss 0.0000 0.128s/upd
[tape 4303] step 7200 loss 0.0000 0.129s/upd
[tape 4303] step 7400 loss 0.0000 0.129s/upd
[tape 4303] step 7600 loss 0.0000 0.129s/upd
[tape 4303] step 7800 loss 0.0000 0.129s/upd
[tape 4303] step 7999 loss 0.0001 0.130s/upd
{
 "arm": "tape",
 "seed": 4303,
 "updates": 8000,
 "batch": 128,
 "params": 241941,
 "pool": 60000,
 "sec_per_update": 0.12948690697550774,
 "train_sec": 1035.895255804062,
 "data_sec": 7.864376068115234,
 "dev_act_acc": 0.97875,
 "temps": [
  4.481685638427734,
  4.481685638427734,
  4.0169572830200195,
  1.05596125125885,
  4.481685638427734,
  0.2454172819852829
 ],
 "lexicon_sha": "552899c55ae3a0f00f6a5c8423e6101e9b73ad0cd6bcccd38b3471ca119029db",
 "split_sha": "41d7e588dd0b2f3c3fb0ebb78855d5685baa990cadb29f57307f8c5c850e7869"
}
