19:21:14 wave D start
19:27:47 D 1301 exit 0
19:27:47 D 1302 exit 0
19:27:47 D 1300 exit 0
19:27:47 wave B start
19:33:29 B 1301 exit 0
19:33:30 B 1300 exit 0
19:33:30 B 1302 exit 0
19:33:30 wave C start
19:37:15 C 1302 exit 0
19:37:15 C 1301 exit 0
19:37:15 C 1300 exit 0
19:37:15 wave A start
19:40:21 A 1300 exit 0
19:40:21 A 1302 exit 0
19:40:22 A 1301 exit 0
19:40:29 transfer 1300 exit 0
19:40:37 transfer 1301 exit 0
19:40:45 transfer 1302 exit 0
19:40:45 FACTORIAL_DONE
19:42:31 longrun round 1 start
19:42:32 longrun 1302 round 1 exit 0
19:42:32 longrun 1300 round 1 exit 0
19:42:32 longrun 1301 round 1 exit 0
19:42:32 longrun round 2 start
19:42:33 longrun 1301 round 2 exit 0
19:42:33 longrun 1300 round 2 exit 0
19:42:33 longrun 1302 round 2 exit 0
19:42:33 longrun round 3 start
19:42:34 longrun 1302 round 3 exit 0
19:42:34 longrun 1300 round 3 exit 0
19:42:34 longrun 1301 round 3 exit 0
19:42:34 longrun round 4 start
19:42:35 longrun 1301 round 4 exit 0
19:42:35 longrun 1300 round 4 exit 0
19:42:35 longrun 1302 round 4 exit 0
19:42:35 longrun round 5 start
19:42:36 longrun 1300 round 5 exit 0
19:42:36 longrun 1301 round 5 exit 0
19:42:36 longrun 1302 round 5 exit 0
19:42:37 LONGRUN_DONE
19:43:07 longrun round 1 start
20:01:29 longrun 1301 round 1 exit 0
20:01:29 longrun 1300 round 1 exit 0
20:01:29 longrun 1302 round 1 exit 0
20:01:29 longrun round 2 start
20:19:51 longrun 1302 round 2 exit 0
20:19:52 longrun 1301 round 2 exit 0
20:19:52 longrun 1300 round 2 exit 0
20:19:52 longrun round 3 start
20:24:56 longrun 1301 round 3 exit 0
20:24:56 longrun 1300 round 3 exit 0
20:25:05 longrun 1302 round 3 exit 0
20:25:06 LONGRUN_DONE
