22:46:32 T 0.5 {'verdict': 'stop: cold start and sameness', 'reach32': 0.03125, 'floor_reach32': 0.04824614113521625, 'reach4': 0.0078125, 'luck': 0.0057373046875, 'distinct_rules': 3.9453125}
22:47:22 T 0.7 {'verdict': 'stop: cold start (stepping stones first)', 'reach32': 0.0390625, 'floor_reach32': 0.04824614113521625, 'reach4': 0.0078125, 'luck': 0.0057373046875, 'distinct_rules': 5.21875}
22:48:11 T 1.0 {'verdict': 'stop: cold start (stepping stones first)', 'reach32': 0.08203125, 'floor_reach32': 0.04824614113521625, 'reach4': 0.01171875, 'luck': 0.0064697265625, 'distinct_rules': 8.02734375}
22:49:00 T 1.4 {'verdict': 'stop: cold start (stepping stones first)', 'reach32': 0.14453125, 'floor_reach32': 0.04824614113521625, 'reach4': 0.015625, 'luck': 0.0072021484375, 'distinct_rules': 11.421875}
22:49:48 T 2.0 {'verdict': 'pass', 'reach32': 0.203125, 'floor_reach32': 0.04824614113521625, 'reach4': 0.03125, 'luck': 0.0087890625, 'distinct_rules': 15.0}
22:50:35 T 3.0 {'verdict': 'pass', 'reach32': 0.234375, 'floor_reach32': 0.04824614113521625, 'reach4': 0.0390625, 'luck': 0.0137939453125, 'distinct_rules': 16.6796875}
22:51:20 T 4.0 {'verdict': 'pass', 'reach32': 0.234375, 'floor_reach32': 0.04824614113521625, 'reach4': 0.0390625, 'luck': 0.010986328125, 'distinct_rules': 14.6015625}
22:52:02 T 6.0 {'verdict': 'stop: cold start (stepping stones first)', 'reach32': 0.125, 'floor_reach32': 0.04824614113521625, 'reach4': 0.015625, 'luck': 0.0048828125, 'distinct_rules': 9.19921875}
22:52:04 N' {'practised_ge_50': True, 'cold_start': True, 'skills_ok': True, 'passes': True} {'reach32': 0.6171875, 'first_sample': 0.26953125}
23:04:26 dose {'lr': 0.0003, 'visits': 4, 'updates': 76, 'records': 614, 'visits_per_record': 3.960912052117264, 'last_loss': 4.440879225730896, 'multi_first_try': 0.05194805194805195, 'pooled_first_try': 0.03125, 'reach4': 0.0234375, 'practised_reach32': 0.3828125, 'skills_harm_points': 1.3000000000000012, 'eligible': False}
23:10:40 dose {'lr': 0.0003, 'visits': 8, 'updates': 153, 'records': 614, 'visits_per_record': 7.973941368078176, 'last_loss': 3.3560121297836303, 'multi_first_try': 0.1038961038961039, 'pooled_first_try': 0.0625, 'reach4': 0.01953125, 'practised_reach32': 0.49609375, 'skills_harm_points': 0.30000000000000027, 'eligible': False}
23:19:51 dose {'lr': 0.0003, 'visits': 16, 'updates': 307, 'records': 614, 'visits_per_record': 16.0, 'last_loss': 1.5893215656280517, 'multi_first_try': 0.17532467532467533, 'pooled_first_try': 0.10546875, 'reach4': 0.04296875, 'practised_reach32': 0.61328125, 'skills_harm_points': 0.40000000000000036, 'eligible': True}
23:34:57 dose {'lr': 0.0003, 'visits': 32, 'updates': 614, 'records': 614, 'visits_per_record': 32.0, 'last_loss': 0.40817921459674833, 'multi_first_try': 0.18181818181818182, 'pooled_first_try': 0.109375, 'reach4': 0.11328125, 'practised_reach32': 0.69140625, 'skills_harm_points': 0.30000000000000027, 'eligible': True}
23:39:30 dose {'lr': 0.001, 'visits': 4, 'updates': 76, 'records': 614, 'visits_per_record': 3.960912052117264, 'last_loss': 4.395081329345703, 'multi_first_try': 0.05844155844155844, 'pooled_first_try': 0.05078125, 'reach4': 0.0078125, 'practised_reach32': 0.30078125, 'skills_harm_points': 2.100000000000002, 'eligible': False}
23:45:38 dose {'lr': 0.001, 'visits': 8, 'updates': 153, 'records': 614, 'visits_per_record': 7.973941368078176, 'last_loss': 2.973289632797241, 'multi_first_try': 0.12987012987012986, 'pooled_first_try': 0.078125, 'reach4': 0.01953125, 'practised_reach32': 0.515625, 'skills_harm_points': 4.300000000000004, 'eligible': False}
23:54:36 dose {'lr': 0.001, 'visits': 16, 'updates': 307, 'records': 614, 'visits_per_record': 16.0, 'last_loss': 0.9551326274871826, 'multi_first_try': 0.21428571428571427, 'pooled_first_try': 0.12890625, 'reach4': 0.09375, 'practised_reach32': 0.6640625, 'skills_harm_points': 2.199999999999991, 'eligible': False}
00:09:46 dose {'lr': 0.001, 'visits': 32, 'updates': 614, 'records': 614, 'visits_per_record': 32.0, 'last_loss': 0.10993876121938229, 'multi_first_try': 0.2727272727272727, 'pooled_first_try': 0.1640625, 'reach4': 0.14453125, 'practised_reach32': 0.8203125, 'skills_harm_points': 0.9000000000000008, 'eligible': True}
00:24:46 feasibility {'pcp_minus_np_multi_first_try_points': 26.623376623376622, 'ci': [19.480519480519483, 33.76623376623377], 'threshold': 10.0, 'passes': True, 'n_multi_dev': 154}
00:34:18 W' night 1 {'multi_first_try': 0.006493506493506494, 'right': 0.31640625, 'practised': {'reach32': 0.75, 'first_sample': 0.40625}}
00:55:00 DONE {'multi_W2_minus_Nprime': {'points': 0.6493506493506493, 'lo': -1.2987012987012987, 'hi': 3.2467532467532463}, 'multi_W1_minus_Nprime': {'points': 0.0, 'lo': -1.948051948051948, 'hi': 1.948051948051948}, 'by_kind_W2_minus_Nprime_points': {'affine': -1.9230769230769231, 'square': 94.11764705882352, 'sq_plus': 3.9215686274509802, 'last_digit': 68.62745098039215, 'double_add': 0.0}, 'pooled_W2_minus_Nprime_points': 32.8125, 'parts_kept_after_night2': True, 'marks': {'pass_if': 'multi-step first try W(night 2) - N >= +10 with the paired 95% interval above 0, both parents', 'wrong_if': 'parts kept and the interval upper end < +3, both parents'}} between the marks (comes back to the roadmap thread)
