22:46:32 T 0.5 {'verdict': 'stop: cold start (stepping stones first)', 'reach32': 0.05078125, 'floor_reach32': 0.04824614113521625, 'reach4': 0.02734375, 'luck': 0.0115966796875, 'distinct_rules': 4.21484375}
22:47:21 T 0.7 {'verdict': 'stop: cold start (stepping stones first)', 'reach32': 0.09765625, 'floor_reach32': 0.04824614113521625, 'reach4': 0.02734375, 'luck': 0.0135498046875, 'distinct_rules': 6.01171875}
22:48:11 T 1.0 {'verdict': 'stop: cold start (stepping stones first)', 'reach32': 0.1328125, 'floor_reach32': 0.04824614113521625, 'reach4': 0.03125, 'luck': 0.0130615234375, 'distinct_rules': 8.6875}
22:49:00 T 1.4 {'verdict': 'pass', 'reach32': 0.16015625, 'floor_reach32': 0.04824614113521625, 'reach4': 0.03515625, 'luck': 0.012451171875, 'distinct_rules': 12.328125}
22:49:48 T 2.0 {'verdict': 'pass', 'reach32': 0.265625, 'floor_reach32': 0.04824614113521625, 'reach4': 0.05859375, 'luck': 0.0164794921875, 'distinct_rules': 16.0}
22:50:35 T 3.0 {'verdict': 'pass', 'reach32': 0.28125, 'floor_reach32': 0.04824614113521625, 'reach4': 0.0703125, 'luck': 0.017578125, 'distinct_rules': 16.93359375}
22:51:19 T 4.0 {'verdict': 'pass', 'reach32': 0.25390625, 'floor_reach32': 0.04824614113521625, 'reach4': 0.046875, 'luck': 0.013427734375, 'distinct_rules': 14.296875}
22:52:02 T 6.0 {'verdict': 'stop: cold start (stepping stones first)', 'reach32': 0.109375, 'floor_reach32': 0.04824614113521625, 'reach4': 0.015625, 'luck': 0.00390625, 'distinct_rules': 9.12109375}
22:52:03 N' {'practised_ge_50': True, 'cold_start': True, 'skills_ok': True, 'passes': True} {'reach32': 0.61328125, 'first_sample': 0.203125}
23:04:25 dose {'lr': 0.0003, 'visits': 4, 'updates': 76, 'records': 614, 'visits_per_record': 3.960912052117264, 'last_loss': 3.8112090110778807, 'multi_first_try': 0.05844155844155844, 'pooled_first_try': 0.0546875, 'reach4': 0.015625, 'practised_reach32': 0.52734375, 'skills_harm_points': 0.20000000000001128, 'eligible': True}
23:10:40 dose {'lr': 0.0003, 'visits': 8, 'updates': 153, 'records': 614, 'visits_per_record': 7.973941368078176, 'last_loss': 2.562564992904663, 'multi_first_try': 0.11038961038961038, 'pooled_first_try': 0.06640625, 'reach4': 0.015625, 'practised_reach32': 0.63671875, 'skills_harm_points': 0.9000000000000119, 'eligible': True}
23:19:51 dose {'lr': 0.0003, 'visits': 16, 'updates': 307, 'records': 614, 'visits_per_record': 16.0, 'last_loss': 1.070191204547882, 'multi_first_try': 0.14285714285714285, 'pooled_first_try': 0.08984375, 'reach4': 0.046875, 'practised_reach32': 0.6796875, 'skills_harm_points': 0.7000000000000117, 'eligible': True}
23:34:59 dose {'lr': 0.0003, 'visits': 32, 'updates': 614, 'records': 614, 'visits_per_record': 32.0, 'last_loss': 0.09710370469838381, 'multi_first_try': 0.22077922077922077, 'pooled_first_try': 0.1328125, 'reach4': 0.140625, 'practised_reach32': 0.7578125, 'skills_harm_points': 0.6000000000000116, 'eligible': True}
23:39:32 dose {'lr': 0.001, 'visits': 4, 'updates': 76, 'records': 614, 'visits_per_record': 3.960912052117264, 'last_loss': 3.5291418552398683, 'multi_first_try': 0.14285714285714285, 'pooled_first_try': 0.10546875, 'reach4': 0.01171875, 'practised_reach32': 0.45703125, 'skills_harm_points': 3.300000000000014, 'eligible': False}
23:45:40 dose {'lr': 0.001, 'visits': 8, 'updates': 153, 'records': 614, 'visits_per_record': 7.973941368078176, 'last_loss': 2.0686556935310363, 'multi_first_try': 0.15584415584415584, 'pooled_first_try': 0.09765625, 'reach4': 0.02734375, 'practised_reach32': 0.6328125, 'skills_harm_points': 1.6000000000000125, 'eligible': True}
23:54:38 dose {'lr': 0.001, 'visits': 16, 'updates': 307, 'records': 614, 'visits_per_record': 16.0, 'last_loss': 0.5065981894731522, 'multi_first_try': 0.2727272727272727, 'pooled_first_try': 0.1640625, 'reach4': 0.14453125, 'practised_reach32': 0.7421875, 'skills_harm_points': 2.100000000000013, 'eligible': False}
00:09:48 dose {'lr': 0.001, 'visits': 32, 'updates': 614, 'records': 614, 'visits_per_record': 32.0, 'last_loss': -0.07036276124417781, 'multi_first_try': 0.35064935064935066, 'pooled_first_try': 0.21484375, 'reach4': 0.26171875, 'practised_reach32': 0.859375, 'skills_harm_points': 1.8000000000000127, 'eligible': True}
00:24:48 feasibility {'pcp_minus_np_multi_first_try_points': 34.41558441558441, 'ci': [27.27272727272727, 42.2077922077922], 'threshold': 10.0, 'passes': True, 'n_multi_dev': 154}
00:34:15 W' night 1 {'multi_first_try': 0.01948051948051948, 'right': 0.38671875, 'practised': {'reach32': 0.84765625, 'first_sample': 0.515625}}
00:55:03 DONE {'multi_W2_minus_Nprime': {'points': 3.2467532467532467, 'lo': 0.0, 'hi': 6.493506493506493}, 'multi_W1_minus_Nprime': {'points': 1.2987012987012987, 'lo': 0.0, 'hi': 3.2467532467532463}, 'by_kind_W2_minus_Nprime_points': {'affine': -1.9230769230769231, 'square': 94.11764705882352, 'sq_plus': 1.9607843137254901, 'last_digit': 94.11764705882352, 'double_add': 9.803921568627452}, 'pooled_W2_minus_Nprime_points': 39.453125, 'parts_kept_after_night2': True, 'marks': {'pass_if': 'multi-step first try W(night 2) - N >= +10 with the paired 95% interval above 0, both parents', 'wrong_if': 'parts kept and the interval upper end < +3, both parents'}} between the marks (comes back to the roadmap thread)
