[4701] step200 tokens/s=16316 sec/step=0.055 projected_total=8.1min
[4701] step 200/8808 loss 5.4637 0.055s/step
[4701] step 400/8808 loss 5.3127 0.054s/step
[4701] step 600/8808 loss 5.8707 0.054s/step
[4701] step 800/8808 loss 6.1269 0.054s/step
[4701] step 1000/8808 loss 5.2071 0.054s/step
[4701] step 1200/8808 loss 6.1615 0.054s/step
[4701] step 1400/8808 loss 3.3777 0.054s/step
[4701] step 1600/8808 loss 3.7082 0.054s/step
[4701] step 1800/8808 loss 3.7857 0.056s/step
[4701] step 2000/8808 loss 3.7530 0.062s/step
[4701] step 2200/8808 loss 4.5372 0.066s/step
[4701] step 2400/8808 loss 3.3453 0.070s/step
[4701] step 2600/8808 loss 5.7205 0.073s/step
[4701] step 2800/8808 loss 3.5957 0.076s/step
[4701] step 3000/8808 loss 4.7664 0.079s/step
[4701] step 3200/8808 loss 3.0098 0.081s/step
[4701] step 3400/8808 loss 3.9441 0.082s/step
[4701] step 3600/8808 loss 2.9946 0.084s/step
[4701] step 3800/8808 loss 2.9608 0.086s/step
[4701] step 4000/8808 loss 4.5379 0.087s/step
[4701] step 4200/8808 loss 2.9325 0.088s/step
[4701] step 4400/8808 loss 2.8517 0.089s/step
[4701] step 4600/8808 loss 2.6242 0.090s/step
[4701] step 4800/8808 loss 5.4220 0.091s/step
[4701] step 5000/8808 loss 4.2873 0.092s/step
[4701] step 5200/8808 loss 2.8548 0.093s/step
[4701] step 5400/8808 loss 3.0400 0.093s/step
[4701] step 5600/8808 loss 2.9970 0.094s/step
[4701] step 5800/8808 loss 3.0118 0.095s/step
[4701] step 6000/8808 loss 3.9280 0.095s/step
[4701] step 6200/8808 loss 3.0336 0.096s/step
[4701] step 6400/8808 loss 4.6404 0.096s/step
[4701] step 6600/8808 loss 2.7890 0.097s/step
[4701] step 6800/8808 loss 4.1302 0.097s/step
[4701] step 7000/8808 loss 1.8794 0.098s/step
[4701] step 7200/8808 loss 2.5937 0.098s/step
[4701] step 7400/8808 loss 2.5974 0.098s/step
[4701] step 7600/8808 loss 1.3749 0.099s/step
[4701] step 7800/8808 loss 3.6409 0.099s/step
[4701] step 8000/8808 loss 4.6478 0.099s/step
[4701] step 8200/8808 loss 3.7423 0.100s/step
[4701] step 8400/8808 loss 1.8791 0.100s/step
[4701] step 8600/8808 loss 3.9327 0.100s/step
[4701] step 8800/8808 loss 3.0797 0.101s/step
[4701] step 8808/8808 loss 5.1467 0.101s/step
{
 "seed": 4701,
 "epochs": 2,
 "batch": 32,
 "lr": 3e-05,
 "steps": 8808,
 "params": 109664018,
 "params_trainable": 109664018,
 "pool": 140903,
 "device": "cuda",
 "sec_per_step": 0.10051239029479828,
 "train_sec": 885.3131337165833,
 "data_sec": 4.300239324569702,
 "dev_act_acc": 0.8857421875,
 "tokens_per_sec_200": 16316.399672072668,
 "projected_min": 14.755218895276387,
 "temps": [
  2.221815347671509,
  1.1716738939285278,
  1.8243926763534546,
  1.6904035806655884,
  0.2302214652299881,
  1.0
 ],
 "freeze_layers": 0
}
