04:33:08 warm {'updates': 256, 'records': 2048, 'visits': 4, 'last_loss': 1.569181203842163} 508
04:41:25 N built {'updates': 256, 'records': 2048, 'last_loss': 0.5769960880279541} 1005
04:42:52 T 0.5 {'verdict': 'stop: cold start and sameness', 'reach32': 0.05859375, 'floor_reach32': 0.04824614113521625, 'reach4': 0.04296875, 'luck': 0.0166015625, 'distinct_rules': 3.6484375}
04:44:22 T 0.7 {'verdict': 'stop: cold start (stepping stones first)', 'reach32': 0.0859375, 'floor_reach32': 0.04824614113521625, 'reach4': 0.04296875, 'luck': 0.0137939453125, 'distinct_rules': 4.97265625}
04:45:50 T 1.0 {'verdict': 'stop: cold start (stepping stones first)', 'reach32': 0.09765625, 'floor_reach32': 0.04824614113521625, 'reach4': 0.0390625, 'luck': 0.0118408203125, 'distinct_rules': 6.91796875}
04:47:20 T 1.4 {'verdict': 'pass', 'reach32': 0.1484375, 'floor_reach32': 0.04824614113521625, 'reach4': 0.0390625, 'luck': 0.0120849609375, 'distinct_rules': 9.43359375}
04:48:49 T 2.0 {'verdict': 'pass', 'reach32': 0.22265625, 'floor_reach32': 0.04824614113521625, 'reach4': 0.0546875, 'luck': 0.0145263671875, 'distinct_rules': 12.078125}
04:50:15 T 3.0 {'verdict': 'pass', 'reach32': 0.27734375, 'floor_reach32': 0.04824614113521625, 'reach4': 0.06640625, 'luck': 0.017578125, 'distinct_rules': 14.08984375}
04:51:34 T 4.0 {'verdict': 'pass', 'reach32': 0.26171875, 'floor_reach32': 0.04824614113521625, 'reach4': 0.0625, 'luck': 0.0157470703125, 'distinct_rules': 13.21484375}
04:52:50 T 6.0 {'verdict': 'pass', 'reach32': 0.1640625, 'floor_reach32': 0.04824614113521625, 'reach4': 0.0234375, 'luck': 0.0069580078125, 'distinct_rules': 8.9609375}
04:52:52 pool T 3.0
04:58:41 setup done {'diag': {'n_W': 358, 'n_R': 358, 'short': {}, 'hindsight_fits': 1.0}, 'n_W': 358, 'n_PC': 358, 'questions_with_W': 289} 2041
04:58:56 N {'dev': {'right': 0.03125, 'fits': 0.03515625, 'by_kind': {'affine': 0.0, 'square': 0.0, 'sq_plus': 0.0, 'last_digit': 0.0, 'double_add': 0.1569}}, 'skills5': 0.983, 'n_W': 358, 'n_PC': 358, 'T': 3.0}
05:06:52 PC ft {'lr': 0.0003, 'visits': 16} {'sleep_tflops': 33.417755779072, 'seconds': 464.0, 'gain_points': 39.453125, 'skills_harm_points': -0.6000000000000116} {'affine': 0.0, 'square': 0.9804, 'sq_plus': 0.0588, 'last_digit': 1.0, 'double_add': 0.098}
05:15:06 PC ft {'lr': 0.001, 'visits': 16} {'sleep_tflops': 33.417755779072, 'seconds': 481.1, 'gain_points': 40.625, 'skills_harm_points': -0.10000000000001119} {'affine': 0.0192, 'square': 0.9804, 'sq_plus': 0.098, 'last_digit': 1.0, 'double_add': 0.098}
05:15:06 B {'method': 'ft', 'kw': {'lr': 0.001, 'visits': 16}, 'within_harm': True, 'tie_reach4': {}}
STAGE s203 base exit 0
05:16:02 W knn {'c': 50.0, 'theta': 0.9, 'cal': 0.99, 'old': 512} {'sleep_tflops': 1.04692276992, 'seconds': 35.0, 'gain_points': 28.90625, 'skills_harm_points': 0.30000000000000027} {'affine': 0.0, 'square': 0.8039, 'sq_plus': 0.0, 'last_digit': 0.7843, 'double_add': 0.0196}
05:24:04 W ft {'lr': 0.001, 'visits': 16} {'sleep_tflops': 33.417755779072, 'seconds': 469.2, 'gain_points': 36.328125, 'skills_harm_points': 0.30000000000000027} {'affine': 0.0192, 'square': 0.9608, 'sq_plus': 0.098, 'last_digit': 0.8235, 'double_add': 0.0784}
STAGE s203 W exit 0
05:24:59 R knn {'c': 50.0, 'theta': 0.9, 'cal': 0.99, 'old': 512} {'sleep_tflops': 1.04692276992, 'seconds': 34.6, 'gain_points': -3.125, 'skills_harm_points': 0.30000000000000027} {'affine': 0.0, 'square': 0.0, 'sq_plus': 0.0, 'last_digit': 0.0, 'double_add': 0.0}
STAGE s203 R exit 0
05:28:31 N {'practised': {'reach32': 0.08984375, 'first_sample': 0.0, 'greedy_right': 0.00390625}, 'dev_search': {'reach4': 0.06640625, 'reach32': 0.27734375, 'luck': 0.017578125}}
05:31:57 W knn {'c': 50.0, 'theta': 0.9, 'cal': 0.99, 'old': 512} {'reach32': 0.27734375, 'first_sample': 0.25, 'greedy_right': 0.24609375} {'reach4': 0.359375, 'reach32': 0.40625, 'luck': 0.303955078125}
05:40:30 W ft {'lr': 0.001, 'visits': 16} {'reach32': 0.0390625, 'first_sample': 0.00390625, 'greedy_right': 0.0078125} {'reach4': 0.29296875, 'reach32': 0.45703125, 'luck': 0.1346435546875}
05:40:30 CONFIRM PARENT DONE /mnt/project-files/fast-sleep/confirm/s203
STAGE s203 old exit 0
