fable_edit92_s1_3hop (english): items=200
    mquake-s1-3hop: {'n': 200, 'correct': 195, 'wrong': 1, 'miss': 4, 'abstain_ok': 0, 'contract_disagree': 0}
    unparsed_teach_total=0
    FAIL: {"id": "bench92-s1-3hop-034", "type": "mquake-s1-3hop", "expected": "answer", "status": "OK", "contract_status": "OK", "teach_notes": [], "ms": 0.034, "answer": "True Detective", "verdict": "WRONG", "ears": "template92", "n_unparsed_teach": 0, "frame": {"name": "Nic Pizzolatto", "relations": ["notab
    FAIL: {"id": "bench92-s1-3hop-046", "type": "mquake-s1-3hop", "expected": "answer", "status": "MISSING_FACT", "contract_status": "MISSING_FACT", "teach_notes": [], "ms": 0.0, "verdict": "MISS", "ears": "template92", "n_unparsed_teach": 0, "frame": null}
    FAIL: {"id": "bench92-s1-3hop-048", "type": "mquake-s1-3hop", "expected": "answer", "status": "MISSING_FACT", "contract_status": "MISSING_FACT", "teach_notes": [], "ms": 0.0, "verdict": "MISS", "ears": "template92", "n_unparsed_teach": 0, "frame": null}
    FAIL: {"id": "bench92-s1-3hop-105", "type": "mquake-s1-3hop", "expected": "answer", "status": "MISSING_FACT", "contract_status": "MISSING_FACT", "teach_notes": [], "ms": 0.0, "verdict": "MISS", "ears": "template92", "n_unparsed_teach": 0, "frame": null}
    FAIL: {"id": "bench92-s1-3hop-133", "type": "mquake-s1-3hop", "expected": "answer", "status": "MISSING_FACT", "contract_status": "MISSING_FACT", "teach_notes": [], "ms": 0.0, "verdict": "MISS", "ears": "template92", "n_unparsed_teach": 0, "frame": null}
fable_edit92_s2_4hop (english): items=200
    mquake-s2-4hop: {'n': 200, 'correct': 142, 'wrong': 32, 'miss': 26, 'abstain_ok': 0, 'contract_disagree': 0}
    unparsed_teach_total=0
    FAIL: {"id": "bench92-s2-4hop-003", "type": "mquake-s2-4hop", "expected": "answer", "status": "MISSING_FACT", "contract_status": "MISSING_FACT", "teach_notes": [], "ms": 0.0, "verdict": "MISS", "ears": "template92", "n_unparsed_teach": 0, "frame": null}
    FAIL: {"id": "bench92-s2-4hop-006", "type": "mquake-s2-4hop", "expected": "answer", "status": "OK", "contract_status": "OK", "teach_notes": [], "ms": 0.043, "answer": "The Beatles", "verdict": "WRONG", "ears": "template92", "n_unparsed_teach": 0, "frame": {"name": "With the Beatles", "relations": ["perfor
    FAIL: {"id": "bench92-s2-4hop-008", "type": "mquake-s2-4hop", "expected": "answer", "status": "OK", "contract_status": "OK", "teach_notes": [], "ms": 0.041, "answer": "The Beatles", "verdict": "WRONG", "ears": "template92", "n_unparsed_teach": 0, "frame": {"name": "Revolution 9", "relations": ["performer"
    FAIL: {"id": "bench92-s2-4hop-010", "type": "mquake-s2-4hop", "expected": "answer", "status": "OK", "contract_status": "OK", "teach_notes": [], "ms": 0.044, "answer": "The Beatles", "verdict": "WRONG", "ears": "template92", "n_unparsed_teach": 0, "frame": {"name": "Get Back", "relations": ["performer"]}}
    FAIL: {"id": "bench92-s2-4hop-011", "type": "mquake-s2-4hop", "expected": "answer", "status": "OK", "contract_status": "OK", "teach_notes": [], "ms": 0.038, "answer": "The Beatles", "verdict": "WRONG", "ears": "template92", "n_unparsed_teach": 0, "frame": {"name": "Nowhere Man", "relations": ["performer"]
fable_edit92_s3_multiedit (english): items=200
    mquake-s3-multiedit: {'n': 200, 'correct': 181, 'wrong': 8, 'miss': 11, 'abstain_ok': 0, 'contract_disagree': 0}
    unparsed_teach_total=0
    FAIL: {"id": "bench92-s3-multiedit-004", "type": "mquake-s3-multiedit", "expected": "answer", "status": "MISSING_FACT", "contract_status": "MISSING_FACT", "teach_notes": [], "ms": 0.0, "verdict": "MISS", "ears": "template92", "n_unparsed_teach": 0, "frame": null}
    FAIL: {"id": "bench92-s3-multiedit-021", "type": "mquake-s3-multiedit", "expected": "answer", "status": "MISSING_FACT", "contract_status": "MISSING_FACT", "teach_notes": [], "ms": 0.0, "verdict": "MISS", "ears": "template92", "n_unparsed_teach": 0, "frame": null}
    FAIL: {"id": "bench92-s3-multiedit-060", "type": "mquake-s3-multiedit", "expected": "answer", "status": "MISSING_FACT", "contract_status": "MISSING_FACT", "teach_notes": [], "ms": 0.0, "verdict": "MISS", "ears": "template92", "n_unparsed_teach": 0, "frame": null}
    FAIL: {"id": "bench92-s3-multiedit-133", "type": "mquake-s3-multiedit", "expected": "answer", "status": "MISSING_FACT", "contract_status": "MISSING_FACT", "teach_notes": [], "ms": 0.0, "verdict": "MISS", "ears": "template92", "n_unparsed_teach": 0, "frame": null}
    FAIL: {"id": "bench92-s3-multiedit-150", "type": "mquake-s3-multiedit", "expected": "answer", "status": "OK", "contract_status": "OK", "teach_notes": [], "ms": 0.053, "answer": "Valve Corporation", "verdict": "WRONG", "ears": "template92", "n_unparsed_teach": 0, "frame": {"name": "Dota 2", "relations": ["
