{
  "verdict": "PASS",
  "reason": "3/3 F seeds",
  "control_seeds_passed": 3,
  "F_seeds_passed": 3,
  "L_seeds_passed": 0,
  "missing": [],
  "invalid_runs": [],
  "buffer_violations": [],
  "signature_summary": {
    "never_started": [],
    "name_blind": [],
    "copy_side_failure": [],
    "reserved_gap": [],
    "scale_collapsed": [],
    "unnamed": []
  },
  "paired_warnings": {},
  "integrity_problems": []
}
{
  "verdict": "PASS",
  "reason": "3/3 F seeds",
  "control_seeds_passed": 3,
  "F_seeds_passed": 3,
  "L_seeds_passed": 1,
  "missing": [],
  "invalid_runs": [],
  "buffer_violations": [],
  "signature_summary": {
    "never_started": [],
    "name_blind": [],
    "copy_side_failure": [],
    "reserved_gap": [],
    "scale_collapsed": [],
    "unnamed": [
      "L-2107",
      "L-2108",
      "F6-2107",
      "F6-2108"
    ]
  },
  "paired_warnings": {
    "L-2107": [
      "p12-3"
    ],
    "L-2108": [
      "p12-3"
    ],
    "F6-2107": [
      "s3"
    ],
    "F6-2108": [
      "s3"
    ]
  },
  "integrity_problems": []
}
