[119e] score47e Tue 09/22/2026  8:54:48.06 
{
 "gate47": false,
 "W1": {
  "executed": 0,
  "silent": 0,
  "pass": false
 },
 "SEEN_exec_bar": 589,
 "taus": {
  "tau0_ens": 0.7032495565971965,
  "tau_exec_ens": 0.8516247782985982,
  "seeds": {
   "11911": {
    "tau0": 0.7384023974671267,
    "tau_exec_single": 0.8692011987335633
   },
   "11912": {
    "tau0": 0.9094882011413575,
    "tau_exec_single": 0.9547441005706787
   },
   "11913": {
    "tau0": 0.8070841431617738,
    "tau_exec_single": 0.9035420715808868
   }
  }
 },
 "cal_remapped_golds": 346
}
seed 11911: W3=23/27 W2=0c/0w/0t rate=None
seed 11912: W3=19/33 W2=0c/0w/0t rate=None
seed 11913: W3=18/30 W2=0c/0w/0t rate=None
[119e] WAVE DONE Tue 09/22/2026  8:56:43.45 
