[119b] pool build Tue 09/22/2026  7:45:51.73 
pool119b kept=141398 dropped=119 synth=60000 webred=81398 -> C:\Users\benja\ears119b\pool119b.jsonl
[119b] seed 11911 Tue 09/22/2026  7:47:08.72 
[11911] pool rows=141398
[11911] cal encodable=5000
[11911] step200 tokens/s=22398 sec/step=0.071 projected_total=10.4min
[11911] step 200/8838 loss 4.8762 0.071s/step
[11911] step 400/8838 loss 5.3002 0.070s/step
[11911] step 600/8838 loss 3.9017 0.069s/step
[11911] step 800/8838 loss 3.5096 0.069s/step
[11911] step 1000/8838 loss 3.8582 0.069s/step
[11911] step 1200/8838 loss 4.7161 0.069s/step
[11911] step 1400/8838 loss 6.2672 0.069s/step
[11911] step 1600/8838 loss 3.4432 0.069s/step
[11911] step 1800/8838 loss 2.0353 0.069s/step
[11911] step 2000/8838 loss 5.2175 0.069s/step
[11911] step 2200/8838 loss 4.5031 0.069s/step
[11911] step 2400/8838 loss 3.8757 0.069s/step
[11911] step 2600/8838 loss 5.8358 0.068s/step
[11911] step 2800/8838 loss 3.6629 0.068s/step
[11911] step 3000/8838 loss 5.9734 0.069s/step
[11911] step 3200/8838 loss 5.2186 0.069s/step
[11911] step 3400/8838 loss 3.8591 0.069s/step
[11911] step 3600/8838 loss 4.5984 0.069s/step
[11911] step 3800/8838 loss 3.9138 0.069s/step
[11911] step 4000/8838 loss 4.0138 0.069s/step
[11911] step 4200/8838 loss 3.8584 0.069s/step
[11911] step 4400/8838 loss 4.4638 0.069s/step
[11911] step 4600/8838 loss 2.8972 0.069s/step
[11911] step 4800/8838 loss 2.5357 0.069s/step
[11911] step 5000/8838 loss 2.2398 0.069s/step
[11911] step 5200/8838 loss 2.8658 0.069s/step
[11911] step 5400/8838 loss 1.8945 0.069s/step
[11911] step 5600/8838 loss 3.2377 0.069s/step
[11911] step 5800/8838 loss 3.5394 0.069s/step
[11911] step 6000/8838 loss 2.0517 0.069s/step
[11911] step 6200/8838 loss 4.0102 0.069s/step
[11911] step 6400/8838 loss 4.5201 0.069s/step
[11911] step 6600/8838 loss 1.8087 0.069s/step
[11911] step 6800/8838 loss 3.1304 0.069s/step
[11911] step 7000/8838 loss 2.9915 0.069s/step
[11911] step 7200/8838 loss 3.4003 0.069s/step
[11911] step 7400/8838 loss 4.0683 0.069s/step
[11911] step 7600/8838 loss 2.1270 0.069s/step
[11911] step 7800/8838 loss 2.3940 0.069s/step
[11911] step 8000/8838 loss 2.7057 0.069s/step
[11911] step 8200/8838 loss 4.2185 0.069s/step
[11911] step 8400/8838 loss 3.3403 0.069s/step
[11911] step 8600/8838 loss 3.7708 0.069s/step
[11911] step 8800/8838 loss 3.6798 0.069s/step
[11911] step 8838/8838 loss 3.7507 0.069s/step
{
 "seed": 11911,
 "exp": 119,
 "epochs": 2,
 "batch": 32,
 "lr": 3e-05,
 "steps": 8838,
 "max_len": 192,
 "params": 109664018,
 "params_trainable": 109664018,
 "pool": 141398,
 "pool_file": "C:\\Users\\benja\\ears119b\\pool119b.jsonl",
 "cal_file": "C:\\Users\\benja\\ears119b\\repo\\panels\\cal.json",
 "device": "cuda",
 "sec_per_step": 0.0687977230422069,
 "train_sec": 608.0342762470245,
 "data_sec": 2.695725679397583,
 "dev_act_acc": 0.89794921875,
 "tokens_per_sec_200": 22398.021268250122,
 "temps": [
  2.0548062324523926,
  1.5267454385757446,
  1.8669220209121704,
  1.710440993309021,
  0.2231326699256897,
  1.0
 ],
 "freeze_layers": 0
}
[119b] seed 11912 Tue 09/22/2026  7:47:08.72 
[11912] pool rows=141398
[11912] cal encodable=5000
[11912] step200 tokens/s=21306 sec/step=0.069 projected_total=10.2min
[11912] step 200/8838 loss 7.3998 0.070s/step
[11912] step 400/8838 loss 5.6859 0.069s/step
[11912] step 600/8838 loss 5.2948 0.069s/step
[11912] step 800/8838 loss 6.3392 0.068s/step
[11912] step 1000/8838 loss 4.6508 0.069s/step
[11912] step 1200/8838 loss 3.3545 0.069s/step
[11912] step 1400/8838 loss 4.9788 0.069s/step
[11912] step 1600/8838 loss 5.2958 0.069s/step
[11912] step 1800/8838 loss 3.9804 0.069s/step
[11912] step 2000/8838 loss 6.0517 0.069s/step
[11912] step 2200/8838 loss 5.4798 0.069s/step
[11912] step 2400/8838 loss 2.8821 0.069s/step
[11912] step 2600/8838 loss 3.8730 0.069s/step
[11912] step 2800/8838 loss 4.5582 0.069s/step
[11912] step 3000/8838 loss 5.9658 0.069s/step
[11912] step 3200/8838 loss 1.7482 0.069s/step
[11912] step 3400/8838 loss 3.0314 0.069s/step
[11912] step 3600/8838 loss 3.0908 0.069s/step
[11912] step 3800/8838 loss 3.4173 0.069s/step
[11912] step 4000/8838 loss 3.2042 0.069s/step
[11912] step 4200/8838 loss 3.2705 0.069s/step
[11912] step 4400/8838 loss 4.2706 0.069s/step
[11912] step 4600/8838 loss 2.9322 0.069s/step
[11912] step 4800/8838 loss 5.2697 0.069s/step
[11912] step 5000/8838 loss 3.1216 0.069s/step
[11912] step 5200/8838 loss 4.2459 0.069s/step
[11912] step 5400/8838 loss 3.5425 0.069s/step
[11912] step 5600/8838 loss 2.6733 0.069s/step
[11912] step 5800/8838 loss 3.7871 0.069s/step
[11912] step 6000/8838 loss 2.4403 0.069s/step
[11912] step 6200/8838 loss 4.6905 0.069s/step
[11912] step 6400/8838 loss 2.6292 0.069s/step
[11912] step 6600/8838 loss 2.4071 0.069s/step
[11912] step 6800/8838 loss 6.1094 0.069s/step
[11912] step 7000/8838 loss 3.1230 0.069s/step
[11912] step 7200/8838 loss 3.3529 0.069s/step
[11912] step 7400/8838 loss 3.5182 0.069s/step
[11912] step 7600/8838 loss 3.0977 0.069s/step
[11912] step 7800/8838 loss 2.6064 0.069s/step
[11912] step 8000/8838 loss 3.3056 0.069s/step
[11912] step 8200/8838 loss 4.4904 0.069s/step
[11912] step 8400/8838 loss 2.8350 0.069s/step
[11912] step 8600/8838 loss 5.3709 0.069s/step
[11912] step 8800/8838 loss 4.5570 0.069s/step
[11912] step 8838/8838 loss 4.3302 0.069s/step
{
 "seed": 11912,
 "exp": 119,
 "epochs": 2,
 "batch": 32,
 "lr": 3e-05,
 "steps": 8838,
 "max_len": 192,
 "params": 109664018,
 "params_trainable": 109664018,
 "pool": 141398,
 "pool_file": "C:\\Users\\benja\\ears119b\\pool119b.jsonl",
 "cal_file": "C:\\Users\\benja\\ears119b\\repo\\panels\\cal.json",
 "device": "cuda",
 "sec_per_step": 0.06862677109406043,
 "train_sec": 606.523402929306,
 "data_sec": 2.6015472412109375,
 "dev_act_acc": 0.8974609375,
 "tokens_per_sec_200": 21306.06449472259,
 "temps": [
  1.7954914569854736,
  1.5126863718032837,
  1.5153369903564453,
  1.4218122959136963,
  0.22314724326133728,
  1.0
 ],
 "freeze_layers": 0
}
[119b] seed 11913 Tue 09/22/2026  7:47:08.72 
[11913] pool rows=141398
[11913] cal encodable=5000
[11913] step200 tokens/s=20871 sec/step=0.070 projected_total=10.4min
[11913] step 200/8838 loss 6.8176 0.071s/step
[11913] step 400/8838 loss 5.6688 0.070s/step
[11913] step 600/8838 loss 5.3351 0.070s/step
[11913] step 800/8838 loss 3.3776 0.069s/step
[11913] step 1000/8838 loss 5.0737 0.069s/step
[11913] step 1200/8838 loss 3.7503 0.069s/step
[11913] step 1400/8838 loss 5.8904 0.069s/step
[11913] step 1600/8838 loss 5.1947 0.069s/step
[11913] step 1800/8838 loss 4.6092 0.069s/step
[11913] step 2000/8838 loss 5.2449 0.069s/step
[11913] step 2200/8838 loss 5.2224 0.069s/step
[11913] step 2400/8838 loss 6.2437 0.069s/step
[11913] step 2600/8838 loss 3.5986 0.069s/step
[11913] step 2800/8838 loss 4.0707 0.069s/step
[11913] step 3000/8838 loss 5.7114 0.069s/step
[11913] step 3200/8838 loss 5.5570 0.069s/step
[11913] step 3400/8838 loss 3.3498 0.069s/step
[11913] step 3600/8838 loss 2.8992 0.069s/step
[11913] step 3800/8838 loss 3.5645 0.069s/step
[11913] step 4000/8838 loss 3.5744 0.069s/step
[11913] step 4200/8838 loss 2.7360 0.069s/step
[11913] step 4400/8838 loss 3.0257 0.069s/step
[11913] step 4600/8838 loss 3.9682 0.069s/step
[11913] step 4800/8838 loss 3.1536 0.069s/step
[11913] step 5000/8838 loss 3.1676 0.069s/step
[11913] step 5200/8838 loss 4.5134 0.069s/step
[11913] step 5400/8838 loss 3.4202 0.069s/step
[11913] step 5600/8838 loss 3.3735 0.069s/step
[11913] step 5800/8838 loss 4.3278 0.069s/step
[11913] step 6000/8838 loss 4.0544 0.069s/step
[11913] step 6200/8838 loss 4.0757 0.069s/step
[11913] step 6400/8838 loss 2.7938 0.069s/step
[11913] step 6600/8838 loss 2.6816 0.069s/step
[11913] step 6800/8838 loss 3.1143 0.069s/step
[11913] step 7000/8838 loss 3.1428 0.069s/step
[11913] step 7200/8838 loss 2.6393 0.069s/step
[11913] step 7400/8838 loss 3.0140 0.069s/step
[11913] step 7600/8838 loss 4.2734 0.069s/step
[11913] step 7800/8838 loss 2.9958 0.069s/step
[11913] step 8000/8838 loss 1.5399 0.069s/step
[11913] step 8200/8838 loss 1.8138 0.069s/step
[11913] step 8400/8838 loss 5.2954 0.069s/step
[11913] step 8600/8838 loss 0.9641 0.069s/step
[11913] step 8800/8838 loss 4.2155 0.069s/step
[11913] step 8838/8838 loss 2.2947 0.069s/step
{
 "seed": 11913,
 "exp": 119,
 "epochs": 2,
 "batch": 32,
 "lr": 3e-05,
 "steps": 8838,
 "max_len": 192,
 "params": 109664018,
 "params_trainable": 109664018,
 "pool": 141398,
 "pool_file": "C:\\Users\\benja\\ears119b\\pool119b.jsonl",
 "cal_file": "C:\\Users\\benja\\ears119b\\repo\\panels\\cal.json",
 "device": "cuda",
 "sec_per_step": 0.06860912704014567,
 "train_sec": 606.3674647808075,
 "data_sec": 2.5981228351593018,
 "dev_act_acc": 0.888671875,
 "tokens_per_sec_200": 20870.79320450512,
 "temps": [
  1.9488571882247925,
  1.4461535215377808,
  1.5606476068496704,
  1.2903485298156738,
  0.22313715517520905,
  1.0
 ],
 "freeze_layers": 0
}
{
 "gate47": false,
 "W1": {
  "executed": 0,
  "silent": 0,
  "pass": false
 },
 "SEEN_exec_bar": 589,
 "taus": {
  "tau0_ens": 0.9557867324781136,
  "tau_exec_ens": 0.9778933662390568,
  "seeds": {
   "11911": {
    "tau0": 0.962485432624817,
    "tau_exec_single": 0.9812427163124084
   },
   "11912": {
    "tau0": 0.9721722602844239,
    "tau_exec_single": 0.9860861301422119
   },
   "11913": {
    "tau0": 0.9771301746368409,
    "tau_exec_single": 0.9885650873184204
   }
  }
 }
}
seed 11911: W3=23/27 W2=0c/0w/0t rate=None
seed 11912: W3=19/33 W2=0c/0w/0t rate=None
seed 11913: W3=18/30 W2=0c/0w/0t rate=None
[119b] WAVE DONE Tue 09/22/2026  8:21:01.07 
