20:22:20 N built {'updates': 256, 'records': 2048, 'last_loss': 0.659410834312439}
20:24:54 T 0.5 {'verdict': 'stop: cold start (stepping stones first)', 'reach32': 0.04296875, 'floor_reach32': 0.04824614113521625, 'reach4': 0.01171875, 'luck': 0.0087890625, 'distinct_rules': 4.08203125}
20:25:44 T 0.7 {'verdict': 'stop: cold start (stepping stones first)', 'reach32': 0.06640625, 'floor_reach32': 0.04824614113521625, 'reach4': 0.015625, 'luck': 0.0091552734375, 'distinct_rules': 5.48046875}
20:26:33 T 1.0 {'verdict': 'stop: cold start (stepping stones first)', 'reach32': 0.078125, 'floor_reach32': 0.04824614113521625, 'reach4': 0.01953125, 'luck': 0.0078125, 'distinct_rules': 7.89453125}
20:27:22 T 1.4 {'verdict': 'stop: cold start (stepping stones first)', 'reach32': 0.1015625, 'floor_reach32': 0.04824614113521625, 'reach4': 0.015625, 'luck': 0.006591796875, 'distinct_rules': 10.5078125}
20:28:10 T 2.0 {'verdict': 'pass', 'reach32': 0.16015625, 'floor_reach32': 0.04824614113521625, 'reach4': 0.01171875, 'luck': 0.0079345703125, 'distinct_rules': 12.9921875}
20:28:55 T 3.0 {'verdict': 'pass', 'reach32': 0.25390625, 'floor_reach32': 0.04824614113521625, 'reach4': 0.05078125, 'luck': 0.0155029296875, 'distinct_rules': 14.359375}
20:29:40 T 4.0 {'verdict': 'pass', 'reach32': 0.25390625, 'floor_reach32': 0.04824614113521625, 'reach4': 0.05859375, 'luck': 0.016357421875, 'distinct_rules': 13.4765625}
20:30:23 T 6.0 {'verdict': 'pass', 'reach32': 0.17578125, 'floor_reach32': 0.04824614113521625, 'reach4': 0.0234375, 'luck': 0.0079345703125, 'distinct_rules': 8.828125}
20:30:25 pool T 3.0
20:37:17 arms {'diag': {'n_W': 365, 'n_R': 365, 'short': {}, 'hindsight_fits': 1.0}, 'questions_with_W': 267, 'n_PC': 365, 'W_by_kind': {'affine': 5, 'double_add': 11, 'last_digit': 87, 'sq_plus': 5, 'square': 257}} {'records_identical': True, 'pc_identical': True, 'passes': True}
20:40:36 dose {'lr': 0.0003, 'visits': 4, 'updates': 45, 'records': 365, 'visits_per_record': 3.9452054794520546, 'last_loss': -0.014441799744963646, 'dev_first_try_right': 0.390625, 'dev_first_try_fits': 0.390625, 'dev_reach4': 0.359375, 'dev_reach32': 0.4140625, 'skills_harm_points': 0.40000000000000036, 'within_skills_limit': True}
20:44:51 dose {'lr': 0.0003, 'visits': 8, 'updates': 91, 'records': 365, 'visits_per_record': 7.978082191780822, 'last_loss': -0.14795035719871522, 'dev_first_try_right': 0.41015625, 'dev_first_try_fits': 0.41015625, 'dev_reach4': 0.38671875, 'dev_reach32': 0.41015625, 'skills_harm_points': -0.20000000000000018, 'within_skills_limit': True}
20:50:57 dose {'lr': 0.0003, 'visits': 16, 'updates': 182, 'records': 365, 'visits_per_record': 15.956164383561644, 'last_loss': -0.1732030976563692, 'dev_first_try_right': 0.4140625, 'dev_first_try_fits': 0.4140625, 'dev_reach4': 0.39453125, 'dev_reach32': 0.44140625, 'skills_harm_points': -0.20000000000000018, 'within_skills_limit': True}
20:54:16 dose {'lr': 0.001, 'visits': 4, 'updates': 45, 'records': 365, 'visits_per_record': 3.9452054794520546, 'last_loss': 0.0742169439792633, 'dev_first_try_right': 0.390625, 'dev_first_try_fits': 0.390625, 'dev_reach4': 0.3828125, 'dev_reach32': 0.421875, 'skills_harm_points': 3.500000000000003, 'within_skills_limit': False}
20:58:41 dose {'lr': 0.001, 'visits': 8, 'updates': 91, 'records': 365, 'visits_per_record': 7.978082191780822, 'last_loss': -0.01880907714366913, 'dev_first_try_right': 0.3984375, 'dev_first_try_fits': 0.3984375, 'dev_reach4': 0.38671875, 'dev_reach32': 0.421875, 'skills_harm_points': 1.6000000000000014, 'within_skills_limit': True}
21:05:11 dose {'lr': 0.001, 'visits': 16, 'updates': 182, 'records': 365, 'visits_per_record': 15.956164383561644, 'last_loss': -0.11773546934127807, 'dev_first_try_right': 0.4140625, 'dev_first_try_fits': 0.4140625, 'dev_reach4': 0.40234375, 'dev_reach32': 0.4375, 'skills_harm_points': 1.100000000000001, 'within_skills_limit': True}
21:12:30 PC gate {'pc_minus_n_first_try_points': 40.234375, 'threshold': 15.0, 'passes': True, 'ci': (40.234375, 33.984375, 46.875)}
21:19:25 arm W {'updates': 182, 'records': 365, 'visits_per_record': 15.956164383561644, 'last_loss': 0.3351914219558239} {'first_try_right': 0.359375, 'reach32': 0.4296875, 'harm': 1.6999999999999904}
21:26:15 arm R {'updates': 182, 'records': 365, 'visits_per_record': 15.956164383561644, 'last_loss': 0.661753112077713} {'first_try_right': 0.01171875, 'reach32': 0.21875, 'harm': 1.19999999999999}
21:32:53 arm H {'updates': 182, 'records': 365, 'visits_per_record': 15.956164383561644, 'last_loss': 0.10601561311632395} {'first_try_right': 0.0, 'reach32': 0.25390625, 'harm': 2.6000000000000023}
21:45:33 DONE {'W_minus_N': {'points': 34.765625, 'lo': 28.90625, 'hi': 40.625}, 'W_minus_R': {'points': 34.765625, 'lo': 28.90625, 'hi': 40.625}, 'by_kind_W_minus_N_points': {'affine': 3.8461538461538463, 'square': 96.07843137254902, 'sq_plus': 1.9607843137254901, 'last_digit': 78.43137254901961, 'double_add': -5.88235294117647}, 'label': 'PASS on pooled first try, beyond the near-copy kinds', 'reach4_W_minus_N_points': 21.09375, 'practised_W_minus_N_points': -3.90625, 'proved_wrong_if': 'W - R upper end < +3 (real C2b, on test); here DEV pilot only'}
