20:22:20 N built {'updates': 256, 'records': 2048, 'last_loss': 0.36312055587768555}
20:24:54 T 0.5 {'verdict': 'stop: cold start and sameness', 'reach32': 0.0390625, 'floor_reach32': 0.04824614113521625, 'reach4': 0.01171875, 'luck': 0.0091552734375, 'distinct_rules': 3.87109375}
20:25:43 T 0.7 {'verdict': 'stop: cold start (stepping stones first)', 'reach32': 0.0625, 'floor_reach32': 0.04824614113521625, 'reach4': 0.0234375, 'luck': 0.00927734375, 'distinct_rules': 5.40625}
20:26:32 T 1.0 {'verdict': 'stop: cold start (stepping stones first)', 'reach32': 0.07421875, 'floor_reach32': 0.04824614113521625, 'reach4': 0.01953125, 'luck': 0.008544921875, 'distinct_rules': 7.58984375}
20:27:21 T 1.4 {'verdict': 'stop: cold start (stepping stones first)', 'reach32': 0.11328125, 'floor_reach32': 0.04824614113521625, 'reach4': 0.02734375, 'luck': 0.00927734375, 'distinct_rules': 10.55078125}
20:28:08 T 2.0 {'verdict': 'stop: cold start (stepping stones first)', 'reach32': 0.14453125, 'floor_reach32': 0.04824614113521625, 'reach4': 0.04296875, 'luck': 0.0098876953125, 'distinct_rules': 13.90625}
20:28:54 T 3.0 {'verdict': 'pass', 'reach32': 0.1953125, 'floor_reach32': 0.04824614113521625, 'reach4': 0.0546875, 'luck': 0.0120849609375, 'distinct_rules': 15.70703125}
20:29:39 T 4.0 {'verdict': 'pass', 'reach32': 0.20703125, 'floor_reach32': 0.04824614113521625, 'reach4': 0.05078125, 'luck': 0.011474609375, 'distinct_rules': 14.16015625}
20:30:22 T 6.0 {'verdict': 'stop: cold start (stepping stones first)', 'reach32': 0.09765625, 'floor_reach32': 0.04824614113521625, 'reach4': 0.01171875, 'luck': 0.00341796875, 'distinct_rules': 8.640625}
20:30:23 pool T 4.0
20:36:49 arms {'diag': {'n_W': 210, 'n_R': 210, 'short': {}, 'hindsight_fits': 1.0}, 'questions_with_W': 186, 'n_PC': 210, 'W_by_kind': {'affine': 1, 'double_add': 16, 'last_digit': 39, 'sq_plus': 5, 'square': 149}} {'records_identical': True, 'pc_identical': True, 'passes': True}
20:39:40 dose {'lr': 0.0003, 'visits': 4, 'updates': 26, 'records': 210, 'visits_per_record': 3.961904761904762, 'last_loss': 0.18496839441359042, 'dev_first_try_right': 0.41796875, 'dev_first_try_fits': 0.41796875, 'dev_reach4': 0.1328125, 'dev_reach32': 0.37890625, 'skills_harm_points': 0.10000000000001119, 'within_skills_limit': True}
20:43:05 dose {'lr': 0.0003, 'visits': 8, 'updates': 52, 'records': 210, 'visits_per_record': 7.923809523809524, 'last_loss': -0.09930296167731285, 'dev_first_try_right': 0.421875, 'dev_first_try_fits': 0.421875, 'dev_reach4': 0.20703125, 'dev_reach32': 0.4140625, 'skills_harm_points': 0.20000000000001128, 'within_skills_limit': True}
20:47:35 dose {'lr': 0.0003, 'visits': 16, 'updates': 105, 'records': 210, 'visits_per_record': 16.0, 'last_loss': -0.19974050894379616, 'dev_first_try_right': 0.421875, 'dev_first_try_fits': 0.421875, 'dev_reach4': 0.3125, 'dev_reach32': 0.43359375, 'skills_harm_points': -0.29999999999998916, 'within_skills_limit': True}
20:50:29 dose {'lr': 0.001, 'visits': 4, 'updates': 26, 'records': 210, 'visits_per_record': 3.961904761904762, 'last_loss': 0.2537574514746666, 'dev_first_try_right': 0.3984375, 'dev_first_try_fits': 0.3984375, 'dev_reach4': 0.1171875, 'dev_reach32': 0.33984375, 'skills_harm_points': 0.8000000000000118, 'within_skills_limit': True}
20:53:53 dose {'lr': 0.001, 'visits': 8, 'updates': 52, 'records': 210, 'visits_per_record': 7.923809523809524, 'last_loss': -0.02490556538105011, 'dev_first_try_right': 0.40625, 'dev_first_try_fits': 0.40625, 'dev_reach4': 0.203125, 'dev_reach32': 0.421875, 'skills_harm_points': 4.100000000000015, 'within_skills_limit': False}
20:58:34 dose {'lr': 0.001, 'visits': 16, 'updates': 105, 'records': 210, 'visits_per_record': 16.0, 'last_loss': -0.07207873016595841, 'dev_first_try_right': 0.4140625, 'dev_first_try_fits': 0.4140625, 'dev_reach4': 0.32421875, 'dev_reach32': 0.4375, 'skills_harm_points': 2.7000000000000024, 'within_skills_limit': False}
21:04:07 PC gate {'pc_minus_n_first_try_points': 41.796875, 'threshold': 15.0, 'passes': True, 'ci': (41.796875, 35.546875, 48.046875)}
21:09:38 arm W {'updates': 105, 'records': 210, 'visits_per_record': 16.0, 'last_loss': 0.21449146792292595} {'first_try_right': 0.2734375, 'reach32': 0.31640625, 'harm': -0.09999999999998899}
21:15:04 arm R {'updates': 105, 'records': 210, 'visits_per_record': 16.0, 'last_loss': 1.0363200008869171} {'first_try_right': 0.00390625, 'reach32': 0.05859375, 'harm': 0.10000000000001119}
21:20:20 arm H {'updates': 105, 'records': 210, 'visits_per_record': 16.0, 'last_loss': 0.9927327454090118} {'first_try_right': 0.0, 'reach32': 0.10546875, 'harm': 0.10000000000001119}
21:31:18 DONE {'W_minus_N': {'points': 26.953125, 'lo': 21.484375, 'hi': 32.8125}, 'W_minus_R': {'points': 26.953125, 'lo': 21.875, 'hi': 32.8125}, 'by_kind_W_minus_N_points': {'affine': -1.9230769230769231, 'square': 94.11764705882352, 'sq_plus': 0.0, 'last_digit': 39.21568627450981, 'double_add': 3.9215686274509802}, 'label': 'PASS on pooled first try, beyond the near-copy kinds', 'reach4_W_minus_N_points': 5.078125, 'practised_W_minus_N_points': -3.515625, 'proved_wrong_if': 'W - R upper end < +3 (real C2b, on test); here DEV pilot only'}
