04:24:15 warm {'updates': 256, 'records': 2048, 'visits': 4, 'last_loss': 1.410424828529358} 521
04:32:24 N built {'updates': 256, 'records': 2048, 'last_loss': 0.5151447653770447} 1010
04:33:46 T 0.5 {'verdict': 'stop: cold start and sameness', 'reach32': 0.05078125, 'floor_reach32': 0.04824614113521625, 'reach4': 0.01953125, 'luck': 0.0108642578125, 'distinct_rules': 3.73046875}
04:35:08 T 0.7 {'verdict': 'stop: cold start (stepping stones first)', 'reach32': 0.0625, 'floor_reach32': 0.04824614113521625, 'reach4': 0.015625, 'luck': 0.0096435546875, 'distinct_rules': 5.12890625}
04:36:31 T 1.0 {'verdict': 'stop: cold start (stepping stones first)', 'reach32': 0.09375, 'floor_reach32': 0.04824614113521625, 'reach4': 0.03125, 'luck': 0.0079345703125, 'distinct_rules': 7.046875}
04:37:55 T 1.4 {'verdict': 'stop: cold start (stepping stones first)', 'reach32': 0.1328125, 'floor_reach32': 0.04824614113521625, 'reach4': 0.0390625, 'luck': 0.0078125, 'distinct_rules': 9.39453125}
04:39:17 T 2.0 {'verdict': 'pass', 'reach32': 0.1484375, 'floor_reach32': 0.04824614113521625, 'reach4': 0.0390625, 'luck': 0.0078125, 'distinct_rules': 11.66015625}
04:40:38 T 3.0 {'verdict': 'stop: cold start (stepping stones first)', 'reach32': 0.14453125, 'floor_reach32': 0.04824614113521625, 'reach4': 0.0234375, 'luck': 0.007080078125, 'distinct_rules': 13.30078125}
04:41:53 T 4.0 {'verdict': 'pass', 'reach32': 0.16796875, 'floor_reach32': 0.04824614113521625, 'reach4': 0.0234375, 'luck': 0.0069580078125, 'distinct_rules': 12.74609375}
04:43:02 T 6.0 {'verdict': 'stop: cold start (stepping stones first)', 'reach32': 0.109375, 'floor_reach32': 0.04824614113521625, 'reach4': 0.01171875, 'luck': 0.003662109375, 'distinct_rules': 8.21875}
04:43:04 pool T 4.0
04:48:08 setup done {'diag': {'n_W': 207, 'n_R': 207, 'short': {}, 'hindsight_fits': 1.0}, 'n_W': 207, 'n_PC': 207, 'questions_with_W': 181} 1954
04:48:23 N {'dev': {'right': 0.0078125, 'fits': 0.01171875, 'by_kind': {'affine': 0.0192, 'square': 0.0, 'sq_plus': 0.0, 'last_digit': 0.0, 'double_add': 0.0196}}, 'skills5': 0.986, 'n_W': 207, 'n_PC': 207, 'T': 4.0}
04:52:56 PC ft {'lr': 0.0003, 'visits': 16} {'sleep_tflops': 19.299935936512, 'seconds': 261.6, 'gain_points': 39.453125, 'skills_harm_points': 0.19999999999998908} {'affine': 0.0, 'square': 0.9608, 'sq_plus': 0.0196, 'last_digit': 1.0, 'double_add': 0.0392}
04:57:35 PC ft {'lr': 0.001, 'visits': 16} {'sleep_tflops': 19.299935936512, 'seconds': 267.6, 'gain_points': 40.234375, 'skills_harm_points': 2.300000000000002} {'affine': 0.0, 'square': 0.9608, 'sq_plus': 0.0196, 'last_digit': 1.0, 'double_add': 0.0784}
04:57:35 B {'method': 'ft', 'kw': {'lr': 0.0003, 'visits': 16}, 'within_harm': True, 'tie_reach4': {}}
STAGE s202 base exit 0
04:58:27 W knn {'c': 50.0, 'theta': 0.9, 'cal': 0.99, 'old': 512} {'sleep_tflops': 0.777919620864, 'seconds': 32.3, 'gain_points': 21.484375, 'skills_harm_points': 0.6999999999999895} {'affine': 0.0, 'square': 0.451, 'sq_plus': 0.0, 'last_digit': 0.6667, 'double_add': 0.0}
05:03:05 W ft {'lr': 0.0003, 'visits': 16} {'sleep_tflops': 19.299935936512, 'seconds': 264.2, 'gain_points': 34.375, 'skills_harm_points': 0.8000000000000007} {'affine': 0.0192, 'square': 0.902, 'sq_plus': 0.0, 'last_digit': 0.8039, 'double_add': 0.0392}
STAGE s202 W exit 0
05:03:58 R knn {'c': 50.0, 'theta': 0.9, 'cal': 0.99, 'old': 512} {'sleep_tflops': 0.777919620864, 'seconds': 32.3, 'gain_points': -0.78125, 'skills_harm_points': 0.5000000000000004} {'affine': 0.0, 'square': 0.0, 'sq_plus': 0.0, 'last_digit': 0.0, 'double_add': 0.0}
STAGE s202 R exit 0
05:07:14 N {'practised': {'reach32': 0.0703125, 'first_sample': 0.0078125, 'greedy_right': 0.015625}, 'dev_search': {'reach4': 0.0234375, 'reach32': 0.16796875, 'luck': 0.0069580078125}}
05:10:13 W knn {'c': 50.0, 'theta': 0.9, 'cal': 0.99, 'old': 512} {'reach32': 0.375, 'first_sample': 0.33984375, 'greedy_right': 0.34765625} {'reach4': 0.3203125, 'reach32': 0.42578125, 'luck': 0.20556640625}
05:16:14 W ft {'lr': 0.0003, 'visits': 16} {'reach32': 0.0859375, 'first_sample': 0.01171875, 'greedy_right': 0.01171875} {'reach4': 0.1328125, 'reach32': 0.3828125, 'luck': 0.0474853515625}
05:16:14 CONFIRM PARENT DONE /mnt/project-files/fast-sleep/confirm/s202
STAGE s202 old exit 0
