{"variant": "grow-blind", "train_batch": 250, "canonical_acc": 0.0521, "one_hop_acc": 0.0625, "link_acc": 0.0312, "monolithic_acc": 0.0625, "hint_active": false, "kept_fraction": 0.0, "mean_kept_lines": 16.0, "canonical_records_by_relation": {"8": 6606, "9": 6712, "10": 2682, "11": 7988}}
{"variant": "grow-blind", "train_batch": 500, "canonical_acc": 0.0417, "one_hop_acc": 0.0312, "link_acc": 0.0625, "monolithic_acc": 0.0625, "hint_active": false, "kept_fraction": 0.0, "mean_kept_lines": 16.0, "canonical_records_by_relation": {"8": 13295, "9": 13358, "10": 5347, "11": 15984}}
{"arm": "treatment", "seed": 2102, "updates": 500, "training_seconds": 35.10333179099689, "code_scale": 0.015264789573848248, "entity_output_bias": 0.2679001986980438}
{"variant": "grow-blind", "train_batch": 750, "canonical_acc": 0.0729, "one_hop_acc": 0.0781, "link_acc": 0.0625, "monolithic_acc": 0.0312, "hint_active": false, "kept_fraction": 0.0, "mean_kept_lines": 16.0, "canonical_records_by_relation": {"8": 19964, "9": 20043, "10": 7993, "11": 23974}}
{"variant": "grow-blind", "train_batch": 1000, "canonical_acc": 0.0625, "one_hop_acc": 0.0469, "link_acc": 0.0938, "monolithic_acc": 0.0625, "hint_active": false, "kept_fraction": 0.0, "mean_kept_lines": 16.0, "canonical_records_by_relation": {"8": 26663, "9": 26624, "10": 10713, "11": 31960}}
{"arm": "treatment", "seed": 2102, "updates": 1000, "training_seconds": 68.07674308299465, "code_scale": -0.0030089737847447395, "entity_output_bias": 0.08591222018003464}
{"variant": "grow-blind", "train_batch": 1250, "canonical_acc": 0.125, "one_hop_acc": 0.125, "link_acc": 0.125, "monolithic_acc": 0.125, "hint_active": false, "kept_fraction": 0.0, "mean_kept_lines": 16.0, "canonical_records_by_relation": {"8": 33398, "9": 33287, "10": 13315, "11": 39950}}
{"variant": "grow-blind", "train_batch": 1500, "canonical_acc": 0.0312, "one_hop_acc": 0.0312, "link_acc": 0.0312, "monolithic_acc": 0.0312, "hint_active": false, "kept_fraction": 0.0, "mean_kept_lines": 16.0, "canonical_records_by_relation": {"8": 40060, "9": 39956, "10": 15984, "11": 47944}}
{"arm": "treatment", "seed": 2102, "updates": 1500, "training_seconds": 101.38967862499703, "code_scale": -0.004178049974143505, "entity_output_bias": -0.3196601867675781}
{"variant": "grow-blind", "train_batch": 1750, "canonical_acc": 0.0729, "one_hop_acc": 0.0625, "link_acc": 0.0938, "monolithic_acc": 0.0625, "hint_active": false, "kept_fraction": 0.166, "mean_kept_lines": 20.94, "canonical_records_by_relation": {"8": 46767, "9": 46553, "10": 18680, "11": 55936}}
{"variant": "grow-blind", "train_batch": 2000, "canonical_acc": 0.0938, "one_hop_acc": 0.0781, "link_acc": 0.125, "monolithic_acc": 0.0938, "hint_active": false, "kept_fraction": 0.332667, "mean_kept_lines": 25.56, "canonical_records_by_relation": {"8": 53375, "9": 53261, "10": 21364, "11": 63934}}
{"arm": "treatment", "seed": 2102, "updates": 2000, "training_seconds": 141.397528124995, "code_scale": -0.0028417042922228575, "entity_output_bias": -0.7197547554969788}
{"variant": "grow-blind", "train_batch": 2250, "canonical_acc": 0.0833, "one_hop_acc": 0.0312, "link_acc": 0.1875, "monolithic_acc": 0.0312, "hint_active": false, "kept_fraction": 0.499333, "mean_kept_lines": 30.06, "canonical_records_by_relation": {"8": 60014, "9": 59999, "10": 23987, "11": 71930}}
{"variant": "grow-blind", "train_batch": 2500, "canonical_acc": 0.0729, "one_hop_acc": 0.0625, "link_acc": 0.0938, "monolithic_acc": 0.0625, "hint_active": false, "kept_fraction": 0.666, "mean_kept_lines": 35.0, "canonical_records_by_relation": {"8": 66622, "9": 66697, "10": 26681, "11": 79930}}
{"arm": "treatment", "seed": 2102, "updates": 2500, "training_seconds": 193.39253433299746, "code_scale": 0.004338433034718037, "entity_output_bias": -0.9460306167602539}
{"variant": "grow-blind", "train_batch": 2750, "canonical_acc": 0.0729, "one_hop_acc": 0.0625, "link_acc": 0.0938, "monolithic_acc": 0.0312, "hint_active": false, "kept_fraction": 0.832667, "mean_kept_lines": 39.38, "canonical_records_by_relation": {"8": 73326, "9": 73367, "10": 29307, "11": 87930}}
{"variant": "grow-blind", "train_batch": 3000, "canonical_acc": 0.0312, "one_hop_acc": 0.0312, "link_acc": 0.0312, "monolithic_acc": 0.0625, "hint_active": false, "kept_fraction": 0.999333, "mean_kept_lines": 44.44, "canonical_records_by_relation": {"8": 80042, "9": 79986, "10": 31972, "11": 95930}}
{"arm": "treatment", "seed": 2102, "updates": 3000, "training_seconds": 262.0353398329971, "code_scale": 0.002877112478017807, "entity_output_bias": -1.2337853908538818}
{"variant": "grow-blind", "train_batch": 3250, "canonical_acc": 0.0833, "one_hop_acc": 0.1094, "link_acc": 0.0312, "monolithic_acc": 0.125, "hint_active": false, "kept_fraction": 1.0, "mean_kept_lines": 44.5, "canonical_records_by_relation": {"8": 86800, "9": 86591, "10": 34609, "11": 103930}}
{"variant": "grow-blind", "train_batch": 3500, "canonical_acc": 0.0938, "one_hop_acc": 0.0312, "link_acc": 0.2188, "monolithic_acc": 0.0, "hint_active": false, "kept_fraction": 1.0, "mean_kept_lines": 44.5, "canonical_records_by_relation": {"8": 93529, "9": 93262, "10": 37209, "11": 111930}}
{"arm": "treatment", "seed": 2102, "updates": 3500, "training_seconds": 330.03484220799874, "code_scale": 0.0038736031856387854, "entity_output_bias": -1.6418399810791016}
{"variant": "grow-blind", "train_batch": 3750, "canonical_acc": 0.0625, "one_hop_acc": 0.0938, "link_acc": 0.0, "monolithic_acc": 0.0938, "hint_active": false, "kept_fraction": 1.0, "mean_kept_lines": 44.44, "canonical_records_by_relation": {"8": 100271, "9": 99943, "10": 39786, "11": 119930}}
{"variant": "grow-blind", "train_batch": 4000, "canonical_acc": 0.0729, "one_hop_acc": 0.0625, "link_acc": 0.0938, "monolithic_acc": 0.0938, "hint_active": false, "kept_fraction": 1.0, "mean_kept_lines": 44.31, "canonical_records_by_relation": {"8": 106975, "9": 106571, "10": 42454, "11": 127930}}
{"arm": "treatment", "seed": 2102, "updates": 4000, "training_seconds": 398.2297336249976, "code_scale": 0.004940050654113293, "entity_output_bias": -1.971057415008545}
{"variant": "grow-blind", "train_batch": 4250, "canonical_acc": 0.1042, "one_hop_acc": 0.0156, "link_acc": 0.2812, "monolithic_acc": 0.0312, "hint_active": false, "kept_fraction": 1.0, "mean_kept_lines": 44.44, "canonical_records_by_relation": {"8": 113547, "9": 113232, "10": 45221, "11": 135930}}
{"variant": "grow-blind", "train_batch": 4500, "canonical_acc": 0.1146, "one_hop_acc": 0.1406, "link_acc": 0.0625, "monolithic_acc": 0.2188, "hint_active": false, "kept_fraction": 1.0, "mean_kept_lines": 44.31, "canonical_records_by_relation": {"8": 120288, "9": 119847, "10": 47865, "11": 143930}}
{"arm": "treatment", "seed": 2102, "updates": 4500, "training_seconds": 470.5682897079969, "code_scale": -0.0019386016065254807, "entity_output_bias": -2.041893482208252}
{"variant": "grow-blind", "train_batch": 4750, "canonical_acc": 0.0938, "one_hop_acc": 0.1094, "link_acc": 0.0625, "monolithic_acc": 0.125, "hint_active": false, "kept_fraction": 1.0, "mean_kept_lines": 44.19, "canonical_records_by_relation": {"8": 126900, "9": 126502, "10": 50598, "11": 151930}}
{"variant": "grow-blind", "train_batch": 5000, "canonical_acc": 0.125, "one_hop_acc": 0.1875, "link_acc": 0.0, "monolithic_acc": 0.25, "hint_active": false, "kept_fraction": 1.0, "mean_kept_lines": 44.69, "canonical_records_by_relation": {"8": 133574, "9": 133121, "10": 53305, "11": 159930}}
{"arm": "treatment", "seed": 2102, "updates": 5000, "training_seconds": 542.7450917499955, "code_scale": -0.004821776878088713, "entity_output_bias": -2.2559683322906494}
{"variant": "grow-blind", "train_batch": 5250, "canonical_acc": 0.0729, "one_hop_acc": 0.0469, "link_acc": 0.125, "monolithic_acc": 0.0312, "hint_active": false, "kept_fraction": 1.0, "mean_kept_lines": 44.88, "canonical_records_by_relation": {"8": 140055, "9": 139893, "10": 56052, "11": 167930}}
{"variant": "grow-blind", "train_batch": 5500, "canonical_acc": 0.0625, "one_hop_acc": 0.0312, "link_acc": 0.125, "monolithic_acc": 0.0312, "hint_active": false, "kept_fraction": 1.0, "mean_kept_lines": 44.56, "canonical_records_by_relation": {"8": 146725, "9": 146570, "10": 58705, "11": 175930}}
{"arm": "treatment", "seed": 2102, "updates": 5500, "training_seconds": 616.0636215829945, "code_scale": 0.0019974291790276766, "entity_output_bias": -2.3950302600860596}
{"variant": "grow-blind", "train_batch": 5750, "canonical_acc": 0.0104, "one_hop_acc": 0.0156, "link_acc": 0.0, "monolithic_acc": 0.0, "hint_active": false, "kept_fraction": 1.0, "mean_kept_lines": 44.62, "canonical_records_by_relation": {"8": 153491, "9": 153183, "10": 61326, "11": 183930}}
{"variant": "grow-blind", "train_batch": 6000, "canonical_acc": 0.0938, "one_hop_acc": 0.0781, "link_acc": 0.125, "monolithic_acc": 0.0938, "hint_active": false, "kept_fraction": 1.0, "mean_kept_lines": 44.75, "canonical_records_by_relation": {"8": 160152, "9": 159834, "10": 64014, "11": 191930}}
{"arm": "treatment", "seed": 2102, "updates": 6000, "training_seconds": 681.699181457996, "code_scale": 0.002832503756508231, "entity_output_bias": -2.4436724185943604}
{"arm": "treatment", "seed": 2102, "updates": 6000, "seconds": 681.6992089159976, "seconds_per_update": 0.11361653481933293, "trainable_parameters": 78534, "final_fingerprint": "835e84020c57e93da9fa80d0574c5f54728094eca0457394d1bed9b1ff02434c"}
