{"variant": "grow-blind", "train_batch": 250, "canonical_acc": 0.0729, "one_hop_acc": 0.0938, "link_acc": 0.0312, "monolithic_acc": 0.0938, "hint_active": false, "kept_fraction": 0.0, "mean_kept_lines": 16.0, "canonical_records_by_relation": {"8": 6675, "9": 6672, "10": 2653, "11": 7996}}
{"variant": "grow-blind", "train_batch": 500, "canonical_acc": 0.1458, "one_hop_acc": 0.2031, "link_acc": 0.0312, "monolithic_acc": 0.2812, "hint_active": false, "kept_fraction": 0.0, "mean_kept_lines": 16.0, "canonical_records_by_relation": {"8": 13239, "9": 13430, "10": 5331, "11": 15990}}
{"arm": "treatment", "seed": 2100, "updates": 500, "training_seconds": 34.20079320799414, "code_scale": 0.00528545631095767, "entity_output_bias": 0.24917353689670563}
{"variant": "grow-blind", "train_batch": 750, "canonical_acc": 0.1979, "one_hop_acc": 0.2969, "link_acc": 0.0, "monolithic_acc": 0.25, "hint_active": false, "kept_fraction": 0.0, "mean_kept_lines": 16.0, "canonical_records_by_relation": {"8": 19841, "9": 20212, "10": 7947, "11": 23980}}
{"variant": "grow-blind", "train_batch": 1000, "canonical_acc": 0.2188, "one_hop_acc": 0.2656, "link_acc": 0.125, "monolithic_acc": 0.25, "hint_active": false, "kept_fraction": 0.0, "mean_kept_lines": 16.0, "canonical_records_by_relation": {"8": 26387, "9": 26977, "10": 10636, "11": 31964}}
{"arm": "treatment", "seed": 2100, "updates": 1000, "training_seconds": 66.63727604199812, "code_scale": -0.004469316452741623, "entity_output_bias": -0.07219351828098297}
{"variant": "grow-blind", "train_batch": 1250, "canonical_acc": 0.2396, "one_hop_acc": 0.3281, "link_acc": 0.0625, "monolithic_acc": 0.3438, "hint_active": false, "kept_fraction": 0.0, "mean_kept_lines": 16.0, "canonical_records_by_relation": {"8": 33068, "9": 33701, "10": 13231, "11": 39956}}
{"variant": "grow-blind", "train_batch": 1500, "canonical_acc": 0.2708, "one_hop_acc": 0.375, "link_acc": 0.0625, "monolithic_acc": 0.4375, "hint_active": false, "kept_fraction": 0.0, "mean_kept_lines": 16.0, "canonical_records_by_relation": {"8": 39630, "9": 40412, "10": 15958, "11": 47950}}
{"arm": "treatment", "seed": 2100, "updates": 1500, "training_seconds": 99.43897854199895, "code_scale": -0.006467333063483238, "entity_output_bias": -0.3837786316871643}
{"variant": "grow-blind", "train_batch": 1750, "canonical_acc": 0.2083, "one_hop_acc": 0.2969, "link_acc": 0.0312, "monolithic_acc": 0.3125, "hint_active": false, "kept_fraction": 0.166, "mean_kept_lines": 20.94, "canonical_records_by_relation": {"8": 46327, "9": 47061, "10": 18612, "11": 55944}}
{"variant": "grow-blind", "train_batch": 2000, "canonical_acc": 0.2812, "one_hop_acc": 0.4062, "link_acc": 0.0312, "monolithic_acc": 0.4062, "hint_active": false, "kept_fraction": 0.332667, "mean_kept_lines": 25.56, "canonical_records_by_relation": {"8": 52904, "9": 53821, "10": 21275, "11": 63942}}
{"arm": "treatment", "seed": 2100, "updates": 2000, "training_seconds": 139.0852817499981, "code_scale": -0.017273887991905212, "entity_output_bias": -0.5346373915672302}
{"variant": "grow-blind", "train_batch": 2250, "canonical_acc": 0.2604, "one_hop_acc": 0.3281, "link_acc": 0.125, "monolithic_acc": 0.2812, "hint_active": false, "kept_fraction": 0.499333, "mean_kept_lines": 30.06, "canonical_records_by_relation": {"8": 59535, "9": 60523, "10": 23942, "11": 71942}}
{"variant": "grow-blind", "train_batch": 2500, "canonical_acc": 0.2083, "one_hop_acc": 0.3125, "link_acc": 0.0, "monolithic_acc": 0.3438, "hint_active": false, "kept_fraction": 0.666, "mean_kept_lines": 35.0, "canonical_records_by_relation": {"8": 66122, "9": 67253, "10": 26625, "11": 79942}}
{"arm": "treatment", "seed": 2100, "updates": 2500, "training_seconds": 190.59196037500078, "code_scale": 0.01340943668037653, "entity_output_bias": -0.6922966241836548}
{"variant": "grow-blind", "train_batch": 2750, "canonical_acc": 0.1771, "one_hop_acc": 0.2344, "link_acc": 0.0625, "monolithic_acc": 0.2812, "hint_active": false, "kept_fraction": 0.832667, "mean_kept_lines": 39.38, "canonical_records_by_relation": {"8": 72798, "9": 73960, "10": 29242, "11": 87942}}
{"variant": "grow-blind", "train_batch": 3000, "canonical_acc": 0.1458, "one_hop_acc": 0.2031, "link_acc": 0.0312, "monolithic_acc": 0.1875, "hint_active": false, "kept_fraction": 0.999333, "mean_kept_lines": 44.44, "canonical_records_by_relation": {"8": 79503, "9": 80573, "10": 31924, "11": 95942}}
{"arm": "treatment", "seed": 2100, "updates": 3000, "training_seconds": 258.52097720799793, "code_scale": 0.011758132837712765, "entity_output_bias": -0.8126623630523682}
{"variant": "grow-blind", "train_batch": 3250, "canonical_acc": 0.1875, "one_hop_acc": 0.2344, "link_acc": 0.0938, "monolithic_acc": 0.3125, "hint_active": false, "kept_fraction": 1.0, "mean_kept_lines": 44.5, "canonical_records_by_relation": {"8": 86261, "9": 87178, "10": 34561, "11": 103942}}
{"variant": "grow-blind", "train_batch": 3500, "canonical_acc": 0.1562, "one_hop_acc": 0.2188, "link_acc": 0.0312, "monolithic_acc": 0.25, "hint_active": false, "kept_fraction": 1.0, "mean_kept_lines": 44.5, "canonical_records_by_relation": {"8": 92990, "9": 93849, "10": 37161, "11": 111942}}
{"arm": "treatment", "seed": 2100, "updates": 3500, "training_seconds": 325.8406782079983, "code_scale": 0.00015594036085531116, "entity_output_bias": -0.8897944688796997}
{"variant": "grow-blind", "train_batch": 3750, "canonical_acc": 0.2292, "one_hop_acc": 0.2812, "link_acc": 0.125, "monolithic_acc": 0.375, "hint_active": false, "kept_fraction": 1.0, "mean_kept_lines": 44.44, "canonical_records_by_relation": {"8": 99732, "9": 100530, "10": 39738, "11": 119942}}
{"variant": "grow-blind", "train_batch": 4000, "canonical_acc": 0.2292, "one_hop_acc": 0.3125, "link_acc": 0.0625, "monolithic_acc": 0.375, "hint_active": false, "kept_fraction": 1.0, "mean_kept_lines": 44.31, "canonical_records_by_relation": {"8": 106436, "9": 107158, "10": 42406, "11": 127942}}
{"arm": "treatment", "seed": 2100, "updates": 4000, "training_seconds": 393.2268312919987, "code_scale": 0.006398465018719435, "entity_output_bias": -0.9270996451377869}
{"variant": "grow-blind", "train_batch": 4250, "canonical_acc": 0.1875, "one_hop_acc": 0.2656, "link_acc": 0.0312, "monolithic_acc": 0.2188, "hint_active": false, "kept_fraction": 1.0, "mean_kept_lines": 44.44, "canonical_records_by_relation": {"8": 113008, "9": 113819, "10": 45173, "11": 135942}}
{"variant": "grow-blind", "train_batch": 4500, "canonical_acc": 0.2812, "one_hop_acc": 0.3906, "link_acc": 0.0625, "monolithic_acc": 0.3125, "hint_active": false, "kept_fraction": 1.0, "mean_kept_lines": 44.31, "canonical_records_by_relation": {"8": 119749, "9": 120434, "10": 47817, "11": 143942}}
{"arm": "treatment", "seed": 2100, "updates": 4500, "training_seconds": 464.43343895799626, "code_scale": 0.008822735399007797, "entity_output_bias": -1.0063939094543457}
{"variant": "grow-blind", "train_batch": 4750, "canonical_acc": 0.1875, "one_hop_acc": 0.2656, "link_acc": 0.0312, "monolithic_acc": 0.4062, "hint_active": false, "kept_fraction": 1.0, "mean_kept_lines": 44.19, "canonical_records_by_relation": {"8": 126361, "9": 127089, "10": 50550, "11": 151942}}
{"variant": "grow-blind", "train_batch": 5000, "canonical_acc": 0.2396, "one_hop_acc": 0.3281, "link_acc": 0.0625, "monolithic_acc": 0.4062, "hint_active": false, "kept_fraction": 1.0, "mean_kept_lines": 44.69, "canonical_records_by_relation": {"8": 133035, "9": 133708, "10": 53257, "11": 159942}}
{"arm": "treatment", "seed": 2100, "updates": 5000, "training_seconds": 535.6823154169979, "code_scale": 0.0028694020584225655, "entity_output_bias": -1.0521348714828491}
{"variant": "grow-blind", "train_batch": 5250, "canonical_acc": 0.2083, "one_hop_acc": 0.2656, "link_acc": 0.0938, "monolithic_acc": 0.3125, "hint_active": false, "kept_fraction": 1.0, "mean_kept_lines": 44.88, "canonical_records_by_relation": {"8": 139516, "9": 140480, "10": 56004, "11": 167942}}
{"variant": "grow-blind", "train_batch": 5500, "canonical_acc": 0.2708, "one_hop_acc": 0.375, "link_acc": 0.0625, "monolithic_acc": 0.3438, "hint_active": false, "kept_fraction": 1.0, "mean_kept_lines": 44.56, "canonical_records_by_relation": {"8": 146186, "9": 147157, "10": 58657, "11": 175942}}
{"arm": "treatment", "seed": 2100, "updates": 5500, "training_seconds": 609.5144695829949, "code_scale": 0.0019881254993379116, "entity_output_bias": -1.0688687562942505}
{"variant": "grow-blind", "train_batch": 5750, "canonical_acc": 0.2396, "one_hop_acc": 0.3125, "link_acc": 0.0938, "monolithic_acc": 0.3125, "hint_active": false, "kept_fraction": 1.0, "mean_kept_lines": 44.62, "canonical_records_by_relation": {"8": 152952, "9": 153770, "10": 61278, "11": 183942}}
{"variant": "grow-blind", "train_batch": 6000, "canonical_acc": 0.1771, "one_hop_acc": 0.25, "link_acc": 0.0312, "monolithic_acc": 0.375, "hint_active": false, "kept_fraction": 1.0, "mean_kept_lines": 44.75, "canonical_records_by_relation": {"8": 159613, "9": 160421, "10": 63966, "11": 191942}}
{"arm": "treatment", "seed": 2100, "updates": 6000, "training_seconds": 675.1265930829977, "code_scale": 0.0036345506086945534, "entity_output_bias": -1.069075107574463}
{"arm": "treatment", "seed": 2100, "updates": 6000, "seconds": 675.1266176249992, "seconds_per_update": 0.11252110293749987, "trainable_parameters": 78534, "final_fingerprint": "9bd77f0413426e7b99f435c9161cfb33d3a82d82ab46088b27211191e27a329e"}
