{"variant": "grow-blind", "train_batch": 250, "canonical_acc": 0.0521, "one_hop_acc": 0.0469, "link_acc": 0.0625, "monolithic_acc": 0.0938, "hint_active": false, "kept_fraction": 0.0, "mean_kept_lines": 16.0, "canonical_records_by_relation": {"8": 6580, "9": 6726, "10": 2694, "11": 7994}}
{"variant": "grow-blind", "train_batch": 500, "canonical_acc": 0.0729, "one_hop_acc": 0.0625, "link_acc": 0.0938, "monolithic_acc": 0.0625, "hint_active": false, "kept_fraction": 0.0, "mean_kept_lines": 16.0, "canonical_records_by_relation": {"8": 13105, "9": 13486, "10": 5409, "11": 15984}}
{"arm": "treatment", "seed": 2101, "updates": 500, "training_seconds": 34.296173666996765, "code_scale": 0.016215169802308083, "entity_output_bias": 0.2260398417711258}
{"variant": "grow-blind", "train_batch": 750, "canonical_acc": 0.1146, "one_hop_acc": 0.1406, "link_acc": 0.0625, "monolithic_acc": 0.0938, "hint_active": false, "kept_fraction": 0.0, "mean_kept_lines": 16.0, "canonical_records_by_relation": {"8": 19759, "9": 20201, "10": 8040, "11": 23972}}
{"variant": "grow-blind", "train_batch": 1000, "canonical_acc": 0.0625, "one_hop_acc": 0.0938, "link_acc": 0.0, "monolithic_acc": 0.0625, "hint_active": false, "kept_fraction": 0.0, "mean_kept_lines": 16.0, "canonical_records_by_relation": {"8": 26385, "9": 26896, "10": 10719, "11": 31962}}
{"arm": "treatment", "seed": 2101, "updates": 1000, "training_seconds": 67.05386987500242, "code_scale": -0.002044622553512454, "entity_output_bias": -0.045359112322330475}
{"variant": "grow-blind", "train_batch": 1250, "canonical_acc": 0.0417, "one_hop_acc": 0.0469, "link_acc": 0.0312, "monolithic_acc": 0.0, "hint_active": false, "kept_fraction": 0.0, "mean_kept_lines": 16.0, "canonical_records_by_relation": {"8": 33045, "9": 33584, "10": 13371, "11": 39948}}
{"variant": "grow-blind", "train_batch": 1500, "canonical_acc": 0.0833, "one_hop_acc": 0.0781, "link_acc": 0.0938, "monolithic_acc": 0.0, "hint_active": false, "kept_fraction": 0.0, "mean_kept_lines": 16.0, "canonical_records_by_relation": {"8": 39771, "9": 40213, "10": 16016, "11": 47938}}
{"arm": "treatment", "seed": 2101, "updates": 1500, "training_seconds": 100.05621795899788, "code_scale": 0.009065721184015274, "entity_output_bias": -0.3155681788921356}
{"variant": "grow-blind", "train_batch": 1750, "canonical_acc": 0.0938, "one_hop_acc": 0.125, "link_acc": 0.0312, "monolithic_acc": 0.125, "hint_active": false, "kept_fraction": 0.166, "mean_kept_lines": 20.94, "canonical_records_by_relation": {"8": 46566, "9": 46768, "10": 18666, "11": 55924}}
{"variant": "grow-blind", "train_batch": 2000, "canonical_acc": 0.125, "one_hop_acc": 0.1719, "link_acc": 0.0312, "monolithic_acc": 0.2188, "hint_active": false, "kept_fraction": 0.332667, "mean_kept_lines": 25.56, "canonical_records_by_relation": {"8": 53266, "9": 53491, "10": 21243, "11": 63922}}
{"arm": "treatment", "seed": 2101, "updates": 2000, "training_seconds": 139.58644720900338, "code_scale": -0.004018446896225214, "entity_output_bias": -0.5367956757545471}
{"variant": "grow-blind", "train_batch": 2250, "canonical_acc": 0.0729, "one_hop_acc": 0.0781, "link_acc": 0.0625, "monolithic_acc": 0.0625, "hint_active": false, "kept_fraction": 0.499333, "mean_kept_lines": 30.06, "canonical_records_by_relation": {"8": 59932, "9": 60189, "10": 23879, "11": 71922}}
{"variant": "grow-blind", "train_batch": 2500, "canonical_acc": 0.0625, "one_hop_acc": 0.0781, "link_acc": 0.0312, "monolithic_acc": 0.0625, "hint_active": false, "kept_fraction": 0.666, "mean_kept_lines": 35.0, "canonical_records_by_relation": {"8": 66576, "9": 66859, "10": 26565, "11": 79922}}
{"arm": "treatment", "seed": 2101, "updates": 2500, "training_seconds": 191.14337295899895, "code_scale": -0.0018292227759957314, "entity_output_bias": -0.6601216197013855}
{"variant": "grow-blind", "train_batch": 2750, "canonical_acc": 0.0729, "one_hop_acc": 0.0781, "link_acc": 0.0625, "monolithic_acc": 0.0938, "hint_active": false, "kept_fraction": 0.832667, "mean_kept_lines": 39.38, "canonical_records_by_relation": {"8": 73271, "9": 73551, "10": 29178, "11": 87922}}
{"variant": "grow-blind", "train_batch": 3000, "canonical_acc": 0.1354, "one_hop_acc": 0.1562, "link_acc": 0.0938, "monolithic_acc": 0.1875, "hint_active": false, "kept_fraction": 0.999333, "mean_kept_lines": 44.44, "canonical_records_by_relation": {"8": 80008, "9": 80153, "10": 31839, "11": 95922}}
{"arm": "treatment", "seed": 2101, "updates": 3000, "training_seconds": 259.5795572089992, "code_scale": 0.000532504403963685, "entity_output_bias": -0.8539627194404602}
{"variant": "grow-blind", "train_batch": 3250, "canonical_acc": 0.1146, "one_hop_acc": 0.125, "link_acc": 0.0938, "monolithic_acc": 0.1562, "hint_active": false, "kept_fraction": 1.0, "mean_kept_lines": 44.5, "canonical_records_by_relation": {"8": 86766, "9": 86758, "10": 34476, "11": 103922}}
{"variant": "grow-blind", "train_batch": 3500, "canonical_acc": 0.1667, "one_hop_acc": 0.1562, "link_acc": 0.1875, "monolithic_acc": 0.1562, "hint_active": false, "kept_fraction": 1.0, "mean_kept_lines": 44.5, "canonical_records_by_relation": {"8": 93495, "9": 93429, "10": 37076, "11": 111922}}
{"arm": "treatment", "seed": 2101, "updates": 3500, "training_seconds": 326.8850115840032, "code_scale": 0.007829420268535614, "entity_output_bias": -0.9920551180839539}
{"variant": "grow-blind", "train_batch": 3750, "canonical_acc": 0.0729, "one_hop_acc": 0.0938, "link_acc": 0.0312, "monolithic_acc": 0.1562, "hint_active": false, "kept_fraction": 1.0, "mean_kept_lines": 44.44, "canonical_records_by_relation": {"8": 100237, "9": 100110, "10": 39653, "11": 119922}}
{"variant": "grow-blind", "train_batch": 4000, "canonical_acc": 0.0625, "one_hop_acc": 0.0625, "link_acc": 0.0625, "monolithic_acc": 0.0625, "hint_active": false, "kept_fraction": 1.0, "mean_kept_lines": 44.31, "canonical_records_by_relation": {"8": 106941, "9": 106738, "10": 42321, "11": 127922}}
{"arm": "treatment", "seed": 2101, "updates": 4000, "training_seconds": 394.3513305000015, "code_scale": -0.0013886811211705208, "entity_output_bias": -1.1338082551956177}
{"variant": "grow-blind", "train_batch": 4250, "canonical_acc": 0.0938, "one_hop_acc": 0.1094, "link_acc": 0.0625, "monolithic_acc": 0.125, "hint_active": false, "kept_fraction": 1.0, "mean_kept_lines": 44.44, "canonical_records_by_relation": {"8": 113513, "9": 113399, "10": 45088, "11": 135922}}
{"variant": "grow-blind", "train_batch": 4500, "canonical_acc": 0.1146, "one_hop_acc": 0.1562, "link_acc": 0.0312, "monolithic_acc": 0.1562, "hint_active": false, "kept_fraction": 1.0, "mean_kept_lines": 44.31, "canonical_records_by_relation": {"8": 120254, "9": 120014, "10": 47732, "11": 143922}}
{"arm": "treatment", "seed": 2101, "updates": 4500, "training_seconds": 465.2922437090019, "code_scale": 0.0027767138089984655, "entity_output_bias": -1.3690056800842285}
{"variant": "grow-blind", "train_batch": 4750, "canonical_acc": 0.1146, "one_hop_acc": 0.1719, "link_acc": 0.0, "monolithic_acc": 0.1875, "hint_active": false, "kept_fraction": 1.0, "mean_kept_lines": 44.19, "canonical_records_by_relation": {"8": 126866, "9": 126669, "10": 50465, "11": 151922}}
{"variant": "grow-blind", "train_batch": 5000, "canonical_acc": 0.0625, "one_hop_acc": 0.0938, "link_acc": 0.0, "monolithic_acc": 0.0938, "hint_active": false, "kept_fraction": 1.0, "mean_kept_lines": 44.69, "canonical_records_by_relation": {"8": 133540, "9": 133288, "10": 53172, "11": 159922}}
{"arm": "treatment", "seed": 2101, "updates": 5000, "training_seconds": 536.6181284170016, "code_scale": -0.003629653947427869, "entity_output_bias": -1.4352762699127197}
{"variant": "grow-blind", "train_batch": 5250, "canonical_acc": 0.0833, "one_hop_acc": 0.0938, "link_acc": 0.0625, "monolithic_acc": 0.125, "hint_active": false, "kept_fraction": 1.0, "mean_kept_lines": 44.88, "canonical_records_by_relation": {"8": 140021, "9": 140060, "10": 55919, "11": 167922}}
{"variant": "grow-blind", "train_batch": 5500, "canonical_acc": 0.0729, "one_hop_acc": 0.1094, "link_acc": 0.0, "monolithic_acc": 0.0938, "hint_active": false, "kept_fraction": 1.0, "mean_kept_lines": 44.56, "canonical_records_by_relation": {"8": 146691, "9": 146737, "10": 58572, "11": 175922}}
{"arm": "treatment", "seed": 2101, "updates": 5500, "training_seconds": 610.2390377499978, "code_scale": -0.00021080458827782422, "entity_output_bias": -1.4500150680541992}
{"variant": "grow-blind", "train_batch": 5750, "canonical_acc": 0.0625, "one_hop_acc": 0.0938, "link_acc": 0.0, "monolithic_acc": 0.125, "hint_active": false, "kept_fraction": 1.0, "mean_kept_lines": 44.62, "canonical_records_by_relation": {"8": 153457, "9": 153350, "10": 61193, "11": 183922}}
{"variant": "grow-blind", "train_batch": 6000, "canonical_acc": 0.1146, "one_hop_acc": 0.1406, "link_acc": 0.0625, "monolithic_acc": 0.125, "hint_active": false, "kept_fraction": 1.0, "mean_kept_lines": 44.75, "canonical_records_by_relation": {"8": 160118, "9": 160001, "10": 63881, "11": 191922}}
{"arm": "treatment", "seed": 2101, "updates": 6000, "training_seconds": 675.995452916999, "code_scale": 0.0005353764863684773, "entity_output_bias": -1.4477415084838867}
{"arm": "treatment", "seed": 2101, "updates": 6000, "seconds": 675.9954773339996, "seconds_per_update": 0.11266591288899994, "trainable_parameters": 78534, "final_fingerprint": "c694c5259cdc050f6c480919aac01fee068f678051bdd8fabd3a4ba683f1832c"}
