{
  "path": "artifacts/sol-compose-20260929/sol_compose_awake_payload.tar.gz",
  "sha256": "dd4bd4c5f9bca3669af84bc07881294010e8adc7fe35a26637eb9998608f6bb4",
  "bytes": 45970,
  "uncompressed_bytes": 142293,
  "entries": [
    "scripts/sol_compose_awake.py",
    "scripts/sol_compose_context.py",
    "scripts/sol_compose_contracts.py",
    "scripts/sol_compose_data.py",
    "scripts/sol_compose_model.py",
    "scripts/sol_compose_notebook.py",
    "scripts/sol_compose_run.py",
    "scripts/sol_compose_stage.py",
    "artifacts/sol-compose-20260929/dependencies/sol_compose_numeric_relation.py",
    "artifacts/sol-compose-20260929/dependencies/sol_compose_record_atom.py",
    "artifacts/sol-compose-20260929/dependencies/sol_compose_source_interface.py",
    "artifacts/sol-compose-20260929/SPEC.json",
    "artifacts/sol-compose-20260929/PASSMARKS.md",
    "artifacts/sol-compose-20260929/SPEC-AWAKE.json",
    "artifacts/sol-compose-20260929/ADDENDUM-AWAKE.md",
    "artifacts/sol-compose-20260929/API.md",
    "artifacts/sol-compose-20260929/NOTEBOOK-SCHEMA.md",
    "artifacts/sol-compose-20260929/CANDIDATE-EXTENSION.md",
    "artifacts/sol-compose-20260929/dependencies/PROVENANCE.json",
    "artifacts/sol-compose-20260929/queue-sol-compose-awake-20260929-benspc.md",
    "handoff/queue/sol-compose-awake-20260929-benspc.md",
    "artifacts/sol-compose-20260929/SEAL-AWAKE.json"
  ],
  "contains_weights": false
}
