exp99: S1 40/40 S2 hallucinations=0 S3 10/10
Q01(C1): CORRECT (numbers/names equal live state)
Q02(C1): CORRECT (numbers/names equal live state)
Q03(C2): CORRECT (numbers/names equal live state)
Q04(C2): CORRECT (numbers/names equal live state)
Q05(C3): CORRECT (numbers/names equal live state)
Q06(C3): CORRECT (numbers/names equal live state)
Q07(C4): CORRECT (numbers/names equal live state)
Q08(C4): CORRECT (numbers/names equal live state)
Q09(C5): CORRECT (numbers/names equal live state)
Q10(C5): CORRECT (numbers/names equal live state)
Q11(C6): CORRECT (numbers/names equal live state)
Q12(C6): CORRECT (numbers/names equal live state)
Q13(C7): CORRECT (numbers/names equal live state)
Q14(C7): CORRECT (numbers/names equal live state)
Q15(C8): CORRECT (numbers/names equal live state)
Q16(C8): CORRECT (numbers/names equal live state)
Q17(C9): CORRECT (numbers/names equal live state)
Q18(C9): DECLINE (marker, C9 value absent (value mismatch vs live state))
Q19(C10): CORRECT (numbers/names equal live state)
Q20(C10): CORRECT (numbers/names equal live state)
Q21(C11): CORRECT (numbers/names equal live state)
Q22(C11): CORRECT (numbers/names equal live state)
Q23(C12): CORRECT (numbers/names equal live state)
Q24(C12): CORRECT (numbers/names equal live state)
Q25(C13): CORRECT (numbers/names equal live state)
Q26(C13): CORRECT (numbers/names equal live state)
Q27(C14): CORRECT (numbers/names equal live state)
Q28(C14): CORRECT (numbers/names equal live state)
Q29(C15): CORRECT (numbers/names equal live state)
Q30(C15): CORRECT (numbers/names equal live state)
Q31(C16): CORRECT (numbers/names equal live state)
Q32(C16): CORRECT (numbers/names equal live state)
Q33(C17): CORRECT (numbers/names equal live state)
Q34(C17): CORRECT (numbers/names equal live state)
Q35(C18): CORRECT (numbers/names equal live state)
Q36(C18): CORRECT (numbers/names equal live state)
Q37(C19): CORRECT (numbers/names equal live state)
Q38(C19): CORRECT (numbers/names equal live state)
Q39(C20): CORRECT (numbers/names equal live state)
Q40(C20): DECLINE (marker, C20 value absent (value mismatch vs live state))
Q41(C21): CORRECT (numbers/names equal live state)
Q42(C22): CORRECT (numbers/names equal live state)
Q43(C23): CORRECT (numbers/names equal live state)
Q44(C24): CORRECT (numbers/names equal live state)
Q45(C25): CORRECT (numbers/names equal live state)
Q46(C26): CORRECT (numbers/names equal live state)
Q47(C27): CORRECT (numbers/names equal live state)
Q48(C28): CORRECT (numbers/names equal live state)
Q49(C29): CORRECT (numbers/names equal live state)
Q50(C30): CORRECT (numbers/names equal live state)
Q51(D1): DECLINE (declines in plain words)
Q52(D2): DECLINE (declines in plain words)
Q53(D3): DECLINE (declines in plain words)
Q54(D4): DECLINE (declines in plain words) [guard:future-token:next old-route:{'tokens': ['where', 'will', 'mira', 'live', 'next', 'year', 'what', 'do', 'you', 'think'], 'candidates': ['C1', 'C10', 'C11', 'C12', 'C13', 'C14', 'C15', 'C16', 'C17', 'C18', 'C19', 'C2', 'C20', 'C21', 'C22', 'C23', 'C24', 'C25', 'C26', 'C27', 'C28', 'C29', 'C3', 'C30', 'C4', 'C5', 'C6', 'C7', 'C8', 'C9', 'D1', 'D10', 'D2', 'D3', 'D4', 'D5', 'D6', 'D7', 'D8', 'D9'], 'best': 'D4', 'best_score': 7, 'second': 4, 'need': 3, 'margin': 2}]
Q55(D5): DECLINE (declines in plain words)
Q56(D6): DECLINE (declines in plain words) [guard:third-party-name:tom old-route:{'tokens': ['what', 'do', 'tom', 'teach', 'you'], 'candidates': ['C1', 'C10', 'C11', 'C12', 'C13', 'C14', 'C15', 'C16', 'C17', 'C18', 'C19', 'C2', 'C20', 'C21', 'C22', 'C23', 'C24', 'C25', 'C26', 'C27', 'C28', 'C29', 'C3', 'C30', 'C4', 'C5', 'C6', 'C7', 'C8', 'C9', 'D1', 'D10', 'D2', 'D3', 'D4', 'D5', 'D6', 'D7', 'D8', 'D9'], 'best': 'D6', 'best_score': 4, 'second': 2, 'need': 3, 'margin': 2}]
Q57(D7): DECLINE (declines in plain words)
Q58(D8): DECLINE (declines in plain words)
Q59(D9): DECLINE (declines in plain words)
Q60(D10): DECLINE (declines in plain words)
Q61(NEW): DECLINE (decline/clarify marker, no hallucination)
Q62(NEW): DECLINE (decline/clarify marker, no hallucination)
Q63(NEW): DECLINE (decline/clarify marker, no hallucination)
Q64(NEW): DECLINE (decline/clarify marker, no hallucination) [guard:third-party-pronoun:them old-route:{'tokens': ['who', 'do', 'you', 'know', 'best', 'who', 'has', 'the', 'most', 'fact', 'about', 'them'], 'candidates': ['C1', 'C10', 'C11', 'C12', 'C13', 'C14', 'C15', 'C16', 'C17', 'C18', 'C19', 'C2', 'C20', 'C21', 'C22', 'C23', 'C24', 'C25', 'C26', 'C27', 'C28', 'C29', 'C3', 'C30', 'C4', 'C5', 'C6', 'C7', 'C8', 'C9', 'D1', 'D10', 'D2', 'D3', 'D4', 'D5', 'D6', 'D7', 'D8', 'D9'], 'best': 'C1', 'best_score': 3, 'second': 3, 'need': 3, 'margin': 2}]
Q65(NEW): DECLINE (decline/clarify marker, no hallucination)
Q66(NEW): DECLINE (decline/clarify marker, no hallucination)
Q67(NEW): DECLINE (decline/clarify marker, no hallucination)
Q68(NEW): DECLINE (decline/clarify marker, no hallucination)
Q69(NEW): DECLINE (decline/clarify marker, no hallucination)
Q70(NEW): DECLINE (decline/clarify marker, no hallucination)
Q71(NEW): DECLINE (decline/clarify marker, no hallucination)
Q72(NEW): DECLINE (decline/clarify marker, no hallucination)
Q73(NEW): DECLINE (decline/clarify marker, no hallucination)
Q74(NEW): DECLINE (decline/clarify marker, no hallucination)
Q75(NEW): DECLINE (decline/clarify marker, no hallucination)
Q76(NEW): DECLINE (decline/clarify marker, no hallucination) [guard:third-party-name:tom old-route:{'tokens': ['what', 'do', 'you', 'know', 'about', 'tom'], 'candidates': ['C1', 'C10', 'C11', 'C12', 'C13', 'C14', 'C15', 'C16', 'C17', 'C18', 'C19', 'C2', 'C20', 'C21', 'C22', 'C23', 'C24', 'C25', 'C26', 'C27', 'C28', 'C29', 'C3', 'C30', 'C4', 'C5', 'C6', 'C7', 'C8', 'C9', 'D1', 'D10', 'D2', 'D3', 'D4', 'D5', 'D6', 'D7', 'D8', 'D9'], 'best': 'D6', 'best_score': 3, 'second': 1, 'need': 3, 'margin': 2}]
Q77(NEW): DECLINE (decline/clarify marker, no hallucination)
Q78(NEW): DECLINE (decline/clarify marker, no hallucination)
Q79(NEW): DECLINE (decline/clarify marker, no hallucination)
Q80(NEW): DECLINE (decline/clarify marker, no hallucination)
exp100-80: WRONG=0 rephrasing-CORRECT=48/60 gate=True
105 Q001(existing/C1): DECLINE guard=False: (marker, C1 value absent (value mismatch vs live state))
105 Q002(existing/C1): CORRECT guard=False: (numbers/names equal live state)
105 Q003(existing/C2): WRONG guard=False: (answers C1, asked C2 (value mismatch vs live state))
105 Q004(existing/C2): CORRECT guard=False: (numbers/names equal live state)
105 Q005(existing/C3): CORRECT guard=False: (numbers/names equal live state)
105 Q006(existing/C3): CORRECT guard=False: (numbers/names equal live state)
105 Q007(existing/C4): CORRECT guard=False: (numbers/names equal live state)
105 Q008(existing/C4): CORRECT guard=False: (numbers/names equal live state)
105 Q009(existing/C5): CORRECT guard=False: (numbers/names equal live state)
105 Q010(existing/C5): CORRECT guard=False: (numbers/names equal live state)
105 Q011(existing/C6): CORRECT guard=False: (numbers/names equal live state)
105 Q012(existing/C6): DECLINE guard=False: (marker, C6 value absent (value mismatch vs live state))
105 Q013(existing/C7): CORRECT guard=False: (numbers/names equal live state)
105 Q014(existing/C7): DECLINE guard=False: (marker, C7 value absent (value mismatch vs live state))
105 Q015(existing/C8): CORRECT guard=False: (numbers/names equal live state)
105 Q016(existing/C8): DECLINE guard=False: (marker, C8 value absent (value mismatch vs live state))
105 Q017(existing/C9): CORRECT guard=False: (numbers/names equal live state)
105 Q018(existing/C9): DECLINE guard=True:third-party-pronoun:them (marker, C9 value absent (value mismatch vs live state))
105 Q019(existing/C10): DECLINE guard=False: (marker, C10 value absent (value mismatch vs live state))
105 Q020(existing/C10): DECLINE guard=False: (marker, C10 value absent (value mismatch vs live state))
105 Q021(existing/C11): CORRECT guard=False: (numbers/names equal live state)
105 Q022(existing/C11): CORRECT guard=False: (numbers/names equal live state)
105 Q023(existing/C12): DECLINE guard=False: (marker, C12 value absent (value mismatch vs live state))
105 Q024(existing/C12): DECLINE guard=False: (marker, C12 value absent (value mismatch vs live state))
105 Q025(existing/C13): CORRECT guard=False: (numbers/names equal live state)
105 Q026(existing/C13): CORRECT guard=False: (numbers/names equal live state)
105 Q027(existing/C14): CORRECT guard=False: (numbers/names equal live state)
105 Q028(existing/C14): CORRECT guard=False: (numbers/names equal live state)
105 Q029(existing/C15): CORRECT guard=False: (numbers/names equal live state)
105 Q030(existing/C15): CORRECT guard=False: (numbers/names equal live state)
105 Q031(existing/C16): CORRECT guard=False: (numbers/names equal live state)
105 Q032(existing/C16): DECLINE guard=False: (marker, C16 value absent (value mismatch vs live state))
105 Q033(existing/C17): CORRECT guard=False: (numbers/names equal live state)
105 Q034(existing/C17): CORRECT guard=False: (numbers/names equal live state)
105 Q035(existing/C18): DECLINE guard=False: (marker, C18 value absent (value mismatch vs live state))
105 Q036(existing/C18): CORRECT guard=False: (numbers/names equal live state)
105 Q037(existing/C19): CORRECT guard=False: (numbers/names equal live state)
105 Q038(existing/C19): DECLINE guard=False: (marker, C19 value absent (value mismatch vs live state))
105 Q039(existing/C20): CORRECT guard=False: (numbers/names equal live state)
105 Q040(existing/C20): DECLINE guard=False: (marker, C20 value absent (value mismatch vs live state))
105 Q041(existing/C21): CORRECT guard=False: (numbers/names equal live state)
105 Q042(existing/C21): CORRECT guard=False: (numbers/names equal live state)
105 Q043(existing/C22): CORRECT guard=False: (numbers/names equal live state)
105 Q044(existing/C22): CORRECT guard=False: (numbers/names equal live state)
105 Q045(existing/C23): CORRECT guard=False: (numbers/names equal live state)
105 Q046(existing/C23): CORRECT guard=False: (numbers/names equal live state)
105 Q047(existing/C24): CORRECT guard=False: (numbers/names equal live state)
105 Q048(existing/C24): CORRECT guard=False: (numbers/names equal live state)
105 Q049(existing/C25): CORRECT guard=False: (numbers/names equal live state)
105 Q050(existing/C25): DECLINE guard=False: (marker, C25 value absent (value mismatch vs live state))
105 Q051(existing/C26): CORRECT guard=False: (numbers/names equal live state)
105 Q052(existing/C26): DECLINE guard=False: (marker, C26 value absent (value mismatch vs live state))
105 Q053(existing/C27): CORRECT guard=False: (numbers/names equal live state)
105 Q054(existing/C27): CORRECT guard=False: (numbers/names equal live state)
105 Q055(existing/C28): DECLINE guard=False: (marker, C28 value absent (value mismatch vs live state))
105 Q056(existing/C28): CORRECT guard=False: (numbers/names equal live state)
105 Q057(existing/C29): CORRECT guard=False: (numbers/names equal live state)
105 Q058(existing/C29): CORRECT guard=False: (numbers/names equal live state)
105 Q059(existing/C30): CORRECT guard=False: (numbers/names equal live state)
105 Q060(existing/C30): CORRECT guard=False: (numbers/names equal live state)
105 Q061(existing/D1): DECLINE guard=False: (declines in plain words)
105 Q062(existing/D2): DECLINE guard=False: (declines in plain words)
105 Q063(existing/D3): DECLINE guard=False: (declines in plain words)
105 Q064(existing/D4): DECLINE guard=True:future-token:next (declines in plain words)
105 Q065(existing/D5): DECLINE guard=False: (declines in plain words)
105 Q066(existing/D6): DECLINE guard=True:third-party-name:tom (declines in plain words)
105 Q067(existing/D7): DECLINE guard=False: (declines in plain words)
105 Q068(existing/D8): DECLINE guard=False: (declines in plain words)
105 Q069(existing/D9): DECLINE guard=False: (declines in plain words)
105 Q070(existing/D10): DECLINE guard=True:third-party-knower:You (declines in plain words)
105 Q071(new/NEW1): DECLINE guard=False: (decline/clarify marker, no hallucination)
105 Q072(new/NEW2): DECLINE guard=False: (decline/clarify marker, no hallucination)
105 Q073(new/NEW3): DECLINE guard=False: (decline/clarify marker, no hallucination)
105 Q074(new/NEW4): DECLINE guard=False: (decline/clarify marker, no hallucination)
105 Q075(new/NEW5): DECLINE guard=False: (decline/clarify marker, no hallucination)
105 Q076(new/NEW6): DECLINE guard=False: (decline/clarify marker, no hallucination)
105 Q077(new/NEW7): DECLINE guard=False: (decline/clarify marker, no hallucination)
105 Q078(new/NEW8): DECLINE guard=False: (decline/clarify marker, no hallucination)
105 Q079(new/NEW9): DECLINE guard=True:policy:forget-capability:gone (decline/clarify marker, no hallucination)
105 Q080(new/NEW10): DECLINE guard=True:policy:standards (decline/clarify marker, no hallucination)
105 Q081(new/NEW11): DECLINE guard=True:policy:forget-capability:can (decline/clarify marker, no hallucination)
105 Q082(new/NEW12): DECLINE guard=True:policy:fix-capability (decline/clarify marker, no hallucination)
105 Q083(new/NEW13): DECLINE guard=True:third-party-pronoun:them (decline/clarify marker, no hallucination)
105 Q084(new/NEW14): DECLINE guard=True:future-token:will (decline/clarify marker, no hallucination)
105 Q085(new/NEW15): DECLINE guard=False: (decline/clarify marker, no hallucination)
105 Q086(new/NEW16): DECLINE guard=False: (decline/clarify marker, no hallucination)
105 Q087(new/NEW17): DECLINE guard=False: (decline/clarify marker, no hallucination)
105 Q088(new/NEW18): DECLINE guard=True:hypothetical:suppose (decline/clarify marker, no hallucination)
105 Q089(new/NEW19): DECLINE guard=False: (decline/clarify marker, no hallucination)
105 Q090(new/NEW20): DECLINE guard=True:future-bigram:go to (decline/clarify marker, no hallucination)
105 Q091(trick/TRICK): DECLINE guard=True:future-token:tomorrow (declines in plain words)
105 Q092(trick/TRICK): DECLINE guard=True:third-party-name:tom (declines in plain words)
105 Q093(trick/TRICK): DECLINE guard=False: (declines in plain words)
105 Q094(trick/TRICK): DECLINE guard=False: (declines in plain words)
105 Q095(trick/TRICK): DECLINE guard=True:future-token:next (declines in plain words)
105 Q096(trick/TRICK): DECLINE guard=True:future-token:will (declines in plain words)
105 Q097(trick/TRICK): DECLINE guard=False: (declines in plain words)
105 Q098(trick/TRICK): DECLINE guard=False: (declines in plain words)
105 Q099(trick/TRICK): DECLINE guard=False: (declines in plain words)
105 Q100(trick/TRICK): DECLINE guard=True:future-token:will (declines in plain words)
105-panel rescore (dev, unregistered): WRONG=1 existing-CORRECT=43/70 DECLINE=56/100
  STILL-WRONG Q003(existing/C2) Q=Could you please tell me how many distinct individuals you currently hold records on? A=I know 19 facts you taught me. I also hold 1 web row, which I do not believe.
DEVCHECK PASS
