[4702] step200 tokens/s=19634 sec/step=0.055 projected_total=8.1min
[4702] step 200/8808 loss 6.7333 0.055s/step
[4702] step 400/8808 loss 6.0847 0.055s/step
[4702] step 600/8808 loss 4.1134 0.055s/step
[4702] step 800/8808 loss 6.4251 0.055s/step
[4702] step 1000/8808 loss 4.6244 0.054s/step
[4702] step 1200/8808 loss 5.4007 0.054s/step
[4702] step 1400/8808 loss 2.9102 0.054s/step
[4702] step 1600/8808 loss 4.6828 0.054s/step
[4702] step 1800/8808 loss 3.7360 0.054s/step
[4702] step 2000/8808 loss 5.3493 0.054s/step
[4702] step 2200/8808 loss 4.6959 0.054s/step
[4702] step 2400/8808 loss 4.9890 0.054s/step
[4702] step 2600/8808 loss 4.5487 0.054s/step
[4702] step 2800/8808 loss 4.6360 0.054s/step
[4702] step 3000/8808 loss 4.2759 0.054s/step
[4702] step 3200/8808 loss 3.7154 0.054s/step
[4702] step 3400/8808 loss 4.2515 0.054s/step
[4702] step 3600/8808 loss 3.4072 0.054s/step
[4702] step 3800/8808 loss 5.2386 0.054s/step
[4702] step 4000/8808 loss 2.1222 0.054s/step
[4702] step 4200/8808 loss 4.3686 0.054s/step
[4702] step 4400/8808 loss 3.7713 0.054s/step
[4702] step 4600/8808 loss 3.5060 0.054s/step
[4702] step 4800/8808 loss 3.1378 0.054s/step
[4702] step 5000/8808 loss 3.7197 0.054s/step
[4702] step 5200/8808 loss 2.9111 0.054s/step
[4702] step 5400/8808 loss 2.0413 0.054s/step
[4702] step 5600/8808 loss 5.1201 0.054s/step
[4702] step 5800/8808 loss 2.7397 0.054s/step
[4702] step 6000/8808 loss 3.1145 0.054s/step
[4702] step 6200/8808 loss 3.1618 0.054s/step
[4702] step 6400/8808 loss 3.3131 0.054s/step
[4702] step 6600/8808 loss 3.0709 0.054s/step
[4702] step 6800/8808 loss 3.8792 0.054s/step
[4702] step 7000/8808 loss 2.6453 0.054s/step
[4702] step 7200/8808 loss 3.2051 0.054s/step
[4702] step 7400/8808 loss 2.0572 0.054s/step
[4702] step 7600/8808 loss 4.5642 0.054s/step
[4702] step 7800/8808 loss 1.8103 0.054s/step
[4702] step 8000/8808 loss 3.0136 0.054s/step
[4702] step 8200/8808 loss 3.2453 0.054s/step
[4702] step 8400/8808 loss 4.6365 0.054s/step
[4702] step 8600/8808 loss 3.2479 0.054s/step
[4702] step 8800/8808 loss 3.6757 0.054s/step
[4702] step 8808/8808 loss 0.9483 0.054s/step
{
 "seed": 4702,
 "epochs": 2,
 "batch": 32,
 "lr": 3e-05,
 "steps": 8808,
 "params": 109664018,
 "params_trainable": 109664018,
 "pool": 140903,
 "device": "cuda",
 "sec_per_step": 0.054127056148244944,
 "train_sec": 476.75111055374146,
 "data_sec": 4.260286331176758,
 "dev_act_acc": 0.89013671875,
 "tokens_per_sec_200": 19634.219602472804,
 "projected_min": 7.945851842562358,
 "temps": [
  2.162179708480835,
  1.0766870975494385,
  1.7876286506652832,
  1.5873342752456665,
  0.22313034534454346,
  1.0
 ],
 "freeze_layers": 0
}
