05:49:18 warm {'updates': 256, 'records': 2048, 'visits': 4, 'last_loss': 1.4406113624572754} 523
05:57:43 N built {'updates': 256, 'records': 2048, 'last_loss': 0.2903839349746704} 1028
05:59:09 T 0.5 {'verdict': 'stop: cold start and sameness', 'reach32': 0.05078125, 'floor_reach32': 0.04824614113521625, 'reach4': 0.03515625, 'luck': 0.01953125, 'distinct_rules': 2.796875}
06:00:36 T 0.7 {'verdict': 'stop: cold start and sameness', 'reach32': 0.0859375, 'floor_reach32': 0.04824614113521625, 'reach4': 0.03515625, 'luck': 0.0186767578125, 'distinct_rules': 3.78125}
06:02:04 T 1.0 {'verdict': 'stop: cold start (stepping stones first)', 'reach32': 0.12109375, 'floor_reach32': 0.04824614113521625, 'reach4': 0.04296875, 'luck': 0.015380859375, 'distinct_rules': 5.7109375}
06:03:41 T 1.4 {'verdict': 'pass', 'reach32': 0.1875, 'floor_reach32': 0.04824614113521625, 'reach4': 0.046875, 'luck': 0.015380859375, 'distinct_rules': 8.6328125}
06:05:10 T 2.0 {'verdict': 'pass', 'reach32': 0.25390625, 'floor_reach32': 0.04824614113521625, 'reach4': 0.046875, 'luck': 0.01513671875, 'distinct_rules': 12.69921875}
06:06:36 T 3.0 {'verdict': 'pass', 'reach32': 0.296875, 'floor_reach32': 0.04824614113521625, 'reach4': 0.05859375, 'luck': 0.0166015625, 'distinct_rules': 16.796875}
06:07:55 T 4.0 {'verdict': 'pass', 'reach32': 0.2421875, 'floor_reach32': 0.04824614113521625, 'reach4': 0.03125, 'luck': 0.0107421875, 'distinct_rules': 15.453125}
06:09:11 T 6.0 {'verdict': 'stop: cold start (stepping stones first)', 'reach32': 0.11328125, 'floor_reach32': 0.04824614113521625, 'reach4': 0.015625, 'luck': 0.0042724609375, 'distinct_rules': 9.7421875}
06:09:13 pool T 3.0
06:15:03 setup done {'diag': {'n_W': 322, 'n_R': 322, 'short': {}, 'hindsight_fits': 1.0}, 'n_W': 322, 'n_PC': 322, 'questions_with_W': 286} 2068
06:15:22 N {'dev': {'right': 0.01953125, 'fits': 0.0234375, 'by_kind': {'affine': 0.0385, 'square': 0.0, 'sq_plus': 0.0, 'last_digit': 0.0, 'double_add': 0.0588}}, 'skills5': 0.991, 'n_W': 322, 'n_PC': 322, 'T': 3.0}
06:23:04 PC ft {'lr': 0.0003, 'visits': 16} {'sleep_tflops': 30.191045312512, 'seconds': 449.9, 'gain_points': 40.234375, 'skills_harm_points': 0.10000000000000009} {'affine': 0.0, 'square': 0.9608, 'sq_plus': 0.0196, 'last_digit': 1.0, 'double_add': 0.1373}
06:30:56 PC ft {'lr': 0.001, 'visits': 16} {'sleep_tflops': 30.191045312512, 'seconds': 458.6, 'gain_points': 39.453125, 'skills_harm_points': 1.4000000000000012} {'affine': 0.0, 'square': 0.9804, 'sq_plus': 0.0196, 'last_digit': 1.0, 'double_add': 0.0784}
06:30:56 B {'method': 'ft', 'kw': {'lr': 0.0003, 'visits': 16}, 'within_harm': True, 'tie_reach4': {}}
STAGE s205 base exit 0
06:31:56 W knn {'c': 50.0, 'theta': 0.9, 'cal': 0.99, 'old': 512} {'sleep_tflops': 0.98349581568, 'seconds': 37.8, 'gain_points': 32.03125, 'skills_harm_points': 3.8999999999999924} {'affine': 0.0, 'square': 0.8824, 'sq_plus': 0.0, 'last_digit': 0.7647, 'double_add': 0.0588}
06:39:24 W ft {'lr': 0.0003, 'visits': 16} {'sleep_tflops': 30.191045312512, 'seconds': 434.1, 'gain_points': 35.9375, 'skills_harm_points': -0.10000000000000009} {'affine': 0.0, 'square': 0.9804, 'sq_plus': 0.0, 'last_digit': 0.8235, 'double_add': 0.098}
STAGE s205 W exit 0
06:40:25 R knn {'c': 50.0, 'theta': 0.9, 'cal': 0.99, 'old': 512} {'sleep_tflops': 0.98349581568, 'seconds': 39.1, 'gain_points': -1.953125, 'skills_harm_points': 7.300000000000006} {'affine': 0.0, 'square': 0.0, 'sq_plus': 0.0, 'last_digit': 0.0, 'double_add': 0.0}
STAGE s205 R exit 0
06:44:04 N {'practised': {'reach32': 0.1328125, 'first_sample': 0.01953125, 'greedy_right': 0.01171875}, 'dev_search': {'reach4': 0.05859375, 'reach32': 0.296875, 'luck': 0.0166015625}}
06:47:23 W knn {'c': 50.0, 'theta': 0.9, 'cal': 0.99, 'old': 512} {'reach32': 0.41796875, 'first_sample': 0.390625, 'greedy_right': 0.38671875} {'reach4': 0.375, 'reach32': 0.40234375, 'luck': 0.325927734375}
06:55:36 W ft {'lr': 0.0003, 'visits': 16} {'reach32': 0.09375, 'first_sample': 0.01953125, 'greedy_right': 0.01953125} {'reach4': 0.27734375, 'reach32': 0.44921875, 'luck': 0.1307373046875}
06:55:36 CONFIRM PARENT DONE /mnt/project-files/fast-sleep/confirm/s205
STAGE s205 old exit 0
