[names 4301] step 0 loss 37.6871 0.337s/upd
[names 4301] step 200 loss 4.0491 0.154s/upd
[names 4301] step 400 loss 0.2380 0.143s/upd
[names 4301] step 600 loss 0.1176 0.138s/upd
[names 4301] step 800 loss 0.0604 0.136s/upd
[names 4301] step 1000 loss 0.1176 0.138s/upd
[names 4301] step 1200 loss 0.0146 0.142s/upd
[names 4301] step 1400 loss 0.0556 0.141s/upd
[names 4301] step 1600 loss 0.0021 0.140s/upd
[names 4301] step 1800 loss 0.0290 0.139s/upd
[names 4301] step 2000 loss 0.1148 0.137s/upd
[names 4301] step 2200 loss 0.0022 0.138s/upd
[names 4301] step 2400 loss 0.0012 0.138s/upd
[names 4301] step 2600 loss 0.0004 0.137s/upd
[names 4301] step 2800 loss 0.0024 0.136s/upd
[names 4301] step 3000 loss 0.0001 0.136s/upd
[names 4301] step 3200 loss 0.0001 0.136s/upd
[names 4301] step 3400 loss 0.0006 0.136s/upd
[names 4301] step 3600 loss 0.0009 0.136s/upd
[names 4301] step 3800 loss 0.0044 0.136s/upd
[names 4301] step 4000 loss 0.0002 0.136s/upd
[names 4301] step 4200 loss 0.0002 0.136s/upd
[names 4301] step 4400 loss 0.0000 0.135s/upd
[names 4301] step 4600 loss 0.0001 0.136s/upd
[names 4301] step 4800 loss 0.0003 0.135s/upd
[names 4301] step 5000 loss 0.0001 0.135s/upd
[names 4301] step 5200 loss 0.0002 0.135s/upd
[names 4301] step 5400 loss 0.0001 0.135s/upd
[names 4301] step 5600 loss 0.0002 0.135s/upd
[names 4301] step 5800 loss 0.0001 0.136s/upd
[names 4301] step 6000 loss 0.0001 0.136s/upd
[names 4301] step 6200 loss 0.0001 0.136s/upd
[names 4301] step 6400 loss 0.0000 0.137s/upd
[names 4301] step 6600 loss 0.0000 0.138s/upd
[names 4301] step 6800 loss 0.0000 0.139s/upd
[names 4301] step 7000 loss 0.0001 0.139s/upd
[names 4301] step 7200 loss 0.0001 0.139s/upd
[names 4301] step 7400 loss 0.0001 0.139s/upd
[names 4301] step 7600 loss 0.0000 0.139s/upd
[names 4301] step 7800 loss 0.0001 0.139s/upd
[names 4301] step 7999 loss 0.0000 0.139s/upd
{
 "arm": "names",
 "seed": 4301,
 "updates": 8000,
 "batch": 128,
 "params": 635157,
 "pool": 60000,
 "sec_per_update": 0.13883508774638176,
 "train_sec": 1110.680701971054,
 "data_sec": 8.175276041030884,
 "dev_act_acc": 0.9775,
 "temps": [
  4.481685638427734,
  4.481685638427734,
  4.0388407707214355,
  1.3228713274002075,
  4.481685638427734,
  0.3667340874671936
 ],
 "lexicon_sha": "552899c55ae3a0f00f6a5c8423e6101e9b73ad0cd6bcccd38b3471ca119029db",
 "split_sha": "41d7e588dd0b2f3c3fb0ebb78855d5685baa990cadb29f57307f8c5c850e7869"
}
