[119f] pool build Tue 09/22/2026  9:43:03.67 
pool119f kept=141398 dropped=119 synth=60000 occ=5000 webred=81398 steps=8838 -> C:\Users\benja\ears119f\pool119f.jsonl
[119f] seed 11911 Tue 09/22/2026  9:44:20.77 
[11911] pool rows=141398
[11911] cal encodable=5000
[11911] step 200/8838 loss 4.6856 0.069s/step
[11911] step 400/8838 loss 5.2404 0.069s/step
[11911] step 600/8838 loss 4.0082 0.069s/step
[11911] step 800/8838 loss 3.4266 0.068s/step
[11911] step 1000/8838 loss 3.6904 0.069s/step
[11911] step 1200/8838 loss 4.7130 0.069s/step
[11911] step 1400/8838 loss 6.2839 0.069s/step
[11911] step 1600/8838 loss 3.4617 0.068s/step
[11911] step 1800/8838 loss 1.9545 0.068s/step
[11911] step 2000/8838 loss 5.1519 0.068s/step
[11911] step 2200/8838 loss 4.4131 0.068s/step
[11911] step 2400/8838 loss 3.9791 0.068s/step
[11911] step 2600/8838 loss 5.6080 0.068s/step
[11911] step 2800/8838 loss 3.6980 0.068s/step
[11911] step 3000/8838 loss 5.7930 0.068s/step
[11911] step 3200/8838 loss 5.3039 0.068s/step
[11911] step 3400/8838 loss 3.9665 0.068s/step
[11911] step 3600/8838 loss 4.6145 0.068s/step
[11911] step 3800/8838 loss 3.9329 0.068s/step
[11911] step 4000/8838 loss 4.1686 0.068s/step
[11911] step 4200/8838 loss 3.8230 0.068s/step
[11911] step 4400/8838 loss 4.2443 0.068s/step
[11911] step 4600/8838 loss 2.9053 0.068s/step
[11911] step 4800/8838 loss 2.5939 0.068s/step
[11911] step 5000/8838 loss 2.1556 0.068s/step
[11911] step 5200/8838 loss 2.6740 0.068s/step
[11911] step 5400/8838 loss 1.8808 0.068s/step
[11911] step 5600/8838 loss 3.0966 0.068s/step
[11911] step 5800/8838 loss 3.5673 0.068s/step
[11911] step 6000/8838 loss 2.1434 0.068s/step
[11911] step 6200/8838 loss 3.9581 0.068s/step
[11911] step 6400/8838 loss 4.3487 0.068s/step
[11911] step 6600/8838 loss 1.7014 0.068s/step
[11911] step 6800/8838 loss 2.9378 0.068s/step
[11911] step 7000/8838 loss 2.9677 0.068s/step
[11911] step 7200/8838 loss 3.5119 0.068s/step
[11911] step 7400/8838 loss 3.9309 0.068s/step
[11911] step 7600/8838 loss 2.1767 0.068s/step
[11911] step 7800/8838 loss 2.3320 0.068s/step
[11911] step 8000/8838 loss 2.6579 0.068s/step
[11911] step 8200/8838 loss 4.0713 0.068s/step
[11911] step 8400/8838 loss 3.2972 0.068s/step
[11911] step 8600/8838 loss 3.7365 0.068s/step
[11911] step 8800/8838 loss 3.6442 0.068s/step
[11911] step 8838/8838 loss 3.8102 0.068s/step
{
 "seed": 11911,
 "exp": "119f",
 "epochs": 2,
 "batch": 32,
 "lr": 3e-05,
 "steps": 8838,
 "max_len": 192,
 "params": 109664018,
 "params_trainable": 109664018,
 "pool": 141398,
 "pool_file": "C:\\Users\\benja\\ears119f\\pool119f.jsonl",
 "cal_file": "C:\\Users\\benja\\ears119f\\repo\\panels\\cal.json",
 "device": "cuda",
 "sec_per_step": 0.06805807585413032,
 "train_sec": 601.4972743988037,
 "data_sec": 2.563655138015747,
 "dev_act_acc": 0.900390625,
 "tokens_per_sec_200": null,
 "temps": [
  2.0799357891082764,
  1.509171724319458,
  1.8743624687194824,
  1.7833174467086792,
  0.35739824175834656,
  1.0
 ],
 "freeze_layers": 0
}
[119f] seed 11912 Tue 09/22/2026  9:44:20.77 
[11912] pool rows=141398
[11912] cal encodable=5000
[11912] step 200/8838 loss 7.0622 0.069s/step
[11912] step 400/8838 loss 5.3710 0.069s/step
[11912] step 600/8838 loss 5.1840 0.068s/step
[11912] step 800/8838 loss 6.4024 0.068s/step
[11912] step 1000/8838 loss 4.6261 0.068s/step
[11912] step 1200/8838 loss 3.1859 0.068s/step
[11912] step 1400/8838 loss 4.6590 0.068s/step
[11912] step 1600/8838 loss 5.1779 0.068s/step
[11912] step 1800/8838 loss 4.0328 0.068s/step
[11912] step 2000/8838 loss 5.8775 0.068s/step
[11912] step 2200/8838 loss 5.3100 0.068s/step
[11912] step 2400/8838 loss 2.8563 0.068s/step
[11912] step 2600/8838 loss 3.9640 0.068s/step
[11912] step 2800/8838 loss 4.6507 0.068s/step
[11912] step 3000/8838 loss 5.9129 0.068s/step
[11912] step 3200/8838 loss 1.7282 0.068s/step
[11912] step 3400/8838 loss 2.9995 0.068s/step
[11912] step 3600/8838 loss 3.0407 0.068s/step
[11912] step 3800/8838 loss 3.2714 0.068s/step
[11912] step 4000/8838 loss 3.1086 0.068s/step
[11912] step 4200/8838 loss 3.1803 0.068s/step
[11912] step 4400/8838 loss 4.0507 0.068s/step
[11912] step 4600/8838 loss 3.1370 0.068s/step
[11912] step 4800/8838 loss 4.9805 0.068s/step
[11912] step 5000/8838 loss 2.9778 0.068s/step
[11912] step 5200/8838 loss 4.1624 0.068s/step
[11912] step 5400/8838 loss 3.5091 0.068s/step
[11912] step 5600/8838 loss 2.6366 0.068s/step
[11912] step 5800/8838 loss 3.4933 0.068s/step
[11912] step 6000/8838 loss 2.5969 0.068s/step
[11912] step 6200/8838 loss 4.2318 0.068s/step
[11912] step 6400/8838 loss 2.7507 0.068s/step
[11912] step 6600/8838 loss 2.3320 0.068s/step
[11912] step 6800/8838 loss 5.7655 0.068s/step
[11912] step 7000/8838 loss 2.9927 0.068s/step
[11912] step 7200/8838 loss 3.2392 0.068s/step
[11912] step 7400/8838 loss 3.6308 0.068s/step
[11912] step 7600/8838 loss 3.0798 0.068s/step
[11912] step 7800/8838 loss 2.6315 0.068s/step
[11912] step 8000/8838 loss 3.3006 0.068s/step
[11912] step 8200/8838 loss 4.3882 0.068s/step
[11912] step 8400/8838 loss 2.8886 0.068s/step
[11912] step 8600/8838 loss 5.1242 0.068s/step
[11912] step 8800/8838 loss 4.4924 0.068s/step
[11912] step 8838/8838 loss 4.3618 0.068s/step
{
 "seed": 11912,
 "exp": "119f",
 "epochs": 2,
 "batch": 32,
 "lr": 3e-05,
 "steps": 8838,
 "max_len": 192,
 "params": 109664018,
 "params_trainable": 109664018,
 "pool": 141398,
 "pool_file": "C:\\Users\\benja\\ears119f\\pool119f.jsonl",
 "cal_file": "C:\\Users\\benja\\ears119f\\repo\\panels\\cal.json",
 "device": "cuda",
 "sec_per_step": 0.06816630680168827,
 "train_sec": 602.4538195133209,
 "data_sec": 2.557621955871582,
 "dev_act_acc": 0.89208984375,
 "tokens_per_sec_200": null,
 "temps": [
  1.9665621519088745,
  1.4617825746536255,
  1.675194263458252,
  1.7678805589675903,
  0.2231445610523224,
  1.0
 ],
 "freeze_layers": 0
}
[119f] seed 11913 Tue 09/22/2026  9:44:20.77 
[11913] pool rows=141398
[11913] cal encodable=5000
[11913] step 200/8838 loss 6.9872 0.070s/step
[11913] step 400/8838 loss 5.2277 0.069s/step
[11913] step 600/8838 loss 5.2353 0.069s/step
[11913] step 800/8838 loss 3.2084 0.069s/step
[11913] step 1000/8838 loss 5.0082 0.069s/step
[11913] step 1200/8838 loss 3.8642 0.069s/step
[11913] step 1400/8838 loss 6.0170 0.069s/step
[11913] step 1600/8838 loss 5.1011 0.069s/step
[11913] step 1800/8838 loss 4.8417 0.069s/step
[11913] step 2000/8838 loss 5.1818 0.069s/step
[11913] step 2200/8838 loss 5.0602 0.068s/step
[11913] step 2400/8838 loss 6.2673 0.069s/step
[11913] step 2600/8838 loss 3.5355 0.068s/step
[11913] step 2800/8838 loss 3.7963 0.068s/step
[11913] step 3000/8838 loss 5.7161 0.068s/step
[11913] step 3200/8838 loss 5.6009 0.068s/step
[11913] step 3400/8838 loss 3.2238 0.068s/step
[11913] step 3600/8838 loss 2.9036 0.068s/step
[11913] step 3800/8838 loss 3.7038 0.068s/step
[11913] step 4000/8838 loss 3.6149 0.068s/step
[11913] step 4200/8838 loss 2.8187 0.068s/step
[11913] step 4400/8838 loss 3.1283 0.068s/step
[11913] step 4600/8838 loss 3.9373 0.068s/step
[11913] step 4800/8838 loss 3.2173 0.068s/step
[11913] step 5000/8838 loss 3.4811 0.068s/step
[11913] step 5200/8838 loss 4.4558 0.068s/step
[11913] step 5400/8838 loss 3.3783 0.068s/step
[11913] step 5600/8838 loss 3.3951 0.068s/step
[11913] step 5800/8838 loss 4.1238 0.068s/step
[11913] step 6000/8838 loss 3.7096 0.068s/step
[11913] step 6200/8838 loss 3.9783 0.068s/step
[11913] step 6400/8838 loss 2.9335 0.068s/step
[11913] step 6600/8838 loss 2.9683 0.068s/step
[11913] step 6800/8838 loss 3.1096 0.068s/step
[11913] step 7000/8838 loss 3.1995 0.068s/step
[11913] step 7200/8838 loss 2.5114 0.068s/step
[11913] step 7400/8838 loss 3.0056 0.068s/step
[11913] step 7600/8838 loss 4.3870 0.068s/step
[11913] step 7800/8838 loss 3.0788 0.068s/step
[11913] step 8000/8838 loss 1.5301 0.068s/step
[11913] step 8200/8838 loss 1.8183 0.068s/step
[11913] step 8400/8838 loss 5.2570 0.068s/step
[11913] step 8600/8838 loss 0.9979 0.068s/step
[11913] step 8800/8838 loss 4.2591 0.068s/step
[11913] step 8838/8838 loss 1.9541 0.068s/step
{
 "seed": 11913,
 "exp": "119f",
 "epochs": 2,
 "batch": 32,
 "lr": 3e-05,
 "steps": 8838,
 "max_len": 192,
 "params": 109664018,
 "params_trainable": 109664018,
 "pool": 141398,
 "pool_file": "C:\\Users\\benja\\ears119f\\pool119f.jsonl",
 "cal_file": "C:\\Users\\benja\\ears119f\\repo\\panels\\cal.json",
 "device": "cuda",
 "sec_per_step": 0.06819312449466268,
 "train_sec": 602.6908342838287,
 "data_sec": 2.5717554092407227,
 "dev_act_acc": 0.888671875,
 "tokens_per_sec_200": null,
 "temps": [
  1.813712477684021,
  1.4056469202041626,
  1.547404408454895,
  1.4233801364898682,
  0.22313186526298523,
  1.0
 ],
 "freeze_layers": 0
}
[119f] score47e Tue 09/22/2026 10:15:58.58 
{
 "gate47": false,
 "W1": {
  "executed": 0,
  "silent": 0,
  "pass": false
 },
 "SEEN_exec_bar": 589,
 "taus": {
  "tau0_ens": 0.7057411909456307,
  "tau_exec_ens": 0.8528705954728153,
  "seeds": {
   "11911": {
    "tau0": 0.810703011951084,
    "tau_exec_single": 0.9053515059755419
   },
   "11912": {
    "tau0": 0.7266554259869055,
    "tau_exec_single": 0.8633277129934527
   },
   "11913": {
    "tau0": 0.839167378916745,
    "tau_exec_single": 0.9195836894583724
   }
  }
 },
 "cal_remapped_golds": 346
}
[119f] panel94 Tue 09/22/2026 10:17:47.81 
[94] seed 11911: W3=23/27 occ=0/44 W2=0c/0w/0t rate=None
[94] seed 11912: W3=19/33 occ=0/44 W2=0c/0w/0t rate=None
[94] seed 11913: W3=25/30 occ=0/44 W2=0c/0w/0t rate=None
[119f] panel94b Tue 09/22/2026 10:17:54.42 
[94b] seed 11911: W3=24/33 occ=1/94 W2=0c/0w/0t rate=None
[94b] seed 11912: W3=19/40 occ=1/94 W2=0c/0w/0t rate=None
[94b] seed 11913: W3=27/37 occ=1/94 W2=0c/0w/0t rate=None
[119f] WAVE DONE Tue 09/22/2026 10:18:01.03 
