{"event": "start", "arm": "ctx", "seed": 1, "dispatcher_parameters": 21922, "added_parameters": {"encoder_backward": 2400, "encoder_forward": 2400, "encoder_start_backward": 16, "encoder_start_forward": 16, "selected": 2080}, "train_hops": [1, 2, 3], "train_people": 6, "train_cap": 4, "call_cost": 0.01, "flags": {"learned_register": false, "contextual_positions": true}, "operator": "checkpoint"}
{"seed": 1, "arm": "ctx", "update": 1, "mean_reward": 0.017578125, "invalid_fraction": 0.9462890625, "over_cap_fraction": 0.0, "mean_calls": 0.095703125, "entropy": 1.5563944578170776, "seconds": 1.0285420000000158, "mean_shaped": 0.016621094197034836, "call_cost": 0.01}
{"seed": 1, "arm": "ctx", "update": 100, "mean_reward": 0.13377919823232323, "invalid_fraction": 0.739938446969697, "over_cap_fraction": 0.00024660669191919194, "mean_calls": 0.3038687657828283, "entropy": 1.208988214080984, "seconds": 12.359762208001484, "mean_shaped": 0.1307405074776122, "call_cost": 0.01}
{"seed": 1, "arm": "ctx", "update": 200, "mean_reward": 0.776328125, "invalid_fraction": 0.149541015625, "over_cap_fraction": 0.00751953125, "mean_calls": 1.65255859375, "entropy": 0.29783838856965306, "seconds": 25.617921166001906, "mean_shaped": 0.7598025311529636, "call_cost": 0.01}
{"seed": 1, "arm": "ctx", "update": 300, "mean_reward": 0.998681640625, "invalid_fraction": 0.00013671875, "over_cap_fraction": 0.0005859375, "mean_calls": 2.07458984375, "entropy": 0.06702895801514387, "seconds": 39.2038543330018, "mean_shaped": 0.9779357469081879, "call_cost": 0.01}
{"seed": 1, "arm": "ctx", "update": 400, "mean_reward": 0.998974609375, "invalid_fraction": 8.7890625e-05, "over_cap_fraction": 0.000673828125, "mean_calls": 2.082138671875, "entropy": 0.07209254633635283, "seconds": 52.291868332999, "mean_shaped": 0.9781532281637192, "call_cost": 0.01}
{"seed": 1, "arm": "ctx", "update": 500, "mean_reward": 0.9991015625, "invalid_fraction": 4.8828125e-05, "over_cap_fraction": 0.00060546875, "mean_calls": 2.098544921875, "entropy": 0.07283737104386091, "seconds": 65.52016670800003, "mean_shaped": 0.9781161195039749, "call_cost": 0.01}
{"seed": 1, "arm": "ctx", "update": 600, "mean_reward": 0.9993359375, "invalid_fraction": 9.765625e-05, "over_cap_fraction": 0.00044921875, "mean_calls": 2.10779296875, "entropy": 0.07747663781046868, "seconds": 78.3352973330002, "mean_shaped": 0.9782580077648163, "call_cost": 0.01}
{"seed": 1, "arm": "ctx", "update": 700, "mean_reward": 0.99923828125, "invalid_fraction": 1.953125e-05, "over_cap_fraction": 0.000419921875, "mean_calls": 2.1365625, "entropy": 0.07824156116694211, "seconds": 91.16597954100143, "mean_shaped": 0.977872663140297, "call_cost": 0.01}
{"seed": 1, "arm": "ctx", "update": 800, "mean_reward": 0.9993359375, "invalid_fraction": 1.953125e-05, "over_cap_fraction": 0.000478515625, "mean_calls": 2.144140625, "entropy": 0.08999312870204448, "seconds": 104.0373683329999, "mean_shaped": 0.977894538640976, "call_cost": 0.01}
{"seed": 1, "arm": "ctx", "update": 900, "mean_reward": 0.99923828125, "invalid_fraction": 1.953125e-05, "over_cap_fraction": 0.000615234375, "mean_calls": 2.177041015625, "entropy": 0.12161012828350067, "seconds": 116.9841164999998, "mean_shaped": 0.9774678754806518, "call_cost": 0.01}
{"seed": 1, "arm": "ctx", "update": 1000, "mean_reward": 0.99919921875, "invalid_fraction": 2.9296875e-05, "over_cap_fraction": 0.000693359375, "mean_calls": 2.233251953125, "entropy": 0.12881171613931655, "seconds": 130.45088962500085, "mean_shaped": 0.9768667167425156, "call_cost": 0.01}
{"seed": 1, "arm": "ctx", "update": 1100, "mean_reward": 0.999248046875, "invalid_fraction": 6.8359375e-05, "over_cap_fraction": 0.00044921875, "mean_calls": 2.314716796875, "entropy": 0.13371796071529388, "seconds": 143.6088986249997, "mean_shaped": 0.9761008983850479, "call_cost": 0.01}
{"seed": 1, "arm": "ctx", "update": 1200, "mean_reward": 0.999462890625, "invalid_fraction": 0.000107421875, "over_cap_fraction": 0.0003515625, "mean_calls": 2.327529296875, "entropy": 0.13498783066868783, "seconds": 157.12377204099903, "mean_shaped": 0.9761876213550568, "call_cost": 0.01}
{"seed": 1, "arm": "ctx", "update": 1300, "mean_reward": 0.999736328125, "invalid_fraction": 3.90625e-05, "over_cap_fraction": 0.000185546875, "mean_calls": 2.35033203125, "entropy": 0.13589903593063354, "seconds": 170.65028216599967, "mean_shaped": 0.9762330317497253, "call_cost": 0.01}
{"seed": 1, "arm": "ctx", "update": 1400, "mean_reward": 0.99986328125, "invalid_fraction": 0.0, "over_cap_fraction": 0.000126953125, "mean_calls": 2.3608984375, "entropy": 0.13499175414443015, "seconds": 184.27563008300058, "mean_shaped": 0.9762543147802353, "call_cost": 0.01}
{"seed": 1, "arm": "ctx", "update": 1500, "mean_reward": 0.999736328125, "invalid_fraction": 2.9296875e-05, "over_cap_fraction": 0.000205078125, "mean_calls": 2.32443359375, "entropy": 0.13632915563881398, "seconds": 197.42946145799942, "mean_shaped": 0.9764920228719711, "call_cost": 0.01}
{"seed": 1, "arm": "ctx", "update": 1600, "mean_reward": 0.99984375, "invalid_fraction": 1.953125e-05, "over_cap_fraction": 0.000107421875, "mean_calls": 2.34669921875, "entropy": 0.13548346549272539, "seconds": 210.5349717909994, "mean_shaped": 0.9763767844438553, "call_cost": 0.01}
{"seed": 1, "arm": "ctx", "update": 1700, "mean_reward": 0.99986328125, "invalid_fraction": 9.765625e-06, "over_cap_fraction": 0.000107421875, "mean_calls": 2.33576171875, "entropy": 0.13577415324747563, "seconds": 223.51750712500143, "mean_shaped": 0.976505691409111, "call_cost": 0.01}
{"seed": 1, "arm": "ctx", "update": 1800, "mean_reward": 0.999853515625, "invalid_fraction": 0.0, "over_cap_fraction": 0.0001171875, "mean_calls": 2.339140625, "entropy": 0.13463112615048886, "seconds": 236.82449466600156, "mean_shaped": 0.9764621365070343, "call_cost": 0.01}
{"seed": 1, "arm": "ctx", "update": 1900, "mean_reward": 0.999853515625, "invalid_fraction": 0.0, "over_cap_fraction": 7.8125e-05, "mean_calls": 2.335634765625, "entropy": 0.13452564127743244, "seconds": 250.1194841659999, "mean_shaped": 0.976497198343277, "call_cost": 0.01}
{"seed": 1, "arm": "ctx", "update": 2000, "mean_reward": 0.99990234375, "invalid_fraction": 2.9296875e-05, "over_cap_fraction": 6.8359375e-05, "mean_calls": 2.325810546875, "entropy": 0.1360077440738678, "seconds": 263.1310837910023, "mean_shaped": 0.9766442620754242, "call_cost": 0.01}
{"seed": 1, "arm": "ctx", "update": 2100, "mean_reward": 0.999638671875, "invalid_fraction": 3.90625e-05, "over_cap_fraction": 6.8359375e-05, "mean_calls": 2.317109375, "entropy": 0.13406491830945014, "seconds": 276.1153837910024, "mean_shaped": 0.9764676028490067, "call_cost": 0.01}
{"seed": 1, "arm": "ctx", "update": 2200, "mean_reward": 0.99990234375, "invalid_fraction": 9.765625e-06, "over_cap_fraction": 5.859375e-05, "mean_calls": 2.31888671875, "entropy": 0.13430724367499353, "seconds": 288.91085012500116, "mean_shaped": 0.9767135035991669, "call_cost": 0.01}
{"seed": 1, "arm": "ctx", "update": 2300, "mean_reward": 0.999912109375, "invalid_fraction": 9.765625e-06, "over_cap_fraction": 6.8359375e-05, "mean_calls": 2.303935546875, "entropy": 0.1336922287195921, "seconds": 301.7958802909998, "mean_shaped": 0.976872775554657, "call_cost": 0.01}
{"seed": 1, "arm": "ctx", "update": 2400, "mean_reward": 0.999931640625, "invalid_fraction": 9.765625e-06, "over_cap_fraction": 4.8828125e-05, "mean_calls": 2.313779296875, "entropy": 0.13493435248732566, "seconds": 314.9664505410001, "mean_shaped": 0.9767938703298569, "call_cost": 0.01}
{"seed": 1, "arm": "ctx", "update": 2500, "mean_reward": 0.999951171875, "invalid_fraction": 9.765625e-06, "over_cap_fraction": 3.90625e-05, "mean_calls": 2.319189453125, "entropy": 0.13413249745965003, "seconds": 327.9343570830024, "mean_shaped": 0.9767593085765839, "call_cost": 0.01}
{"seed": 1, "arm": "ctx", "update": 2600, "mean_reward": 0.999912109375, "invalid_fraction": 0.0, "over_cap_fraction": 7.8125e-05, "mean_calls": 2.30021484375, "entropy": 0.13393622890114784, "seconds": 340.901678582999, "mean_shaped": 0.9769099867343902, "call_cost": 0.01}
{"seed": 1, "arm": "ctx", "update": 2700, "mean_reward": 0.999814453125, "invalid_fraction": 2.9296875e-05, "over_cap_fraction": 8.7890625e-05, "mean_calls": 2.29375, "entropy": 0.13305338002741338, "seconds": 353.8525255829991, "mean_shaped": 0.9768769764900207, "call_cost": 0.01}
{"seed": 1, "arm": "ctx", "update": 2800, "mean_reward": 0.999951171875, "invalid_fraction": 0.0, "over_cap_fraction": 4.8828125e-05, "mean_calls": 2.3044140625, "entropy": 0.1328339434415102, "seconds": 366.8285287910003, "mean_shaped": 0.976907051205635, "call_cost": 0.01}
{"seed": 1, "arm": "ctx", "update": 2900, "mean_reward": 0.999970703125, "invalid_fraction": 0.0, "over_cap_fraction": 2.9296875e-05, "mean_calls": 2.286748046875, "entropy": 0.13395799085497856, "seconds": 379.9829967910009, "mean_shaped": 0.9771032470464707, "call_cost": 0.01}
{"seed": 1, "arm": "ctx", "update": 3000, "mean_reward": 0.999921875, "invalid_fraction": 1.953125e-05, "over_cap_fraction": 5.859375e-05, "mean_calls": 2.274970703125, "entropy": 0.1324849184602499, "seconds": 392.8174931249996, "mean_shaped": 0.977172189950943, "call_cost": 0.01}
{"seed": 1, "arm": "ctx", "update": 3100, "mean_reward": 0.999921875, "invalid_fraction": 3.90625e-05, "over_cap_fraction": 2.9296875e-05, "mean_calls": 2.283779296875, "entropy": 0.13303457841277122, "seconds": 405.4456657080009, "mean_shaped": 0.9770841085910797, "call_cost": 0.01}
{"seed": 1, "arm": "ctx", "update": 3200, "mean_reward": 0.99994140625, "invalid_fraction": 0.0, "over_cap_fraction": 5.859375e-05, "mean_calls": 2.2694140625, "entropy": 0.13185252629220487, "seconds": 418.1529314159998, "mean_shaped": 0.9772472882270813, "call_cost": 0.01}
{"seed": 1, "arm": "ctx", "update": 3300, "mean_reward": 0.9999609375, "invalid_fraction": 9.765625e-06, "over_cap_fraction": 2.9296875e-05, "mean_calls": 2.27224609375, "entropy": 0.1317856787890196, "seconds": 431.3522054999994, "mean_shaped": 0.9772384995222092, "call_cost": 0.01}
{"seed": 1, "arm": "ctx", "update": 3400, "mean_reward": 0.99990234375, "invalid_fraction": 9.765625e-06, "over_cap_fraction": 6.8359375e-05, "mean_calls": 2.268466796875, "entropy": 0.13035036340355874, "seconds": 444.6239007080003, "mean_shaped": 0.9772177028656006, "call_cost": 0.01}
{"seed": 1, "arm": "ctx", "update": 3500, "mean_reward": 0.999970703125, "invalid_fraction": 1.953125e-05, "over_cap_fraction": 9.765625e-06, "mean_calls": 2.2546484375, "entropy": 0.13004150293767452, "seconds": 458.1086569580002, "mean_shaped": 0.9774242335557938, "call_cost": 0.01}
{"seed": 1, "arm": "ctx", "update": 3600, "mean_reward": 0.99998046875, "invalid_fraction": 0.0, "over_cap_fraction": 1.953125e-05, "mean_calls": 2.24544921875, "entropy": 0.13154694691300392, "seconds": 471.44232004100195, "mean_shaped": 0.9775259959697723, "call_cost": 0.01}
{"seed": 1, "arm": "ctx", "update": 3700, "mean_reward": 0.999970703125, "invalid_fraction": 0.0, "over_cap_fraction": 2.9296875e-05, "mean_calls": 2.237177734375, "entropy": 0.12962715961039067, "seconds": 485.37392216599983, "mean_shaped": 0.9775989371538162, "call_cost": 0.01}
{"seed": 1, "arm": "ctx", "update": 3800, "mean_reward": 0.999931640625, "invalid_fraction": 9.765625e-06, "over_cap_fraction": 3.90625e-05, "mean_calls": 2.24224609375, "entropy": 0.12784266613423825, "seconds": 498.55202754100173, "mean_shaped": 0.9775092035531998, "call_cost": 0.01}
{"seed": 1, "arm": "ctx", "update": 3900, "mean_reward": 0.999697265625, "invalid_fraction": 0.0, "over_cap_fraction": 2.9296875e-05, "mean_calls": 2.218134765625, "entropy": 0.1275921841710806, "seconds": 511.47918737500004, "mean_shaped": 0.9775159341096878, "call_cost": 0.01}
{"seed": 1, "arm": "ctx", "update": 4000, "mean_reward": 0.9998828125, "invalid_fraction": 0.0, "over_cap_fraction": 3.90625e-05, "mean_calls": 2.209052734375, "entropy": 0.12615432485938072, "seconds": 525.055755333, "mean_shaped": 0.9777923023700714, "call_cost": 0.01}
{"seed": 1, "arm": "ctx", "update": 4100, "mean_reward": 0.999970703125, "invalid_fraction": 9.765625e-06, "over_cap_fraction": 9.765625e-06, "mean_calls": 2.20490234375, "entropy": 0.1272745794057846, "seconds": 538.0462176250003, "mean_shaped": 0.9779216915369033, "call_cost": 0.01}
{"seed": 1, "arm": "ctx", "update": 4200, "mean_reward": 0.999970703125, "invalid_fraction": 9.765625e-06, "over_cap_fraction": 9.765625e-06, "mean_calls": 2.19919921875, "entropy": 0.12626746207475661, "seconds": 551.5946758749997, "mean_shaped": 0.977978720664978, "call_cost": 0.01}
{"seed": 1, "arm": "ctx", "update": 4300, "mean_reward": 0.999970703125, "invalid_fraction": 0.0, "over_cap_fraction": 1.953125e-05, "mean_calls": 2.18732421875, "entropy": 0.12381505154073238, "seconds": 564.4585567079994, "mean_shaped": 0.9780974739789963, "call_cost": 0.01}
{"seed": 1, "arm": "ctx", "update": 4400, "mean_reward": 0.999970703125, "invalid_fraction": 9.765625e-06, "over_cap_fraction": 9.765625e-06, "mean_calls": 2.187734375, "entropy": 0.12395013868808746, "seconds": 577.8788170410007, "mean_shaped": 0.9780933654308319, "call_cost": 0.01}
{"seed": 1, "arm": "ctx", "update": 4500, "mean_reward": 0.99998046875, "invalid_fraction": 0.0, "over_cap_fraction": 1.953125e-05, "mean_calls": 2.17052734375, "entropy": 0.12364992640912532, "seconds": 591.4514755410019, "mean_shaped": 0.9782752060890197, "call_cost": 0.01}
{"seed": 1, "arm": "ctx", "update": 4600, "mean_reward": 0.9999609375, "invalid_fraction": 1.953125e-05, "over_cap_fraction": 9.765625e-06, "mean_calls": 2.1596875, "entropy": 0.1224649465829134, "seconds": 604.504563333001, "mean_shaped": 0.9783640640974045, "call_cost": 0.01}
{"seed": 1, "arm": "ctx", "update": 4700, "mean_reward": 0.99994140625, "invalid_fraction": 9.765625e-06, "over_cap_fraction": 2.9296875e-05, "mean_calls": 2.142900390625, "entropy": 0.11957690887153148, "seconds": 617.5565922080023, "mean_shaped": 0.9785124045610428, "call_cost": 0.01}
{"seed": 1, "arm": "ctx", "update": 4800, "mean_reward": 0.999990234375, "invalid_fraction": 0.0, "over_cap_fraction": 9.765625e-06, "mean_calls": 2.149501953125, "entropy": 0.11986790858209133, "seconds": 630.9110892079989, "mean_shaped": 0.9784952276945114, "call_cost": 0.01}
{"seed": 1, "arm": "ctx", "update": 4900, "mean_reward": 0.999990234375, "invalid_fraction": 0.0, "over_cap_fraction": 0.0, "mean_calls": 2.125009765625, "entropy": 0.1185076404362917, "seconds": 644.5527178750017, "mean_shaped": 0.9787401443719864, "call_cost": 0.01}
{"seed": 1, "arm": "ctx", "update": 5000, "mean_reward": 0.99998046875, "invalid_fraction": 0.0, "over_cap_fraction": 1.953125e-05, "mean_calls": 2.1251953125, "entropy": 0.11584563039243222, "seconds": 657.5938104580018, "mean_shaped": 0.9787285178899765, "call_cost": 0.01}
{"seed": 1, "arm": "ctx", "update": 5100, "mean_reward": 0.99998046875, "invalid_fraction": 0.0, "over_cap_fraction": 1.953125e-05, "mean_calls": 2.111962890625, "entropy": 0.11422251403331757, "seconds": 670.5686187079991, "mean_shaped": 0.9788608455657959, "call_cost": 0.01}
{"seed": 1, "arm": "ctx", "update": 5200, "mean_reward": 0.9999609375, "invalid_fraction": 0.0, "over_cap_fraction": 3.90625e-05, "mean_calls": 2.09060546875, "entropy": 0.1080831826478243, "seconds": 683.8496492500017, "mean_shaped": 0.9790548866987229, "call_cost": 0.01}
{"seed": 1, "arm": "ctx", "update": 5300, "mean_reward": 0.999873046875, "invalid_fraction": 9.765625e-06, "over_cap_fraction": 4.8828125e-05, "mean_calls": 2.04716796875, "entropy": 0.10038633972406387, "seconds": 697.1928487500008, "mean_shaped": 0.9794013684988022, "call_cost": 0.01}
{"seed": 1, "arm": "ctx", "update": 5400, "mean_reward": 0.999912109375, "invalid_fraction": 1.953125e-05, "over_cap_fraction": 2.9296875e-05, "mean_calls": 2.07025390625, "entropy": 0.10858333863317966, "seconds": 710.2501711250006, "mean_shaped": 0.9792095726728439, "call_cost": 0.01}
{"seed": 1, "arm": "ctx", "update": 5500, "mean_reward": 0.9999609375, "invalid_fraction": 9.765625e-06, "over_cap_fraction": 0.0, "mean_calls": 2.067705078125, "entropy": 0.10473061934113502, "seconds": 723.4020724580005, "mean_shaped": 0.9792838871479035, "call_cost": 0.01}
{"seed": 1, "arm": "ctx", "update": 5600, "mean_reward": 0.999990234375, "invalid_fraction": 9.765625e-06, "over_cap_fraction": 0.0, "mean_calls": 2.068662109375, "entropy": 0.10141110599040985, "seconds": 737.2743105830014, "mean_shaped": 0.9793036073446274, "call_cost": 0.01}
{"seed": 1, "arm": "ctx", "update": 5700, "mean_reward": 0.99998046875, "invalid_fraction": 0.0, "over_cap_fraction": 9.765625e-06, "mean_calls": 2.059296875, "entropy": 0.09752767115831375, "seconds": 750.0698229580012, "mean_shaped": 0.9793875062465668, "call_cost": 0.01}
{"seed": 1, "arm": "ctx", "update": 5800, "mean_reward": 0.99998046875, "invalid_fraction": 0.0, "over_cap_fraction": 0.0, "mean_calls": 2.050166015625, "entropy": 0.0960971762984991, "seconds": 763.2063981249994, "mean_shaped": 0.9794788026809692, "call_cost": 0.01}
{"seed": 1, "arm": "ctx", "update": 5900, "mean_reward": 1.0, "invalid_fraction": 0.0, "over_cap_fraction": 0.0, "mean_calls": 2.039091796875, "entropy": 0.09321054428815842, "seconds": 776.5937290830007, "mean_shaped": 0.9796090829372406, "call_cost": 0.01}
{"seed": 1, "arm": "ctx", "update": 6000, "mean_reward": 0.999990234375, "invalid_fraction": 0.0, "over_cap_fraction": 9.765625e-06, "mean_calls": 2.012373046875, "entropy": 0.088324289098382, "seconds": 789.5496498749999, "mean_shaped": 0.9798664963245391, "call_cost": 0.01}
{"event": "done", "arm": "ctx", "seed": 1, "updates": 6000, "time_capped": false, "updates_per_second": 7.599238321045772}
