{"event": "start", "arm": "ctx", "seed": 2, "dispatcher_parameters": 21922, "added_parameters": {"encoder_backward": 2400, "encoder_forward": 2400, "encoder_start_backward": 16, "encoder_start_forward": 16, "selected": 2080}, "train_hops": [1, 2, 3], "train_people": 6, "train_cap": 4, "call_cost": 0.01, "flags": {"learned_register": false, "contextual_positions": true}, "operator": "checkpoint"}
{"seed": 2, "arm": "ctx", "update": 1, "mean_reward": 0.009765625, "invalid_fraction": 0.9541015625, "over_cap_fraction": 0.0, "mean_calls": 0.0888671875, "entropy": 1.5982688665390015, "seconds": 1.027918125000724, "mean_shaped": 0.008876953274011612, "call_cost": 0.01}
{"seed": 2, "arm": "ctx", "update": 100, "mean_reward": 0.1438012941919192, "invalid_fraction": 0.6920276988636364, "over_cap_fraction": 0.0005523989898989899, "mean_calls": 0.3753748421717172, "entropy": 1.1492090219199056, "seconds": 12.77909904199987, "mean_shaped": 0.14004754167840336, "call_cost": 0.01}
{"seed": 2, "arm": "ctx", "update": 200, "mean_reward": 0.327900390625, "invalid_fraction": 0.593662109375, "over_cap_fraction": 0.001318359375, "mean_calls": 0.5708984375, "entropy": 0.8915371030569077, "seconds": 25.446455834000517, "mean_shaped": 0.3221914035081863, "call_cost": 0.01}
{"seed": 2, "arm": "ctx", "update": 300, "mean_reward": 0.816396484375, "invalid_fraction": 0.11076171875, "over_cap_fraction": 0.006650390625, "mean_calls": 1.8437890625, "entropy": 0.28615729577839377, "seconds": 38.84347108400107, "mean_shaped": 0.797958591580391, "call_cost": 0.01}
{"seed": 2, "arm": "ctx", "update": 400, "mean_reward": 0.999130859375, "invalid_fraction": 0.000234375, "over_cap_fraction": 0.00025390625, "mean_calls": 2.165244140625, "entropy": 0.1175751468539238, "seconds": 51.77345158400203, "mean_shaped": 0.9774784183502198, "call_cost": 0.01}
{"seed": 2, "arm": "ctx", "update": 500, "mean_reward": 0.9994921875, "invalid_fraction": 7.8125e-05, "over_cap_fraction": 0.00017578125, "mean_calls": 2.1671875, "entropy": 0.11710980370640754, "seconds": 64.80636887500077, "mean_shaped": 0.9778203201293946, "call_cost": 0.01}
{"seed": 2, "arm": "ctx", "update": 600, "mean_reward": 0.99955078125, "invalid_fraction": 7.8125e-05, "over_cap_fraction": 0.000234375, "mean_calls": 2.152548828125, "entropy": 0.11698252648115158, "seconds": 77.63346162500238, "mean_shaped": 0.9780253005027771, "call_cost": 0.01}
{"seed": 2, "arm": "ctx", "update": 700, "mean_reward": 0.999677734375, "invalid_fraction": 3.90625e-05, "over_cap_fraction": 0.00013671875, "mean_calls": 2.181552734375, "entropy": 0.11816238425672054, "seconds": 90.34821083399947, "mean_shaped": 0.9778622156381607, "call_cost": 0.01}
{"seed": 2, "arm": "ctx", "update": 800, "mean_reward": 0.999697265625, "invalid_fraction": 7.8125e-05, "over_cap_fraction": 0.000126953125, "mean_calls": 2.1680078125, "entropy": 0.11858562178909779, "seconds": 103.16528383400146, "mean_shaped": 0.9780172002315521, "call_cost": 0.01}
{"seed": 2, "arm": "ctx", "update": 900, "mean_reward": 0.99982421875, "invalid_fraction": 1.953125e-05, "over_cap_fraction": 0.0001171875, "mean_calls": 2.16765625, "entropy": 0.1185737843811512, "seconds": 115.8834808749998, "mean_shaped": 0.9781476628780365, "call_cost": 0.01}
{"seed": 2, "arm": "ctx", "update": 1000, "mean_reward": 0.999716796875, "invalid_fraction": 2.9296875e-05, "over_cap_fraction": 0.000107421875, "mean_calls": 2.1719140625, "entropy": 0.11675147995352746, "seconds": 129.0737164170023, "mean_shaped": 0.977997670173645, "call_cost": 0.01}
{"seed": 2, "arm": "ctx", "update": 1100, "mean_reward": 0.99986328125, "invalid_fraction": 1.953125e-05, "over_cap_fraction": 0.000107421875, "mean_calls": 2.1627734375, "entropy": 0.11862898498773575, "seconds": 141.9127319170002, "mean_shaped": 0.9782355564832688, "call_cost": 0.01}
{"seed": 2, "arm": "ctx", "update": 1200, "mean_reward": 0.99982421875, "invalid_fraction": 4.8828125e-05, "over_cap_fraction": 9.765625e-05, "mean_calls": 2.170009765625, "entropy": 0.11936226427555084, "seconds": 155.42164875000162, "mean_shaped": 0.9781241273880005, "call_cost": 0.01}
{"seed": 2, "arm": "ctx", "update": 1300, "mean_reward": 0.99966796875, "invalid_fraction": 4.8828125e-05, "over_cap_fraction": 8.7890625e-05, "mean_calls": 2.1476953125, "entropy": 0.11891877688467503, "seconds": 168.7218289170014, "mean_shaped": 0.9781910246610641, "call_cost": 0.01}
{"seed": 2, "arm": "ctx", "update": 1400, "mean_reward": 0.999921875, "invalid_fraction": 0.0, "over_cap_fraction": 6.8359375e-05, "mean_calls": 2.170234375, "entropy": 0.11813116669654847, "seconds": 182.3252297500003, "mean_shaped": 0.9782195466756821, "call_cost": 0.01}
{"seed": 2, "arm": "ctx", "update": 1500, "mean_reward": 0.999912109375, "invalid_fraction": 0.0, "over_cap_fraction": 6.8359375e-05, "mean_calls": 2.161640625, "entropy": 0.12019374154508114, "seconds": 195.29759016699973, "mean_shaped": 0.9782957124710083, "call_cost": 0.01}
{"seed": 2, "arm": "ctx", "update": 1600, "mean_reward": 0.999912109375, "invalid_fraction": 9.765625e-06, "over_cap_fraction": 7.8125e-05, "mean_calls": 2.167451171875, "entropy": 0.11869192183017731, "seconds": 208.25667033400168, "mean_shaped": 0.9782376068830491, "call_cost": 0.01}
{"seed": 2, "arm": "ctx", "update": 1700, "mean_reward": 0.99994140625, "invalid_fraction": 9.765625e-06, "over_cap_fraction": 3.90625e-05, "mean_calls": 2.16951171875, "entropy": 0.12121786572039127, "seconds": 221.02447995900002, "mean_shaped": 0.9782462978363037, "call_cost": 0.01}
{"seed": 2, "arm": "ctx", "update": 1800, "mean_reward": 0.999345703125, "invalid_fraction": 0.0001171875, "over_cap_fraction": 5.859375e-05, "mean_calls": 2.16611328125, "entropy": 0.12049276158213615, "seconds": 233.90092358400216, "mean_shaped": 0.9776845806837082, "call_cost": 0.01}
{"seed": 2, "arm": "ctx", "update": 1900, "mean_reward": 0.99984375, "invalid_fraction": 7.8125e-05, "over_cap_fraction": 2.9296875e-05, "mean_calls": 2.149697265625, "entropy": 0.11729240991175174, "seconds": 247.44640029199945, "mean_shaped": 0.978346780538559, "call_cost": 0.01}
{"seed": 2, "arm": "ctx", "update": 2000, "mean_reward": 0.9998828125, "invalid_fraction": 4.8828125e-05, "over_cap_fraction": 3.90625e-05, "mean_calls": 2.170478515625, "entropy": 0.1194346308708191, "seconds": 260.3148213750028, "mean_shaped": 0.9781780475378037, "call_cost": 0.01}
{"seed": 2, "arm": "ctx", "update": 2100, "mean_reward": 0.99990234375, "invalid_fraction": 2.9296875e-05, "over_cap_fraction": 1.953125e-05, "mean_calls": 2.165107421875, "entropy": 0.11745891407132149, "seconds": 273.17015504200026, "mean_shaped": 0.9782512831687927, "call_cost": 0.01}
{"seed": 2, "arm": "ctx", "update": 2200, "mean_reward": 0.999921875, "invalid_fraction": 0.0, "over_cap_fraction": 2.9296875e-05, "mean_calls": 2.15505859375, "entropy": 0.1177920202165842, "seconds": 285.8195224170013, "mean_shaped": 0.9783712953329087, "call_cost": 0.01}
{"seed": 2, "arm": "ctx", "update": 2300, "mean_reward": 0.99994140625, "invalid_fraction": 3.90625e-05, "over_cap_fraction": 1.953125e-05, "mean_calls": 2.151015625, "entropy": 0.11872005552053451, "seconds": 298.4684785000027, "mean_shaped": 0.9784312605857849, "call_cost": 0.01}
{"seed": 2, "arm": "ctx", "update": 2400, "mean_reward": 0.99998046875, "invalid_fraction": 0.0, "over_cap_fraction": 1.953125e-05, "mean_calls": 2.162265625, "entropy": 0.11694961279630661, "seconds": 311.6105605420016, "mean_shaped": 0.9783578258752823, "call_cost": 0.01}
{"seed": 2, "arm": "ctx", "update": 2500, "mean_reward": 0.999970703125, "invalid_fraction": 9.765625e-06, "over_cap_fraction": 1.953125e-05, "mean_calls": 2.151689453125, "entropy": 0.11746476389467717, "seconds": 324.36605375, "mean_shaped": 0.9784538090229035, "call_cost": 0.01}
{"seed": 2, "arm": "ctx", "update": 2600, "mean_reward": 0.99955078125, "invalid_fraction": 3.90625e-05, "over_cap_fraction": 1.953125e-05, "mean_calls": 2.147138671875, "entropy": 0.11255960337817669, "seconds": 337.21728929200253, "mean_shaped": 0.9780794048309326, "call_cost": 0.01}
{"seed": 2, "arm": "ctx", "update": 2700, "mean_reward": 0.9999609375, "invalid_fraction": 9.765625e-06, "over_cap_fraction": 9.765625e-06, "mean_calls": 2.15564453125, "entropy": 0.11687494821846485, "seconds": 350.0716363749998, "mean_shaped": 0.9784045034646988, "call_cost": 0.01}
{"seed": 2, "arm": "ctx", "update": 2800, "mean_reward": 0.999970703125, "invalid_fraction": 0.0, "over_cap_fraction": 1.953125e-05, "mean_calls": 2.14703125, "entropy": 0.11675571471452713, "seconds": 362.88110925, "mean_shaped": 0.9785004013776779, "call_cost": 0.01}
{"seed": 2, "arm": "ctx", "update": 2900, "mean_reward": 0.999990234375, "invalid_fraction": 0.0, "over_cap_fraction": 9.765625e-06, "mean_calls": 2.142119140625, "entropy": 0.116765106767416, "seconds": 375.85621591699964, "mean_shaped": 0.9785690444707871, "call_cost": 0.01}
{"seed": 2, "arm": "ctx", "update": 3000, "mean_reward": 0.999931640625, "invalid_fraction": 9.765625e-06, "over_cap_fraction": 9.765625e-06, "mean_calls": 2.145625, "entropy": 0.11496288359165191, "seconds": 388.7155275840014, "mean_shaped": 0.9784753942489623, "call_cost": 0.01}
{"seed": 2, "arm": "ctx", "update": 3100, "mean_reward": 0.9998828125, "invalid_fraction": 9.765625e-06, "over_cap_fraction": 3.90625e-05, "mean_calls": 2.1379296875, "entropy": 0.11539463073015213, "seconds": 401.2533083340022, "mean_shaped": 0.9785035216808319, "call_cost": 0.01}
{"seed": 2, "arm": "ctx", "update": 3200, "mean_reward": 0.999990234375, "invalid_fraction": 9.765625e-06, "over_cap_fraction": 0.0, "mean_calls": 2.136455078125, "entropy": 0.11538996011018753, "seconds": 413.69873808400007, "mean_shaped": 0.9786256903409958, "call_cost": 0.01}
{"seed": 2, "arm": "ctx", "update": 3300, "mean_reward": 0.999990234375, "invalid_fraction": 9.765625e-06, "over_cap_fraction": 0.0, "mean_calls": 2.13142578125, "entropy": 0.1155023530125618, "seconds": 426.53593850000107, "mean_shaped": 0.9786759847402573, "call_cost": 0.01}
{"seed": 2, "arm": "ctx", "update": 3400, "mean_reward": 0.999931640625, "invalid_fraction": 0.0, "over_cap_fraction": 2.9296875e-05, "mean_calls": 2.1369921875, "entropy": 0.11451385527849198, "seconds": 439.8499962090027, "mean_shaped": 0.9785617280006409, "call_cost": 0.01}
{"seed": 2, "arm": "ctx", "update": 3500, "mean_reward": 0.999970703125, "invalid_fraction": 2.9296875e-05, "over_cap_fraction": 0.0, "mean_calls": 2.138330078125, "entropy": 0.11449916549026966, "seconds": 452.93156054200153, "mean_shaped": 0.9785874062776565, "call_cost": 0.01}
{"seed": 2, "arm": "ctx", "update": 3600, "mean_reward": 0.999677734375, "invalid_fraction": 0.000126953125, "over_cap_fraction": 0.00013671875, "mean_calls": 2.11037109375, "entropy": 0.11285407014191151, "seconds": 466.44348304199957, "mean_shaped": 0.9785740280151367, "call_cost": 0.01}
{"seed": 2, "arm": "ctx", "update": 3700, "mean_reward": 0.999990234375, "invalid_fraction": 9.765625e-06, "over_cap_fraction": 0.0, "mean_calls": 2.133037109375, "entropy": 0.11390067741274834, "seconds": 479.4288621670021, "mean_shaped": 0.9786598682403564, "call_cost": 0.01}
{"seed": 2, "arm": "ctx", "update": 3800, "mean_reward": 0.99998046875, "invalid_fraction": 1.953125e-05, "over_cap_fraction": 0.0, "mean_calls": 2.133818359375, "entropy": 0.11403753399848938, "seconds": 493.38959020900074, "mean_shaped": 0.9786422926187516, "call_cost": 0.01}
{"seed": 2, "arm": "ctx", "update": 3900, "mean_reward": 1.0, "invalid_fraction": 0.0, "over_cap_fraction": 0.0, "mean_calls": 2.1294140625, "entropy": 0.11332991607487201, "seconds": 506.00709366700175, "mean_shaped": 0.9787058591842651, "call_cost": 0.01}
{"seed": 2, "arm": "ctx", "update": 4000, "mean_reward": 0.999931640625, "invalid_fraction": 3.90625e-05, "over_cap_fraction": 0.0, "mean_calls": 2.12076171875, "entropy": 0.11244617812335492, "seconds": 519.5902051250014, "mean_shaped": 0.9787240320444107, "call_cost": 0.01}
{"seed": 2, "arm": "ctx", "update": 4100, "mean_reward": 0.999970703125, "invalid_fraction": 1.953125e-05, "over_cap_fraction": 9.765625e-06, "mean_calls": 2.117236328125, "entropy": 0.11127808250486851, "seconds": 532.5030441250019, "mean_shaped": 0.9787983477115632, "call_cost": 0.01}
{"seed": 2, "arm": "ctx", "update": 4200, "mean_reward": 0.999921875, "invalid_fraction": 9.765625e-06, "over_cap_fraction": 6.8359375e-05, "mean_calls": 2.10193359375, "entropy": 0.10843845695257187, "seconds": 545.3956001250008, "mean_shaped": 0.9789025431871414, "call_cost": 0.01}
{"seed": 2, "arm": "ctx", "update": 4300, "mean_reward": 0.9999609375, "invalid_fraction": 9.765625e-06, "over_cap_fraction": 2.9296875e-05, "mean_calls": 2.084765625, "entropy": 0.11007110945880413, "seconds": 558.4406417499995, "mean_shaped": 0.9791132706403732, "call_cost": 0.01}
{"seed": 2, "arm": "ctx", "update": 4400, "mean_reward": 0.999873046875, "invalid_fraction": 2.9296875e-05, "over_cap_fraction": 7.8125e-05, "mean_calls": 2.120712890625, "entropy": 0.11179282329976559, "seconds": 571.3323025000027, "mean_shaped": 0.9786659282445908, "call_cost": 0.01}
{"seed": 2, "arm": "ctx", "update": 4500, "mean_reward": 0.999931640625, "invalid_fraction": 1.953125e-05, "over_cap_fraction": 9.765625e-06, "mean_calls": 2.103251953125, "entropy": 0.11042432509362697, "seconds": 584.9003692090009, "mean_shaped": 0.9788991266489029, "call_cost": 0.01}
{"seed": 2, "arm": "ctx", "update": 4600, "mean_reward": 0.999990234375, "invalid_fraction": 0.0, "over_cap_fraction": 0.0, "mean_calls": 2.094091796875, "entropy": 0.10960930667817592, "seconds": 598.008578459001, "mean_shaped": 0.9790493178367615, "call_cost": 0.01}
{"seed": 2, "arm": "ctx", "update": 4700, "mean_reward": 0.99998046875, "invalid_fraction": 1.953125e-05, "over_cap_fraction": 0.0, "mean_calls": 2.097626953125, "entropy": 0.10699418887495994, "seconds": 610.9208775420011, "mean_shaped": 0.9790042048692703, "call_cost": 0.01}
{"seed": 2, "arm": "ctx", "update": 4800, "mean_reward": 0.9999609375, "invalid_fraction": 1.953125e-05, "over_cap_fraction": 0.0, "mean_calls": 2.082451171875, "entropy": 0.10627445682883263, "seconds": 623.8697094590025, "mean_shaped": 0.9791364240646362, "call_cost": 0.01}
{"seed": 2, "arm": "ctx", "update": 4900, "mean_reward": 0.999951171875, "invalid_fraction": 9.765625e-06, "over_cap_fraction": 0.0, "mean_calls": 2.08578125, "entropy": 0.10601789958775043, "seconds": 637.2078723340019, "mean_shaped": 0.9790933614969254, "call_cost": 0.01}
{"seed": 2, "arm": "ctx", "update": 5000, "mean_reward": 0.99998046875, "invalid_fraction": 0.0, "over_cap_fraction": 0.0, "mean_calls": 2.08271484375, "entropy": 0.10671473376452922, "seconds": 650.7206314590003, "mean_shaped": 0.9791533190011978, "call_cost": 0.01}
{"seed": 2, "arm": "ctx", "update": 5100, "mean_reward": 0.999951171875, "invalid_fraction": 0.0, "over_cap_fraction": 9.765625e-06, "mean_calls": 2.066171875, "entropy": 0.10293367870151997, "seconds": 663.2104347920031, "mean_shaped": 0.9792894500494004, "call_cost": 0.01}
{"seed": 2, "arm": "ctx", "update": 5200, "mean_reward": 0.99998046875, "invalid_fraction": 0.0, "over_cap_fraction": 1.953125e-05, "mean_calls": 2.062607421875, "entropy": 0.0990370750427246, "seconds": 675.927165000001, "mean_shaped": 0.9793543899059296, "call_cost": 0.01}
{"seed": 2, "arm": "ctx", "update": 5300, "mean_reward": 0.999990234375, "invalid_fraction": 0.0, "over_cap_fraction": 0.0, "mean_calls": 2.05943359375, "entropy": 0.10135492272675037, "seconds": 688.6625984590028, "mean_shaped": 0.9793958950042725, "call_cost": 0.01}
{"seed": 2, "arm": "ctx", "update": 5400, "mean_reward": 0.999931640625, "invalid_fraction": 5.859375e-05, "over_cap_fraction": 0.0, "mean_calls": 2.049052734375, "entropy": 0.09772923417389393, "seconds": 701.5529858340014, "mean_shaped": 0.9794411063194275, "call_cost": 0.01}
{"seed": 2, "arm": "ctx", "update": 5500, "mean_reward": 0.999921875, "invalid_fraction": 4.8828125e-05, "over_cap_fraction": 2.9296875e-05, "mean_calls": 2.042548828125, "entropy": 0.09489949859678745, "seconds": 713.9362526670011, "mean_shaped": 0.9794963854551315, "call_cost": 0.01}
{"seed": 2, "arm": "ctx", "update": 5600, "mean_reward": 0.999970703125, "invalid_fraction": 2.9296875e-05, "over_cap_fraction": 0.0, "mean_calls": 2.05087890625, "entropy": 0.09663490921258927, "seconds": 726.6806117920023, "mean_shaped": 0.979461914896965, "call_cost": 0.01}
{"seed": 2, "arm": "ctx", "update": 5700, "mean_reward": 1.0, "invalid_fraction": 0.0, "over_cap_fraction": 0.0, "mean_calls": 2.055087890625, "entropy": 0.09596066035330296, "seconds": 739.690146334, "mean_shaped": 0.9794491195678711, "call_cost": 0.01}
{"seed": 2, "arm": "ctx", "update": 5800, "mean_reward": 0.99998046875, "invalid_fraction": 0.0, "over_cap_fraction": 0.0, "mean_calls": 2.03109375, "entropy": 0.09211075089871884, "seconds": 751.8509981669995, "mean_shaped": 0.9796695286035537, "call_cost": 0.01}
{"seed": 2, "arm": "ctx", "update": 5900, "mean_reward": 1.0, "invalid_fraction": 0.0, "over_cap_fraction": 0.0, "mean_calls": 2.025283203125, "entropy": 0.0897138574719429, "seconds": 764.2910660840025, "mean_shaped": 0.9797471600770951, "call_cost": 0.01}
{"seed": 2, "arm": "ctx", "update": 6000, "mean_reward": 1.0, "invalid_fraction": 0.0, "over_cap_fraction": 0.0, "mean_calls": 2.0321875, "entropy": 0.08870958879590035, "seconds": 777.233480709001, "mean_shaped": 0.9796781271696091, "call_cost": 0.01}
{"event": "done", "arm": "ctx", "seed": 2, "updates": 6000, "time_capped": false, "updates_per_second": 7.719656936200608}
