{"event": "start", "arm": "ctx", "seed": 0, "dispatcher_parameters": 21922, "added_parameters": {"encoder_backward": 2400, "encoder_forward": 2400, "encoder_start_backward": 16, "encoder_start_forward": 16, "selected": 2080}, "train_hops": [1, 2, 3], "train_people": 6, "train_cap": 4, "call_cost": 0.01, "flags": {"learned_register": false, "contextual_positions": true}, "operator": "checkpoint"}
{"seed": 0, "arm": "ctx", "update": 1, "mean_reward": 0.01171875, "invalid_fraction": 0.9677734375, "over_cap_fraction": 0.0, "mean_calls": 0.064453125, "entropy": 1.5774649381637573, "seconds": 1.0287639169982867, "mean_shaped": 0.011074219830334187, "call_cost": 0.01}
{"seed": 0, "arm": "ctx", "update": 100, "mean_reward": 0.14357441603535354, "invalid_fraction": 0.7141532512626263, "over_cap_fraction": 0.00036497790404040406, "mean_calls": 0.3421322601010101, "entropy": 1.1650415463278991, "seconds": 12.699914999997418, "mean_shaped": 0.1401530894817728, "call_cost": 0.01}
{"seed": 0, "arm": "ctx", "update": 200, "mean_reward": 0.337353515625, "invalid_fraction": 0.611015625, "over_cap_fraction": 0.00140625, "mean_calls": 0.5577734375, "entropy": 0.9017131859064103, "seconds": 25.320919582998613, "mean_shaped": 0.3317757771909237, "call_cost": 0.01}
{"seed": 0, "arm": "ctx", "update": 300, "mean_reward": 0.71201171875, "invalid_fraction": 0.216953125, "over_cap_fraction": 0.003955078125, "mean_calls": 1.56806640625, "entropy": 0.4053457076847553, "seconds": 38.69654237500072, "mean_shaped": 0.6963310508430004, "call_cost": 0.01}
{"seed": 0, "arm": "ctx", "update": 400, "mean_reward": 0.999072265625, "invalid_fraction": 0.000126953125, "over_cap_fraction": 0.00037109375, "mean_calls": 2.143857421875, "entropy": 0.07791966829448939, "seconds": 51.66445725000085, "mean_shaped": 0.9776336920261383, "call_cost": 0.01}
{"seed": 0, "arm": "ctx", "update": 500, "mean_reward": 0.999384765625, "invalid_fraction": 6.8359375e-05, "over_cap_fraction": 0.000283203125, "mean_calls": 2.158701171875, "entropy": 0.0804562260955572, "seconds": 64.83358391699949, "mean_shaped": 0.9777977627515793, "call_cost": 0.01}
{"seed": 0, "arm": "ctx", "update": 600, "mean_reward": 0.999306640625, "invalid_fraction": 4.8828125e-05, "over_cap_fraction": 0.000263671875, "mean_calls": 2.15751953125, "entropy": 0.08225617282092572, "seconds": 77.67425945799914, "mean_shaped": 0.9777314579486847, "call_cost": 0.01}
{"seed": 0, "arm": "ctx", "update": 700, "mean_reward": 0.9995703125, "invalid_fraction": 5.859375e-05, "over_cap_fraction": 0.000224609375, "mean_calls": 2.16865234375, "entropy": 0.0797333811968565, "seconds": 90.43793233299948, "mean_shaped": 0.9778837871551513, "call_cost": 0.01}
{"seed": 0, "arm": "ctx", "update": 800, "mean_reward": 0.999326171875, "invalid_fraction": 7.8125e-05, "over_cap_fraction": 0.000302734375, "mean_calls": 2.131005859375, "entropy": 0.07715290565043688, "seconds": 102.98640320800041, "mean_shaped": 0.9780161219835282, "call_cost": 0.01}
{"seed": 0, "arm": "ctx", "update": 900, "mean_reward": 0.99966796875, "invalid_fraction": 4.8828125e-05, "over_cap_fraction": 0.0001953125, "mean_calls": 2.170869140625, "entropy": 0.0827637156099081, "seconds": 115.79223162500057, "mean_shaped": 0.977959287762642, "call_cost": 0.01}
{"seed": 0, "arm": "ctx", "update": 1000, "mean_reward": 0.999697265625, "invalid_fraction": 1.953125e-05, "over_cap_fraction": 0.000205078125, "mean_calls": 2.154365234375, "entropy": 0.0816056003421545, "seconds": 128.9959760419988, "mean_shaped": 0.9781536149978638, "call_cost": 0.01}
{"seed": 0, "arm": "ctx", "update": 1100, "mean_reward": 0.999755859375, "invalid_fraction": 3.90625e-05, "over_cap_fraction": 0.00017578125, "mean_calls": 2.172763671875, "entropy": 0.08099880509078503, "seconds": 141.70000320799954, "mean_shaped": 0.9780282253026962, "call_cost": 0.01}
{"seed": 0, "arm": "ctx", "update": 1200, "mean_reward": 0.999638671875, "invalid_fraction": 1.953125e-05, "over_cap_fraction": 0.000166015625, "mean_calls": 2.161083984375, "entropy": 0.0804693403840065, "seconds": 155.09132562499872, "mean_shaped": 0.9780278354883194, "call_cost": 0.01}
{"seed": 0, "arm": "ctx", "update": 1300, "mean_reward": 0.999287109375, "invalid_fraction": 9.765625e-06, "over_cap_fraction": 0.00029296875, "mean_calls": 2.163701171875, "entropy": 0.08217830762267113, "seconds": 168.2613249999995, "mean_shaped": 0.9776501047611237, "call_cost": 0.01}
{"seed": 0, "arm": "ctx", "update": 1400, "mean_reward": 0.999833984375, "invalid_fraction": 4.8828125e-05, "over_cap_fraction": 0.000107421875, "mean_calls": 2.16720703125, "entropy": 0.08146232713013887, "seconds": 181.74659937499746, "mean_shaped": 0.9781619238853455, "call_cost": 0.01}
{"seed": 0, "arm": "ctx", "update": 1500, "mean_reward": 0.999873046875, "invalid_fraction": 9.765625e-06, "over_cap_fraction": 9.765625e-05, "mean_calls": 2.15798828125, "entropy": 0.08236474126577377, "seconds": 194.56253562499842, "mean_shaped": 0.9782931703329086, "call_cost": 0.01}
{"seed": 0, "arm": "ctx", "update": 1600, "mean_reward": 0.9998828125, "invalid_fraction": 9.765625e-06, "over_cap_fraction": 0.000107421875, "mean_calls": 2.182216796875, "entropy": 0.08133404362946749, "seconds": 207.3681055829984, "mean_shaped": 0.9780606681108475, "call_cost": 0.01}
{"seed": 0, "arm": "ctx", "update": 1700, "mean_reward": 0.999912109375, "invalid_fraction": 0.0, "over_cap_fraction": 7.8125e-05, "mean_calls": 2.1655859375, "entropy": 0.08091646477580071, "seconds": 220.01674116700087, "mean_shaped": 0.9782562559843063, "call_cost": 0.01}
{"seed": 0, "arm": "ctx", "update": 1800, "mean_reward": 0.999931640625, "invalid_fraction": 0.0, "over_cap_fraction": 6.8359375e-05, "mean_calls": 2.160673828125, "entropy": 0.08237783253192901, "seconds": 232.7607047499987, "mean_shaped": 0.9783249098062515, "call_cost": 0.01}
{"seed": 0, "arm": "ctx", "update": 1900, "mean_reward": 0.999921875, "invalid_fraction": 9.765625e-06, "over_cap_fraction": 6.8359375e-05, "mean_calls": 2.14974609375, "entropy": 0.08103802599012852, "seconds": 246.1141727079994, "mean_shaped": 0.9784244239330292, "call_cost": 0.01}
{"seed": 0, "arm": "ctx", "update": 2000, "mean_reward": 0.9976953125, "invalid_fraction": 3.90625e-05, "over_cap_fraction": 4.8828125e-05, "mean_calls": 2.151123046875, "entropy": 0.08111422367393971, "seconds": 258.8122161249994, "mean_shaped": 0.9761840879917145, "call_cost": 0.01}
{"seed": 0, "arm": "ctx", "update": 2100, "mean_reward": 0.9999609375, "invalid_fraction": 9.765625e-06, "over_cap_fraction": 1.953125e-05, "mean_calls": 2.1705078125, "entropy": 0.08259371034801007, "seconds": 271.6689592500006, "mean_shaped": 0.9782558709383011, "call_cost": 0.01}
{"seed": 0, "arm": "ctx", "update": 2200, "mean_reward": 0.999912109375, "invalid_fraction": 9.765625e-06, "over_cap_fraction": 6.8359375e-05, "mean_calls": 2.14375, "entropy": 0.08111882030963898, "seconds": 284.0980841249984, "mean_shaped": 0.9784746187925338, "call_cost": 0.01}
{"seed": 0, "arm": "ctx", "update": 2300, "mean_reward": 0.9998828125, "invalid_fraction": 1.953125e-05, "over_cap_fraction": 9.765625e-05, "mean_calls": 2.13796875, "entropy": 0.0805390328168869, "seconds": 296.53695416700066, "mean_shaped": 0.9785031288862228, "call_cost": 0.01}
{"seed": 0, "arm": "ctx", "update": 2400, "mean_reward": 0.999921875, "invalid_fraction": 9.765625e-06, "over_cap_fraction": 4.8828125e-05, "mean_calls": 2.141865234375, "entropy": 0.08098498255014419, "seconds": 309.4687788329975, "mean_shaped": 0.9785032331943512, "call_cost": 0.01}
{"seed": 0, "arm": "ctx", "update": 2500, "mean_reward": 0.999931640625, "invalid_fraction": 9.765625e-06, "over_cap_fraction": 4.8828125e-05, "mean_calls": 2.140283203125, "entropy": 0.08133679755032062, "seconds": 322.17758458299795, "mean_shaped": 0.9785288166999817, "call_cost": 0.01}
{"seed": 0, "arm": "ctx", "update": 2600, "mean_reward": 0.999794921875, "invalid_fraction": 1.953125e-05, "over_cap_fraction": 5.859375e-05, "mean_calls": 2.14017578125, "entropy": 0.10363834872841834, "seconds": 334.79213287499806, "mean_shaped": 0.9783931642770767, "call_cost": 0.01}
{"seed": 0, "arm": "ctx", "update": 2700, "mean_reward": 0.999951171875, "invalid_fraction": 9.765625e-06, "over_cap_fraction": 2.9296875e-05, "mean_calls": 2.1465625, "entropy": 0.11500845454633236, "seconds": 347.4468053749988, "mean_shaped": 0.9784855514764785, "call_cost": 0.01}
{"seed": 0, "arm": "ctx", "update": 2800, "mean_reward": 0.99990234375, "invalid_fraction": 4.8828125e-05, "over_cap_fraction": 3.90625e-05, "mean_calls": 2.15138671875, "entropy": 0.11501464866101742, "seconds": 359.99901862499974, "mean_shaped": 0.978388489484787, "call_cost": 0.01}
{"seed": 0, "arm": "ctx", "update": 2900, "mean_reward": 0.999912109375, "invalid_fraction": 9.765625e-06, "over_cap_fraction": 6.8359375e-05, "mean_calls": 2.14453125, "entropy": 0.11537994481623173, "seconds": 372.71291033300076, "mean_shaped": 0.9784668183326721, "call_cost": 0.01}
{"seed": 0, "arm": "ctx", "update": 3000, "mean_reward": 0.999892578125, "invalid_fraction": 9.765625e-06, "over_cap_fraction": 3.90625e-05, "mean_calls": 2.128955078125, "entropy": 0.11492809146642685, "seconds": 385.4787495829987, "mean_shaped": 0.9786030393838883, "call_cost": 0.01}
{"seed": 0, "arm": "ctx", "update": 3100, "mean_reward": 0.999921875, "invalid_fraction": 2.9296875e-05, "over_cap_fraction": 4.8828125e-05, "mean_calls": 2.1381640625, "entropy": 0.11537268042564391, "seconds": 397.7143724999987, "mean_shaped": 0.9785402482748031, "call_cost": 0.01}
{"seed": 0, "arm": "ctx", "update": 3200, "mean_reward": 0.999912109375, "invalid_fraction": 3.90625e-05, "over_cap_fraction": 3.90625e-05, "mean_calls": 2.141259765625, "entropy": 0.11445295803248882, "seconds": 409.7825740419976, "mean_shaped": 0.9784995228052139, "call_cost": 0.01}
{"seed": 0, "arm": "ctx", "update": 3300, "mean_reward": 0.999951171875, "invalid_fraction": 0.0, "over_cap_fraction": 2.9296875e-05, "mean_calls": 2.131796875, "entropy": 0.11436101488769054, "seconds": 422.1748243330003, "mean_shaped": 0.9786332136392594, "call_cost": 0.01}
{"seed": 0, "arm": "ctx", "update": 3400, "mean_reward": 0.9999609375, "invalid_fraction": 9.765625e-06, "over_cap_fraction": 2.9296875e-05, "mean_calls": 2.135400390625, "entropy": 0.11312649346888065, "seconds": 434.916595374998, "mean_shaped": 0.9786069416999816, "call_cost": 0.01}
{"seed": 0, "arm": "ctx", "update": 3500, "mean_reward": 0.999970703125, "invalid_fraction": 9.765625e-06, "over_cap_fraction": 9.765625e-06, "mean_calls": 2.12998046875, "entropy": 0.11393538266420364, "seconds": 447.68281750000097, "mean_shaped": 0.9786709082126618, "call_cost": 0.01}
{"seed": 0, "arm": "ctx", "update": 3600, "mean_reward": 0.99994140625, "invalid_fraction": 2.9296875e-05, "over_cap_fraction": 2.9296875e-05, "mean_calls": 2.11970703125, "entropy": 0.11210053026676178, "seconds": 460.89069679199747, "mean_shaped": 0.9787443459033967, "call_cost": 0.01}
{"seed": 0, "arm": "ctx", "update": 3700, "mean_reward": 0.999970703125, "invalid_fraction": 9.765625e-06, "over_cap_fraction": 1.953125e-05, "mean_calls": 2.118955078125, "entropy": 0.11110258363187313, "seconds": 473.37832145799985, "mean_shaped": 0.9787811583280563, "call_cost": 0.01}
{"seed": 0, "arm": "ctx", "update": 3800, "mean_reward": 0.995595703125, "invalid_fraction": 0.0, "over_cap_fraction": 1.953125e-05, "mean_calls": 2.12025390625, "entropy": 0.10894172474741935, "seconds": 487.4222090830008, "mean_shaped": 0.9743931692838669, "call_cost": 0.01}
{"seed": 0, "arm": "ctx", "update": 3900, "mean_reward": 0.99998046875, "invalid_fraction": 0.0, "over_cap_fraction": 1.953125e-05, "mean_calls": 2.102529296875, "entropy": 0.11083519972860813, "seconds": 499.6029413750002, "mean_shaped": 0.978955175280571, "call_cost": 0.01}
{"seed": 0, "arm": "ctx", "update": 4000, "mean_reward": 0.999970703125, "invalid_fraction": 0.0, "over_cap_fraction": 2.9296875e-05, "mean_calls": 2.126943359375, "entropy": 0.11223577365279197, "seconds": 511.988585957999, "mean_shaped": 0.9787012749910354, "call_cost": 0.01}
{"seed": 0, "arm": "ctx", "update": 4100, "mean_reward": 0.999990234375, "invalid_fraction": 0.0, "over_cap_fraction": 9.765625e-06, "mean_calls": 2.111943359375, "entropy": 0.11245669990777969, "seconds": 524.9622170830007, "mean_shaped": 0.9788708066940308, "call_cost": 0.01}
{"seed": 0, "arm": "ctx", "update": 4200, "mean_reward": 0.99998046875, "invalid_fraction": 0.0, "over_cap_fraction": 1.953125e-05, "mean_calls": 2.095390625, "entropy": 0.10899679251015186, "seconds": 537.3104421669996, "mean_shaped": 0.9790265649557114, "call_cost": 0.01}
{"seed": 0, "arm": "ctx", "update": 4300, "mean_reward": 0.99998046875, "invalid_fraction": 9.765625e-06, "over_cap_fraction": 9.765625e-06, "mean_calls": 2.108349609375, "entropy": 0.1108627238124609, "seconds": 550.2507805829991, "mean_shaped": 0.9788969743251801, "call_cost": 0.01}
{"seed": 0, "arm": "ctx", "update": 4400, "mean_reward": 0.999951171875, "invalid_fraction": 2.9296875e-05, "over_cap_fraction": 9.765625e-06, "mean_calls": 2.084140625, "entropy": 0.10914549820125102, "seconds": 562.3972074999983, "mean_shaped": 0.9791097611188888, "call_cost": 0.01}
{"seed": 0, "arm": "ctx", "update": 4500, "mean_reward": 1.0, "invalid_fraction": 0.0, "over_cap_fraction": 0.0, "mean_calls": 2.0937890625, "entropy": 0.10831460751593112, "seconds": 574.976394207999, "mean_shaped": 0.979062111377716, "call_cost": 0.01}
{"seed": 0, "arm": "ctx", "update": 4600, "mean_reward": 0.999990234375, "invalid_fraction": 0.0, "over_cap_fraction": 9.765625e-06, "mean_calls": 2.08697265625, "entropy": 0.10864516742527484, "seconds": 588.0343552079976, "mean_shaped": 0.9791205126047134, "call_cost": 0.01}
{"seed": 0, "arm": "ctx", "update": 4700, "mean_reward": 0.999990234375, "invalid_fraction": 0.0, "over_cap_fraction": 0.0, "mean_calls": 2.0900390625, "entropy": 0.10880157805979251, "seconds": 600.505748749998, "mean_shaped": 0.9790898537635804, "call_cost": 0.01}
{"seed": 0, "arm": "ctx", "update": 4800, "mean_reward": 0.999970703125, "invalid_fraction": 1.953125e-05, "over_cap_fraction": 9.765625e-06, "mean_calls": 2.08146484375, "entropy": 0.10617902278900146, "seconds": 612.6753356249974, "mean_shaped": 0.9791560584306717, "call_cost": 0.01}
{"seed": 0, "arm": "ctx", "update": 4900, "mean_reward": 1.0, "invalid_fraction": 0.0, "over_cap_fraction": 0.0, "mean_calls": 2.0839453125, "entropy": 0.10706260062754154, "seconds": 624.9966371249975, "mean_shaped": 0.9791605484485626, "call_cost": 0.01}
{"seed": 0, "arm": "ctx", "update": 5000, "mean_reward": 0.999970703125, "invalid_fraction": 9.765625e-06, "over_cap_fraction": 1.953125e-05, "mean_calls": 2.0728125, "entropy": 0.10281895764172078, "seconds": 638.069233582999, "mean_shaped": 0.9792425757646561, "call_cost": 0.01}
{"seed": 0, "arm": "ctx", "update": 5100, "mean_reward": 0.99994140625, "invalid_fraction": 0.0, "over_cap_fraction": 5.859375e-05, "mean_calls": 2.048974609375, "entropy": 0.0963288290053606, "seconds": 650.9340875419985, "mean_shaped": 0.9794516623020172, "call_cost": 0.01}
{"seed": 0, "arm": "ctx", "update": 5200, "mean_reward": 0.99869140625, "invalid_fraction": 0.0, "over_cap_fraction": 3.90625e-05, "mean_calls": 2.05322265625, "entropy": 0.09756645254790783, "seconds": 663.0839726249978, "mean_shaped": 0.9781591784954071, "call_cost": 0.01}
{"seed": 0, "arm": "ctx", "update": 5300, "mean_reward": 0.9999609375, "invalid_fraction": 1.953125e-05, "over_cap_fraction": 1.953125e-05, "mean_calls": 2.0525, "entropy": 0.1008620610833168, "seconds": 675.6590125830007, "mean_shaped": 0.9794359385967255, "call_cost": 0.01}
{"seed": 0, "arm": "ctx", "update": 5400, "mean_reward": 0.999951171875, "invalid_fraction": 1.953125e-05, "over_cap_fraction": 2.9296875e-05, "mean_calls": 2.05240234375, "entropy": 0.09519315779209137, "seconds": 688.2436775419992, "mean_shaped": 0.9794271469116211, "call_cost": 0.01}
{"seed": 0, "arm": "ctx", "update": 5500, "mean_reward": 0.99998046875, "invalid_fraction": 0.0, "over_cap_fraction": 9.765625e-06, "mean_calls": 2.05302734375, "entropy": 0.09832805365324021, "seconds": 700.9833477499997, "mean_shaped": 0.9794501847028733, "call_cost": 0.01}
{"seed": 0, "arm": "ctx", "update": 5600, "mean_reward": 0.99998046875, "invalid_fraction": 9.765625e-06, "over_cap_fraction": 9.765625e-06, "mean_calls": 2.06716796875, "entropy": 0.09957237645983696, "seconds": 713.3858526669974, "mean_shaped": 0.9793087923526764, "call_cost": 0.01}
{"seed": 0, "arm": "ctx", "update": 5700, "mean_reward": 0.999990234375, "invalid_fraction": 0.0, "over_cap_fraction": 9.765625e-06, "mean_calls": 2.02, "entropy": 0.08992211502045393, "seconds": 725.9090931249993, "mean_shaped": 0.979790226817131, "call_cost": 0.01}
{"seed": 0, "arm": "ctx", "update": 5800, "mean_reward": 1.0, "invalid_fraction": 0.0, "over_cap_fraction": 0.0, "mean_calls": 2.016630859375, "entropy": 0.09106102548539638, "seconds": 738.8409903749998, "mean_shaped": 0.9798336827754974, "call_cost": 0.01}
{"seed": 0, "arm": "ctx", "update": 5900, "mean_reward": 0.999970703125, "invalid_fraction": 1.953125e-05, "over_cap_fraction": 9.765625e-06, "mean_calls": 2.0239453125, "entropy": 0.09093945376574993, "seconds": 750.9722642079978, "mean_shaped": 0.9797312420606613, "call_cost": 0.01}
{"seed": 0, "arm": "ctx", "update": 6000, "mean_reward": 0.999951171875, "invalid_fraction": 0.0, "over_cap_fraction": 0.0, "mean_calls": 2.00166015625, "entropy": 0.08855503056198359, "seconds": 763.3819446249981, "mean_shaped": 0.9799345678091049, "call_cost": 0.01}
{"event": "done", "arm": "ctx", "seed": 0, "updates": 6000, "time_capped": false, "updates_per_second": 7.8597230428128}
