{"cell": "k1-prac", "hops": 1, "passed": true, "trained": {"answers": 64, "strict": 64, "over_cap": 0}, "oracle": {"answers": 64, "strict": 64, "over_cap": 0}}
{"cell": "k1-held", "hops": 1, "passed": true, "trained": {"answers": 64, "strict": 64, "over_cap": 0}, "oracle": {"answers": 64, "strict": 64, "over_cap": 0}}
{"cell": "k2-prac", "hops": 2, "passed": true, "trained": {"answers": 64, "strict": 64, "over_cap": 0}, "oracle": {"answers": 64, "strict": 64, "over_cap": 0}}
{"cell": "k2-held", "hops": 2, "passed": true, "trained": {"answers": 64, "strict": 64, "over_cap": 0}, "oracle": {"answers": 64, "strict": 64, "over_cap": 0}}
{"cell": "k3-prac", "hops": 3, "passed": true, "trained": {"answers": 64, "strict": 64, "over_cap": 0}, "oracle": {"answers": 64, "strict": 64, "over_cap": 0}}
{"cell": "k3-held", "hops": 3, "passed": true, "trained": {"answers": 64, "strict": 64, "over_cap": 0}, "oracle": {"answers": 64, "strict": 64, "over_cap": 0}}
{"cell": "k4-prac", "hops": 4, "passed": false, "trained": {"answers": 39, "strict": 39, "over_cap": 0}, "oracle": {"answers": 39, "strict": 39, "over_cap": 0}}
{"cell": "k4-held", "hops": 4, "passed": false, "trained": {"answers": 47, "strict": 45, "over_cap": 0}, "oracle": {"answers": 47, "strict": 45, "over_cap": 0}}
{"cell": "k5-prac", "hops": 5, "passed": false, "trained": {"answers": 26, "strict": 24, "over_cap": 0}, "oracle": {"answers": 26, "strict": 24, "over_cap": 0}}
{"cell": "k5-held", "hops": 5, "passed": false, "trained": {"answers": 27, "strict": 23, "over_cap": 0}, "oracle": {"answers": 27, "strict": 23, "over_cap": 0}}
{"cell": "k6-prac", "hops": 6, "passed": false, "trained": {"answers": 9, "strict": 7, "over_cap": 0}, "oracle": {"answers": 9, "strict": 7, "over_cap": 0}}
{"cell": "k6-held", "hops": 6, "passed": false, "trained": {"answers": 10, "strict": 6, "over_cap": 0}, "oracle": {"answers": 10, "strict": 6, "over_cap": 0}}
{"cell": "k7-prac", "hops": 7, "passed": false, "trained": {"answers": 9, "strict": 3, "over_cap": 0}, "oracle": {"answers": 9, "strict": 3, "over_cap": 0}}
{"cell": "k7-held", "hops": 7, "passed": false, "trained": {"answers": 8, "strict": 3, "over_cap": 0}, "oracle": {"answers": 8, "strict": 3, "over_cap": 0}}
{"cell": "k8-prac", "hops": 8, "passed": false, "trained": {"answers": 7, "strict": 1, "over_cap": 0}, "oracle": {"answers": 7, "strict": 1, "over_cap": 0}}
{"cell": "k8-held", "hops": 8, "passed": false, "trained": {"answers": 6, "strict": 1, "over_cap": 0}, "oracle": {"answers": 6, "strict": 1, "over_cap": 0}}
{"cell": "p6-k1-prac", "hops": 1, "passed": true, "trained": {"answers": 64, "strict": 64, "over_cap": 0}, "oracle": {"answers": 64, "strict": 64, "over_cap": 0}}
{"cell": "p6-k1-held", "hops": 1, "passed": true, "trained": {"answers": 64, "strict": 64, "over_cap": 0}, "oracle": {"answers": 64, "strict": 64, "over_cap": 0}}
{"cell": "p6-k2-prac", "hops": 2, "passed": true, "trained": {"answers": 64, "strict": 64, "over_cap": 0}, "oracle": {"answers": 64, "strict": 64, "over_cap": 0}}
{"cell": "p6-k2-held", "hops": 2, "passed": true, "trained": {"answers": 64, "strict": 64, "over_cap": 0}, "oracle": {"answers": 64, "strict": 64, "over_cap": 0}}
{"cell": "p6-k3-prac", "hops": 3, "passed": true, "trained": {"answers": 64, "strict": 64, "over_cap": 0}, "oracle": {"answers": 64, "strict": 64, "over_cap": 0}}
{"cell": "p6-k3-held", "hops": 3, "passed": true, "trained": {"answers": 64, "strict": 63, "over_cap": 0}, "oracle": {"answers": 64, "strict": 63, "over_cap": 0}}
{"cell": "pair-link", "hops": 5, "passed": false, "trained": {"answers": 8, "strict": 7, "over_cap": 0}, "oracle": {"answers": 8, "strict": 7, "over_cap": 0}}
{"cell": "pair-value", "hops": 5, "passed": false, "trained": {"answers": 20, "strict": 20, "over_cap": 0}, "oracle": {"answers": 20, "strict": 20, "over_cap": 0}}
{"cell": "pair-irrelevant", "hops": 5, "passed": false, "trained": {"answers": 22, "strict": 22, "over_cap": 0}, "oracle": {"answers": 22, "strict": 22, "over_cap": 0}}
{"diagnose": "k1-prac", "none": {"answers": 64, "strict": 64, "over_cap": 0}, "force_operation": {"answers": 64, "strict": 64, "over_cap": 0}, "force_subject": {"answers": 64, "strict": 64, "over_cap": 0}, "force_stop": {"answers": 64, "strict": 64, "over_cap": 0}, "force_operation+subject": {"answers": 64, "strict": 64, "over_cap": 0}}
{"diagnose": "k1-held", "none": {"answers": 64, "strict": 64, "over_cap": 0}, "force_operation": {"answers": 64, "strict": 64, "over_cap": 0}, "force_subject": {"answers": 64, "strict": 64, "over_cap": 0}, "force_stop": {"answers": 64, "strict": 64, "over_cap": 0}, "force_operation+subject": {"answers": 64, "strict": 64, "over_cap": 0}}
{"diagnose": "k2-prac", "none": {"answers": 64, "strict": 64, "over_cap": 0}, "force_operation": {"answers": 64, "strict": 64, "over_cap": 0}, "force_subject": {"answers": 64, "strict": 64, "over_cap": 0}, "force_stop": {"answers": 64, "strict": 64, "over_cap": 0}, "force_operation+subject": {"answers": 64, "strict": 64, "over_cap": 0}}
{"diagnose": "k2-held", "none": {"answers": 64, "strict": 64, "over_cap": 0}, "force_operation": {"answers": 64, "strict": 64, "over_cap": 0}, "force_subject": {"answers": 64, "strict": 64, "over_cap": 0}, "force_stop": {"answers": 64, "strict": 64, "over_cap": 0}, "force_operation+subject": {"answers": 64, "strict": 64, "over_cap": 0}}
{"diagnose": "k3-prac", "none": {"answers": 64, "strict": 64, "over_cap": 0}, "force_operation": {"answers": 64, "strict": 64, "over_cap": 0}, "force_subject": {"answers": 64, "strict": 64, "over_cap": 0}, "force_stop": {"answers": 64, "strict": 64, "over_cap": 0}, "force_operation+subject": {"answers": 64, "strict": 64, "over_cap": 0}}
{"diagnose": "k3-held", "none": {"answers": 64, "strict": 64, "over_cap": 0}, "force_operation": {"answers": 64, "strict": 64, "over_cap": 0}, "force_subject": {"answers": 64, "strict": 64, "over_cap": 0}, "force_stop": {"answers": 64, "strict": 64, "over_cap": 0}, "force_operation+subject": {"answers": 64, "strict": 64, "over_cap": 0}}
{"diagnose": "k4-prac", "none": {"answers": 39, "strict": 39, "over_cap": 0}, "force_operation": {"answers": 39, "strict": 39, "over_cap": 0}, "force_subject": {"answers": 64, "strict": 64, "over_cap": 0}, "force_stop": {"answers": 39, "strict": 39, "over_cap": 0}, "force_operation+subject": {"answers": 64, "strict": 64, "over_cap": 0}}
{"diagnose": "k4-held", "none": {"answers": 47, "strict": 45, "over_cap": 0}, "force_operation": {"answers": 47, "strict": 45, "over_cap": 0}, "force_subject": {"answers": 64, "strict": 64, "over_cap": 0}, "force_stop": {"answers": 47, "strict": 45, "over_cap": 0}, "force_operation+subject": {"answers": 64, "strict": 64, "over_cap": 0}}
{"diagnose": "k5-prac", "none": {"answers": 26, "strict": 24, "over_cap": 0}, "force_operation": {"answers": 26, "strict": 24, "over_cap": 0}, "force_subject": {"answers": 64, "strict": 64, "over_cap": 0}, "force_stop": {"answers": 26, "strict": 24, "over_cap": 0}, "force_operation+subject": {"answers": 64, "strict": 64, "over_cap": 0}}
{"diagnose": "k5-held", "none": {"answers": 27, "strict": 23, "over_cap": 0}, "force_operation": {"answers": 27, "strict": 23, "over_cap": 0}, "force_subject": {"answers": 64, "strict": 64, "over_cap": 0}, "force_stop": {"answers": 27, "strict": 23, "over_cap": 0}, "force_operation+subject": {"answers": 64, "strict": 64, "over_cap": 0}}
{"diagnose": "k6-prac", "none": {"answers": 9, "strict": 7, "over_cap": 0}, "force_operation": {"answers": 9, "strict": 7, "over_cap": 0}, "force_subject": {"answers": 64, "strict": 64, "over_cap": 0}, "force_stop": {"answers": 9, "strict": 7, "over_cap": 0}, "force_operation+subject": {"answers": 64, "strict": 64, "over_cap": 0}}
{"diagnose": "k6-held", "none": {"answers": 10, "strict": 6, "over_cap": 0}, "force_operation": {"answers": 10, "strict": 6, "over_cap": 0}, "force_subject": {"answers": 64, "strict": 64, "over_cap": 0}, "force_stop": {"answers": 10, "strict": 6, "over_cap": 0}, "force_operation+subject": {"answers": 64, "strict": 64, "over_cap": 0}}
{"diagnose": "k7-prac", "none": {"answers": 9, "strict": 3, "over_cap": 0}, "force_operation": {"answers": 9, "strict": 3, "over_cap": 0}, "force_subject": {"answers": 64, "strict": 64, "over_cap": 0}, "force_stop": {"answers": 9, "strict": 3, "over_cap": 0}, "force_operation+subject": {"answers": 64, "strict": 64, "over_cap": 0}}
{"diagnose": "k7-held", "none": {"answers": 8, "strict": 3, "over_cap": 0}, "force_operation": {"answers": 8, "strict": 3, "over_cap": 0}, "force_subject": {"answers": 64, "strict": 64, "over_cap": 0}, "force_stop": {"answers": 8, "strict": 3, "over_cap": 0}, "force_operation+subject": {"answers": 64, "strict": 64, "over_cap": 0}}
{"diagnose": "k8-prac", "none": {"answers": 7, "strict": 1, "over_cap": 0}, "force_operation": {"answers": 7, "strict": 1, "over_cap": 0}, "force_subject": {"answers": 64, "strict": 64, "over_cap": 0}, "force_stop": {"answers": 7, "strict": 1, "over_cap": 0}, "force_operation+subject": {"answers": 64, "strict": 64, "over_cap": 0}}
{"diagnose": "k8-held", "none": {"answers": 6, "strict": 1, "over_cap": 0}, "force_operation": {"answers": 6, "strict": 1, "over_cap": 0}, "force_subject": {"answers": 64, "strict": 64, "over_cap": 0}, "force_stop": {"answers": 6, "strict": 1, "over_cap": 0}, "force_operation+subject": {"answers": 64, "strict": 64, "over_cap": 0}}
{"diagnose": "p6-k1-prac", "none": {"answers": 64, "strict": 64, "over_cap": 0}, "force_operation": {"answers": 64, "strict": 64, "over_cap": 0}, "force_subject": {"answers": 64, "strict": 64, "over_cap": 0}, "force_stop": {"answers": 64, "strict": 64, "over_cap": 0}, "force_operation+subject": {"answers": 64, "strict": 64, "over_cap": 0}}
{"diagnose": "p6-k1-held", "none": {"answers": 64, "strict": 64, "over_cap": 0}, "force_operation": {"answers": 64, "strict": 64, "over_cap": 0}, "force_subject": {"answers": 64, "strict": 64, "over_cap": 0}, "force_stop": {"answers": 64, "strict": 64, "over_cap": 0}, "force_operation+subject": {"answers": 64, "strict": 64, "over_cap": 0}}
{"diagnose": "p6-k2-prac", "none": {"answers": 64, "strict": 64, "over_cap": 0}, "force_operation": {"answers": 64, "strict": 64, "over_cap": 0}, "force_subject": {"answers": 64, "strict": 64, "over_cap": 0}, "force_stop": {"answers": 64, "strict": 64, "over_cap": 0}, "force_operation+subject": {"answers": 64, "strict": 64, "over_cap": 0}}
{"diagnose": "p6-k2-held", "none": {"answers": 64, "strict": 64, "over_cap": 0}, "force_operation": {"answers": 64, "strict": 64, "over_cap": 0}, "force_subject": {"answers": 64, "strict": 64, "over_cap": 0}, "force_stop": {"answers": 64, "strict": 64, "over_cap": 0}, "force_operation+subject": {"answers": 64, "strict": 64, "over_cap": 0}}
{"diagnose": "p6-k3-prac", "none": {"answers": 64, "strict": 64, "over_cap": 0}, "force_operation": {"answers": 64, "strict": 64, "over_cap": 0}, "force_subject": {"answers": 64, "strict": 64, "over_cap": 0}, "force_stop": {"answers": 64, "strict": 64, "over_cap": 0}, "force_operation+subject": {"answers": 64, "strict": 64, "over_cap": 0}}
{"diagnose": "p6-k3-held", "none": {"answers": 64, "strict": 63, "over_cap": 0}, "force_operation": {"answers": 64, "strict": 63, "over_cap": 0}, "force_subject": {"answers": 64, "strict": 64, "over_cap": 0}, "force_stop": {"answers": 64, "strict": 63, "over_cap": 0}, "force_operation+subject": {"answers": 64, "strict": 64, "over_cap": 0}}
{"diagnose": "pair-link", "none": {"answers": 8, "strict": 7, "over_cap": 0}, "force_operation": {"answers": 8, "strict": 7, "over_cap": 0}, "force_subject": {"answers": 64, "strict": 64, "over_cap": 0}, "force_stop": {"answers": 8, "strict": 7, "over_cap": 0}, "force_operation+subject": {"answers": 64, "strict": 64, "over_cap": 0}}
{"diagnose": "pair-value", "none": {"answers": 20, "strict": 20, "over_cap": 0}, "force_operation": {"answers": 20, "strict": 20, "over_cap": 0}, "force_subject": {"answers": 64, "strict": 64, "over_cap": 0}, "force_stop": {"answers": 20, "strict": 20, "over_cap": 0}, "force_operation+subject": {"answers": 64, "strict": 64, "over_cap": 0}}
{"diagnose": "pair-irrelevant", "none": {"answers": 22, "strict": 22, "over_cap": 0}, "force_operation": {"answers": 22, "strict": 22, "over_cap": 0}, "force_subject": {"answers": 64, "strict": 64, "over_cap": 0}, "force_stop": {"answers": 22, "strict": 22, "over_cap": 0}, "force_operation+subject": {"answers": 64, "strict": 64, "over_cap": 0}}
