{"cell": "k1-prac", "hops": 1, "passed": true, "trained": {"answers": 64, "strict": 64, "over_cap": 0}, "oracle": {"answers": 64, "strict": 64, "over_cap": 0}}
{"cell": "k1-held", "hops": 1, "passed": true, "trained": {"answers": 64, "strict": 64, "over_cap": 0}, "oracle": {"answers": 64, "strict": 64, "over_cap": 0}}
{"cell": "k2-prac", "hops": 2, "passed": true, "trained": {"answers": 64, "strict": 64, "over_cap": 0}, "oracle": {"answers": 64, "strict": 64, "over_cap": 0}}
{"cell": "k2-held", "hops": 2, "passed": true, "trained": {"answers": 64, "strict": 64, "over_cap": 0}, "oracle": {"answers": 64, "strict": 64, "over_cap": 0}}
{"cell": "k3-prac", "hops": 3, "passed": true, "trained": {"answers": 63, "strict": 63, "over_cap": 0}, "oracle": {"answers": 63, "strict": 63, "over_cap": 0}}
{"cell": "k3-held", "hops": 3, "passed": true, "trained": {"answers": 62, "strict": 62, "over_cap": 0}, "oracle": {"answers": 62, "strict": 62, "over_cap": 0}}
{"cell": "k4-prac", "hops": 4, "passed": false, "trained": {"answers": 17, "strict": 14, "over_cap": 0}, "oracle": {"answers": 17, "strict": 14, "over_cap": 0}}
{"cell": "k4-held", "hops": 4, "passed": false, "trained": {"answers": 46, "strict": 43, "over_cap": 0}, "oracle": {"answers": 46, "strict": 43, "over_cap": 0}}
{"cell": "k5-prac", "hops": 5, "passed": false, "trained": {"answers": 20, "strict": 14, "over_cap": 0}, "oracle": {"answers": 20, "strict": 14, "over_cap": 0}}
{"cell": "k5-held", "hops": 5, "passed": false, "trained": {"answers": 16, "strict": 13, "over_cap": 0}, "oracle": {"answers": 16, "strict": 13, "over_cap": 0}}
{"cell": "k6-prac", "hops": 6, "passed": false, "trained": {"answers": 11, "strict": 8, "over_cap": 0}, "oracle": {"answers": 11, "strict": 8, "over_cap": 0}}
{"cell": "k6-held", "hops": 6, "passed": false, "trained": {"answers": 11, "strict": 10, "over_cap": 0}, "oracle": {"answers": 11, "strict": 10, "over_cap": 0}}
{"cell": "k7-prac", "hops": 7, "passed": false, "trained": {"answers": 3, "strict": 1, "over_cap": 0}, "oracle": {"answers": 3, "strict": 1, "over_cap": 0}}
{"cell": "k7-held", "hops": 7, "passed": false, "trained": {"answers": 7, "strict": 1, "over_cap": 0}, "oracle": {"answers": 7, "strict": 1, "over_cap": 0}}
{"cell": "k8-prac", "hops": 8, "passed": false, "trained": {"answers": 4, "strict": 0, "over_cap": 0}, "oracle": {"answers": 4, "strict": 0, "over_cap": 0}}
{"cell": "k8-held", "hops": 8, "passed": false, "trained": {"answers": 4, "strict": 0, "over_cap": 0}, "oracle": {"answers": 4, "strict": 0, "over_cap": 0}}
{"cell": "p6-k1-prac", "hops": 1, "passed": true, "trained": {"answers": 64, "strict": 64, "over_cap": 0}, "oracle": {"answers": 64, "strict": 64, "over_cap": 0}}
{"cell": "p6-k1-held", "hops": 1, "passed": true, "trained": {"answers": 64, "strict": 64, "over_cap": 0}, "oracle": {"answers": 64, "strict": 64, "over_cap": 0}}
{"cell": "p6-k2-prac", "hops": 2, "passed": true, "trained": {"answers": 64, "strict": 64, "over_cap": 0}, "oracle": {"answers": 64, "strict": 64, "over_cap": 0}}
{"cell": "p6-k2-held", "hops": 2, "passed": true, "trained": {"answers": 64, "strict": 64, "over_cap": 0}, "oracle": {"answers": 64, "strict": 64, "over_cap": 0}}
{"cell": "p6-k3-prac", "hops": 3, "passed": true, "trained": {"answers": 64, "strict": 63, "over_cap": 0}, "oracle": {"answers": 64, "strict": 63, "over_cap": 0}}
{"cell": "p6-k3-held", "hops": 3, "passed": true, "trained": {"answers": 63, "strict": 63, "over_cap": 0}, "oracle": {"answers": 63, "strict": 63, "over_cap": 0}}
{"cell": "pair-link", "hops": 5, "passed": false, "trained": {"answers": 11, "strict": 9, "over_cap": 0}, "oracle": {"answers": 11, "strict": 9, "over_cap": 0}}
{"cell": "pair-value", "hops": 5, "passed": false, "trained": {"answers": 19, "strict": 19, "over_cap": 0}, "oracle": {"answers": 19, "strict": 19, "over_cap": 0}}
{"cell": "pair-irrelevant", "hops": 5, "passed": false, "trained": {"answers": 21, "strict": 20, "over_cap": 0}, "oracle": {"answers": 21, "strict": 20, "over_cap": 0}}
{"diagnose": "k1-prac", "none": {"answers": 64, "strict": 64, "over_cap": 0}, "force_operation": {"answers": 64, "strict": 64, "over_cap": 0}, "force_subject": {"answers": 64, "strict": 64, "over_cap": 0}, "force_stop": {"answers": 64, "strict": 64, "over_cap": 0}, "force_operation+subject": {"answers": 64, "strict": 64, "over_cap": 0}}
{"diagnose": "k1-held", "none": {"answers": 64, "strict": 64, "over_cap": 0}, "force_operation": {"answers": 64, "strict": 64, "over_cap": 0}, "force_subject": {"answers": 64, "strict": 64, "over_cap": 0}, "force_stop": {"answers": 64, "strict": 64, "over_cap": 0}, "force_operation+subject": {"answers": 64, "strict": 64, "over_cap": 0}}
{"diagnose": "k2-prac", "none": {"answers": 64, "strict": 64, "over_cap": 0}, "force_operation": {"answers": 64, "strict": 64, "over_cap": 0}, "force_subject": {"answers": 64, "strict": 64, "over_cap": 0}, "force_stop": {"answers": 64, "strict": 64, "over_cap": 0}, "force_operation+subject": {"answers": 64, "strict": 64, "over_cap": 0}}
{"diagnose": "k2-held", "none": {"answers": 64, "strict": 64, "over_cap": 0}, "force_operation": {"answers": 64, "strict": 64, "over_cap": 0}, "force_subject": {"answers": 64, "strict": 64, "over_cap": 0}, "force_stop": {"answers": 64, "strict": 64, "over_cap": 0}, "force_operation+subject": {"answers": 64, "strict": 64, "over_cap": 0}}
{"diagnose": "k3-prac", "none": {"answers": 63, "strict": 63, "over_cap": 0}, "force_operation": {"answers": 63, "strict": 63, "over_cap": 0}, "force_subject": {"answers": 64, "strict": 64, "over_cap": 0}, "force_stop": {"answers": 63, "strict": 63, "over_cap": 0}, "force_operation+subject": {"answers": 64, "strict": 64, "over_cap": 0}}
{"diagnose": "k3-held", "none": {"answers": 62, "strict": 62, "over_cap": 0}, "force_operation": {"answers": 62, "strict": 62, "over_cap": 0}, "force_subject": {"answers": 64, "strict": 64, "over_cap": 0}, "force_stop": {"answers": 62, "strict": 62, "over_cap": 0}, "force_operation+subject": {"answers": 64, "strict": 64, "over_cap": 0}}
{"diagnose": "k4-prac", "none": {"answers": 17, "strict": 14, "over_cap": 0}, "force_operation": {"answers": 39, "strict": 38, "over_cap": 0}, "force_subject": {"answers": 30, "strict": 27, "over_cap": 0}, "force_stop": {"answers": 16, "strict": 14, "over_cap": 0}, "force_operation+subject": {"answers": 64, "strict": 64, "over_cap": 0}}
{"diagnose": "k4-held", "none": {"answers": 46, "strict": 43, "over_cap": 0}, "force_operation": {"answers": 46, "strict": 43, "over_cap": 0}, "force_subject": {"answers": 64, "strict": 64, "over_cap": 0}, "force_stop": {"answers": 46, "strict": 43, "over_cap": 0}, "force_operation+subject": {"answers": 64, "strict": 64, "over_cap": 0}}
{"diagnose": "k5-prac", "none": {"answers": 20, "strict": 14, "over_cap": 0}, "force_operation": {"answers": 25, "strict": 23, "over_cap": 0}, "force_subject": {"answers": 39, "strict": 36, "over_cap": 0}, "force_stop": {"answers": 16, "strict": 14, "over_cap": 0}, "force_operation+subject": {"answers": 64, "strict": 64, "over_cap": 0}}
{"diagnose": "k5-held", "none": {"answers": 16, "strict": 13, "over_cap": 0}, "force_operation": {"answers": 16, "strict": 13, "over_cap": 0}, "force_subject": {"answers": 64, "strict": 64, "over_cap": 0}, "force_stop": {"answers": 16, "strict": 13, "over_cap": 0}, "force_operation+subject": {"answers": 64, "strict": 64, "over_cap": 0}}
{"diagnose": "k6-prac", "none": {"answers": 11, "strict": 8, "over_cap": 0}, "force_operation": {"answers": 16, "strict": 13, "over_cap": 0}, "force_subject": {"answers": 38, "strict": 36, "over_cap": 0}, "force_stop": {"answers": 10, "strict": 8, "over_cap": 0}, "force_operation+subject": {"answers": 64, "strict": 64, "over_cap": 0}}
{"diagnose": "k6-held", "none": {"answers": 11, "strict": 10, "over_cap": 0}, "force_operation": {"answers": 11, "strict": 10, "over_cap": 0}, "force_subject": {"answers": 64, "strict": 64, "over_cap": 0}, "force_stop": {"answers": 11, "strict": 10, "over_cap": 0}, "force_operation+subject": {"answers": 64, "strict": 64, "over_cap": 0}}
{"diagnose": "k7-prac", "none": {"answers": 3, "strict": 1, "over_cap": 0}, "force_operation": {"answers": 6, "strict": 2, "over_cap": 0}, "force_subject": {"answers": 38, "strict": 36, "over_cap": 0}, "force_stop": {"answers": 3, "strict": 1, "over_cap": 0}, "force_operation+subject": {"answers": 64, "strict": 64, "over_cap": 0}}
{"diagnose": "k7-held", "none": {"answers": 7, "strict": 1, "over_cap": 0}, "force_operation": {"answers": 7, "strict": 1, "over_cap": 0}, "force_subject": {"answers": 64, "strict": 64, "over_cap": 0}, "force_stop": {"answers": 7, "strict": 1, "over_cap": 0}, "force_operation+subject": {"answers": 64, "strict": 64, "over_cap": 0}}
{"diagnose": "k8-prac", "none": {"answers": 4, "strict": 0, "over_cap": 0}, "force_operation": {"answers": 3, "strict": 0, "over_cap": 0}, "force_subject": {"answers": 33, "strict": 31, "over_cap": 0}, "force_stop": {"answers": 2, "strict": 0, "over_cap": 0}, "force_operation+subject": {"answers": 64, "strict": 64, "over_cap": 0}}
{"diagnose": "k8-held", "none": {"answers": 4, "strict": 0, "over_cap": 0}, "force_operation": {"answers": 4, "strict": 0, "over_cap": 0}, "force_subject": {"answers": 64, "strict": 64, "over_cap": 0}, "force_stop": {"answers": 4, "strict": 0, "over_cap": 0}, "force_operation+subject": {"answers": 64, "strict": 64, "over_cap": 0}}
{"diagnose": "p6-k1-prac", "none": {"answers": 64, "strict": 64, "over_cap": 0}, "force_operation": {"answers": 64, "strict": 64, "over_cap": 0}, "force_subject": {"answers": 64, "strict": 64, "over_cap": 0}, "force_stop": {"answers": 64, "strict": 64, "over_cap": 0}, "force_operation+subject": {"answers": 64, "strict": 64, "over_cap": 0}}
{"diagnose": "p6-k1-held", "none": {"answers": 64, "strict": 64, "over_cap": 0}, "force_operation": {"answers": 64, "strict": 64, "over_cap": 0}, "force_subject": {"answers": 64, "strict": 64, "over_cap": 0}, "force_stop": {"answers": 64, "strict": 64, "over_cap": 0}, "force_operation+subject": {"answers": 64, "strict": 64, "over_cap": 0}}
{"diagnose": "p6-k2-prac", "none": {"answers": 64, "strict": 64, "over_cap": 0}, "force_operation": {"answers": 64, "strict": 64, "over_cap": 0}, "force_subject": {"answers": 64, "strict": 64, "over_cap": 0}, "force_stop": {"answers": 64, "strict": 64, "over_cap": 0}, "force_operation+subject": {"answers": 64, "strict": 64, "over_cap": 0}}
{"diagnose": "p6-k2-held", "none": {"answers": 64, "strict": 64, "over_cap": 0}, "force_operation": {"answers": 64, "strict": 64, "over_cap": 0}, "force_subject": {"answers": 64, "strict": 64, "over_cap": 0}, "force_stop": {"answers": 64, "strict": 64, "over_cap": 0}, "force_operation+subject": {"answers": 64, "strict": 64, "over_cap": 0}}
{"diagnose": "p6-k3-prac", "none": {"answers": 64, "strict": 63, "over_cap": 0}, "force_operation": {"answers": 64, "strict": 63, "over_cap": 0}, "force_subject": {"answers": 64, "strict": 64, "over_cap": 0}, "force_stop": {"answers": 64, "strict": 63, "over_cap": 0}, "force_operation+subject": {"answers": 64, "strict": 64, "over_cap": 0}}
{"diagnose": "p6-k3-held", "none": {"answers": 63, "strict": 63, "over_cap": 0}, "force_operation": {"answers": 63, "strict": 63, "over_cap": 0}, "force_subject": {"answers": 64, "strict": 64, "over_cap": 0}, "force_stop": {"answers": 63, "strict": 63, "over_cap": 0}, "force_operation+subject": {"answers": 64, "strict": 64, "over_cap": 0}}
{"diagnose": "pair-link", "none": {"answers": 11, "strict": 9, "over_cap": 0}, "force_operation": {"answers": 11, "strict": 9, "over_cap": 0}, "force_subject": {"answers": 64, "strict": 64, "over_cap": 0}, "force_stop": {"answers": 11, "strict": 9, "over_cap": 0}, "force_operation+subject": {"answers": 64, "strict": 64, "over_cap": 0}}
{"diagnose": "pair-value", "none": {"answers": 19, "strict": 19, "over_cap": 0}, "force_operation": {"answers": 19, "strict": 19, "over_cap": 0}, "force_subject": {"answers": 64, "strict": 64, "over_cap": 0}, "force_stop": {"answers": 19, "strict": 19, "over_cap": 0}, "force_operation+subject": {"answers": 64, "strict": 64, "over_cap": 0}}
{"diagnose": "pair-irrelevant", "none": {"answers": 21, "strict": 20, "over_cap": 0}, "force_operation": {"answers": 21, "strict": 20, "over_cap": 0}, "force_subject": {"answers": 64, "strict": 64, "over_cap": 0}, "force_stop": {"answers": 21, "strict": 20, "over_cap": 0}, "force_operation+subject": {"answers": 64, "strict": 64, "over_cap": 0}}
