{"cell": "k1-prac", "hops": 1, "passed": true, "trained": {"answers": 64, "strict": 64, "over_cap": 0}, "oracle": {"answers": 64, "strict": 64, "over_cap": 0}}
{"cell": "k1-held", "hops": 1, "passed": true, "trained": {"answers": 64, "strict": 64, "over_cap": 0}, "oracle": {"answers": 64, "strict": 64, "over_cap": 0}}
{"cell": "k2-prac", "hops": 2, "passed": true, "trained": {"answers": 64, "strict": 64, "over_cap": 0}, "oracle": {"answers": 64, "strict": 64, "over_cap": 0}}
{"cell": "k2-held", "hops": 2, "passed": true, "trained": {"answers": 61, "strict": 61, "over_cap": 0}, "oracle": {"answers": 61, "strict": 61, "over_cap": 0}}
{"cell": "k3-prac", "hops": 3, "passed": true, "trained": {"answers": 64, "strict": 64, "over_cap": 0}, "oracle": {"answers": 64, "strict": 64, "over_cap": 0}}
{"cell": "k3-held", "hops": 3, "passed": false, "trained": {"answers": 57, "strict": 57, "over_cap": 0}, "oracle": {"answers": 57, "strict": 57, "over_cap": 0}}
{"cell": "k4-prac", "hops": 4, "passed": false, "trained": {"answers": 36, "strict": 35, "over_cap": 0}, "oracle": {"answers": 36, "strict": 35, "over_cap": 0}}
{"cell": "k4-held", "hops": 4, "passed": false, "trained": {"answers": 41, "strict": 40, "over_cap": 0}, "oracle": {"answers": 41, "strict": 40, "over_cap": 0}}
{"cell": "k5-prac", "hops": 5, "passed": false, "trained": {"answers": 24, "strict": 22, "over_cap": 0}, "oracle": {"answers": 24, "strict": 22, "over_cap": 0}}
{"cell": "k5-held", "hops": 5, "passed": false, "trained": {"answers": 22, "strict": 18, "over_cap": 0}, "oracle": {"answers": 22, "strict": 18, "over_cap": 0}}
{"cell": "k6-prac", "hops": 6, "passed": false, "trained": {"answers": 6, "strict": 4, "over_cap": 0}, "oracle": {"answers": 6, "strict": 4, "over_cap": 0}}
{"cell": "k6-held", "hops": 6, "passed": false, "trained": {"answers": 15, "strict": 12, "over_cap": 0}, "oracle": {"answers": 15, "strict": 12, "over_cap": 0}}
{"cell": "k7-prac", "hops": 7, "passed": false, "trained": {"answers": 8, "strict": 4, "over_cap": 0}, "oracle": {"answers": 8, "strict": 4, "over_cap": 0}}
{"cell": "k7-held", "hops": 7, "passed": false, "trained": {"answers": 4, "strict": 2, "over_cap": 0}, "oracle": {"answers": 4, "strict": 2, "over_cap": 0}}
{"cell": "k8-prac", "hops": 8, "passed": false, "trained": {"answers": 6, "strict": 1, "over_cap": 0}, "oracle": {"answers": 6, "strict": 1, "over_cap": 0}}
{"cell": "k8-held", "hops": 8, "passed": false, "trained": {"answers": 6, "strict": 1, "over_cap": 0}, "oracle": {"answers": 6, "strict": 1, "over_cap": 0}}
{"cell": "p6-k1-prac", "hops": 1, "passed": true, "trained": {"answers": 64, "strict": 64, "over_cap": 0}, "oracle": {"answers": 64, "strict": 64, "over_cap": 0}}
{"cell": "p6-k1-held", "hops": 1, "passed": true, "trained": {"answers": 64, "strict": 64, "over_cap": 0}, "oracle": {"answers": 64, "strict": 64, "over_cap": 0}}
{"cell": "p6-k2-prac", "hops": 2, "passed": true, "trained": {"answers": 64, "strict": 64, "over_cap": 0}, "oracle": {"answers": 64, "strict": 64, "over_cap": 0}}
{"cell": "p6-k2-held", "hops": 2, "passed": false, "trained": {"answers": 58, "strict": 58, "over_cap": 0}, "oracle": {"answers": 58, "strict": 58, "over_cap": 0}}
{"cell": "p6-k3-prac", "hops": 3, "passed": true, "trained": {"answers": 64, "strict": 64, "over_cap": 0}, "oracle": {"answers": 64, "strict": 64, "over_cap": 0}}
{"cell": "p6-k3-held", "hops": 3, "passed": true, "trained": {"answers": 60, "strict": 59, "over_cap": 0}, "oracle": {"answers": 60, "strict": 59, "over_cap": 0}}
{"cell": "pair-link", "hops": 5, "passed": false, "trained": {"answers": 12, "strict": 12, "over_cap": 0}, "oracle": {"answers": 12, "strict": 12, "over_cap": 0}}
{"cell": "pair-value", "hops": 5, "passed": false, "trained": {"answers": 25, "strict": 25, "over_cap": 0}, "oracle": {"answers": 25, "strict": 25, "over_cap": 0}}
{"cell": "pair-irrelevant", "hops": 5, "passed": false, "trained": {"answers": 30, "strict": 29, "over_cap": 0}, "oracle": {"answers": 30, "strict": 29, "over_cap": 0}}
{"diagnose": "k1-prac", "none": {"answers": 64, "strict": 64, "over_cap": 0}, "force_operation": {"answers": 64, "strict": 64, "over_cap": 0}, "force_subject": {"answers": 64, "strict": 64, "over_cap": 0}, "force_stop": {"answers": 64, "strict": 64, "over_cap": 0}, "force_operation+subject": {"answers": 64, "strict": 64, "over_cap": 0}}
{"diagnose": "k1-held", "none": {"answers": 64, "strict": 64, "over_cap": 0}, "force_operation": {"answers": 64, "strict": 64, "over_cap": 0}, "force_subject": {"answers": 64, "strict": 64, "over_cap": 0}, "force_stop": {"answers": 64, "strict": 64, "over_cap": 0}, "force_operation+subject": {"answers": 64, "strict": 64, "over_cap": 0}}
{"diagnose": "k2-prac", "none": {"answers": 64, "strict": 64, "over_cap": 0}, "force_operation": {"answers": 64, "strict": 64, "over_cap": 0}, "force_subject": {"answers": 64, "strict": 64, "over_cap": 0}, "force_stop": {"answers": 64, "strict": 64, "over_cap": 0}, "force_operation+subject": {"answers": 64, "strict": 64, "over_cap": 0}}
{"diagnose": "k2-held", "none": {"answers": 61, "strict": 61, "over_cap": 0}, "force_operation": {"answers": 64, "strict": 64, "over_cap": 0}, "force_subject": {"answers": 61, "strict": 61, "over_cap": 0}, "force_stop": {"answers": 61, "strict": 61, "over_cap": 0}, "force_operation+subject": {"answers": 64, "strict": 64, "over_cap": 0}}
{"diagnose": "k3-prac", "none": {"answers": 64, "strict": 64, "over_cap": 0}, "force_operation": {"answers": 64, "strict": 64, "over_cap": 0}, "force_subject": {"answers": 64, "strict": 64, "over_cap": 0}, "force_stop": {"answers": 64, "strict": 64, "over_cap": 0}, "force_operation+subject": {"answers": 64, "strict": 64, "over_cap": 0}}
{"diagnose": "k3-held", "none": {"answers": 57, "strict": 57, "over_cap": 0}, "force_operation": {"answers": 64, "strict": 64, "over_cap": 0}, "force_subject": {"answers": 57, "strict": 57, "over_cap": 0}, "force_stop": {"answers": 57, "strict": 57, "over_cap": 0}, "force_operation+subject": {"answers": 64, "strict": 64, "over_cap": 0}}
{"diagnose": "k4-prac", "none": {"answers": 36, "strict": 35, "over_cap": 0}, "force_operation": {"answers": 36, "strict": 35, "over_cap": 0}, "force_subject": {"answers": 64, "strict": 64, "over_cap": 0}, "force_stop": {"answers": 36, "strict": 35, "over_cap": 0}, "force_operation+subject": {"answers": 64, "strict": 64, "over_cap": 0}}
{"diagnose": "k4-held", "none": {"answers": 41, "strict": 40, "over_cap": 0}, "force_operation": {"answers": 47, "strict": 46, "over_cap": 0}, "force_subject": {"answers": 58, "strict": 58, "over_cap": 0}, "force_stop": {"answers": 41, "strict": 40, "over_cap": 0}, "force_operation+subject": {"answers": 64, "strict": 64, "over_cap": 0}}
{"diagnose": "k5-prac", "none": {"answers": 24, "strict": 22, "over_cap": 0}, "force_operation": {"answers": 24, "strict": 22, "over_cap": 0}, "force_subject": {"answers": 64, "strict": 64, "over_cap": 0}, "force_stop": {"answers": 24, "strict": 22, "over_cap": 0}, "force_operation+subject": {"answers": 64, "strict": 64, "over_cap": 0}}
{"diagnose": "k5-held", "none": {"answers": 22, "strict": 18, "over_cap": 0}, "force_operation": {"answers": 22, "strict": 18, "over_cap": 0}, "force_subject": {"answers": 64, "strict": 64, "over_cap": 0}, "force_stop": {"answers": 22, "strict": 18, "over_cap": 0}, "force_operation+subject": {"answers": 64, "strict": 64, "over_cap": 0}}
{"diagnose": "k6-prac", "none": {"answers": 6, "strict": 4, "over_cap": 0}, "force_operation": {"answers": 6, "strict": 4, "over_cap": 0}, "force_subject": {"answers": 64, "strict": 64, "over_cap": 0}, "force_stop": {"answers": 6, "strict": 4, "over_cap": 0}, "force_operation+subject": {"answers": 64, "strict": 64, "over_cap": 0}}
{"diagnose": "k6-held", "none": {"answers": 15, "strict": 12, "over_cap": 0}, "force_operation": {"answers": 15, "strict": 12, "over_cap": 0}, "force_subject": {"answers": 64, "strict": 64, "over_cap": 0}, "force_stop": {"answers": 15, "strict": 12, "over_cap": 0}, "force_operation+subject": {"answers": 64, "strict": 64, "over_cap": 0}}
{"diagnose": "k7-prac", "none": {"answers": 8, "strict": 4, "over_cap": 0}, "force_operation": {"answers": 8, "strict": 4, "over_cap": 0}, "force_subject": {"answers": 64, "strict": 64, "over_cap": 0}, "force_stop": {"answers": 8, "strict": 4, "over_cap": 0}, "force_operation+subject": {"answers": 64, "strict": 64, "over_cap": 0}}
{"diagnose": "k7-held", "none": {"answers": 4, "strict": 2, "over_cap": 0}, "force_operation": {"answers": 4, "strict": 2, "over_cap": 0}, "force_subject": {"answers": 64, "strict": 64, "over_cap": 0}, "force_stop": {"answers": 4, "strict": 2, "over_cap": 0}, "force_operation+subject": {"answers": 64, "strict": 64, "over_cap": 0}}
{"diagnose": "k8-prac", "none": {"answers": 6, "strict": 1, "over_cap": 0}, "force_operation": {"answers": 6, "strict": 1, "over_cap": 0}, "force_subject": {"answers": 64, "strict": 64, "over_cap": 0}, "force_stop": {"answers": 6, "strict": 1, "over_cap": 0}, "force_operation+subject": {"answers": 64, "strict": 64, "over_cap": 0}}
{"diagnose": "k8-held", "none": {"answers": 6, "strict": 1, "over_cap": 0}, "force_operation": {"answers": 6, "strict": 1, "over_cap": 0}, "force_subject": {"answers": 64, "strict": 64, "over_cap": 0}, "force_stop": {"answers": 6, "strict": 1, "over_cap": 0}, "force_operation+subject": {"answers": 64, "strict": 64, "over_cap": 0}}
{"diagnose": "p6-k1-prac", "none": {"answers": 64, "strict": 64, "over_cap": 0}, "force_operation": {"answers": 64, "strict": 64, "over_cap": 0}, "force_subject": {"answers": 64, "strict": 64, "over_cap": 0}, "force_stop": {"answers": 64, "strict": 64, "over_cap": 0}, "force_operation+subject": {"answers": 64, "strict": 64, "over_cap": 0}}
{"diagnose": "p6-k1-held", "none": {"answers": 64, "strict": 64, "over_cap": 0}, "force_operation": {"answers": 64, "strict": 64, "over_cap": 0}, "force_subject": {"answers": 64, "strict": 64, "over_cap": 0}, "force_stop": {"answers": 64, "strict": 64, "over_cap": 0}, "force_operation+subject": {"answers": 64, "strict": 64, "over_cap": 0}}
{"diagnose": "p6-k2-prac", "none": {"answers": 64, "strict": 64, "over_cap": 0}, "force_operation": {"answers": 64, "strict": 64, "over_cap": 0}, "force_subject": {"answers": 64, "strict": 64, "over_cap": 0}, "force_stop": {"answers": 64, "strict": 64, "over_cap": 0}, "force_operation+subject": {"answers": 64, "strict": 64, "over_cap": 0}}
{"diagnose": "p6-k2-held", "none": {"answers": 58, "strict": 58, "over_cap": 0}, "force_operation": {"answers": 64, "strict": 64, "over_cap": 0}, "force_subject": {"answers": 58, "strict": 58, "over_cap": 0}, "force_stop": {"answers": 58, "strict": 58, "over_cap": 0}, "force_operation+subject": {"answers": 64, "strict": 64, "over_cap": 0}}
{"diagnose": "p6-k3-prac", "none": {"answers": 64, "strict": 64, "over_cap": 0}, "force_operation": {"answers": 64, "strict": 64, "over_cap": 0}, "force_subject": {"answers": 64, "strict": 64, "over_cap": 0}, "force_stop": {"answers": 64, "strict": 64, "over_cap": 0}, "force_operation+subject": {"answers": 64, "strict": 64, "over_cap": 0}}
{"diagnose": "p6-k3-held", "none": {"answers": 60, "strict": 59, "over_cap": 0}, "force_operation": {"answers": 64, "strict": 64, "over_cap": 0}, "force_subject": {"answers": 60, "strict": 59, "over_cap": 0}, "force_stop": {"answers": 59, "strict": 59, "over_cap": 0}, "force_operation+subject": {"answers": 64, "strict": 64, "over_cap": 0}}
{"diagnose": "pair-link", "none": {"answers": 12, "strict": 12, "over_cap": 0}, "force_operation": {"answers": 12, "strict": 12, "over_cap": 0}, "force_subject": {"answers": 64, "strict": 64, "over_cap": 0}, "force_stop": {"answers": 12, "strict": 12, "over_cap": 0}, "force_operation+subject": {"answers": 64, "strict": 64, "over_cap": 0}}
{"diagnose": "pair-value", "none": {"answers": 25, "strict": 25, "over_cap": 0}, "force_operation": {"answers": 25, "strict": 25, "over_cap": 0}, "force_subject": {"answers": 64, "strict": 64, "over_cap": 0}, "force_stop": {"answers": 25, "strict": 25, "over_cap": 0}, "force_operation+subject": {"answers": 64, "strict": 64, "over_cap": 0}}
{"diagnose": "pair-irrelevant", "none": {"answers": 30, "strict": 29, "over_cap": 0}, "force_operation": {"answers": 30, "strict": 29, "over_cap": 0}, "force_subject": {"answers": 64, "strict": 64, "over_cap": 0}, "force_stop": {"answers": 30, "strict": 29, "over_cap": 0}, "force_operation+subject": {"answers": 64, "strict": 64, "over_cap": 0}}
