{"cell": "k1-prac", "hops": 1, "passed": true, "trained": {"answers": 64, "strict": 64, "over_cap": 0}, "oracle": {"answers": 64, "strict": 64, "over_cap": 0}}
{"cell": "k1-held", "hops": 1, "passed": true, "trained": {"answers": 64, "strict": 64, "over_cap": 0}, "oracle": {"answers": 64, "strict": 64, "over_cap": 0}}
{"cell": "k2-prac", "hops": 2, "passed": true, "trained": {"answers": 64, "strict": 64, "over_cap": 0}, "oracle": {"answers": 64, "strict": 64, "over_cap": 0}}
{"cell": "k2-held", "hops": 2, "passed": true, "trained": {"answers": 64, "strict": 64, "over_cap": 0}, "oracle": {"answers": 64, "strict": 64, "over_cap": 0}}
{"cell": "k3-prac", "hops": 3, "passed": true, "trained": {"answers": 64, "strict": 64, "over_cap": 0}, "oracle": {"answers": 64, "strict": 64, "over_cap": 0}}
{"cell": "k3-held", "hops": 3, "passed": true, "trained": {"answers": 64, "strict": 64, "over_cap": 0}, "oracle": {"answers": 64, "strict": 64, "over_cap": 0}}
{"cell": "k4-prac", "hops": 4, "passed": false, "trained": {"answers": 4, "strict": 0, "over_cap": 0}, "oracle": {"answers": 4, "strict": 0, "over_cap": 0}}
{"cell": "k4-held", "hops": 4, "passed": false, "trained": {"answers": 4, "strict": 0, "over_cap": 0}, "oracle": {"answers": 4, "strict": 0, "over_cap": 0}}
{"cell": "k5-prac", "hops": 5, "passed": false, "trained": {"answers": 2, "strict": 0, "over_cap": 0}, "oracle": {"answers": 2, "strict": 0, "over_cap": 0}}
{"cell": "k5-held", "hops": 5, "passed": false, "trained": {"answers": 8, "strict": 0, "over_cap": 0}, "oracle": {"answers": 8, "strict": 0, "over_cap": 0}}
{"cell": "k6-prac", "hops": 6, "passed": false, "trained": {"answers": 4, "strict": 0, "over_cap": 0}, "oracle": {"answers": 4, "strict": 0, "over_cap": 0}}
{"cell": "k6-held", "hops": 6, "passed": false, "trained": {"answers": 5, "strict": 0, "over_cap": 0}, "oracle": {"answers": 5, "strict": 0, "over_cap": 0}}
{"cell": "k7-prac", "hops": 7, "passed": false, "trained": {"answers": 5, "strict": 0, "over_cap": 0}, "oracle": {"answers": 5, "strict": 0, "over_cap": 0}}
{"cell": "k7-held", "hops": 7, "passed": false, "trained": {"answers": 2, "strict": 0, "over_cap": 0}, "oracle": {"answers": 2, "strict": 0, "over_cap": 0}}
{"cell": "k8-prac", "hops": 8, "passed": false, "trained": {"answers": 4, "strict": 0, "over_cap": 0}, "oracle": {"answers": 4, "strict": 0, "over_cap": 0}}
{"cell": "k8-held", "hops": 8, "passed": false, "trained": {"answers": 4, "strict": 0, "over_cap": 0}, "oracle": {"answers": 4, "strict": 0, "over_cap": 0}}
{"cell": "p6-k1-prac", "hops": 1, "passed": true, "trained": {"answers": 64, "strict": 64, "over_cap": 0}, "oracle": {"answers": 64, "strict": 64, "over_cap": 0}}
{"cell": "p6-k1-held", "hops": 1, "passed": true, "trained": {"answers": 64, "strict": 64, "over_cap": 0}, "oracle": {"answers": 64, "strict": 64, "over_cap": 0}}
{"cell": "p6-k2-prac", "hops": 2, "passed": true, "trained": {"answers": 64, "strict": 64, "over_cap": 0}, "oracle": {"answers": 64, "strict": 64, "over_cap": 0}}
{"cell": "p6-k2-held", "hops": 2, "passed": true, "trained": {"answers": 64, "strict": 64, "over_cap": 0}, "oracle": {"answers": 64, "strict": 64, "over_cap": 0}}
{"cell": "p6-k3-prac", "hops": 3, "passed": true, "trained": {"answers": 64, "strict": 64, "over_cap": 0}, "oracle": {"answers": 64, "strict": 64, "over_cap": 0}}
{"cell": "p6-k3-held", "hops": 3, "passed": true, "trained": {"answers": 64, "strict": 64, "over_cap": 0}, "oracle": {"answers": 64, "strict": 64, "over_cap": 0}}
{"cell": "pair-link", "hops": 5, "passed": false, "trained": {"answers": 0, "strict": 0, "over_cap": 0}, "oracle": {"answers": 0, "strict": 0, "over_cap": 0}}
{"cell": "pair-value", "hops": 5, "passed": false, "trained": {"answers": 0, "strict": 0, "over_cap": 0}, "oracle": {"answers": 0, "strict": 0, "over_cap": 0}}
{"cell": "pair-irrelevant", "hops": 5, "passed": false, "trained": {"answers": 1, "strict": 0, "over_cap": 0}, "oracle": {"answers": 1, "strict": 0, "over_cap": 0}}
{"diagnose": "k1-prac", "none": {"answers": 64, "strict": 64, "over_cap": 0}, "force_operation": {"answers": 64, "strict": 64, "over_cap": 0}, "force_subject": {"answers": 64, "strict": 64, "over_cap": 0}, "force_stop": {"answers": 64, "strict": 64, "over_cap": 0}, "force_operation+subject": {"answers": 64, "strict": 64, "over_cap": 0}}
{"diagnose": "k1-held", "none": {"answers": 64, "strict": 64, "over_cap": 0}, "force_operation": {"answers": 64, "strict": 64, "over_cap": 0}, "force_subject": {"answers": 64, "strict": 64, "over_cap": 0}, "force_stop": {"answers": 64, "strict": 64, "over_cap": 0}, "force_operation+subject": {"answers": 64, "strict": 64, "over_cap": 0}}
{"diagnose": "k2-prac", "none": {"answers": 64, "strict": 64, "over_cap": 0}, "force_operation": {"answers": 64, "strict": 64, "over_cap": 0}, "force_subject": {"answers": 64, "strict": 64, "over_cap": 0}, "force_stop": {"answers": 64, "strict": 64, "over_cap": 0}, "force_operation+subject": {"answers": 64, "strict": 64, "over_cap": 0}}
{"diagnose": "k2-held", "none": {"answers": 64, "strict": 64, "over_cap": 0}, "force_operation": {"answers": 64, "strict": 64, "over_cap": 0}, "force_subject": {"answers": 64, "strict": 64, "over_cap": 0}, "force_stop": {"answers": 64, "strict": 64, "over_cap": 0}, "force_operation+subject": {"answers": 64, "strict": 64, "over_cap": 0}}
{"diagnose": "k3-prac", "none": {"answers": 64, "strict": 64, "over_cap": 0}, "force_operation": {"answers": 64, "strict": 64, "over_cap": 0}, "force_subject": {"answers": 64, "strict": 64, "over_cap": 0}, "force_stop": {"answers": 64, "strict": 64, "over_cap": 0}, "force_operation+subject": {"answers": 64, "strict": 64, "over_cap": 0}}
{"diagnose": "k3-held", "none": {"answers": 64, "strict": 64, "over_cap": 0}, "force_operation": {"answers": 64, "strict": 64, "over_cap": 0}, "force_subject": {"answers": 64, "strict": 64, "over_cap": 0}, "force_stop": {"answers": 64, "strict": 64, "over_cap": 0}, "force_operation+subject": {"answers": 64, "strict": 64, "over_cap": 0}}
{"diagnose": "k4-prac", "none": {"answers": 4, "strict": 0, "over_cap": 0}, "force_operation": {"answers": 46, "strict": 46, "over_cap": 0}, "force_subject": {"answers": 4, "strict": 0, "over_cap": 0}, "force_stop": {"answers": 4, "strict": 0, "over_cap": 0}, "force_operation+subject": {"answers": 64, "strict": 64, "over_cap": 0}}
{"diagnose": "k4-held", "none": {"answers": 4, "strict": 0, "over_cap": 0}, "force_operation": {"answers": 50, "strict": 49, "over_cap": 0}, "force_subject": {"answers": 4, "strict": 0, "over_cap": 0}, "force_stop": {"answers": 4, "strict": 0, "over_cap": 0}, "force_operation+subject": {"answers": 64, "strict": 64, "over_cap": 0}}
{"diagnose": "k5-prac", "none": {"answers": 2, "strict": 0, "over_cap": 0}, "force_operation": {"answers": 21, "strict": 19, "over_cap": 0}, "force_subject": {"answers": 2, "strict": 0, "over_cap": 0}, "force_stop": {"answers": 2, "strict": 0, "over_cap": 0}, "force_operation+subject": {"answers": 64, "strict": 64, "over_cap": 0}}
{"diagnose": "k5-held", "none": {"answers": 8, "strict": 0, "over_cap": 0}, "force_operation": {"answers": 21, "strict": 17, "over_cap": 0}, "force_subject": {"answers": 8, "strict": 0, "over_cap": 0}, "force_stop": {"answers": 8, "strict": 0, "over_cap": 0}, "force_operation+subject": {"answers": 64, "strict": 64, "over_cap": 0}}
{"diagnose": "k6-prac", "none": {"answers": 4, "strict": 0, "over_cap": 0}, "force_operation": {"answers": 10, "strict": 7, "over_cap": 0}, "force_subject": {"answers": 4, "strict": 0, "over_cap": 0}, "force_stop": {"answers": 4, "strict": 0, "over_cap": 0}, "force_operation+subject": {"answers": 64, "strict": 64, "over_cap": 0}}
{"diagnose": "k6-held", "none": {"answers": 5, "strict": 0, "over_cap": 0}, "force_operation": {"answers": 15, "strict": 10, "over_cap": 0}, "force_subject": {"answers": 5, "strict": 0, "over_cap": 0}, "force_stop": {"answers": 5, "strict": 0, "over_cap": 0}, "force_operation+subject": {"answers": 64, "strict": 64, "over_cap": 0}}
{"diagnose": "k7-prac", "none": {"answers": 5, "strict": 0, "over_cap": 0}, "force_operation": {"answers": 8, "strict": 2, "over_cap": 0}, "force_subject": {"answers": 5, "strict": 0, "over_cap": 0}, "force_stop": {"answers": 5, "strict": 0, "over_cap": 0}, "force_operation+subject": {"answers": 64, "strict": 64, "over_cap": 0}}
{"diagnose": "k7-held", "none": {"answers": 2, "strict": 0, "over_cap": 0}, "force_operation": {"answers": 4, "strict": 2, "over_cap": 0}, "force_subject": {"answers": 2, "strict": 0, "over_cap": 0}, "force_stop": {"answers": 2, "strict": 0, "over_cap": 0}, "force_operation+subject": {"answers": 64, "strict": 64, "over_cap": 0}}
{"diagnose": "k8-prac", "none": {"answers": 4, "strict": 0, "over_cap": 0}, "force_operation": {"answers": 2, "strict": 1, "over_cap": 0}, "force_subject": {"answers": 4, "strict": 0, "over_cap": 0}, "force_stop": {"answers": 4, "strict": 0, "over_cap": 0}, "force_operation+subject": {"answers": 64, "strict": 64, "over_cap": 0}}
{"diagnose": "k8-held", "none": {"answers": 4, "strict": 0, "over_cap": 0}, "force_operation": {"answers": 7, "strict": 1, "over_cap": 0}, "force_subject": {"answers": 4, "strict": 0, "over_cap": 0}, "force_stop": {"answers": 4, "strict": 0, "over_cap": 0}, "force_operation+subject": {"answers": 64, "strict": 64, "over_cap": 0}}
{"diagnose": "p6-k1-prac", "none": {"answers": 64, "strict": 64, "over_cap": 0}, "force_operation": {"answers": 64, "strict": 64, "over_cap": 0}, "force_subject": {"answers": 64, "strict": 64, "over_cap": 0}, "force_stop": {"answers": 64, "strict": 64, "over_cap": 0}, "force_operation+subject": {"answers": 64, "strict": 64, "over_cap": 0}}
{"diagnose": "p6-k1-held", "none": {"answers": 64, "strict": 64, "over_cap": 0}, "force_operation": {"answers": 64, "strict": 64, "over_cap": 0}, "force_subject": {"answers": 64, "strict": 64, "over_cap": 0}, "force_stop": {"answers": 64, "strict": 64, "over_cap": 0}, "force_operation+subject": {"answers": 64, "strict": 64, "over_cap": 0}}
{"diagnose": "p6-k2-prac", "none": {"answers": 64, "strict": 64, "over_cap": 0}, "force_operation": {"answers": 64, "strict": 64, "over_cap": 0}, "force_subject": {"answers": 64, "strict": 64, "over_cap": 0}, "force_stop": {"answers": 64, "strict": 64, "over_cap": 0}, "force_operation+subject": {"answers": 64, "strict": 64, "over_cap": 0}}
{"diagnose": "p6-k2-held", "none": {"answers": 64, "strict": 64, "over_cap": 0}, "force_operation": {"answers": 64, "strict": 64, "over_cap": 0}, "force_subject": {"answers": 64, "strict": 64, "over_cap": 0}, "force_stop": {"answers": 64, "strict": 64, "over_cap": 0}, "force_operation+subject": {"answers": 64, "strict": 64, "over_cap": 0}}
{"diagnose": "p6-k3-prac", "none": {"answers": 64, "strict": 64, "over_cap": 0}, "force_operation": {"answers": 64, "strict": 64, "over_cap": 0}, "force_subject": {"answers": 64, "strict": 64, "over_cap": 0}, "force_stop": {"answers": 64, "strict": 64, "over_cap": 0}, "force_operation+subject": {"answers": 64, "strict": 64, "over_cap": 0}}
{"diagnose": "p6-k3-held", "none": {"answers": 64, "strict": 64, "over_cap": 0}, "force_operation": {"answers": 64, "strict": 64, "over_cap": 0}, "force_subject": {"answers": 64, "strict": 64, "over_cap": 0}, "force_stop": {"answers": 64, "strict": 64, "over_cap": 0}, "force_operation+subject": {"answers": 64, "strict": 64, "over_cap": 0}}
{"diagnose": "pair-link", "none": {"answers": 0, "strict": 0, "over_cap": 0}, "force_operation": {"answers": 11, "strict": 11, "over_cap": 0}, "force_subject": {"answers": 0, "strict": 0, "over_cap": 0}, "force_stop": {"answers": 0, "strict": 0, "over_cap": 0}, "force_operation+subject": {"answers": 64, "strict": 64, "over_cap": 0}}
{"diagnose": "pair-value", "none": {"answers": 0, "strict": 0, "over_cap": 0}, "force_operation": {"answers": 25, "strict": 25, "over_cap": 0}, "force_subject": {"answers": 0, "strict": 0, "over_cap": 0}, "force_stop": {"answers": 0, "strict": 0, "over_cap": 0}, "force_operation+subject": {"answers": 64, "strict": 64, "over_cap": 0}}
{"diagnose": "pair-irrelevant", "none": {"answers": 1, "strict": 0, "over_cap": 0}, "force_operation": {"answers": 27, "strict": 26, "over_cap": 0}, "force_subject": {"answers": 1, "strict": 0, "over_cap": 0}, "force_stop": {"answers": 1, "strict": 0, "over_cap": 0}, "force_operation+subject": {"answers": 64, "strict": 64, "over_cap": 0}}
