{"event": "start", "arm": "v3-repro", "seed": 2, "dispatcher_parameters": 15522, "added_parameters": {}, "train_hops": [1, 2, 3], "train_people": 6, "train_cap": 4, "call_cost": 0.01, "flags": {"learned_register": false, "contextual_positions": false}, "operator": "checkpoint"}
{"seed": 2, "arm": "v3-repro", "update": 1, "mean_reward": 0.0087890625, "invalid_fraction": 0.955078125, "over_cap_fraction": 0.0, "mean_calls": 0.08984375, "entropy": 1.5983123779296875, "seconds": 1.154299917001481, "mean_shaped": 0.007890624925494194, "call_cost": 0.01}
{"seed": 2, "arm": "v3-repro", "update": 100, "mean_reward": 0.1362551294191919, "invalid_fraction": 0.696417297979798, "over_cap_fraction": 0.0002564709595959596, "mean_calls": 0.3570568970959596, "entropy": 1.1685008421690777, "seconds": 12.68612425000174, "mean_shaped": 0.13268455484825553, "call_cost": 0.01}
{"seed": 2, "arm": "v3-repro", "update": 200, "mean_reward": 0.3781640625, "invalid_fraction": 0.39326171875, "over_cap_fraction": 0.002392578125, "mean_calls": 0.915478515625, "entropy": 0.5696137312054634, "seconds": 25.91901054200207, "mean_shaped": 0.3690092666447163, "call_cost": 0.01}
{"seed": 2, "arm": "v3-repro", "update": 300, "mean_reward": 0.997919921875, "invalid_fraction": 0.0005078125, "over_cap_fraction": 0.000517578125, "mean_calls": 2.098505859375, "entropy": 0.07385193683207035, "seconds": 41.50832625000112, "mean_shaped": 0.9769348692893982, "call_cost": 0.01}
{"seed": 2, "arm": "v3-repro", "update": 400, "mean_reward": 0.999453125, "invalid_fraction": 0.000126953125, "over_cap_fraction": 0.00025390625, "mean_calls": 2.1512890625, "entropy": 0.08052897024899722, "seconds": 55.799897625001904, "mean_shaped": 0.9779402405023575, "call_cost": 0.01}
{"seed": 2, "arm": "v3-repro", "update": 500, "mean_reward": 0.999609375, "invalid_fraction": 6.8359375e-05, "over_cap_fraction": 0.0001953125, "mean_calls": 2.170244140625, "entropy": 0.0823247741162777, "seconds": 70.57179595900016, "mean_shaped": 0.9779069423675537, "call_cost": 0.01}
{"seed": 2, "arm": "v3-repro", "update": 600, "mean_reward": 0.999716796875, "invalid_fraction": 4.8828125e-05, "over_cap_fraction": 0.000146484375, "mean_calls": 2.168466796875, "entropy": 0.08471315700560808, "seconds": 84.9005577090029, "mean_shaped": 0.9780321383476257, "call_cost": 0.01}
{"seed": 2, "arm": "v3-repro", "update": 700, "mean_reward": 0.99984375, "invalid_fraction": 2.9296875e-05, "over_cap_fraction": 8.7890625e-05, "mean_calls": 2.1896875, "entropy": 0.08364049129188061, "seconds": 99.18086600000242, "mean_shaped": 0.9779468894004821, "call_cost": 0.01}
{"seed": 2, "arm": "v3-repro", "update": 800, "mean_reward": 0.99984375, "invalid_fraction": 9.765625e-06, "over_cap_fraction": 0.0001171875, "mean_calls": 2.159931640625, "entropy": 0.08314019054174424, "seconds": 113.39929370900063, "mean_shaped": 0.9782444417476654, "call_cost": 0.01}
{"seed": 2, "arm": "v3-repro", "update": 900, "mean_reward": 0.99984375, "invalid_fraction": 2.9296875e-05, "over_cap_fraction": 9.765625e-05, "mean_calls": 2.1771875, "entropy": 0.08472510471940041, "seconds": 127.22535204200176, "mean_shaped": 0.978071877360344, "call_cost": 0.01}
{"seed": 2, "arm": "v3-repro", "update": 1000, "mean_reward": 0.99984375, "invalid_fraction": 3.90625e-05, "over_cap_fraction": 4.8828125e-05, "mean_calls": 2.1731640625, "entropy": 0.08320583898574113, "seconds": 141.25380183400193, "mean_shaped": 0.9781121218204498, "call_cost": 0.01}
{"seed": 2, "arm": "v3-repro", "update": 1100, "mean_reward": 0.999892578125, "invalid_fraction": 9.765625e-06, "over_cap_fraction": 5.859375e-05, "mean_calls": 2.16908203125, "entropy": 0.08522743485867977, "seconds": 155.46353954200094, "mean_shaped": 0.9782017689943313, "call_cost": 0.01}
{"seed": 2, "arm": "v3-repro", "update": 1200, "mean_reward": 0.999921875, "invalid_fraction": 2.9296875e-05, "over_cap_fraction": 1.953125e-05, "mean_calls": 2.179033203125, "entropy": 0.08479010336101055, "seconds": 169.84010858400143, "mean_shaped": 0.9781315553188324, "call_cost": 0.01}
{"seed": 2, "arm": "v3-repro", "update": 1300, "mean_reward": 0.9999609375, "invalid_fraction": 1.953125e-05, "over_cap_fraction": 0.0, "mean_calls": 2.15583984375, "entropy": 0.08712059721350669, "seconds": 183.5023292090009, "mean_shaped": 0.9784025484323502, "call_cost": 0.01}
{"seed": 2, "arm": "v3-repro", "update": 1400, "mean_reward": 0.999931640625, "invalid_fraction": 3.90625e-05, "over_cap_fraction": 0.0, "mean_calls": 2.16990234375, "entropy": 0.08341811787337065, "seconds": 197.54350541700114, "mean_shaped": 0.9782326310873032, "call_cost": 0.01}
{"seed": 2, "arm": "v3-repro", "update": 1500, "mean_reward": 0.999990234375, "invalid_fraction": 9.765625e-06, "over_cap_fraction": 0.0, "mean_calls": 2.1705859375, "entropy": 0.08586092695593833, "seconds": 211.638201709, "mean_shaped": 0.9782843852043152, "call_cost": 0.01}
{"seed": 2, "arm": "v3-repro", "update": 1600, "mean_reward": 0.99998046875, "invalid_fraction": 9.765625e-06, "over_cap_fraction": 9.765625e-06, "mean_calls": 2.173203125, "entropy": 0.08432061217725277, "seconds": 226.09043062500132, "mean_shaped": 0.9782484394311904, "call_cost": 0.01}
{"seed": 2, "arm": "v3-repro", "update": 1700, "mean_reward": 0.999912109375, "invalid_fraction": 4.8828125e-05, "over_cap_fraction": 1.953125e-05, "mean_calls": 2.173330078125, "entropy": 0.08505894988775253, "seconds": 240.62086887500118, "mean_shaped": 0.9781788164377212, "call_cost": 0.01}
{"seed": 2, "arm": "v3-repro", "update": 1800, "mean_reward": 0.99986328125, "invalid_fraction": 0.0001171875, "over_cap_fraction": 1.953125e-05, "mean_calls": 2.168876953125, "entropy": 0.08524466909468174, "seconds": 254.36449145900042, "mean_shaped": 0.978174529671669, "call_cost": 0.01}
{"seed": 2, "arm": "v3-repro", "update": 1900, "mean_reward": 0.99998046875, "invalid_fraction": 1.953125e-05, "over_cap_fraction": 0.0, "mean_calls": 2.154736328125, "entropy": 0.08358662210404873, "seconds": 270.3830382920023, "mean_shaped": 0.9784331065416336, "call_cost": 0.01}
{"seed": 2, "arm": "v3-repro", "update": 2000, "mean_reward": 0.9999609375, "invalid_fraction": 2.9296875e-05, "over_cap_fraction": 9.765625e-06, "mean_calls": 2.1723828125, "entropy": 0.08396450046449899, "seconds": 284.5981415000024, "mean_shaped": 0.9782371199131012, "call_cost": 0.01}
{"seed": 2, "arm": "v3-repro", "update": 2100, "mean_reward": 0.9999609375, "invalid_fraction": 0.0, "over_cap_fraction": 0.0, "mean_calls": 2.166650390625, "entropy": 0.08257744401693344, "seconds": 298.71797841700027, "mean_shaped": 0.978294448852539, "call_cost": 0.01}
{"seed": 2, "arm": "v3-repro", "update": 2200, "mean_reward": 0.99998046875, "invalid_fraction": 1.953125e-05, "over_cap_fraction": 0.0, "mean_calls": 2.15767578125, "entropy": 0.0831582322716713, "seconds": 312.6370329590027, "mean_shaped": 0.9784037184715271, "call_cost": 0.01}
{"seed": 2, "arm": "v3-repro", "update": 2300, "mean_reward": 0.9999609375, "invalid_fraction": 1.953125e-05, "over_cap_fraction": 1.953125e-05, "mean_calls": 2.145986328125, "entropy": 0.08357989124953746, "seconds": 326.8252765000034, "mean_shaped": 0.9785010772943497, "call_cost": 0.01}
{"seed": 2, "arm": "v3-repro", "update": 2400, "mean_reward": 0.99998046875, "invalid_fraction": 9.765625e-06, "over_cap_fraction": 0.0, "mean_calls": 2.163525390625, "entropy": 0.08141625821590423, "seconds": 341.26553108400185, "mean_shaped": 0.9783452314138412, "call_cost": 0.01}
{"seed": 2, "arm": "v3-repro", "update": 2500, "mean_reward": 0.999990234375, "invalid_fraction": 0.0, "over_cap_fraction": 9.765625e-06, "mean_calls": 2.154814453125, "entropy": 0.08275354422628879, "seconds": 356.0174457920002, "mean_shaped": 0.9784420990943908, "call_cost": 0.01}
{"seed": 2, "arm": "v3-repro", "update": 2600, "mean_reward": 1.0, "invalid_fraction": 0.0, "over_cap_fraction": 0.0, "mean_calls": 2.145546875, "entropy": 0.08281138852238655, "seconds": 369.9713791250033, "mean_shaped": 0.9785445338487625, "call_cost": 0.01}
{"seed": 2, "arm": "v3-repro", "update": 2700, "mean_reward": 0.9999609375, "invalid_fraction": 2.9296875e-05, "over_cap_fraction": 0.0, "mean_calls": 2.155615234375, "entropy": 0.08155462995171547, "seconds": 383.802904917, "mean_shaped": 0.9784048008918762, "call_cost": 0.01}
{"seed": 2, "arm": "v3-repro", "update": 2800, "mean_reward": 0.999931640625, "invalid_fraction": 0.0, "over_cap_fraction": 1.953125e-05, "mean_calls": 2.146015625, "entropy": 0.08094413410872221, "seconds": 398.0190125420013, "mean_shaped": 0.9784714841842651, "call_cost": 0.01}
{"seed": 2, "arm": "v3-repro", "update": 2900, "mean_reward": 1.0, "invalid_fraction": 0.0, "over_cap_fraction": 0.0, "mean_calls": 2.142666015625, "entropy": 0.08131883531808853, "seconds": 412.31956916700074, "mean_shaped": 0.9785733431577682, "call_cost": 0.01}
{"seed": 2, "arm": "v3-repro", "update": 3000, "mean_reward": 1.0, "invalid_fraction": 0.0, "over_cap_fraction": 0.0, "mean_calls": 2.148408203125, "entropy": 0.07961184728890658, "seconds": 426.63799491700047, "mean_shaped": 0.9785159194469452, "call_cost": 0.01}
{"seed": 2, "arm": "v3-repro", "update": 3100, "mean_reward": 0.999921875, "invalid_fraction": 1.953125e-05, "over_cap_fraction": 2.9296875e-05, "mean_calls": 2.13638671875, "entropy": 0.07962692800909281, "seconds": 441.2908101250032, "mean_shaped": 0.978558012843132, "call_cost": 0.01}
{"seed": 2, "arm": "v3-repro", "update": 3200, "mean_reward": 0.99984375, "invalid_fraction": 8.7890625e-05, "over_cap_fraction": 5.859375e-05, "mean_calls": 2.125556640625, "entropy": 0.0781607210636139, "seconds": 455.4798425000008, "mean_shaped": 0.9785881906747818, "call_cost": 0.01}
{"seed": 2, "arm": "v3-repro", "update": 3300, "mean_reward": 0.99994140625, "invalid_fraction": 3.90625e-05, "over_cap_fraction": 1.953125e-05, "mean_calls": 2.12287109375, "entropy": 0.07877655442804098, "seconds": 469.3303398340031, "mean_shaped": 0.9787127012014389, "call_cost": 0.01}
{"seed": 2, "arm": "v3-repro", "update": 3400, "mean_reward": 1.0, "invalid_fraction": 0.0, "over_cap_fraction": 0.0, "mean_calls": 2.13998046875, "entropy": 0.07918876770883798, "seconds": 483.2149287090033, "mean_shaped": 0.9786002081632614, "call_cost": 0.01}
{"seed": 2, "arm": "v3-repro", "update": 3500, "mean_reward": 0.999990234375, "invalid_fraction": 0.0, "over_cap_fraction": 0.0, "mean_calls": 2.13767578125, "entropy": 0.07877073097974062, "seconds": 497.0731587500013, "mean_shaped": 0.9786134868860245, "call_cost": 0.01}
{"seed": 2, "arm": "v3-repro", "update": 3600, "mean_reward": 0.99998046875, "invalid_fraction": 9.765625e-06, "over_cap_fraction": 0.0, "mean_calls": 2.1205078125, "entropy": 0.07941945623606443, "seconds": 510.9119092920009, "mean_shaped": 0.9787753909826279, "call_cost": 0.01}
{"seed": 2, "arm": "v3-repro", "update": 3700, "mean_reward": 0.99998046875, "invalid_fraction": 9.765625e-06, "over_cap_fraction": 0.0, "mean_calls": 2.133310546875, "entropy": 0.07768008433282375, "seconds": 524.8582111670003, "mean_shaped": 0.9786473655700684, "call_cost": 0.01}
{"seed": 2, "arm": "v3-repro", "update": 3800, "mean_reward": 1.0, "invalid_fraction": 0.0, "over_cap_fraction": 0.0, "mean_calls": 2.135205078125, "entropy": 0.07753486249595881, "seconds": 538.9118642499998, "mean_shaped": 0.9786479610204697, "call_cost": 0.01}
{"seed": 2, "arm": "v3-repro", "update": 3900, "mean_reward": 0.999970703125, "invalid_fraction": 1.953125e-05, "over_cap_fraction": 9.765625e-06, "mean_calls": 2.129169921875, "entropy": 0.07667958423495293, "seconds": 553.0233346250025, "mean_shaped": 0.9786790078878402, "call_cost": 0.01}
{"seed": 2, "arm": "v3-repro", "update": 4000, "mean_reward": 0.99990234375, "invalid_fraction": 8.7890625e-05, "over_cap_fraction": 9.765625e-06, "mean_calls": 2.11634765625, "entropy": 0.07521037824451923, "seconds": 567.3056645000033, "mean_shaped": 0.9787388783693314, "call_cost": 0.01}
{"seed": 2, "arm": "v3-repro", "update": 4100, "mean_reward": 1.0, "invalid_fraction": 0.0, "over_cap_fraction": 0.0, "mean_calls": 2.1178515625, "entropy": 0.07517780266702175, "seconds": 581.402563292002, "mean_shaped": 0.978821479678154, "call_cost": 0.01}
{"seed": 2, "arm": "v3-repro", "update": 4200, "mean_reward": 0.999970703125, "invalid_fraction": 1.953125e-05, "over_cap_fraction": 0.0, "mean_calls": 2.12056640625, "entropy": 0.07586720511317253, "seconds": 595.5872575419999, "mean_shaped": 0.9787650418281555, "call_cost": 0.01}
{"seed": 2, "arm": "v3-repro", "update": 4300, "mean_reward": 1.0, "invalid_fraction": 0.0, "over_cap_fraction": 0.0, "mean_calls": 2.094580078125, "entropy": 0.07554121181368828, "seconds": 609.3253675840024, "mean_shaped": 0.9790541982650757, "call_cost": 0.01}
{"seed": 2, "arm": "v3-repro", "update": 4400, "mean_reward": 1.0, "invalid_fraction": 0.0, "over_cap_fraction": 0.0, "mean_calls": 2.113095703125, "entropy": 0.07344311065971851, "seconds": 623.3384607500011, "mean_shaped": 0.9788690423965454, "call_cost": 0.01}
{"seed": 2, "arm": "v3-repro", "update": 4500, "mean_reward": 0.999990234375, "invalid_fraction": 0.0, "over_cap_fraction": 9.765625e-06, "mean_calls": 2.098701171875, "entropy": 0.0728154020011425, "seconds": 637.3061499169999, "mean_shaped": 0.9790032190084458, "call_cost": 0.01}
{"seed": 2, "arm": "v3-repro", "update": 4600, "mean_reward": 1.0, "invalid_fraction": 0.0, "over_cap_fraction": 0.0, "mean_calls": 2.0951953125, "entropy": 0.07296706266701221, "seconds": 651.363388042002, "mean_shaped": 0.9790480548143387, "call_cost": 0.01}
{"seed": 2, "arm": "v3-repro", "update": 4700, "mean_reward": 0.99998046875, "invalid_fraction": 9.765625e-06, "over_cap_fraction": 0.0, "mean_calls": 2.098388671875, "entropy": 0.07081428330391645, "seconds": 665.7518257920019, "mean_shaped": 0.9789965862035751, "call_cost": 0.01}
{"seed": 2, "arm": "v3-repro", "update": 4800, "mean_reward": 1.0, "invalid_fraction": 0.0, "over_cap_fraction": 0.0, "mean_calls": 2.084990234375, "entropy": 0.07018294986337423, "seconds": 679.963964292001, "mean_shaped": 0.9791500943899155, "call_cost": 0.01}
{"seed": 2, "arm": "v3-repro", "update": 4900, "mean_reward": 0.999951171875, "invalid_fraction": 4.8828125e-05, "over_cap_fraction": 0.0, "mean_calls": 2.0861328125, "entropy": 0.07007433645427227, "seconds": 693.4124637090026, "mean_shaped": 0.9790898418426514, "call_cost": 0.01}
{"seed": 2, "arm": "v3-repro", "update": 5000, "mean_reward": 0.999990234375, "invalid_fraction": 0.0, "over_cap_fraction": 0.0, "mean_calls": 2.083486328125, "entropy": 0.06927563186734914, "seconds": 706.7151849590009, "mean_shaped": 0.9791553741693497, "call_cost": 0.01}
{"seed": 2, "arm": "v3-repro", "update": 5100, "mean_reward": 0.99984375, "invalid_fraction": 0.0, "over_cap_fraction": 1.953125e-05, "mean_calls": 2.06943359375, "entropy": 0.06692608788609505, "seconds": 719.7483022500019, "mean_shaped": 0.9791494089365006, "call_cost": 0.01}
{"seed": 2, "arm": "v3-repro", "update": 5200, "mean_reward": 0.999990234375, "invalid_fraction": 0.0, "over_cap_fraction": 9.765625e-06, "mean_calls": 2.063857421875, "entropy": 0.06264825325459242, "seconds": 732.8415944590015, "mean_shaped": 0.9793516582250595, "call_cost": 0.01}
{"seed": 2, "arm": "v3-repro", "update": 5300, "mean_reward": 0.999990234375, "invalid_fraction": 9.765625e-06, "over_cap_fraction": 0.0, "mean_calls": 2.05509765625, "entropy": 0.06399246856570244, "seconds": 746.127372125, "mean_shaped": 0.9794392520189286, "call_cost": 0.01}
{"seed": 2, "arm": "v3-repro", "update": 5400, "mean_reward": 0.999970703125, "invalid_fraction": 0.0, "over_cap_fraction": 1.953125e-05, "mean_calls": 2.047109375, "entropy": 0.060753025487065314, "seconds": 759.5654303750016, "mean_shaped": 0.9794996011257172, "call_cost": 0.01}
{"seed": 2, "arm": "v3-repro", "update": 5500, "mean_reward": 0.999990234375, "invalid_fraction": 0.0, "over_cap_fraction": 9.765625e-06, "mean_calls": 2.05103515625, "entropy": 0.059821299239993096, "seconds": 772.6359352920008, "mean_shaped": 0.9794798868894578, "call_cost": 0.01}
{"seed": 2, "arm": "v3-repro", "update": 5600, "mean_reward": 0.999990234375, "invalid_fraction": 0.0, "over_cap_fraction": 0.0, "mean_calls": 2.047060546875, "entropy": 0.05693971071392298, "seconds": 785.1570157090027, "mean_shaped": 0.9795196276903152, "call_cost": 0.01}
{"seed": 2, "arm": "v3-repro", "update": 5700, "mean_reward": 1.0, "invalid_fraction": 0.0, "over_cap_fraction": 0.0, "mean_calls": 2.055419921875, "entropy": 0.057592369355261325, "seconds": 798.0474433750023, "mean_shaped": 0.9794457989931107, "call_cost": 0.01}
{"seed": 2, "arm": "v3-repro", "update": 5800, "mean_reward": 1.0, "invalid_fraction": 0.0, "over_cap_fraction": 0.0, "mean_calls": 2.031240234375, "entropy": 0.054930951446294785, "seconds": 810.8551380839999, "mean_shaped": 0.9796875989437104, "call_cost": 0.01}
{"seed": 2, "arm": "v3-repro", "update": 5900, "mean_reward": 0.998642578125, "invalid_fraction": 0.000400390625, "over_cap_fraction": 0.0, "mean_calls": 2.014970703125, "entropy": 0.04748092193156481, "seconds": 823.523424959003, "mean_shaped": 0.9784928661584854, "call_cost": 0.01}
{"seed": 2, "arm": "v3-repro", "update": 6000, "mean_reward": 0.9999609375, "invalid_fraction": 3.90625e-05, "over_cap_fraction": 0.0, "mean_calls": 2.017841796875, "entropy": 0.04178407358005643, "seconds": 836.0801185840028, "mean_shaped": 0.9797825121879578, "call_cost": 0.01}
{"event": "done", "arm": "v3-repro", "seed": 2, "updates": 6000, "time_capped": false, "updates_per_second": 7.176322012566659}
