{"event": "raw skills", "skills": {"pooled5": 0.998, "n5": 1000, "in_dist": 0.9052941176470588, "n_in_dist": 6800}, "t": 152}
{"event": "sleep", "step": 50, "loss": 6.7242}
{"event": "sleep", "step": 100, "loss": 1.5577}
{"event": "sleep", "step": 150, "loss": 1.307}
{"event": "sleep", "step": 200, "loss": 1.2335}
{"event": "sleep", "step": 250, "loss": 1.1904}
{"event": "sleep", "step": 300, "loss": 1.1053}
{"event": "sleep", "step": 350, "loss": 1.03}
{"event": "temperature", "T": 0.7, "reach4": 0.14197176550333704, "reach32": 0.59375, "distinct_rules": 5.6484375, "rules_share": 0.2743708771072563, "eligible": true}
{"event": "temperature", "T": 1.0, "reach4": 0.13581236095661847, "reach32": 0.5625, "distinct_rules": 5.625, "rules_share": 0.258056640625, "eligible": true}
{"event": "temperature", "T": 1.5, "reach4": 0.10508268736095662, "reach32": 0.5, "distinct_rules": 5.734375, "rules_share": 0.2392578125, "eligible": true}
{"event": "temperature", "T": 2.0, "reach4": 0.09030759003058954, "reach32": 0.4609375, "distinct_rules": 5.609375, "rules_share": 0.222412109375, "eligible": true}
{"event": "temperature", "T": 0.47, "reach4": 0.14303424729527517, "reach32": 0.5546875, "distinct_rules": 5.3125, "rules_share": 0.2799213565986729, "eligible": true}
{"event": "temperature", "T": 0.31, "reach4": 0.158393704219639, "reach32": 0.5625, "distinct_rules": 4.734375, "rules_share": 0.27936347562515784, "eligible": true}
{"event": "temperature", "T": 0.21, "reach4": 0.1609160814809269, "reach32": 0.515625, "distinct_rules": 4.3125, "rules_share": 0.28516164686377454, "eligible": true}
{"event": "rung", "warm3": 1500, "dreams": 0, "visits": 4, "verdict": "pass", "t": 1554}
{"event": "warmed", "warm3": 1500, "T": 0.21, "dev_luck": 0.04642166344294004, "dev_first_try": 0.0859375, "dev_reach4": 0.1609160814809269, "t": 1849}
{"event": "pc", "lr": 0.0003, "updates": 172, "n_records": 1377, "dev_luck": 0.054466230936819175, "dev_reach4": 0.18836766764409124, "dev_reach32": 0.609375, "dev_first_try": 0.125, "dev_aim": 0.03867102396514162, "luck_gain": 0.8044567493879135, "first_try_gain": 3.90625, "loss_last": 1.9529747247695923, "t": 2214}
{"event": "pc", "lr": 0.001, "updates": 172, "n_records": 1377, "dev_luck": 0.05580896163133888, "dev_reach4": 0.18573878270710065, "dev_reach32": 0.5546875, "dev_first_try": 0.1015625, "dev_aim": 0.03783203649047492, "luck_gain": 0.938729818839884, "first_try_gain": 1.5625, "loss_last": 1.9866928815841676, "t": 2579}
{"event": "pc", "lr": 0.003, "updates": 172, "n_records": 1377, "dev_luck": 0.0447198275862069, "dev_reach4": 0.16049422113631695, "dev_reach32": 0.5390625, "dev_first_try": 0.078125, "dev_aim": 0.022898706896551727, "luck_gain": -0.17018358567331415, "first_try_gain": -0.78125, "loss_last": 2.3665902376174928, "t": 2941}
{"event": "pc", "lr": 0.01, "updates": 172, "n_records": 1377, "dev_luck": 0.045968534906588004, "dev_reach4": 0.15800251560927486, "dev_reach32": 0.4921875, "dev_first_try": 0.09375, "dev_aim": 0.023352999016715833, "luck_gain": -0.045312853635203626, "first_try_gain": 0.78125, "loss_last": 3.034788131713867, "t": 3289}
{"event": "done", "pc_gate": {"pc_minus_n_luck_points": 0.938729818839884, "pc_over_n_luck": 1.2022180484750917, "first_try_gain_points": 1.5625, "needed_points": 3.0, "needed_ratio": 1.6, "passes": false, "temperature": 0.21, "with_replay": true, "harm_pooled5_points_vs_warmed": 1.4000000000000012}, "wall_s": 3289}
