(a) cold start
  true coverage 0.06: P(DEV>=13) 0.04  P(practice<100) 1.00  P(both) 0.04
  true coverage 0.08: P(DEV>=13) 0.22  P(practice<100) 0.98  P(both) 0.22
  true coverage 0.09: P(DEV>=13) 0.37  P(practice<100) 0.79  P(both) 0.29
  true coverage 0.10: P(DEV>=13) 0.52  P(practice<100) 0.39  P(both) 0.20
  true coverage 0.11: P(DEV>=13) 0.66  P(practice<100) 0.09  P(both) 0.06
  true coverage 0.12: P(DEV>=13) 0.78  P(practice<100) 0.01  P(both) 0.01
  true coverage 0.14: P(DEV>=13) 0.92  P(practice<100) 0.00  P(both) 0.00
(b) G1
  seed SD 3: P(mean W < N-2 | no true change) = 0.158
  seed SD 5: P(mean W < N-2 | no true change) = 0.256
(c) S2 (seed-level Welch t interval, 3 v 3; T1 and T2 seeds independent draws, conservative)
  true W-R  8, full retention: P(S2 passes | L2 passed) = 0.24
  true W-R 10, full retention: P(S2 passes | L2 passed) = 0.35
  true W-R 12, full retention: P(S2 passes | L2 passed) = 0.47
  true W-R 15, full retention: P(S2 passes | L2 passed) = 0.65
  true W-R 20, full retention: P(S2 passes | L2 passed) = 0.87
(d) range of 3 R seeds on shared DEV puzzles
  seed SD 5: 95th pct range 16.8  P(range>19) 0.021
  seed SD 6: 95th pct range 20.0  P(range>19) 0.067
  seed SD 7: 95th pct range 23.3  P(range>19) 0.135
