[213] probe Tue 09/22/2026 14:35:25.77 
{
 "n": 48,
 "pass": 48,
 "invented": 0,
 "mark_A1_pass": true,
 "old_fallback_wrong_descriptive": 30
}
[213] wave-119g Tue 09/22/2026 14:35:27.21 
{
 "model": "119g",
 "A2": true,
 "taus213": {
  "11911": {
   "0.01": null,
   "0.02": null,
   "0.05": null
  },
  "11912": {
   "0.01": null,
   "0.02": null,
   "0.05": null
  },
  "11913": {
   "0.01": null,
   "0.02": null,
   "0.05": null
  }
 }
}
[213] wave-119h Tue 09/22/2026 14:37:23.00 
{
 "model": "119h",
 "A2": true,
 "taus213": {
  "11911": {
   "0.01": null,
   "0.02": null,
   "0.05": null
  },
  "11912": {
   "0.01": null,
   "0.02": null,
   "0.05": 0.8335389691041257
  },
  "11913": {
   "0.01": null,
   "0.02": null,
   "0.05": 0.8482112597267957
  }
 }
}
[213] WAVE DONE Tue 09/22/2026 14:39:18.34 
